<html>
<body>
<pre>
<h1>µVision Build Log</h1>
<h2>Tool Versions:</h2>
IDE-Version: ¦ÌVision V5.26.2.0
Copyright (C) 2018 ARM Ltd and ARM Germany GmbH. All rights reserved.
License Information: 1 1, 1, LIC=NQQMA-1AXN1-UHE8H-WYYVE-JRC79-DWXGI
 
Tool Versions:
Toolchain:       MDK-ARM Plus  Version: 5.26.2.0
Toolchain Path:  D:\MDK5\ARM\ARMCLANG\Bin
C Compiler:      ArmClang.exe V6.10.1
Assembler:       Armasm.exe V6.10.1
Linker/Locator:  ArmLink.exe V6.10.1
Library Manager: ArmAr.exe V6.10.1
Hex Converter:   FromElf.exe V6.10.1
CPU DLL:         SARMCM3.DLL V5.26.2.0
Dialog DLL:      DCM.DLL V1.17.2.0
Target DLL:      STLink\ST-LINKIII-KEIL_SWO.dll V3.0.5.0
Dialog DLL:      TCM.DLL V1.36.1.0
 
<h2>Project:</h2>
H:\Project_WhuCarFly\¡¾3¡¿·É¿Ø³ÌÐò\project\USER\WhuFlyCar.uvprojx
Project File Date:  11/12/2022

<h2>Output:</h2>
*** Using Compiler 'V6.10.1', folder: 'D:\MDK5\ARM\ARMCLANG\Bin'
*** Warning: You are compiling one or more files of source type C++ and have selected 'use MicroLIB'. MicroLIB does not support C++!
  
Rebuild target 'WhuFlyCar'
compiling stm32f10x_it.c...
compiling main.c...
compiling system_stm32f10x.c...
compiling delay.c...
compiling sys.c...
compiling croutine.c...
compiling usart.c...
compiling stm32f10x_bkp.c...
compiling stm32f10x_crc.c...
compiling stm32f10x_dbgmcu.c...
compiling stm32f10x_dac.c...
compiling drv_Main.cpp...
compiling stm32f10x_cec.c...
compiling stm32f10x_exti.c...
compiling heap_4.c...
compiling stm32f10x_dma.c...
compiling stm32f10x_can.c...
assembling startup_stm32f10x_hd.s...
compiling stm32f10x_rcc.c...
compiling stm32f10x_iwdg.c...
compiling stm32f10x_rtc.c...
compiling list.c...
compiling stm32f10x_i2c.c...
compiling stm32f10x_usart.c...
compiling misc.c...
compiling stm32f10x_pwr.c...
compiling stm32f10x_sdio.c...
compiling stm32f10x_gpio.c...
compiling stm32f10x_wwdg.c...
compiling stm32f10x_flash.c...
compiling drv_LED.cpp...
compiling event_groups.c...
compiling Basic.cpp...
compiling stm32f10x_spi.c...
compiling port.c...
compiling stm32f10x_fsmc.c...
compiling timers.c...
compiling stm32f10x_adc.c...
compiling stm32f10x_tim.c...
compiling queue.c...
compiling tasks.c...
compiling Commulink.cpp...
linking...
Program Size: Code=28004 RO-data=2916 RW-data=32 ZI-data=23872  
FromELF: creating hex file...
"..\OBJ\Template.axf" - 0 Error(s), 0 Warning(s).

<h2>Software Packages used:</h2>

Package Vendor: Keil
                http://www.keil.com/pack/Keil.STM32F1xx_DFP.2.2.0.pack
                Keil.STM32F1xx_DFP.2.2.0
                STMicroelectronics STM32F1 Series Device Support, Drivers and Examples

<h2>Collection of Component include folders:</h2>
  .\RTE\_WhuFlyCar
  D:\MDK5\ARM\PACK\Keil\STM32F1xx_DFP\2.2.0\Device\Include

<h2>Collection of Component Files used:</h2>
Build Time Elapsed:  00:00:02
</pre>
</body>
</html>
