<!doctype html public "-//w3c//dtd html 4.0 transitional//en">
<html><head>
<title>Static Call Graph - [..\OBJ\WhuFlyCar.axf]</title></head>
<body><HR>
<H1>Static Call Graph for image ..\OBJ\WhuFlyCar.axf</H1><HR>
<BR><P>#&#060CALLGRAPH&#062# ARM Linker, 6100100: Last Updated: Tue Jul  4 12:13:36 2023
<BR><P>
<H3>Maximum Stack Usage =        384 bytes + Unknown(Functions without stacksize, Cycles, Untraceable Function Pointers)</H3><H3>
Call chain for Maximum Stack Depth:</H3>
TIM8_UP_IRQHandler &rArr; Get_Angle &rArr; mpu_dmp_get_data &rArr; dmp_read_fifo &rArr; mpu_read_fifo_stream &rArr; Read_Len &rArr; IIC_Read_Byte
<P>
<H3>
Functions with no stack information
</H3><UL>
 <LI><a href="#[5b]">__user_initial_stackheap</a>
</UL>
</UL>
<P>
<H3>
Mutually Recursive functions
</H3> <LI><a href="#[c]">SVC_Handler</a>&nbsp;&nbsp;&nbsp;&rArr;&nbsp;&nbsp;&nbsp;<a href="#[c]">SVC_Handler</a><BR>
 <LI><a href="#[22]">ADC1_2_IRQHandler</a>&nbsp;&nbsp;&nbsp;&rArr;&nbsp;&nbsp;&nbsp;<a href="#[22]">ADC1_2_IRQHandler</a><BR>
 <LI><a href="#[a]">BusFault_Handler</a>&nbsp;&nbsp;&nbsp;&rArr;&nbsp;&nbsp;&nbsp;<a href="#[a]">BusFault_Handler</a><BR>
 <LI><a href="#[9]">MemManage_Handler</a>&nbsp;&nbsp;&nbsp;&rArr;&nbsp;&nbsp;&nbsp;<a href="#[9]">MemManage_Handler</a><BR>
 <LI><a href="#[b]">UsageFault_Handler</a>&nbsp;&nbsp;&nbsp;&rArr;&nbsp;&nbsp;&nbsp;<a href="#[b]">UsageFault_Handler</a><BR>
</UL>
<P>
<H3>
Function Pointers
</H3><UL>
 <LI><a href="#[22]">ADC1_2_IRQHandler</a> from startup_stm32f10x_hd.o(.text) referenced from startup_stm32f10x_hd.o(RESET)
 <LI><a href="#[3f]">ADC3_IRQHandler</a> from startup_stm32f10x_hd.o(.text) referenced from startup_stm32f10x_hd.o(RESET)
 <LI><a href="#[a]">BusFault_Handler</a> from stm32f10x_it.o(.text.BusFault_Handler) referenced from startup_stm32f10x_hd.o(RESET)
 <LI><a href="#[25]">CAN1_RX1_IRQHandler</a> from startup_stm32f10x_hd.o(.text) referenced from startup_stm32f10x_hd.o(RESET)
 <LI><a href="#[26]">CAN1_SCE_IRQHandler</a> from startup_stm32f10x_hd.o(.text) referenced from startup_stm32f10x_hd.o(RESET)
 <LI><a href="#[1b]">DMA1_Channel1_IRQHandler</a> from startup_stm32f10x_hd.o(.text) referenced from startup_stm32f10x_hd.o(RESET)
 <LI><a href="#[1c]">DMA1_Channel2_IRQHandler</a> from startup_stm32f10x_hd.o(.text) referenced from startup_stm32f10x_hd.o(RESET)
 <LI><a href="#[1d]">DMA1_Channel3_IRQHandler</a> from startup_stm32f10x_hd.o(.text) referenced from startup_stm32f10x_hd.o(RESET)
 <LI><a href="#[1e]">DMA1_Channel4_IRQHandler</a> from startup_stm32f10x_hd.o(.text) referenced from startup_stm32f10x_hd.o(RESET)
 <LI><a href="#[1f]">DMA1_Channel5_IRQHandler</a> from startup_stm32f10x_hd.o(.text) referenced from startup_stm32f10x_hd.o(RESET)
 <LI><a href="#[20]">DMA1_Channel6_IRQHandler</a> from startup_stm32f10x_hd.o(.text) referenced from startup_stm32f10x_hd.o(RESET)
 <LI><a href="#[21]">DMA1_Channel7_IRQHandler</a> from startup_stm32f10x_hd.o(.text) referenced from startup_stm32f10x_hd.o(RESET)
 <LI><a href="#[48]">DMA2_Channel1_IRQHandler</a> from startup_stm32f10x_hd.o(.text) referenced from startup_stm32f10x_hd.o(RESET)
 <LI><a href="#[49]">DMA2_Channel2_IRQHandler</a> from startup_stm32f10x_hd.o(.text) referenced from startup_stm32f10x_hd.o(RESET)
 <LI><a href="#[4a]">DMA2_Channel3_IRQHandler</a> from startup_stm32f10x_hd.o(.text) referenced from startup_stm32f10x_hd.o(RESET)
 <LI><a href="#[4b]">DMA2_Channel4_5_IRQHandler</a> from startup_stm32f10x_hd.o(.text) referenced from startup_stm32f10x_hd.o(RESET)
 <LI><a href="#[d]">DebugMon_Handler</a> from stm32f10x_it.o(.text.DebugMon_Handler) referenced from startup_stm32f10x_hd.o(RESET)
 <LI><a href="#[16]">EXTI0_IRQHandler</a> from startup_stm32f10x_hd.o(.text) referenced from startup_stm32f10x_hd.o(RESET)
 <LI><a href="#[38]">EXTI15_10_IRQHandler</a> from startup_stm32f10x_hd.o(.text) referenced from startup_stm32f10x_hd.o(RESET)
 <LI><a href="#[17]">EXTI1_IRQHandler</a> from startup_stm32f10x_hd.o(.text) referenced from startup_stm32f10x_hd.o(RESET)
 <LI><a href="#[18]">EXTI2_IRQHandler</a> from startup_stm32f10x_hd.o(.text) referenced from startup_stm32f10x_hd.o(RESET)
 <LI><a href="#[19]">EXTI3_IRQHandler</a> from startup_stm32f10x_hd.o(.text) referenced from startup_stm32f10x_hd.o(RESET)
 <LI><a href="#[1a]">EXTI4_IRQHandler</a> from startup_stm32f10x_hd.o(.text) referenced from startup_stm32f10x_hd.o(RESET)
 <LI><a href="#[27]">EXTI9_5_IRQHandler</a> from startup_stm32f10x_hd.o(.text) referenced from startup_stm32f10x_hd.o(RESET)
 <LI><a href="#[14]">FLASH_IRQHandler</a> from startup_stm32f10x_hd.o(.text) referenced from startup_stm32f10x_hd.o(RESET)
 <LI><a href="#[40]">FSMC_IRQHandler</a> from startup_stm32f10x_hd.o(.text) referenced from startup_stm32f10x_hd.o(RESET)
 <LI><a href="#[8]">HardFault_Handler</a> from context_rvds.o(.text) referenced from startup_stm32f10x_hd.o(RESET)
 <LI><a href="#[30]">I2C1_ER_IRQHandler</a> from startup_stm32f10x_hd.o(.text) referenced from startup_stm32f10x_hd.o(RESET)
 <LI><a href="#[2f]">I2C1_EV_IRQHandler</a> from startup_stm32f10x_hd.o(.text) referenced from startup_stm32f10x_hd.o(RESET)
 <LI><a href="#[32]">I2C2_ER_IRQHandler</a> from startup_stm32f10x_hd.o(.text) referenced from startup_stm32f10x_hd.o(RESET)
 <LI><a href="#[31]">I2C2_EV_IRQHandler</a> from startup_stm32f10x_hd.o(.text) referenced from startup_stm32f10x_hd.o(RESET)
 <LI><a href="#[9]">MemManage_Handler</a> from stm32f10x_it.o(.text.MemManage_Handler) referenced from startup_stm32f10x_hd.o(RESET)
 <LI><a href="#[7]">NMI_Handler</a> from stm32f10x_it.o(.text.NMI_Handler) referenced from startup_stm32f10x_hd.o(RESET)
 <LI><a href="#[11]">PVD_IRQHandler</a> from startup_stm32f10x_hd.o(.text) referenced from startup_stm32f10x_hd.o(RESET)
 <LI><a href="#[e]">PendSV_Handler</a> from context_rvds.o(.text) referenced from startup_stm32f10x_hd.o(RESET)
 <LI><a href="#[15]">RCC_IRQHandler</a> from startup_stm32f10x_hd.o(.text) referenced from startup_stm32f10x_hd.o(RESET)
 <LI><a href="#[39]">RTCAlarm_IRQHandler</a> from startup_stm32f10x_hd.o(.text) referenced from startup_stm32f10x_hd.o(RESET)
 <LI><a href="#[13]">RTC_IRQHandler</a> from startup_stm32f10x_hd.o(.text) referenced from startup_stm32f10x_hd.o(RESET)
 <LI><a href="#[59]">Reset_Handler</a> from startup_stm32f10x_hd.o(.text) referenced from startup_stm32f10x_hd.o(RESET)
 <LI><a href="#[41]">SDIO_IRQHandler</a> from startup_stm32f10x_hd.o(.text) referenced from startup_stm32f10x_hd.o(RESET)
 <LI><a href="#[33]">SPI1_IRQHandler</a> from startup_stm32f10x_hd.o(.text) referenced from startup_stm32f10x_hd.o(RESET)
 <LI><a href="#[34]">SPI2_IRQHandler</a> from startup_stm32f10x_hd.o(.text) referenced from startup_stm32f10x_hd.o(RESET)
 <LI><a href="#[43]">SPI3_IRQHandler</a> from startup_stm32f10x_hd.o(.text) referenced from startup_stm32f10x_hd.o(RESET)
 <LI><a href="#[c]">SVC_Handler</a> from startup_stm32f10x_hd.o(.text) referenced from startup_stm32f10x_hd.o(RESET)
 <LI><a href="#[f]">SysTick_Handler</a> from board.o(.text.SysTick_Handler) referenced from startup_stm32f10x_hd.o(RESET)
 <LI><a href="#[4c]">SystemInit</a> from system_stm32f10x.o(.text.SystemInit) referenced from startup_stm32f10x_hd.o(.text)
 <LI><a href="#[12]">TAMPER_IRQHandler</a> from startup_stm32f10x_hd.o(.text) referenced from startup_stm32f10x_hd.o(RESET)
 <LI><a href="#[28]">TIM1_BRK_IRQHandler</a> from startup_stm32f10x_hd.o(.text) referenced from startup_stm32f10x_hd.o(RESET)
 <LI><a href="#[2b]">TIM1_CC_IRQHandler</a> from startup_stm32f10x_hd.o(.text) referenced from startup_stm32f10x_hd.o(RESET)
 <LI><a href="#[2a]">TIM1_TRG_COM_IRQHandler</a> from startup_stm32f10x_hd.o(.text) referenced from startup_stm32f10x_hd.o(RESET)
 <LI><a href="#[29]">TIM1_UP_IRQHandler</a> from startup_stm32f10x_hd.o(.text) referenced from startup_stm32f10x_hd.o(RESET)
 <LI><a href="#[2c]">TIM2_IRQHandler</a> from timebase.o(.text.TIM2_IRQHandler) referenced from startup_stm32f10x_hd.o(RESET)
 <LI><a href="#[2d]">TIM3_IRQHandler</a> from drv_encoder.o(.text.TIM3_IRQHandler) referenced from startup_stm32f10x_hd.o(RESET)
 <LI><a href="#[2e]">TIM4_IRQHandler</a> from drv_encoder.o(.text.TIM4_IRQHandler) referenced from startup_stm32f10x_hd.o(RESET)
 <LI><a href="#[42]">TIM5_IRQHandler</a> from startup_stm32f10x_hd.o(.text) referenced from startup_stm32f10x_hd.o(RESET)
 <LI><a href="#[46]">TIM6_IRQHandler</a> from startup_stm32f10x_hd.o(.text) referenced from startup_stm32f10x_hd.o(RESET)
 <LI><a href="#[47]">TIM7_IRQHandler</a> from startup_stm32f10x_hd.o(.text) referenced from startup_stm32f10x_hd.o(RESET)
 <LI><a href="#[3b]">TIM8_BRK_IRQHandler</a> from startup_stm32f10x_hd.o(.text) referenced from startup_stm32f10x_hd.o(RESET)
 <LI><a href="#[3e]">TIM8_CC_IRQHandler</a> from startup_stm32f10x_hd.o(.text) referenced from startup_stm32f10x_hd.o(RESET)
 <LI><a href="#[3d]">TIM8_TRG_COM_IRQHandler</a> from startup_stm32f10x_hd.o(.text) referenced from startup_stm32f10x_hd.o(RESET)
 <LI><a href="#[3c]">TIM8_UP_IRQHandler</a> from control_1.o(.text.TIM8_UP_IRQHandler) referenced from startup_stm32f10x_hd.o(RESET)
 <LI><a href="#[44]">UART4_IRQHandler</a> from startup_stm32f10x_hd.o(.text) referenced from startup_stm32f10x_hd.o(RESET)
 <LI><a href="#[45]">UART5_IRQHandler</a> from startup_stm32f10x_hd.o(.text) referenced from startup_stm32f10x_hd.o(RESET)
 <LI><a href="#[35]">USART1_IRQHandler</a> from drv_uart1.o(.text.USART1_IRQHandler) referenced from startup_stm32f10x_hd.o(RESET)
 <LI><a href="#[36]">USART2_IRQHandler</a> from startup_stm32f10x_hd.o(.text) referenced from startup_stm32f10x_hd.o(RESET)
 <LI><a href="#[37]">USART3_IRQHandler</a> from startup_stm32f10x_hd.o(.text) referenced from startup_stm32f10x_hd.o(RESET)
 <LI><a href="#[3a]">USBWakeUp_IRQHandler</a> from startup_stm32f10x_hd.o(.text) referenced from startup_stm32f10x_hd.o(RESET)
 <LI><a href="#[23]">USB_HP_CAN1_TX_IRQHandler</a> from startup_stm32f10x_hd.o(.text) referenced from startup_stm32f10x_hd.o(RESET)
 <LI><a href="#[24]">USB_LP_CAN1_RX0_IRQHandler</a> from startup_stm32f10x_hd.o(.text) referenced from startup_stm32f10x_hd.o(RESET)
 <LI><a href="#[b]">UsageFault_Handler</a> from stm32f10x_it.o(.text.UsageFault_Handler) referenced from startup_stm32f10x_hd.o(RESET)
 <LI><a href="#[10]">WWDG_IRQHandler</a> from startup_stm32f10x_hd.o(.text) referenced from startup_stm32f10x_hd.o(RESET)
 <LI><a href="#[5a]">__main</a> from __main.o(!!!main) referenced from startup_stm32f10x_hd.o(.text)
 <LI><a href="#[4f]">_printf_input_char</a> from _printf_char_common.o(.text) referenced from _printf_char_common.o(.text)
 <LI><a href="#[4e]">_sputc</a> from _sputc.o(.text) referenced from noretval__2sprintf.o(.text)
 <LI><a href="#[50]">fputc</a> from usart.o(.text.fputc) referenced from _printf_char_file.o(.text)
 <LI><a href="#[51]">main_thread_entry</a> from components.o(.text.main_thread_entry) referenced 2 times from components.o(.text.$Sub$$main)
 <LI><a href="#[52]">rt_thread_exit</a> from thread.o(.text.rt_thread_exit) referenced 2 times from thread.o(.text.rt_thread_create)
 <LI><a href="#[52]">rt_thread_exit</a> from thread.o(.text.rt_thread_exit) referenced 2 times from thread.o(.text.rt_thread_init)
 <LI><a href="#[54]">rt_thread_idle_entry</a> from idle.o(.text.rt_thread_idle_entry) referenced 2 times from idle.o(.text.rt_thread_idle_init)
 <LI><a href="#[53]">rt_thread_timeout</a> from thread.o(.text.rt_thread_timeout) referenced 2 times from thread.o(.text.rt_thread_create)
 <LI><a href="#[53]">rt_thread_timeout</a> from thread.o(.text.rt_thread_timeout) referenced 2 times from thread.o(.text.rt_thread_init)
 <LI><a href="#[57]">rti_board_end</a> from components.o(.text.rti_board_end) referenced from components.o(.rti_fn.1.end)
 <LI><a href="#[56]">rti_board_start</a> from components.o(.text.rti_board_start) referenced from components.o(.rti_fn.0.end)
 <LI><a href="#[58]">rti_end</a> from components.o(.text.rti_end) referenced from components.o(.rti_fn.6.end)
 <LI><a href="#[55]">rti_start</a> from components.o(.text.rti_start) referenced from components.o(.rti_fn.0)
</UL>
<P>
<H3>
Global Symbols
</H3>
<P><STRONG><a name="[5a]"></a>__main</STRONG> (Thumb, 8 bytes, Stack size 0 bytes, __main.o(!!!main))
<BR><BR>[Calls]<UL><LI><a href="#[5d]">&gt;&gt;</a>&nbsp;&nbsp;&nbsp;__rt_entry
<LI><a href="#[5c]">&gt;&gt;</a>&nbsp;&nbsp;&nbsp;__scatterload
</UL>

<P><STRONG><a name="[5c]"></a>__scatterload</STRONG> (Thumb, 0 bytes, Stack size unknown bytes, __scatter.o(!!!scatter))
<BR><BR>[Called By]<UL><LI><a href="#[5a]">&gt;&gt;</a>&nbsp;&nbsp;&nbsp;__main
</UL>

<P><STRONG><a name="[5e]"></a>__scatterload_rt2</STRONG> (Thumb, 44 bytes, Stack size unknown bytes, __scatter.o(!!!scatter), UNUSED)
<BR><BR>[Calls]<UL><LI><a href="#[5d]">&gt;&gt;</a>&nbsp;&nbsp;&nbsp;__rt_entry
</UL>

<P><STRONG><a name="[1bb]"></a>__scatterload_rt2_thumb_only</STRONG> (Thumb, 0 bytes, Stack size unknown bytes, __scatter.o(!!!scatter), UNUSED)

<P><STRONG><a name="[1bc]"></a>__scatterload_null</STRONG> (Thumb, 0 bytes, Stack size unknown bytes, __scatter.o(!!!scatter), UNUSED)

<P><STRONG><a name="[5f]"></a>__scatterload_copy</STRONG> (Thumb, 26 bytes, Stack size unknown bytes, __scatter_copy.o(!!handler_copy), UNUSED)
<BR><BR>[Calls]<UL><LI><a href="#[5f]">&gt;&gt;</a>&nbsp;&nbsp;&nbsp;__scatterload_copy
</UL>
<BR>[Called By]<UL><LI><a href="#[5f]">&gt;&gt;</a>&nbsp;&nbsp;&nbsp;__scatterload_copy
</UL>

<P><STRONG><a name="[1bd]"></a>__scatterload_zeroinit</STRONG> (Thumb, 28 bytes, Stack size unknown bytes, __scatter_zi.o(!!handler_zi), UNUSED)

<P><STRONG><a name="[60]"></a>_printf_f</STRONG> (Thumb, 0 bytes, Stack size unknown bytes, _printf_f.o(.ARM.Collect$$_printf_percent$$00000003))
<BR><BR>[Stack]<UL><LI>Max Depth = 324 + Unknown Stack Size
<LI>Call Chain = _printf_f &rArr; _printf_fp_dec &rArr; _printf_fp_dec_real &rArr; _fp_digits &rArr; _btod_etento &rArr; _btod_emul &rArr; _e2e
</UL>
<BR>[Calls]<UL><LI><a href="#[61]">&gt;&gt;</a>&nbsp;&nbsp;&nbsp;_printf_fp_dec
</UL>

<P><STRONG><a name="[7f]"></a>_printf_percent</STRONG> (Thumb, 0 bytes, Stack size unknown bytes, _printf_percent.o(.ARM.Collect$$_printf_percent$$00000000))
<BR><BR>[Called By]<UL><LI><a href="#[7d]">&gt;&gt;</a>&nbsp;&nbsp;&nbsp;__printf
</UL>

<P><STRONG><a name="[62]"></a>_printf_d</STRONG> (Thumb, 0 bytes, Stack size unknown bytes, _printf_d.o(.ARM.Collect$$_printf_percent$$00000009))
<BR><BR>[Stack]<UL><LI>Max Depth = 72 + Unknown Stack Size
<LI>Call Chain = _printf_d &rArr; _printf_int_dec &rArr; _printf_int_common &rArr; _printf_post_padding
</UL>
<BR>[Calls]<UL><LI><a href="#[63]">&gt;&gt;</a>&nbsp;&nbsp;&nbsp;_printf_int_dec
</UL>

<P><STRONG><a name="[64]"></a>_printf_x</STRONG> (Thumb, 0 bytes, Stack size unknown bytes, _printf_x.o(.ARM.Collect$$_printf_percent$$0000000C))
<BR><BR>[Stack]<UL><LI>Max Depth = 64 + Unknown Stack Size
<LI>Call Chain = _printf_x &rArr; _printf_int_hex &rArr; _printf_int_common &rArr; _printf_post_padding
</UL>
<BR>[Calls]<UL><LI><a href="#[65]">&gt;&gt;</a>&nbsp;&nbsp;&nbsp;_printf_int_hex
</UL>

<P><STRONG><a name="[1be]"></a>_printf_percent_end</STRONG> (Thumb, 0 bytes, Stack size unknown bytes, _printf_percent_end.o(.ARM.Collect$$_printf_percent$$00000017))

<P><STRONG><a name="[6d]"></a>__rt_lib_init</STRONG> (Thumb, 0 bytes, Stack size unknown bytes, libinit.o(.ARM.Collect$$libinit$$00000000))
<BR><BR>[Called By]<UL><LI><a href="#[6c]">&gt;&gt;</a>&nbsp;&nbsp;&nbsp;__rt_entry_li
</UL>

<P><STRONG><a name="[1bf]"></a>__rt_lib_init_fp_1</STRONG> (Thumb, 0 bytes, Stack size unknown bytes, libinit2.o(.ARM.Collect$$libinit$$00000002))

<P><STRONG><a name="[1c0]"></a>__rt_lib_init_heap_1</STRONG> (Thumb, 0 bytes, Stack size unknown bytes, libinit2.o(.ARM.Collect$$libinit$$0000000A))

<P><STRONG><a name="[66]"></a>__rt_lib_init_lc_common</STRONG> (Thumb, 0 bytes, Stack size unknown bytes, libinit2.o(.ARM.Collect$$libinit$$0000000F))
<BR><BR>[Calls]<UL><LI><a href="#[67]">&gt;&gt;</a>&nbsp;&nbsp;&nbsp;__rt_locale
</UL>

<P><STRONG><a name="[1c1]"></a>__rt_lib_init_preinit_1</STRONG> (Thumb, 0 bytes, Stack size unknown bytes, libinit2.o(.ARM.Collect$$libinit$$00000004))

<P><STRONG><a name="[1c2]"></a>__rt_lib_init_rand_1</STRONG> (Thumb, 0 bytes, Stack size unknown bytes, libinit2.o(.ARM.Collect$$libinit$$0000000E))

<P><STRONG><a name="[1c3]"></a>__rt_lib_init_user_alloc_1</STRONG> (Thumb, 0 bytes, Stack size unknown bytes, libinit2.o(.ARM.Collect$$libinit$$0000000C))

<P><STRONG><a name="[1c4]"></a>__rt_lib_init_lc_collate_1</STRONG> (Thumb, 0 bytes, Stack size unknown bytes, libinit2.o(.ARM.Collect$$libinit$$00000011))

<P><STRONG><a name="[1c5]"></a>__rt_lib_init_lc_ctype_1</STRONG> (Thumb, 0 bytes, Stack size unknown bytes, libinit2.o(.ARM.Collect$$libinit$$00000013))

<P><STRONG><a name="[1c6]"></a>__rt_lib_init_lc_monetary_1</STRONG> (Thumb, 0 bytes, Stack size unknown bytes, libinit2.o(.ARM.Collect$$libinit$$00000015))

<P><STRONG><a name="[68]"></a>__rt_lib_init_lc_numeric_2</STRONG> (Thumb, 0 bytes, Stack size unknown bytes, libinit2.o(.ARM.Collect$$libinit$$00000016))
<BR><BR>[Stack]<UL><LI>Max Depth = 8 + Unknown Stack Size
<LI>Call Chain = __rt_lib_init_lc_numeric_2 &rArr; _get_lc_numeric
</UL>
<BR>[Calls]<UL><LI><a href="#[69]">&gt;&gt;</a>&nbsp;&nbsp;&nbsp;_get_lc_numeric
</UL>

<P><STRONG><a name="[1c7]"></a>__rt_lib_init_alloca_1</STRONG> (Thumb, 0 bytes, Stack size unknown bytes, libinit2.o(.ARM.Collect$$libinit$$0000002E))

<P><STRONG><a name="[1c8]"></a>__rt_lib_init_argv_1</STRONG> (Thumb, 0 bytes, Stack size unknown bytes, libinit2.o(.ARM.Collect$$libinit$$0000002C))

<P><STRONG><a name="[1c9]"></a>__rt_lib_init_atexit_1</STRONG> (Thumb, 0 bytes, Stack size unknown bytes, libinit2.o(.ARM.Collect$$libinit$$0000001B))

<P><STRONG><a name="[1ca]"></a>__rt_lib_init_clock_1</STRONG> (Thumb, 0 bytes, Stack size unknown bytes, libinit2.o(.ARM.Collect$$libinit$$00000021))

<P><STRONG><a name="[1cb]"></a>__rt_lib_init_cpp_1</STRONG> (Thumb, 0 bytes, Stack size unknown bytes, libinit2.o(.ARM.Collect$$libinit$$00000032))

<P><STRONG><a name="[1cc]"></a>__rt_lib_init_exceptions_1</STRONG> (Thumb, 0 bytes, Stack size unknown bytes, libinit2.o(.ARM.Collect$$libinit$$00000030))

<P><STRONG><a name="[1cd]"></a>__rt_lib_init_fp_trap_1</STRONG> (Thumb, 0 bytes, Stack size unknown bytes, libinit2.o(.ARM.Collect$$libinit$$0000001F))

<P><STRONG><a name="[1ce]"></a>__rt_lib_init_getenv_1</STRONG> (Thumb, 0 bytes, Stack size unknown bytes, libinit2.o(.ARM.Collect$$libinit$$00000023))

<P><STRONG><a name="[1cf]"></a>__rt_lib_init_lc_numeric_1</STRONG> (Thumb, 0 bytes, Stack size unknown bytes, libinit2.o(.ARM.Collect$$libinit$$00000017))

<P><STRONG><a name="[1d0]"></a>__rt_lib_init_lc_time_1</STRONG> (Thumb, 0 bytes, Stack size unknown bytes, libinit2.o(.ARM.Collect$$libinit$$00000019))

<P><STRONG><a name="[1d1]"></a>__rt_lib_init_return</STRONG> (Thumb, 0 bytes, Stack size unknown bytes, libinit2.o(.ARM.Collect$$libinit$$00000033))

<P><STRONG><a name="[1d2]"></a>__rt_lib_init_signal_1</STRONG> (Thumb, 0 bytes, Stack size unknown bytes, libinit2.o(.ARM.Collect$$libinit$$0000001D))

<P><STRONG><a name="[1d3]"></a>__rt_lib_init_stdio_1</STRONG> (Thumb, 0 bytes, Stack size unknown bytes, libinit2.o(.ARM.Collect$$libinit$$00000025))

<P><STRONG><a name="[72]"></a>__rt_lib_shutdown</STRONG> (Thumb, 0 bytes, Stack size unknown bytes, libshutdown.o(.ARM.Collect$$libshutdown$$00000000))
<BR><BR>[Called By]<UL><LI><a href="#[71]">&gt;&gt;</a>&nbsp;&nbsp;&nbsp;__rt_exit_ls
</UL>

<P><STRONG><a name="[1d4]"></a>__rt_lib_shutdown_cpp_1</STRONG> (Thumb, 0 bytes, Stack size unknown bytes, libshutdown2.o(.ARM.Collect$$libshutdown$$00000002))

<P><STRONG><a name="[1d5]"></a>__rt_lib_shutdown_fp_trap_1</STRONG> (Thumb, 0 bytes, Stack size unknown bytes, libshutdown2.o(.ARM.Collect$$libshutdown$$00000007))

<P><STRONG><a name="[1d6]"></a>__rt_lib_shutdown_heap_1</STRONG> (Thumb, 0 bytes, Stack size unknown bytes, libshutdown2.o(.ARM.Collect$$libshutdown$$0000000F))

<P><STRONG><a name="[1d7]"></a>__rt_lib_shutdown_return</STRONG> (Thumb, 0 bytes, Stack size unknown bytes, libshutdown2.o(.ARM.Collect$$libshutdown$$00000010))

<P><STRONG><a name="[1d8]"></a>__rt_lib_shutdown_signal_1</STRONG> (Thumb, 0 bytes, Stack size unknown bytes, libshutdown2.o(.ARM.Collect$$libshutdown$$0000000A))

<P><STRONG><a name="[1d9]"></a>__rt_lib_shutdown_stdio_1</STRONG> (Thumb, 0 bytes, Stack size unknown bytes, libshutdown2.o(.ARM.Collect$$libshutdown$$00000004))

<P><STRONG><a name="[1da]"></a>__rt_lib_shutdown_user_alloc_1</STRONG> (Thumb, 0 bytes, Stack size unknown bytes, libshutdown2.o(.ARM.Collect$$libshutdown$$0000000C))

<P><STRONG><a name="[5d]"></a>__rt_entry</STRONG> (Thumb, 0 bytes, Stack size unknown bytes, __rtentry.o(.ARM.Collect$$rtentry$$00000000))
<BR><BR>[Called By]<UL><LI><a href="#[5a]">&gt;&gt;</a>&nbsp;&nbsp;&nbsp;__main
<LI><a href="#[5e]">&gt;&gt;</a>&nbsp;&nbsp;&nbsp;__scatterload_rt2
</UL>

<P><STRONG><a name="[1db]"></a>__rt_entry_presh_1</STRONG> (Thumb, 0 bytes, Stack size unknown bytes, __rtentry2.o(.ARM.Collect$$rtentry$$00000002))

<P><STRONG><a name="[6a]"></a>__rt_entry_sh</STRONG> (Thumb, 0 bytes, Stack size unknown bytes, __rtentry4.o(.ARM.Collect$$rtentry$$00000004))
<BR><BR>[Stack]<UL><LI>Max Depth = 8 + Unknown Stack Size
<LI>Call Chain = __rt_entry_sh &rArr; __user_setup_stackheap
</UL>
<BR>[Calls]<UL><LI><a href="#[6b]">&gt;&gt;</a>&nbsp;&nbsp;&nbsp;__user_setup_stackheap
</UL>

<P><STRONG><a name="[6c]"></a>__rt_entry_li</STRONG> (Thumb, 0 bytes, Stack size unknown bytes, __rtentry2.o(.ARM.Collect$$rtentry$$0000000A))
<BR><BR>[Calls]<UL><LI><a href="#[6d]">&gt;&gt;</a>&nbsp;&nbsp;&nbsp;__rt_lib_init
</UL>

<P><STRONG><a name="[1dc]"></a>__rt_entry_postsh_1</STRONG> (Thumb, 0 bytes, Stack size unknown bytes, __rtentry2.o(.ARM.Collect$$rtentry$$00000009))

<P><STRONG><a name="[6e]"></a>__rt_entry_main</STRONG> (Thumb, 0 bytes, Stack size unknown bytes, __rtentry2.o(.ARM.Collect$$rtentry$$0000000D))
<BR><BR>[Stack]<UL><LI>Max Depth = 168 + Unknown Stack Size
<LI>Call Chain = __rt_entry_main &rArr; main &rArr; rt_thread_create &rArr; rt_object_allocate &rArr; rt_malloc &rArr; rt_sem_take &rArr; rt_timer_start
</UL>
<BR>[Calls]<UL><LI><a href="#[6f]">&gt;&gt;</a>&nbsp;&nbsp;&nbsp;main
<LI><a href="#[70]">&gt;&gt;</a>&nbsp;&nbsp;&nbsp;exit
</UL>

<P><STRONG><a name="[1dd]"></a>__rt_entry_postli_1</STRONG> (Thumb, 0 bytes, Stack size unknown bytes, __rtentry2.o(.ARM.Collect$$rtentry$$0000000C))

<P><STRONG><a name="[95]"></a>__rt_exit</STRONG> (Thumb, 0 bytes, Stack size unknown bytes, rtexit.o(.ARM.Collect$$rtexit$$00000000))
<BR><BR>[Called By]<UL><LI><a href="#[70]">&gt;&gt;</a>&nbsp;&nbsp;&nbsp;exit
</UL>

<P><STRONG><a name="[71]"></a>__rt_exit_ls</STRONG> (Thumb, 0 bytes, Stack size unknown bytes, rtexit2.o(.ARM.Collect$$rtexit$$00000003))
<BR><BR>[Calls]<UL><LI><a href="#[72]">&gt;&gt;</a>&nbsp;&nbsp;&nbsp;__rt_lib_shutdown
</UL>

<P><STRONG><a name="[1de]"></a>__rt_exit_prels_1</STRONG> (Thumb, 0 bytes, Stack size unknown bytes, rtexit2.o(.ARM.Collect$$rtexit$$00000002))

<P><STRONG><a name="[73]"></a>__rt_exit_exit</STRONG> (Thumb, 0 bytes, Stack size unknown bytes, rtexit2.o(.ARM.Collect$$rtexit$$00000004))
<BR><BR>[Calls]<UL><LI><a href="#[74]">&gt;&gt;</a>&nbsp;&nbsp;&nbsp;_sys_exit
</UL>

<P><STRONG><a name="[59]"></a>Reset_Handler</STRONG> (Thumb, 8 bytes, Stack size 0 bytes, startup_stm32f10x_hd.o(.text))

<P><STRONG><a name="[c]"></a>SVC_Handler</STRONG> (Thumb, 2 bytes, Stack size 0 bytes, startup_stm32f10x_hd.o(.text))
<BR><BR>[Calls]<UL><LI><a href="#[c]">&gt;&gt;</a>&nbsp;&nbsp;&nbsp;SVC_Handler
</UL>
<BR>[Called By]<UL><LI><a href="#[c]">&gt;&gt;</a>&nbsp;&nbsp;&nbsp;SVC_Handler
</UL>
<BR>[Address Reference Count : 1]<UL><LI> startup_stm32f10x_hd.o(RESET)
</UL>
<P><STRONG><a name="[22]"></a>ADC1_2_IRQHandler</STRONG> (Thumb, 0 bytes, Stack size 0 bytes, startup_stm32f10x_hd.o(.text))
<BR><BR>[Calls]<UL><LI><a href="#[22]">&gt;&gt;</a>&nbsp;&nbsp;&nbsp;ADC1_2_IRQHandler
</UL>
<BR>[Called By]<UL><LI><a href="#[22]">&gt;&gt;</a>&nbsp;&nbsp;&nbsp;ADC1_2_IRQHandler
</UL>
<BR>[Address Reference Count : 1]<UL><LI> startup_stm32f10x_hd.o(RESET)
</UL>
<P><STRONG><a name="[3f]"></a>ADC3_IRQHandler</STRONG> (Thumb, 0 bytes, Stack size 0 bytes, startup_stm32f10x_hd.o(.text))
<BR>[Address Reference Count : 1]<UL><LI> startup_stm32f10x_hd.o(RESET)
</UL>
<P><STRONG><a name="[25]"></a>CAN1_RX1_IRQHandler</STRONG> (Thumb, 0 bytes, Stack size 0 bytes, startup_stm32f10x_hd.o(.text))
<BR>[Address Reference Count : 1]<UL><LI> startup_stm32f10x_hd.o(RESET)
</UL>
<P><STRONG><a name="[26]"></a>CAN1_SCE_IRQHandler</STRONG> (Thumb, 0 bytes, Stack size 0 bytes, startup_stm32f10x_hd.o(.text))
<BR>[Address Reference Count : 1]<UL><LI> startup_stm32f10x_hd.o(RESET)
</UL>
<P><STRONG><a name="[1b]"></a>DMA1_Channel1_IRQHandler</STRONG> (Thumb, 0 bytes, Stack size 0 bytes, startup_stm32f10x_hd.o(.text))
<BR>[Address Reference Count : 1]<UL><LI> startup_stm32f10x_hd.o(RESET)
</UL>
<P><STRONG><a name="[1c]"></a>DMA1_Channel2_IRQHandler</STRONG> (Thumb, 0 bytes, Stack size 0 bytes, startup_stm32f10x_hd.o(.text))
<BR>[Address Reference Count : 1]<UL><LI> startup_stm32f10x_hd.o(RESET)
</UL>
<P><STRONG><a name="[1d]"></a>DMA1_Channel3_IRQHandler</STRONG> (Thumb, 0 bytes, Stack size 0 bytes, startup_stm32f10x_hd.o(.text))
<BR>[Address Reference Count : 1]<UL><LI> startup_stm32f10x_hd.o(RESET)
</UL>
<P><STRONG><a name="[1e]"></a>DMA1_Channel4_IRQHandler</STRONG> (Thumb, 0 bytes, Stack size 0 bytes, startup_stm32f10x_hd.o(.text))
<BR>[Address Reference Count : 1]<UL><LI> startup_stm32f10x_hd.o(RESET)
</UL>
<P><STRONG><a name="[1f]"></a>DMA1_Channel5_IRQHandler</STRONG> (Thumb, 0 bytes, Stack size 0 bytes, startup_stm32f10x_hd.o(.text))
<BR>[Address Reference Count : 1]<UL><LI> startup_stm32f10x_hd.o(RESET)
</UL>
<P><STRONG><a name="[20]"></a>DMA1_Channel6_IRQHandler</STRONG> (Thumb, 0 bytes, Stack size 0 bytes, startup_stm32f10x_hd.o(.text))
<BR>[Address Reference Count : 1]<UL><LI> startup_stm32f10x_hd.o(RESET)
</UL>
<P><STRONG><a name="[21]"></a>DMA1_Channel7_IRQHandler</STRONG> (Thumb, 0 bytes, Stack size 0 bytes, startup_stm32f10x_hd.o(.text))
<BR>[Address Reference Count : 1]<UL><LI> startup_stm32f10x_hd.o(RESET)
</UL>
<P><STRONG><a name="[48]"></a>DMA2_Channel1_IRQHandler</STRONG> (Thumb, 0 bytes, Stack size 0 bytes, startup_stm32f10x_hd.o(.text))
<BR>[Address Reference Count : 1]<UL><LI> startup_stm32f10x_hd.o(RESET)
</UL>
<P><STRONG><a name="[49]"></a>DMA2_Channel2_IRQHandler</STRONG> (Thumb, 0 bytes, Stack size 0 bytes, startup_stm32f10x_hd.o(.text))
<BR>[Address Reference Count : 1]<UL><LI> startup_stm32f10x_hd.o(RESET)
</UL>
<P><STRONG><a name="[4a]"></a>DMA2_Channel3_IRQHandler</STRONG> (Thumb, 0 bytes, Stack size 0 bytes, startup_stm32f10x_hd.o(.text))
<BR>[Address Reference Count : 1]<UL><LI> startup_stm32f10x_hd.o(RESET)
</UL>
<P><STRONG><a name="[4b]"></a>DMA2_Channel4_5_IRQHandler</STRONG> (Thumb, 0 bytes, Stack size 0 bytes, startup_stm32f10x_hd.o(.text))
<BR>[Address Reference Count : 1]<UL><LI> startup_stm32f10x_hd.o(RESET)
</UL>
<P><STRONG><a name="[16]"></a>EXTI0_IRQHandler</STRONG> (Thumb, 0 bytes, Stack size 0 bytes, startup_stm32f10x_hd.o(.text))
<BR>[Address Reference Count : 1]<UL><LI> startup_stm32f10x_hd.o(RESET)
</UL>
<P><STRONG><a name="[38]"></a>EXTI15_10_IRQHandler</STRONG> (Thumb, 0 bytes, Stack size 0 bytes, startup_stm32f10x_hd.o(.text))
<BR>[Address Reference Count : 1]<UL><LI> startup_stm32f10x_hd.o(RESET)
</UL>
<P><STRONG><a name="[17]"></a>EXTI1_IRQHandler</STRONG> (Thumb, 0 bytes, Stack size 0 bytes, startup_stm32f10x_hd.o(.text))
<BR>[Address Reference Count : 1]<UL><LI> startup_stm32f10x_hd.o(RESET)
</UL>
<P><STRONG><a name="[18]"></a>EXTI2_IRQHandler</STRONG> (Thumb, 0 bytes, Stack size 0 bytes, startup_stm32f10x_hd.o(.text))
<BR>[Address Reference Count : 1]<UL><LI> startup_stm32f10x_hd.o(RESET)
</UL>
<P><STRONG><a name="[19]"></a>EXTI3_IRQHandler</STRONG> (Thumb, 0 bytes, Stack size 0 bytes, startup_stm32f10x_hd.o(.text))
<BR>[Address Reference Count : 1]<UL><LI> startup_stm32f10x_hd.o(RESET)
</UL>
<P><STRONG><a name="[1a]"></a>EXTI4_IRQHandler</STRONG> (Thumb, 0 bytes, Stack size 0 bytes, startup_stm32f10x_hd.o(.text))
<BR>[Address Reference Count : 1]<UL><LI> startup_stm32f10x_hd.o(RESET)
</UL>
<P><STRONG><a name="[27]"></a>EXTI9_5_IRQHandler</STRONG> (Thumb, 0 bytes, Stack size 0 bytes, startup_stm32f10x_hd.o(.text))
<BR>[Address Reference Count : 1]<UL><LI> startup_stm32f10x_hd.o(RESET)
</UL>
<P><STRONG><a name="[14]"></a>FLASH_IRQHandler</STRONG> (Thumb, 0 bytes, Stack size 0 bytes, startup_stm32f10x_hd.o(.text))
<BR>[Address Reference Count : 1]<UL><LI> startup_stm32f10x_hd.o(RESET)
</UL>
<P><STRONG><a name="[40]"></a>FSMC_IRQHandler</STRONG> (Thumb, 0 bytes, Stack size 0 bytes, startup_stm32f10x_hd.o(.text))
<BR>[Address Reference Count : 1]<UL><LI> startup_stm32f10x_hd.o(RESET)
</UL>
<P><STRONG><a name="[30]"></a>I2C1_ER_IRQHandler</STRONG> (Thumb, 0 bytes, Stack size 0 bytes, startup_stm32f10x_hd.o(.text))
<BR>[Address Reference Count : 1]<UL><LI> startup_stm32f10x_hd.o(RESET)
</UL>
<P><STRONG><a name="[2f]"></a>I2C1_EV_IRQHandler</STRONG> (Thumb, 0 bytes, Stack size 0 bytes, startup_stm32f10x_hd.o(.text))
<BR>[Address Reference Count : 1]<UL><LI> startup_stm32f10x_hd.o(RESET)
</UL>
<P><STRONG><a name="[32]"></a>I2C2_ER_IRQHandler</STRONG> (Thumb, 0 bytes, Stack size 0 bytes, startup_stm32f10x_hd.o(.text))
<BR>[Address Reference Count : 1]<UL><LI> startup_stm32f10x_hd.o(RESET)
</UL>
<P><STRONG><a name="[31]"></a>I2C2_EV_IRQHandler</STRONG> (Thumb, 0 bytes, Stack size 0 bytes, startup_stm32f10x_hd.o(.text))
<BR>[Address Reference Count : 1]<UL><LI> startup_stm32f10x_hd.o(RESET)
</UL>
<P><STRONG><a name="[11]"></a>PVD_IRQHandler</STRONG> (Thumb, 0 bytes, Stack size 0 bytes, startup_stm32f10x_hd.o(.text))
<BR>[Address Reference Count : 1]<UL><LI> startup_stm32f10x_hd.o(RESET)
</UL>
<P><STRONG><a name="[15]"></a>RCC_IRQHandler</STRONG> (Thumb, 0 bytes, Stack size 0 bytes, startup_stm32f10x_hd.o(.text))
<BR>[Address Reference Count : 1]<UL><LI> startup_stm32f10x_hd.o(RESET)
</UL>
<P><STRONG><a name="[39]"></a>RTCAlarm_IRQHandler</STRONG> (Thumb, 0 bytes, Stack size 0 bytes, startup_stm32f10x_hd.o(.text))
<BR>[Address Reference Count : 1]<UL><LI> startup_stm32f10x_hd.o(RESET)
</UL>
<P><STRONG><a name="[13]"></a>RTC_IRQHandler</STRONG> (Thumb, 0 bytes, Stack size 0 bytes, startup_stm32f10x_hd.o(.text))
<BR>[Address Reference Count : 1]<UL><LI> startup_stm32f10x_hd.o(RESET)
</UL>
<P><STRONG><a name="[41]"></a>SDIO_IRQHandler</STRONG> (Thumb, 0 bytes, Stack size 0 bytes, startup_stm32f10x_hd.o(.text))
<BR>[Address Reference Count : 1]<UL><LI> startup_stm32f10x_hd.o(RESET)
</UL>
<P><STRONG><a name="[33]"></a>SPI1_IRQHandler</STRONG> (Thumb, 0 bytes, Stack size 0 bytes, startup_stm32f10x_hd.o(.text))
<BR>[Address Reference Count : 1]<UL><LI> startup_stm32f10x_hd.o(RESET)
</UL>
<P><STRONG><a name="[34]"></a>SPI2_IRQHandler</STRONG> (Thumb, 0 bytes, Stack size 0 bytes, startup_stm32f10x_hd.o(.text))
<BR>[Address Reference Count : 1]<UL><LI> startup_stm32f10x_hd.o(RESET)
</UL>
<P><STRONG><a name="[43]"></a>SPI3_IRQHandler</STRONG> (Thumb, 0 bytes, Stack size 0 bytes, startup_stm32f10x_hd.o(.text))
<BR>[Address Reference Count : 1]<UL><LI> startup_stm32f10x_hd.o(RESET)
</UL>
<P><STRONG><a name="[12]"></a>TAMPER_IRQHandler</STRONG> (Thumb, 0 bytes, Stack size 0 bytes, startup_stm32f10x_hd.o(.text))
<BR>[Address Reference Count : 1]<UL><LI> startup_stm32f10x_hd.o(RESET)
</UL>
<P><STRONG><a name="[28]"></a>TIM1_BRK_IRQHandler</STRONG> (Thumb, 0 bytes, Stack size 0 bytes, startup_stm32f10x_hd.o(.text))
<BR>[Address Reference Count : 1]<UL><LI> startup_stm32f10x_hd.o(RESET)
</UL>
<P><STRONG><a name="[2b]"></a>TIM1_CC_IRQHandler</STRONG> (Thumb, 0 bytes, Stack size 0 bytes, startup_stm32f10x_hd.o(.text))
<BR>[Address Reference Count : 1]<UL><LI> startup_stm32f10x_hd.o(RESET)
</UL>
<P><STRONG><a name="[2a]"></a>TIM1_TRG_COM_IRQHandler</STRONG> (Thumb, 0 bytes, Stack size 0 bytes, startup_stm32f10x_hd.o(.text))
<BR>[Address Reference Count : 1]<UL><LI> startup_stm32f10x_hd.o(RESET)
</UL>
<P><STRONG><a name="[29]"></a>TIM1_UP_IRQHandler</STRONG> (Thumb, 0 bytes, Stack size 0 bytes, startup_stm32f10x_hd.o(.text))
<BR>[Address Reference Count : 1]<UL><LI> startup_stm32f10x_hd.o(RESET)
</UL>
<P><STRONG><a name="[42]"></a>TIM5_IRQHandler</STRONG> (Thumb, 0 bytes, Stack size 0 bytes, startup_stm32f10x_hd.o(.text))
<BR>[Address Reference Count : 1]<UL><LI> startup_stm32f10x_hd.o(RESET)
</UL>
<P><STRONG><a name="[46]"></a>TIM6_IRQHandler</STRONG> (Thumb, 0 bytes, Stack size 0 bytes, startup_stm32f10x_hd.o(.text))
<BR>[Address Reference Count : 1]<UL><LI> startup_stm32f10x_hd.o(RESET)
</UL>
<P><STRONG><a name="[47]"></a>TIM7_IRQHandler</STRONG> (Thumb, 0 bytes, Stack size 0 bytes, startup_stm32f10x_hd.o(.text))
<BR>[Address Reference Count : 1]<UL><LI> startup_stm32f10x_hd.o(RESET)
</UL>
<P><STRONG><a name="[3b]"></a>TIM8_BRK_IRQHandler</STRONG> (Thumb, 0 bytes, Stack size 0 bytes, startup_stm32f10x_hd.o(.text))
<BR>[Address Reference Count : 1]<UL><LI> startup_stm32f10x_hd.o(RESET)
</UL>
<P><STRONG><a name="[3e]"></a>TIM8_CC_IRQHandler</STRONG> (Thumb, 0 bytes, Stack size 0 bytes, startup_stm32f10x_hd.o(.text))
<BR>[Address Reference Count : 1]<UL><LI> startup_stm32f10x_hd.o(RESET)
</UL>
<P><STRONG><a name="[3d]"></a>TIM8_TRG_COM_IRQHandler</STRONG> (Thumb, 0 bytes, Stack size 0 bytes, startup_stm32f10x_hd.o(.text))
<BR>[Address Reference Count : 1]<UL><LI> startup_stm32f10x_hd.o(RESET)
</UL>
<P><STRONG><a name="[44]"></a>UART4_IRQHandler</STRONG> (Thumb, 0 bytes, Stack size 0 bytes, startup_stm32f10x_hd.o(.text))
<BR>[Address Reference Count : 1]<UL><LI> startup_stm32f10x_hd.o(RESET)
</UL>
<P><STRONG><a name="[45]"></a>UART5_IRQHandler</STRONG> (Thumb, 0 bytes, Stack size 0 bytes, startup_stm32f10x_hd.o(.text))
<BR>[Address Reference Count : 1]<UL><LI> startup_stm32f10x_hd.o(RESET)
</UL>
<P><STRONG><a name="[36]"></a>USART2_IRQHandler</STRONG> (Thumb, 0 bytes, Stack size 0 bytes, startup_stm32f10x_hd.o(.text))
<BR>[Address Reference Count : 1]<UL><LI> startup_stm32f10x_hd.o(RESET)
</UL>
<P><STRONG><a name="[37]"></a>USART3_IRQHandler</STRONG> (Thumb, 0 bytes, Stack size 0 bytes, startup_stm32f10x_hd.o(.text))
<BR>[Address Reference Count : 1]<UL><LI> startup_stm32f10x_hd.o(RESET)
</UL>
<P><STRONG><a name="[3a]"></a>USBWakeUp_IRQHandler</STRONG> (Thumb, 0 bytes, Stack size 0 bytes, startup_stm32f10x_hd.o(.text))
<BR>[Address Reference Count : 1]<UL><LI> startup_stm32f10x_hd.o(RESET)
</UL>
<P><STRONG><a name="[23]"></a>USB_HP_CAN1_TX_IRQHandler</STRONG> (Thumb, 0 bytes, Stack size 0 bytes, startup_stm32f10x_hd.o(.text))
<BR>[Address Reference Count : 1]<UL><LI> startup_stm32f10x_hd.o(RESET)
</UL>
<P><STRONG><a name="[24]"></a>USB_LP_CAN1_RX0_IRQHandler</STRONG> (Thumb, 0 bytes, Stack size 0 bytes, startup_stm32f10x_hd.o(.text))
<BR>[Address Reference Count : 1]<UL><LI> startup_stm32f10x_hd.o(RESET)
</UL>
<P><STRONG><a name="[10]"></a>WWDG_IRQHandler</STRONG> (Thumb, 0 bytes, Stack size 0 bytes, startup_stm32f10x_hd.o(.text))
<BR>[Address Reference Count : 1]<UL><LI> startup_stm32f10x_hd.o(RESET)
</UL>
<P><STRONG><a name="[5b]"></a>__user_initial_stackheap</STRONG> (Thumb, 0 bytes, Stack size unknown bytes, startup_stm32f10x_hd.o(.text))
<BR><BR>[Called By]<UL><LI><a href="#[6b]">&gt;&gt;</a>&nbsp;&nbsp;&nbsp;__user_setup_stackheap
</UL>

<P><STRONG><a name="[96]"></a>rt_hw_interrupt_disable</STRONG> (Thumb, 8 bytes, Stack size 0 bytes, context_rvds.o(.text))
<BR><BR>[Called By]<UL><LI><a href="#[16f]">&gt;&gt;</a>&nbsp;&nbsp;&nbsp;rt_thread_idle_excute
<LI><a href="#[15b]">&gt;&gt;</a>&nbsp;&nbsp;&nbsp;rt_object_delete
<LI><a href="#[9c]">&gt;&gt;</a>&nbsp;&nbsp;&nbsp;rt_thread_startup
<LI><a href="#[6f]">&gt;&gt;</a>&nbsp;&nbsp;&nbsp;main
<LI><a href="#[173]">&gt;&gt;</a>&nbsp;&nbsp;&nbsp;rt_timer_check
<LI><a href="#[172]">&gt;&gt;</a>&nbsp;&nbsp;&nbsp;rt_thread_yield
<LI><a href="#[171]">&gt;&gt;</a>&nbsp;&nbsp;&nbsp;rt_timer_stop
<LI><a href="#[16d]">&gt;&gt;</a>&nbsp;&nbsp;&nbsp;rt_timer_detach
<LI><a href="#[52]">&gt;&gt;</a>&nbsp;&nbsp;&nbsp;rt_thread_exit
<LI><a href="#[162]">&gt;&gt;</a>&nbsp;&nbsp;&nbsp;rt_schedule_remove_thread
<LI><a href="#[161]">&gt;&gt;</a>&nbsp;&nbsp;&nbsp;rt_schedule_insert_thread
<LI><a href="#[14d]">&gt;&gt;</a>&nbsp;&nbsp;&nbsp;rt_exit_critical
<LI><a href="#[14b]">&gt;&gt;</a>&nbsp;&nbsp;&nbsp;rt_enter_critical
<LI><a href="#[c5]">&gt;&gt;</a>&nbsp;&nbsp;&nbsp;rt_interrupt_leave
<LI><a href="#[c3]">&gt;&gt;</a>&nbsp;&nbsp;&nbsp;rt_interrupt_enter
<LI><a href="#[168]">&gt;&gt;</a>&nbsp;&nbsp;&nbsp;rt_timer_start
<LI><a href="#[167]">&gt;&gt;</a>&nbsp;&nbsp;&nbsp;rt_timer_control
<LI><a href="#[166]">&gt;&gt;</a>&nbsp;&nbsp;&nbsp;rt_thread_suspend
<LI><a href="#[164]">&gt;&gt;</a>&nbsp;&nbsp;&nbsp;rt_thread_resume
<LI><a href="#[150]">&gt;&gt;</a>&nbsp;&nbsp;&nbsp;rt_sem_take
<LI><a href="#[151]">&gt;&gt;</a>&nbsp;&nbsp;&nbsp;rt_sem_release
<LI><a href="#[14e]">&gt;&gt;</a>&nbsp;&nbsp;&nbsp;rt_schedule
<LI><a href="#[15d]">&gt;&gt;</a>&nbsp;&nbsp;&nbsp;rt_object_init
<LI><a href="#[15c]">&gt;&gt;</a>&nbsp;&nbsp;&nbsp;rt_object_detach
<LI><a href="#[159]">&gt;&gt;</a>&nbsp;&nbsp;&nbsp;rt_object_allocate
</UL>

<P><STRONG><a name="[14c]"></a>rt_hw_interrupt_enable</STRONG> (Thumb, 6 bytes, Stack size 0 bytes, context_rvds.o(.text))
<BR><BR>[Called By]<UL><LI><a href="#[16f]">&gt;&gt;</a>&nbsp;&nbsp;&nbsp;rt_thread_idle_excute
<LI><a href="#[15b]">&gt;&gt;</a>&nbsp;&nbsp;&nbsp;rt_object_delete
<LI><a href="#[9c]">&gt;&gt;</a>&nbsp;&nbsp;&nbsp;rt_thread_startup
<LI><a href="#[173]">&gt;&gt;</a>&nbsp;&nbsp;&nbsp;rt_timer_check
<LI><a href="#[172]">&gt;&gt;</a>&nbsp;&nbsp;&nbsp;rt_thread_yield
<LI><a href="#[171]">&gt;&gt;</a>&nbsp;&nbsp;&nbsp;rt_timer_stop
<LI><a href="#[16d]">&gt;&gt;</a>&nbsp;&nbsp;&nbsp;rt_timer_detach
<LI><a href="#[52]">&gt;&gt;</a>&nbsp;&nbsp;&nbsp;rt_thread_exit
<LI><a href="#[162]">&gt;&gt;</a>&nbsp;&nbsp;&nbsp;rt_schedule_remove_thread
<LI><a href="#[161]">&gt;&gt;</a>&nbsp;&nbsp;&nbsp;rt_schedule_insert_thread
<LI><a href="#[14d]">&gt;&gt;</a>&nbsp;&nbsp;&nbsp;rt_exit_critical
<LI><a href="#[14b]">&gt;&gt;</a>&nbsp;&nbsp;&nbsp;rt_enter_critical
<LI><a href="#[c5]">&gt;&gt;</a>&nbsp;&nbsp;&nbsp;rt_interrupt_leave
<LI><a href="#[c3]">&gt;&gt;</a>&nbsp;&nbsp;&nbsp;rt_interrupt_enter
<LI><a href="#[168]">&gt;&gt;</a>&nbsp;&nbsp;&nbsp;rt_timer_start
<LI><a href="#[167]">&gt;&gt;</a>&nbsp;&nbsp;&nbsp;rt_timer_control
<LI><a href="#[166]">&gt;&gt;</a>&nbsp;&nbsp;&nbsp;rt_thread_suspend
<LI><a href="#[164]">&gt;&gt;</a>&nbsp;&nbsp;&nbsp;rt_thread_resume
<LI><a href="#[150]">&gt;&gt;</a>&nbsp;&nbsp;&nbsp;rt_sem_take
<LI><a href="#[151]">&gt;&gt;</a>&nbsp;&nbsp;&nbsp;rt_sem_release
<LI><a href="#[14e]">&gt;&gt;</a>&nbsp;&nbsp;&nbsp;rt_schedule
<LI><a href="#[15d]">&gt;&gt;</a>&nbsp;&nbsp;&nbsp;rt_object_init
<LI><a href="#[15c]">&gt;&gt;</a>&nbsp;&nbsp;&nbsp;rt_object_detach
<LI><a href="#[159]">&gt;&gt;</a>&nbsp;&nbsp;&nbsp;rt_object_allocate
</UL>

<P><STRONG><a name="[160]"></a>rt_hw_context_switch</STRONG> (Thumb, 32 bytes, Stack size 0 bytes, context_rvds.o(.text))
<BR><BR>[Called By]<UL><LI><a href="#[14e]">&gt;&gt;</a>&nbsp;&nbsp;&nbsp;rt_schedule
</UL>

<P><STRONG><a name="[15f]"></a>rt_hw_context_switch_interrupt</STRONG> (Thumb, 0 bytes, Stack size 0 bytes, context_rvds.o(.text))
<BR><BR>[Called By]<UL><LI><a href="#[14e]">&gt;&gt;</a>&nbsp;&nbsp;&nbsp;rt_schedule
</UL>

<P><STRONG><a name="[e]"></a>PendSV_Handler</STRONG> (Thumb, 60 bytes, Stack size 0 bytes, context_rvds.o(.text))
<BR>[Address Reference Count : 1]<UL><LI> startup_stm32f10x_hd.o(RESET)
</UL>
<P><STRONG><a name="[16a]"></a>rt_hw_context_switch_to</STRONG> (Thumb, 56 bytes, Stack size 0 bytes, context_rvds.o(.text))
<BR><BR>[Called By]<UL><LI><a href="#[9f]">&gt;&gt;</a>&nbsp;&nbsp;&nbsp;rt_system_scheduler_start
</UL>

<P><STRONG><a name="[1df]"></a>rt_hw_interrupt_thread_switch</STRONG> (Thumb, 2 bytes, Stack size 0 bytes, context_rvds.o(.text), UNUSED)

<P><STRONG><a name="[8]"></a>HardFault_Handler</STRONG> (Thumb, 52 bytes, Stack size 0 bytes, context_rvds.o(.text))
<BR><BR>[Stack]<UL><LI>Max Depth = 8<LI>Call Chain = HardFault_Handler &rArr; rt_hw_hard_fault_exception
</UL>
<BR>[Calls]<UL><LI><a href="#[75]">&gt;&gt;</a>&nbsp;&nbsp;&nbsp;rt_hw_hard_fault_exception
</UL>
<BR>[Address Reference Count : 1]<UL><LI> startup_stm32f10x_hd.o(RESET)
</UL>
<P><STRONG><a name="[1e0]"></a>__use_no_semihosting</STRONG> (Thumb, 2 bytes, Stack size 0 bytes, use_no_semi_2.o(.text), UNUSED)

<P><STRONG><a name="[135]"></a>__aeabi_ldivmod</STRONG> (Thumb, 0 bytes, Stack size 8 bytes, llsdiv.o(.text))
<BR><BR>[Stack]<UL><LI>Max Depth = 8<LI>Call Chain = __aeabi_ldivmod
</UL>
<BR>[Called By]<UL><LI><a href="#[134]">&gt;&gt;</a>&nbsp;&nbsp;&nbsp;get_st_biases
</UL>

<P><STRONG><a name="[76]"></a>_ll_sdiv</STRONG> (Thumb, 72 bytes, Stack size 8 bytes, llsdiv.o(.text), UNUSED)
<BR><BR>[Calls]<UL><LI><a href="#[77]">&gt;&gt;</a>&nbsp;&nbsp;&nbsp;__aeabi_uldivmod
</UL>

<P><STRONG><a name="[78]"></a>__2printf</STRONG> (Thumb, 20 bytes, Stack size 24 bytes, noretval__2printf.o(.text))
<BR><BR>[Stack]<UL><LI>Max Depth = 144 + Unknown Stack Size
<LI>Call Chain = __2printf &rArr; _printf_char_file &rArr; _printf_char_common &rArr; __printf
</UL>
<BR>[Calls]<UL><LI><a href="#[79]">&gt;&gt;</a>&nbsp;&nbsp;&nbsp;_printf_char_file
</UL>
<BR>[Called By]<UL><LI><a href="#[141]">&gt;&gt;</a>&nbsp;&nbsp;&nbsp;mpu_init
</UL>

<P><STRONG><a name="[7a]"></a>__2sprintf</STRONG> (Thumb, 34 bytes, Stack size 32 bytes, noretval__2sprintf.o(.text))
<BR><BR>[Stack]<UL><LI>Max Depth = 136 + Unknown Stack Size
<LI>Call Chain = __2sprintf &rArr; _printf_char_common &rArr; __printf
</UL>
<BR>[Calls]<UL><LI><a href="#[4e]">&gt;&gt;</a>&nbsp;&nbsp;&nbsp;_sputc
<LI><a href="#[7b]">&gt;&gt;</a>&nbsp;&nbsp;&nbsp;_printf_char_common
</UL>
<BR>[Called By]<UL><LI><a href="#[db]">&gt;&gt;</a>&nbsp;&nbsp;&nbsp;GUI_Server()
</UL>

<P><STRONG><a name="[88]"></a>_printf_pre_padding</STRONG> (Thumb, 44 bytes, Stack size 16 bytes, _printf_pad.o(.text))
<BR><BR>[Stack]<UL><LI>Max Depth = 16<LI>Call Chain = _printf_pre_padding
</UL>
<BR>[Called By]<UL><LI><a href="#[92]">&gt;&gt;</a>&nbsp;&nbsp;&nbsp;_printf_fp_infnan
<LI><a href="#[90]">&gt;&gt;</a>&nbsp;&nbsp;&nbsp;_printf_fp_dec_real
<LI><a href="#[7c]">&gt;&gt;</a>&nbsp;&nbsp;&nbsp;_printf_int_common
</UL>

<P><STRONG><a name="[89]"></a>_printf_post_padding</STRONG> (Thumb, 34 bytes, Stack size 16 bytes, _printf_pad.o(.text))
<BR><BR>[Stack]<UL><LI>Max Depth = 16<LI>Call Chain = _printf_post_padding
</UL>
<BR>[Called By]<UL><LI><a href="#[92]">&gt;&gt;</a>&nbsp;&nbsp;&nbsp;_printf_fp_infnan
<LI><a href="#[90]">&gt;&gt;</a>&nbsp;&nbsp;&nbsp;_printf_fp_dec_real
<LI><a href="#[7c]">&gt;&gt;</a>&nbsp;&nbsp;&nbsp;_printf_int_common
</UL>

<P><STRONG><a name="[63]"></a>_printf_int_dec</STRONG> (Thumb, 104 bytes, Stack size 24 bytes, _printf_dec.o(.text))
<BR><BR>[Stack]<UL><LI>Max Depth = 72<LI>Call Chain = _printf_int_dec &rArr; _printf_int_common &rArr; _printf_post_padding
</UL>
<BR>[Calls]<UL><LI><a href="#[7c]">&gt;&gt;</a>&nbsp;&nbsp;&nbsp;_printf_int_common
</UL>
<BR>[Called By]<UL><LI><a href="#[62]">&gt;&gt;</a>&nbsp;&nbsp;&nbsp;_printf_d
</UL>

<P><STRONG><a name="[65]"></a>_printf_int_hex</STRONG> (Thumb, 84 bytes, Stack size 16 bytes, _printf_hex_int.o(.text))
<BR><BR>[Stack]<UL><LI>Max Depth = 64<LI>Call Chain = _printf_int_hex &rArr; _printf_int_common &rArr; _printf_post_padding
</UL>
<BR>[Calls]<UL><LI><a href="#[7c]">&gt;&gt;</a>&nbsp;&nbsp;&nbsp;_printf_int_common
</UL>
<BR>[Called By]<UL><LI><a href="#[64]">&gt;&gt;</a>&nbsp;&nbsp;&nbsp;_printf_x
</UL>

<P><STRONG><a name="[1e1]"></a>_printf_longlong_hex</STRONG> (Thumb, 0 bytes, Stack size 16 bytes, _printf_hex_int.o(.text), UNUSED)

<P><STRONG><a name="[7d]"></a>__printf</STRONG> (Thumb, 308 bytes, Stack size 40 bytes, __printf_flags_wp.o(.text))
<BR><BR>[Stack]<UL><LI>Max Depth = 40 + Unknown Stack Size
<LI>Call Chain = __printf
</UL>
<BR>[Calls]<UL><LI><a href="#[7e]">&gt;&gt;</a>&nbsp;&nbsp;&nbsp;_is_digit
<LI><a href="#[7f]">&gt;&gt;</a>&nbsp;&nbsp;&nbsp;_printf_percent
</UL>
<BR>[Called By]<UL><LI><a href="#[7b]">&gt;&gt;</a>&nbsp;&nbsp;&nbsp;_printf_char_common
</UL>

<P><STRONG><a name="[80]"></a>puts</STRONG> (Thumb, 40 bytes, Stack size 8 bytes, puts.o(.text))
<BR><BR>[Stack]<UL><LI>Max Depth = 8<LI>Call Chain = puts
</UL>
<BR>[Calls]<UL><LI><a href="#[50]">&gt;&gt;</a>&nbsp;&nbsp;&nbsp;fputc
</UL>
<BR>[Called By]<UL><LI><a href="#[141]">&gt;&gt;</a>&nbsp;&nbsp;&nbsp;mpu_init
</UL>

<P><STRONG><a name="[147]"></a>memcmp</STRONG> (Thumb, 88 bytes, Stack size 8 bytes, memcmp.o(.text))
<BR><BR>[Stack]<UL><LI>Max Depth = 8<LI>Call Chain = memcmp
</UL>
<BR>[Called By]<UL><LI><a href="#[12a]">&gt;&gt;</a>&nbsp;&nbsp;&nbsp;mpu_load_firmware
</UL>

<P><STRONG><a name="[81]"></a>__aeabi_memset</STRONG> (Thumb, 16 bytes, Stack size 0 bytes, aeabi_memset.o(.text))
<BR><BR>[Calls]<UL><LI><a href="#[82]">&gt;&gt;</a>&nbsp;&nbsp;&nbsp;_memset
</UL>
<BR>[Called By]<UL><LI><a href="#[158]">&gt;&gt;</a>&nbsp;&nbsp;&nbsp;rt_memset
</UL>

<P><STRONG><a name="[169]"></a>__aeabi_memclr</STRONG> (Thumb, 0 bytes, Stack size 0 bytes, rt_memclr.o(.text))
<BR><BR>[Called By]<UL><LI><a href="#[15a]">&gt;&gt;</a>&nbsp;&nbsp;&nbsp;rt_strncpy
</UL>

<P><STRONG><a name="[83]"></a>__rt_memclr</STRONG> (Thumb, 68 bytes, Stack size 0 bytes, rt_memclr.o(.text), UNUSED)
<BR><BR>[Calls]<UL><LI><a href="#[84]">&gt;&gt;</a>&nbsp;&nbsp;&nbsp;_memset_w
</UL>

<P><STRONG><a name="[82]"></a>_memset</STRONG> (Thumb, 0 bytes, Stack size unknown bytes, rt_memclr.o(.text))
<BR><BR>[Called By]<UL><LI><a href="#[81]">&gt;&gt;</a>&nbsp;&nbsp;&nbsp;__aeabi_memset
</UL>

<P><STRONG><a name="[1e2]"></a>__aeabi_memclr4</STRONG> (Thumb, 0 bytes, Stack size 4 bytes, rt_memclr_w.o(.text), UNUSED)

<P><STRONG><a name="[1e3]"></a>__aeabi_memclr8</STRONG> (Thumb, 0 bytes, Stack size 4 bytes, rt_memclr_w.o(.text), UNUSED)

<P><STRONG><a name="[1e4]"></a>__rt_memclr_w</STRONG> (Thumb, 78 bytes, Stack size 4 bytes, rt_memclr_w.o(.text), UNUSED)

<P><STRONG><a name="[84]"></a>_memset_w</STRONG> (Thumb, 0 bytes, Stack size unknown bytes, rt_memclr_w.o(.text), UNUSED)
<BR><BR>[Called By]<UL><LI><a href="#[83]">&gt;&gt;</a>&nbsp;&nbsp;&nbsp;__rt_memclr
</UL>

<P><STRONG><a name="[1e5]"></a>__use_two_region_memory</STRONG> (Thumb, 2 bytes, Stack size 0 bytes, heapauxi.o(.text), UNUSED)

<P><STRONG><a name="[1e6]"></a>__rt_heap_escrow$2region</STRONG> (Thumb, 2 bytes, Stack size 0 bytes, heapauxi.o(.text), UNUSED)

<P><STRONG><a name="[1e7]"></a>__rt_heap_expand$2region</STRONG> (Thumb, 2 bytes, Stack size 0 bytes, heapauxi.o(.text), UNUSED)

<P><STRONG><a name="[1e8]"></a>__I$use$semihosting</STRONG> (Thumb, 0 bytes, Stack size 0 bytes, use_no_semi.o(.text), UNUSED)

<P><STRONG><a name="[1e9]"></a>__use_no_semihosting_swi</STRONG> (Thumb, 2 bytes, Stack size 0 bytes, use_no_semi.o(.text), UNUSED)

<P><STRONG><a name="[77]"></a>__aeabi_uldivmod</STRONG> (Thumb, 0 bytes, Stack size 48 bytes, lludivv7m.o(.text), UNUSED)
<BR><BR>[Called By]<UL><LI><a href="#[76]">&gt;&gt;</a>&nbsp;&nbsp;&nbsp;_ll_sdiv
</UL>

<P><STRONG><a name="[1ea]"></a>_ll_udiv</STRONG> (Thumb, 238 bytes, Stack size 48 bytes, lludivv7m.o(.text), UNUSED)

<P><STRONG><a name="[85]"></a>__read_errno</STRONG> (Thumb, 10 bytes, Stack size 8 bytes, _rserrno.o(.text), UNUSED)
<BR><BR>[Calls]<UL><LI><a href="#[86]">&gt;&gt;</a>&nbsp;&nbsp;&nbsp;__aeabi_errno_addr
</UL>

<P><STRONG><a name="[87]"></a>__set_errno</STRONG> (Thumb, 12 bytes, Stack size 8 bytes, _rserrno.o(.text))
<BR><BR>[Stack]<UL><LI>Max Depth = 8<LI>Call Chain = __set_errno
</UL>
<BR>[Calls]<UL><LI><a href="#[86]">&gt;&gt;</a>&nbsp;&nbsp;&nbsp;__aeabi_errno_addr
</UL>
<BR>[Called By]<UL><LI><a href="#[184]">&gt;&gt;</a>&nbsp;&nbsp;&nbsp;sqrt
<LI><a href="#[ae]">&gt;&gt;</a>&nbsp;&nbsp;&nbsp;atan2f
<LI><a href="#[140]">&gt;&gt;</a>&nbsp;&nbsp;&nbsp;atan2
<LI><a href="#[13f]">&gt;&gt;</a>&nbsp;&nbsp;&nbsp;asin
</UL>

<P><STRONG><a name="[7c]"></a>_printf_int_common</STRONG> (Thumb, 178 bytes, Stack size 32 bytes, _printf_intcommon.o(.text))
<BR><BR>[Stack]<UL><LI>Max Depth = 48<LI>Call Chain = _printf_int_common &rArr; _printf_post_padding
</UL>
<BR>[Calls]<UL><LI><a href="#[89]">&gt;&gt;</a>&nbsp;&nbsp;&nbsp;_printf_post_padding
<LI><a href="#[88]">&gt;&gt;</a>&nbsp;&nbsp;&nbsp;_printf_pre_padding
</UL>
<BR>[Called By]<UL><LI><a href="#[65]">&gt;&gt;</a>&nbsp;&nbsp;&nbsp;_printf_int_hex
<LI><a href="#[63]">&gt;&gt;</a>&nbsp;&nbsp;&nbsp;_printf_int_dec
</UL>

<P><STRONG><a name="[90]"></a>_printf_fp_dec_real</STRONG> (Thumb, 620 bytes, Stack size 104 bytes, _printf_fp_dec.o(.text))
<BR><BR>[Stack]<UL><LI>Max Depth = 324<LI>Call Chain = _printf_fp_dec_real &rArr; _fp_digits &rArr; _btod_etento &rArr; _btod_emul &rArr; _e2e
</UL>
<BR>[Calls]<UL><LI><a href="#[89]">&gt;&gt;</a>&nbsp;&nbsp;&nbsp;_printf_post_padding
<LI><a href="#[88]">&gt;&gt;</a>&nbsp;&nbsp;&nbsp;_printf_pre_padding
<LI><a href="#[92]">&gt;&gt;</a>&nbsp;&nbsp;&nbsp;_printf_fp_infnan
<LI><a href="#[67]">&gt;&gt;</a>&nbsp;&nbsp;&nbsp;__rt_locale
<LI><a href="#[91]">&gt;&gt;</a>&nbsp;&nbsp;&nbsp;__ARM_fpclassify
<LI><a href="#[8a]">&gt;&gt;</a>&nbsp;&nbsp;&nbsp;_fp_digits
</UL>
<BR>[Called By]<UL><LI><a href="#[61]">&gt;&gt;</a>&nbsp;&nbsp;&nbsp;_printf_fp_dec
</UL>

<P><STRONG><a name="[7b]"></a>_printf_char_common</STRONG> (Thumb, 32 bytes, Stack size 64 bytes, _printf_char_common.o(.text))
<BR><BR>[Stack]<UL><LI>Max Depth = 104 + Unknown Stack Size
<LI>Call Chain = _printf_char_common &rArr; __printf
</UL>
<BR>[Calls]<UL><LI><a href="#[7d]">&gt;&gt;</a>&nbsp;&nbsp;&nbsp;__printf
</UL>
<BR>[Called By]<UL><LI><a href="#[7a]">&gt;&gt;</a>&nbsp;&nbsp;&nbsp;__2sprintf
<LI><a href="#[79]">&gt;&gt;</a>&nbsp;&nbsp;&nbsp;_printf_char_file
</UL>

<P><STRONG><a name="[4e]"></a>_sputc</STRONG> (Thumb, 10 bytes, Stack size 0 bytes, _sputc.o(.text))
<BR><BR>[Called By]<UL><LI><a href="#[7a]">&gt;&gt;</a>&nbsp;&nbsp;&nbsp;__2sprintf
</UL>
<BR>[Address Reference Count : 1]<UL><LI> noretval__2sprintf.o(.text)
</UL>
<P><STRONG><a name="[79]"></a>_printf_char_file</STRONG> (Thumb, 32 bytes, Stack size 16 bytes, _printf_char_file.o(.text))
<BR><BR>[Stack]<UL><LI>Max Depth = 120 + Unknown Stack Size
<LI>Call Chain = _printf_char_file &rArr; _printf_char_common &rArr; __printf
</UL>
<BR>[Calls]<UL><LI><a href="#[93]">&gt;&gt;</a>&nbsp;&nbsp;&nbsp;ferror
<LI><a href="#[7b]">&gt;&gt;</a>&nbsp;&nbsp;&nbsp;_printf_char_common
</UL>
<BR>[Called By]<UL><LI><a href="#[78]">&gt;&gt;</a>&nbsp;&nbsp;&nbsp;__2printf
</UL>

<P><STRONG><a name="[67]"></a>__rt_locale</STRONG> (Thumb, 8 bytes, Stack size 0 bytes, rt_locale_intlibspace.o(.text))
<BR><BR>[Called By]<UL><LI><a href="#[90]">&gt;&gt;</a>&nbsp;&nbsp;&nbsp;_printf_fp_dec_real
<LI><a href="#[66]">&gt;&gt;</a>&nbsp;&nbsp;&nbsp;__rt_lib_init_lc_common
</UL>

<P><STRONG><a name="[86]"></a>__aeabi_errno_addr</STRONG> (Thumb, 8 bytes, Stack size 0 bytes, rt_errno_addr_intlibspace.o(.text))
<BR><BR>[Called By]<UL><LI><a href="#[87]">&gt;&gt;</a>&nbsp;&nbsp;&nbsp;__set_errno
<LI><a href="#[85]">&gt;&gt;</a>&nbsp;&nbsp;&nbsp;__read_errno
</UL>

<P><STRONG><a name="[1eb]"></a>__errno$intlibspace</STRONG> (Thumb, 0 bytes, Stack size 0 bytes, rt_errno_addr_intlibspace.o(.text), UNUSED)

<P><STRONG><a name="[1ec]"></a>__rt_errno_addr$intlibspace</STRONG> (Thumb, 0 bytes, Stack size 0 bytes, rt_errno_addr_intlibspace.o(.text), UNUSED)

<P><STRONG><a name="[8f]"></a>_ll_udiv10</STRONG> (Thumb, 138 bytes, Stack size 12 bytes, lludiv10.o(.text))
<BR><BR>[Stack]<UL><LI>Max Depth = 12<LI>Call Chain = _ll_udiv10
</UL>
<BR>[Called By]<UL><LI><a href="#[8a]">&gt;&gt;</a>&nbsp;&nbsp;&nbsp;_fp_digits
</UL>

<P><STRONG><a name="[92]"></a>_printf_fp_infnan</STRONG> (Thumb, 112 bytes, Stack size 24 bytes, _printf_fp_infnan.o(.text))
<BR><BR>[Stack]<UL><LI>Max Depth = 40<LI>Call Chain = _printf_fp_infnan &rArr; _printf_post_padding
</UL>
<BR>[Calls]<UL><LI><a href="#[89]">&gt;&gt;</a>&nbsp;&nbsp;&nbsp;_printf_post_padding
<LI><a href="#[88]">&gt;&gt;</a>&nbsp;&nbsp;&nbsp;_printf_pre_padding
</UL>
<BR>[Called By]<UL><LI><a href="#[90]">&gt;&gt;</a>&nbsp;&nbsp;&nbsp;_printf_fp_dec_real
</UL>

<P><STRONG><a name="[8b]"></a>_btod_etento</STRONG> (Thumb, 224 bytes, Stack size 72 bytes, bigflt0.o(.text))
<BR><BR>[Stack]<UL><LI>Max Depth = 124<LI>Call Chain = _btod_etento &rArr; _btod_emul &rArr; _e2e
</UL>
<BR>[Calls]<UL><LI><a href="#[8e]">&gt;&gt;</a>&nbsp;&nbsp;&nbsp;_btod_emul
<LI><a href="#[8d]">&gt;&gt;</a>&nbsp;&nbsp;&nbsp;_btod_ediv
</UL>
<BR>[Called By]<UL><LI><a href="#[8a]">&gt;&gt;</a>&nbsp;&nbsp;&nbsp;_fp_digits
</UL>

<P><STRONG><a name="[93]"></a>ferror</STRONG> (Thumb, 8 bytes, Stack size 0 bytes, ferror.o(.text))
<BR><BR>[Called By]<UL><LI><a href="#[79]">&gt;&gt;</a>&nbsp;&nbsp;&nbsp;_printf_char_file
</UL>

<P><STRONG><a name="[1ed]"></a>__user_libspace</STRONG> (Thumb, 8 bytes, Stack size 0 bytes, libspace.o(.text), UNUSED)

<P><STRONG><a name="[94]"></a>__user_perproc_libspace</STRONG> (Thumb, 0 bytes, Stack size 0 bytes, libspace.o(.text))
<BR><BR>[Called By]<UL><LI><a href="#[6b]">&gt;&gt;</a>&nbsp;&nbsp;&nbsp;__user_setup_stackheap
</UL>

<P><STRONG><a name="[1ee]"></a>__user_perthread_libspace</STRONG> (Thumb, 0 bytes, Stack size 0 bytes, libspace.o(.text), UNUSED)

<P><STRONG><a name="[6b]"></a>__user_setup_stackheap</STRONG> (Thumb, 74 bytes, Stack size 8 bytes, sys_stackheap_outer.o(.text))
<BR><BR>[Stack]<UL><LI>Max Depth = 8 + Unknown Stack Size
<LI>Call Chain = __user_setup_stackheap
</UL>
<BR>[Calls]<UL><LI><a href="#[5b]">&gt;&gt;</a>&nbsp;&nbsp;&nbsp;__user_initial_stackheap
<LI><a href="#[94]">&gt;&gt;</a>&nbsp;&nbsp;&nbsp;__user_perproc_libspace
</UL>
<BR>[Called By]<UL><LI><a href="#[6a]">&gt;&gt;</a>&nbsp;&nbsp;&nbsp;__rt_entry_sh
</UL>

<P><STRONG><a name="[70]"></a>exit</STRONG> (Thumb, 18 bytes, Stack size 8 bytes, exit.o(.text))
<BR><BR>[Stack]<UL><LI>Max Depth = 8 + Unknown Stack Size
<LI>Call Chain = exit
</UL>
<BR>[Calls]<UL><LI><a href="#[95]">&gt;&gt;</a>&nbsp;&nbsp;&nbsp;__rt_exit
</UL>
<BR>[Called By]<UL><LI><a href="#[6e]">&gt;&gt;</a>&nbsp;&nbsp;&nbsp;__rt_entry_main
</UL>

<P><STRONG><a name="[18a]"></a>strcmp</STRONG> (Thumb, 128 bytes, Stack size 0 bytes, strcmpv7m.o(.text))
<BR><BR>[Called By]<UL><LI><a href="#[69]">&gt;&gt;</a>&nbsp;&nbsp;&nbsp;_get_lc_numeric
</UL>

<P><STRONG><a name="[6f]"></a>main</STRONG> (Thumb, 80 bytes, Stack size 16 bytes, components.o(.text.$Sub$$main))
<BR><BR>[Stack]<UL><LI>Max Depth = 168 + Unknown Stack Size
<LI>Call Chain = main &rArr; rt_thread_create &rArr; rt_object_allocate &rArr; rt_malloc &rArr; rt_sem_take &rArr; rt_timer_start
</UL>
<BR>[Calls]<UL><LI><a href="#[9c]">&gt;&gt;</a>&nbsp;&nbsp;&nbsp;rt_thread_startup
<LI><a href="#[9e]">&gt;&gt;</a>&nbsp;&nbsp;&nbsp;rt_thread_idle_init
<LI><a href="#[9b]">&gt;&gt;</a>&nbsp;&nbsp;&nbsp;rt_thread_create
<LI><a href="#[9d]">&gt;&gt;</a>&nbsp;&nbsp;&nbsp;rt_system_timer_thread_init
<LI><a href="#[99]">&gt;&gt;</a>&nbsp;&nbsp;&nbsp;rt_system_timer_init
<LI><a href="#[9f]">&gt;&gt;</a>&nbsp;&nbsp;&nbsp;rt_system_scheduler_start
<LI><a href="#[9a]">&gt;&gt;</a>&nbsp;&nbsp;&nbsp;rt_system_scheduler_init
<LI><a href="#[98]">&gt;&gt;</a>&nbsp;&nbsp;&nbsp;rt_show_version
<LI><a href="#[97]">&gt;&gt;</a>&nbsp;&nbsp;&nbsp;rt_hw_board_init
<LI><a href="#[96]">&gt;&gt;</a>&nbsp;&nbsp;&nbsp;rt_hw_interrupt_disable
</UL>
<BR>[Called By]<UL><LI><a href="#[6e]">&gt;&gt;</a>&nbsp;&nbsp;&nbsp;__rt_entry_main
</UL>

<P><STRONG><a name="[ea]"></a>ADC_Cmd</STRONG> (Thumb, 18 bytes, Stack size 0 bytes, stm32f10x_adc.o(.text.ADC_Cmd))
<BR><BR>[Called By]<UL><LI><a href="#[e7]">&gt;&gt;</a>&nbsp;&nbsp;&nbsp;init_drv_ADC()
</UL>

<P><STRONG><a name="[a0]"></a>ADC_DeInit</STRONG> (Thumb, 96 bytes, Stack size 8 bytes, stm32f10x_adc.o(.text.ADC_DeInit))
<BR><BR>[Stack]<UL><LI>Max Depth = 8<LI>Call Chain = ADC_DeInit
</UL>
<BR>[Calls]<UL><LI><a href="#[a1]">&gt;&gt;</a>&nbsp;&nbsp;&nbsp;RCC_APB2PeriphResetCmd
</UL>
<BR>[Called By]<UL><LI><a href="#[e7]">&gt;&gt;</a>&nbsp;&nbsp;&nbsp;init_drv_ADC()
</UL>

<P><STRONG><a name="[ee]"></a>ADC_GetCalibrationStatus</STRONG> (Thumb, 8 bytes, Stack size 0 bytes, stm32f10x_adc.o(.text.ADC_GetCalibrationStatus))
<BR><BR>[Called By]<UL><LI><a href="#[e7]">&gt;&gt;</a>&nbsp;&nbsp;&nbsp;init_drv_ADC()
</UL>

<P><STRONG><a name="[115]"></a>ADC_GetConversionValue</STRONG> (Thumb, 6 bytes, Stack size 0 bytes, stm32f10x_adc.o(.text.ADC_GetConversionValue))
<BR><BR>[Called By]<UL><LI><a href="#[d1]">&gt;&gt;</a>&nbsp;&nbsp;&nbsp;Get_battery_volt()
</UL>

<P><STRONG><a name="[114]"></a>ADC_GetFlagStatus</STRONG> (Thumb, 10 bytes, Stack size 0 bytes, stm32f10x_adc.o(.text.ADC_GetFlagStatus))
<BR><BR>[Called By]<UL><LI><a href="#[d1]">&gt;&gt;</a>&nbsp;&nbsp;&nbsp;Get_battery_volt()
</UL>

<P><STRONG><a name="[ec]"></a>ADC_GetResetCalibrationStatus</STRONG> (Thumb, 8 bytes, Stack size 0 bytes, stm32f10x_adc.o(.text.ADC_GetResetCalibrationStatus))
<BR><BR>[Called By]<UL><LI><a href="#[e7]">&gt;&gt;</a>&nbsp;&nbsp;&nbsp;init_drv_ADC()
</UL>

<P><STRONG><a name="[e9]"></a>ADC_Init</STRONG> (Thumb, 82 bytes, Stack size 8 bytes, stm32f10x_adc.o(.text.ADC_Init))
<BR><BR>[Stack]<UL><LI>Max Depth = 8<LI>Call Chain = ADC_Init
</UL>
<BR>[Called By]<UL><LI><a href="#[e7]">&gt;&gt;</a>&nbsp;&nbsp;&nbsp;init_drv_ADC()
</UL>

<P><STRONG><a name="[112]"></a>ADC_RegularChannelConfig</STRONG> (Thumb, 102 bytes, Stack size 8 bytes, stm32f10x_adc.o(.text.ADC_RegularChannelConfig))
<BR><BR>[Stack]<UL><LI>Max Depth = 8<LI>Call Chain = ADC_RegularChannelConfig
</UL>
<BR>[Called By]<UL><LI><a href="#[d1]">&gt;&gt;</a>&nbsp;&nbsp;&nbsp;Get_battery_volt()
</UL>

<P><STRONG><a name="[eb]"></a>ADC_ResetCalibration</STRONG> (Thumb, 10 bytes, Stack size 0 bytes, stm32f10x_adc.o(.text.ADC_ResetCalibration))
<BR><BR>[Called By]<UL><LI><a href="#[e7]">&gt;&gt;</a>&nbsp;&nbsp;&nbsp;init_drv_ADC()
</UL>

<P><STRONG><a name="[113]"></a>ADC_SoftwareStartConvCmd</STRONG> (Thumb, 18 bytes, Stack size 0 bytes, stm32f10x_adc.o(.text.ADC_SoftwareStartConvCmd))
<BR><BR>[Called By]<UL><LI><a href="#[d1]">&gt;&gt;</a>&nbsp;&nbsp;&nbsp;Get_battery_volt()
</UL>

<P><STRONG><a name="[ed]"></a>ADC_StartCalibration</STRONG> (Thumb, 10 bytes, Stack size 0 bytes, stm32f10x_adc.o(.text.ADC_StartCalibration))
<BR><BR>[Called By]<UL><LI><a href="#[e7]">&gt;&gt;</a>&nbsp;&nbsp;&nbsp;init_drv_ADC()
</UL>

<P><STRONG><a name="[a]"></a>BusFault_Handler</STRONG> (Thumb, 2 bytes, Stack size 0 bytes, stm32f10x_it.o(.text.BusFault_Handler))
<BR><BR>[Calls]<UL><LI><a href="#[a]">&gt;&gt;</a>&nbsp;&nbsp;&nbsp;BusFault_Handler
</UL>
<BR>[Called By]<UL><LI><a href="#[a]">&gt;&gt;</a>&nbsp;&nbsp;&nbsp;BusFault_Handler
</UL>
<BR>[Address Reference Count : 1]<UL><LI> startup_stm32f10x_hd.o(RESET)
</UL>
<P><STRONG><a name="[a2]"></a>Complementary_Filter_x</STRONG> (Thumb, 74 bytes, Stack size 16 bytes, filter_1.o(.text.Complementary_Filter_x))
<BR><BR>[Stack]<UL><LI>Max Depth = 32<LI>Call Chain = Complementary_Filter_x &rArr; __aeabi_fmul
</UL>
<BR>[Calls]<UL><LI><a href="#[a3]">&gt;&gt;</a>&nbsp;&nbsp;&nbsp;__aeabi_fmul
<LI><a href="#[a4]">&gt;&gt;</a>&nbsp;&nbsp;&nbsp;__aeabi_fadd
</UL>
<BR>[Called By]<UL><LI><a href="#[a6]">&gt;&gt;</a>&nbsp;&nbsp;&nbsp;Get_Angle
</UL>

<P><STRONG><a name="[a5]"></a>Complementary_Filter_y</STRONG> (Thumb, 74 bytes, Stack size 16 bytes, filter_1.o(.text.Complementary_Filter_y))
<BR><BR>[Stack]<UL><LI>Max Depth = 32<LI>Call Chain = Complementary_Filter_y &rArr; __aeabi_fmul
</UL>
<BR>[Calls]<UL><LI><a href="#[a3]">&gt;&gt;</a>&nbsp;&nbsp;&nbsp;__aeabi_fmul
<LI><a href="#[a4]">&gt;&gt;</a>&nbsp;&nbsp;&nbsp;__aeabi_fadd
</UL>
<BR>[Called By]<UL><LI><a href="#[a6]">&gt;&gt;</a>&nbsp;&nbsp;&nbsp;Get_Angle
</UL>

<P><STRONG><a name="[d]"></a>DebugMon_Handler</STRONG> (Thumb, 2 bytes, Stack size 0 bytes, stm32f10x_it.o(.text.DebugMon_Handler))
<BR>[Address Reference Count : 1]<UL><LI> startup_stm32f10x_hd.o(RESET)
</UL>
<P><STRONG><a name="[b6]"></a>GPIO_Init</STRONG> (Thumb, 734 bytes, Stack size 8 bytes, stm32f10x_gpio.o(.text.GPIO_Init))
<BR><BR>[Stack]<UL><LI>Max Depth = 8<LI>Call Chain = GPIO_Init
</UL>
<BR>[Called By]<UL><LI><a href="#[b4]">&gt;&gt;</a>&nbsp;&nbsp;&nbsp;IIC_Init
<LI><a href="#[f1]">&gt;&gt;</a>&nbsp;&nbsp;&nbsp;LCD_GPIO_Init()
<LI><a href="#[138]">&gt;&gt;</a>&nbsp;&nbsp;&nbsp;init_drv_Uart1
<LI><a href="#[121]">&gt;&gt;</a>&nbsp;&nbsp;&nbsp;drv_Encoder_Init_TIM4()
<LI><a href="#[119]">&gt;&gt;</a>&nbsp;&nbsp;&nbsp;drv_Encoder_Init_TIM3()
<LI><a href="#[109]">&gt;&gt;</a>&nbsp;&nbsp;&nbsp;init_drv_PWMOut()
<LI><a href="#[103]">&gt;&gt;</a>&nbsp;&nbsp;&nbsp;init_drv_Uart4(unsigned)
<LI><a href="#[102]">&gt;&gt;</a>&nbsp;&nbsp;&nbsp;init_drv_Uart3(unsigned)
<LI><a href="#[ff]">&gt;&gt;</a>&nbsp;&nbsp;&nbsp;init_drv_Uart2(unsigned)
<LI><a href="#[fe]">&gt;&gt;</a>&nbsp;&nbsp;&nbsp;init_drv_Motor()
<LI><a href="#[ef]">&gt;&gt;</a>&nbsp;&nbsp;&nbsp;init_drv_Key()
<LI><a href="#[e7]">&gt;&gt;</a>&nbsp;&nbsp;&nbsp;init_drv_ADC()
<LI><a href="#[f2]">&gt;&gt;</a>&nbsp;&nbsp;&nbsp;init_drv_LED()
</UL>

<P><STRONG><a name="[100]"></a>GPIO_PinRemapConfig</STRONG> (Thumb, 110 bytes, Stack size 8 bytes, stm32f10x_gpio.o(.text.GPIO_PinRemapConfig))
<BR><BR>[Stack]<UL><LI>Max Depth = 8<LI>Call Chain = GPIO_PinRemapConfig
</UL>
<BR>[Called By]<UL><LI><a href="#[121]">&gt;&gt;</a>&nbsp;&nbsp;&nbsp;drv_Encoder_Init_TIM4()
<LI><a href="#[119]">&gt;&gt;</a>&nbsp;&nbsp;&nbsp;drv_Encoder_Init_TIM3()
<LI><a href="#[109]">&gt;&gt;</a>&nbsp;&nbsp;&nbsp;init_drv_PWMOut()
<LI><a href="#[102]">&gt;&gt;</a>&nbsp;&nbsp;&nbsp;init_drv_Uart3(unsigned)
<LI><a href="#[ff]">&gt;&gt;</a>&nbsp;&nbsp;&nbsp;init_drv_Uart2(unsigned)
</UL>

<P><STRONG><a name="[e5]"></a>GPIO_ResetBits</STRONG> (Thumb, 4 bytes, Stack size 0 bytes, stm32f10x_gpio.o(.text.GPIO_ResetBits))
<BR><BR>[Called By]<UL><LI><a href="#[dd]">&gt;&gt;</a>&nbsp;&nbsp;&nbsp;LCD_Address_Set(unsigned short, unsigned short, unsigned short, unsigned short)
<LI><a href="#[e4]">&gt;&gt;</a>&nbsp;&nbsp;&nbsp;LCD_Writ_Bus(unsigned char)
<LI><a href="#[f0]">&gt;&gt;</a>&nbsp;&nbsp;&nbsp;init_drv_LCD()
</UL>

<P><STRONG><a name="[e6]"></a>GPIO_SetBits</STRONG> (Thumb, 4 bytes, Stack size 0 bytes, stm32f10x_gpio.o(.text.GPIO_SetBits))
<BR><BR>[Called By]<UL><LI><a href="#[dd]">&gt;&gt;</a>&nbsp;&nbsp;&nbsp;LCD_Address_Set(unsigned short, unsigned short, unsigned short, unsigned short)
<LI><a href="#[f1]">&gt;&gt;</a>&nbsp;&nbsp;&nbsp;LCD_GPIO_Init()
<LI><a href="#[e4]">&gt;&gt;</a>&nbsp;&nbsp;&nbsp;LCD_Writ_Bus(unsigned char)
<LI><a href="#[fe]">&gt;&gt;</a>&nbsp;&nbsp;&nbsp;init_drv_Motor()
<LI><a href="#[f0]">&gt;&gt;</a>&nbsp;&nbsp;&nbsp;init_drv_LCD()
<LI><a href="#[f2]">&gt;&gt;</a>&nbsp;&nbsp;&nbsp;init_drv_LED()
</UL>

<P><STRONG><a name="[a6]"></a>Get_Angle</STRONG> (Thumb, 614 bytes, Stack size 64 bytes, drv_mpu6050.o(.text.Get_Angle))
<BR><BR>[Stack]<UL><LI>Max Depth = 344<LI>Call Chain = Get_Angle &rArr; mpu_dmp_get_data &rArr; dmp_read_fifo &rArr; mpu_read_fifo_stream &rArr; Read_Len &rArr; IIC_Read_Byte
</UL>
<BR>[Calls]<UL><LI><a href="#[a8]">&gt;&gt;</a>&nbsp;&nbsp;&nbsp;mpu_dmp_get_data
<LI><a href="#[a9]">&gt;&gt;</a>&nbsp;&nbsp;&nbsp;Read_Len
<LI><a href="#[a7]">&gt;&gt;</a>&nbsp;&nbsp;&nbsp;MPU_Get_Temperature
<LI><a href="#[b1]">&gt;&gt;</a>&nbsp;&nbsp;&nbsp;Kalman_Filter_y
<LI><a href="#[b0]">&gt;&gt;</a>&nbsp;&nbsp;&nbsp;Kalman_Filter_x
<LI><a href="#[a5]">&gt;&gt;</a>&nbsp;&nbsp;&nbsp;Complementary_Filter_y
<LI><a href="#[a2]">&gt;&gt;</a>&nbsp;&nbsp;&nbsp;Complementary_Filter_x
<LI><a href="#[ae]">&gt;&gt;</a>&nbsp;&nbsp;&nbsp;atan2f
<LI><a href="#[a3]">&gt;&gt;</a>&nbsp;&nbsp;&nbsp;__aeabi_fmul
<LI><a href="#[aa]">&gt;&gt;</a>&nbsp;&nbsp;&nbsp;__aeabi_i2f
<LI><a href="#[af]">&gt;&gt;</a>&nbsp;&nbsp;&nbsp;__aeabi_fdiv
<LI><a href="#[ab]">&gt;&gt;</a>&nbsp;&nbsp;&nbsp;__aeabi_f2d
<LI><a href="#[ac]">&gt;&gt;</a>&nbsp;&nbsp;&nbsp;__aeabi_ddiv
<LI><a href="#[ad]">&gt;&gt;</a>&nbsp;&nbsp;&nbsp;__aeabi_d2f
</UL>
<BR>[Called By]<UL><LI><a href="#[3c]">&gt;&gt;</a>&nbsp;&nbsp;&nbsp;TIM8_UP_IRQHandler
</UL>

<P><STRONG><a name="[dc]"></a>Get_RTC_Time</STRONG> (Thumb, 592 bytes, Stack size 32 bytes, timebase.o(.text.Get_RTC_Time))
<BR><BR>[Stack]<UL><LI>Max Depth = 32<LI>Call Chain = Get_RTC_Time
</UL>
<BR>[Called By]<UL><LI><a href="#[db]">&gt;&gt;</a>&nbsp;&nbsp;&nbsp;GUI_Server()
</UL>

<P><STRONG><a name="[b2]"></a>IIC_Delay</STRONG> (Thumb, 6 bytes, Stack size 0 bytes, drv_extiic.o(.text.IIC_Delay))
<BR><BR>[Calls]<UL><LI><a href="#[b3]">&gt;&gt;</a>&nbsp;&nbsp;&nbsp;delay_us
</UL>
<BR>[Called By]<UL><LI><a href="#[c1]">&gt;&gt;</a>&nbsp;&nbsp;&nbsp;Write_Byte
</UL>

<P><STRONG><a name="[b4]"></a>IIC_Init</STRONG> (Thumb, 60 bytes, Stack size 24 bytes, drv_extiic.o(.text.IIC_Init))
<BR><BR>[Stack]<UL><LI>Max Depth = 32<LI>Call Chain = IIC_Init &rArr; GPIO_Init
</UL>
<BR>[Calls]<UL><LI><a href="#[b5]">&gt;&gt;</a>&nbsp;&nbsp;&nbsp;RCC_APB2PeriphClockCmd
<LI><a href="#[b6]">&gt;&gt;</a>&nbsp;&nbsp;&nbsp;GPIO_Init
</UL>
<BR>[Called By]<UL><LI><a href="#[118]">&gt;&gt;</a>&nbsp;&nbsp;&nbsp;mpu_dmp_init
<LI><a href="#[c0]">&gt;&gt;</a>&nbsp;&nbsp;&nbsp;MPU_Init
</UL>

<P><STRONG><a name="[b7]"></a>IIC_Read_Byte</STRONG> (Thumb, 400 bytes, Stack size 48 bytes, drv_extiic.o(.text.IIC_Read_Byte))
<BR><BR>[Stack]<UL><LI>Max Depth = 48<LI>Call Chain = IIC_Read_Byte
</UL>
<BR>[Calls]<UL><LI><a href="#[b3]">&gt;&gt;</a>&nbsp;&nbsp;&nbsp;delay_us
</UL>
<BR>[Called By]<UL><LI><a href="#[a9]">&gt;&gt;</a>&nbsp;&nbsp;&nbsp;Read_Len
<LI><a href="#[c0]">&gt;&gt;</a>&nbsp;&nbsp;&nbsp;MPU_Init
<LI><a href="#[a7]">&gt;&gt;</a>&nbsp;&nbsp;&nbsp;MPU_Get_Temperature
</UL>

<P><STRONG><a name="[b8]"></a>IIC_Send_Byte</STRONG> (Thumb, 272 bytes, Stack size 24 bytes, drv_extiic.o(.text.IIC_Send_Byte))
<BR><BR>[Stack]<UL><LI>Max Depth = 24<LI>Call Chain = IIC_Send_Byte
</UL>
<BR>[Calls]<UL><LI><a href="#[b3]">&gt;&gt;</a>&nbsp;&nbsp;&nbsp;delay_us
</UL>
<BR>[Called By]<UL><LI><a href="#[da]">&gt;&gt;</a>&nbsp;&nbsp;&nbsp;Write_Len
<LI><a href="#[a9]">&gt;&gt;</a>&nbsp;&nbsp;&nbsp;Read_Len
<LI><a href="#[c0]">&gt;&gt;</a>&nbsp;&nbsp;&nbsp;MPU_Init
<LI><a href="#[c1]">&gt;&gt;</a>&nbsp;&nbsp;&nbsp;Write_Byte
<LI><a href="#[a7]">&gt;&gt;</a>&nbsp;&nbsp;&nbsp;MPU_Get_Temperature
</UL>

<P><STRONG><a name="[b9]"></a>IIC_Start</STRONG> (Thumb, 60 bytes, Stack size 16 bytes, drv_extiic.o(.text.IIC_Start))
<BR><BR>[Stack]<UL><LI>Max Depth = 16<LI>Call Chain = IIC_Start
</UL>
<BR>[Calls]<UL><LI><a href="#[b3]">&gt;&gt;</a>&nbsp;&nbsp;&nbsp;delay_us
</UL>
<BR>[Called By]<UL><LI><a href="#[c0]">&gt;&gt;</a>&nbsp;&nbsp;&nbsp;MPU_Init
<LI><a href="#[c1]">&gt;&gt;</a>&nbsp;&nbsp;&nbsp;Write_Byte
<LI><a href="#[a7]">&gt;&gt;</a>&nbsp;&nbsp;&nbsp;MPU_Get_Temperature
</UL>

<P><STRONG><a name="[ba]"></a>IIC_Stop</STRONG> (Thumb, 62 bytes, Stack size 8 bytes, drv_extiic.o(.text.IIC_Stop))
<BR><BR>[Stack]<UL><LI>Max Depth = 8<LI>Call Chain = IIC_Stop
</UL>
<BR>[Calls]<UL><LI><a href="#[b3]">&gt;&gt;</a>&nbsp;&nbsp;&nbsp;delay_us
</UL>
<BR>[Called By]<UL><LI><a href="#[c0]">&gt;&gt;</a>&nbsp;&nbsp;&nbsp;MPU_Init
<LI><a href="#[c1]">&gt;&gt;</a>&nbsp;&nbsp;&nbsp;Write_Byte
<LI><a href="#[a7]">&gt;&gt;</a>&nbsp;&nbsp;&nbsp;MPU_Get_Temperature
</UL>

<P><STRONG><a name="[bb]"></a>IIC_Wait_Ack</STRONG> (Thumb, 150 bytes, Stack size 16 bytes, drv_extiic.o(.text.IIC_Wait_Ack))
<BR><BR>[Stack]<UL><LI>Max Depth = 16<LI>Call Chain = IIC_Wait_Ack
</UL>
<BR>[Calls]<UL><LI><a href="#[b3]">&gt;&gt;</a>&nbsp;&nbsp;&nbsp;delay_us
</UL>
<BR>[Called By]<UL><LI><a href="#[da]">&gt;&gt;</a>&nbsp;&nbsp;&nbsp;Write_Len
<LI><a href="#[a9]">&gt;&gt;</a>&nbsp;&nbsp;&nbsp;Read_Len
<LI><a href="#[c0]">&gt;&gt;</a>&nbsp;&nbsp;&nbsp;MPU_Init
<LI><a href="#[c1]">&gt;&gt;</a>&nbsp;&nbsp;&nbsp;Write_Byte
<LI><a href="#[a7]">&gt;&gt;</a>&nbsp;&nbsp;&nbsp;MPU_Get_Temperature
</UL>

<P><STRONG><a name="[e1]"></a>JTAG_Set</STRONG> (Thumb, 40 bytes, Stack size 0 bytes, sys.o(.text.JTAG_Set))
<BR><BR>[Called By]<UL><LI><a href="#[df]">&gt;&gt;</a>&nbsp;&nbsp;&nbsp;init_Basic()
</UL>

<P><STRONG><a name="[b0]"></a>Kalman_Filter_x</STRONG> (Thumb, 380 bytes, Stack size 48 bytes, filter_1.o(.text.Kalman_Filter_x))
<BR><BR>[Stack]<UL><LI>Max Depth = 64<LI>Call Chain = Kalman_Filter_x &rArr; __aeabi_fmul
</UL>
<BR>[Calls]<UL><LI><a href="#[a3]">&gt;&gt;</a>&nbsp;&nbsp;&nbsp;__aeabi_fmul
<LI><a href="#[af]">&gt;&gt;</a>&nbsp;&nbsp;&nbsp;__aeabi_fdiv
<LI><a href="#[bc]">&gt;&gt;</a>&nbsp;&nbsp;&nbsp;__aeabi_fsub
<LI><a href="#[a4]">&gt;&gt;</a>&nbsp;&nbsp;&nbsp;__aeabi_fadd
</UL>
<BR>[Called By]<UL><LI><a href="#[a6]">&gt;&gt;</a>&nbsp;&nbsp;&nbsp;Get_Angle
</UL>

<P><STRONG><a name="[b1]"></a>Kalman_Filter_y</STRONG> (Thumb, 380 bytes, Stack size 48 bytes, filter_1.o(.text.Kalman_Filter_y))
<BR><BR>[Stack]<UL><LI>Max Depth = 64<LI>Call Chain = Kalman_Filter_y &rArr; __aeabi_fmul
</UL>
<BR>[Calls]<UL><LI><a href="#[a3]">&gt;&gt;</a>&nbsp;&nbsp;&nbsp;__aeabi_fmul
<LI><a href="#[af]">&gt;&gt;</a>&nbsp;&nbsp;&nbsp;__aeabi_fdiv
<LI><a href="#[bc]">&gt;&gt;</a>&nbsp;&nbsp;&nbsp;__aeabi_fsub
<LI><a href="#[a4]">&gt;&gt;</a>&nbsp;&nbsp;&nbsp;__aeabi_fadd
</UL>
<BR>[Called By]<UL><LI><a href="#[a6]">&gt;&gt;</a>&nbsp;&nbsp;&nbsp;Get_Angle
</UL>

<P><STRONG><a name="[a7]"></a>MPU_Get_Temperature</STRONG> (Thumb, 190 bytes, Stack size 16 bytes, drv_mpu6050.o(.text.MPU_Get_Temperature))
<BR><BR>[Stack]<UL><LI>Max Depth = 64<LI>Call Chain = MPU_Get_Temperature &rArr; IIC_Read_Byte
</UL>
<BR>[Calls]<UL><LI><a href="#[bb]">&gt;&gt;</a>&nbsp;&nbsp;&nbsp;IIC_Wait_Ack
<LI><a href="#[ba]">&gt;&gt;</a>&nbsp;&nbsp;&nbsp;IIC_Stop
<LI><a href="#[b9]">&gt;&gt;</a>&nbsp;&nbsp;&nbsp;IIC_Start
<LI><a href="#[b8]">&gt;&gt;</a>&nbsp;&nbsp;&nbsp;IIC_Send_Byte
<LI><a href="#[b7]">&gt;&gt;</a>&nbsp;&nbsp;&nbsp;IIC_Read_Byte
<LI><a href="#[aa]">&gt;&gt;</a>&nbsp;&nbsp;&nbsp;__aeabi_i2f
<LI><a href="#[bf]">&gt;&gt;</a>&nbsp;&nbsp;&nbsp;__aeabi_f2iz
<LI><a href="#[af]">&gt;&gt;</a>&nbsp;&nbsp;&nbsp;__aeabi_fdiv
<LI><a href="#[a4]">&gt;&gt;</a>&nbsp;&nbsp;&nbsp;__aeabi_fadd
<LI><a href="#[ab]">&gt;&gt;</a>&nbsp;&nbsp;&nbsp;__aeabi_f2d
<LI><a href="#[be]">&gt;&gt;</a>&nbsp;&nbsp;&nbsp;__aeabi_dmul
<LI><a href="#[bd]">&gt;&gt;</a>&nbsp;&nbsp;&nbsp;__aeabi_dadd
<LI><a href="#[ad]">&gt;&gt;</a>&nbsp;&nbsp;&nbsp;__aeabi_d2f
</UL>
<BR>[Called By]<UL><LI><a href="#[a6]">&gt;&gt;</a>&nbsp;&nbsp;&nbsp;Get_Angle
</UL>

<P><STRONG><a name="[c0]"></a>MPU_Init</STRONG> (Thumb, 160 bytes, Stack size 8 bytes, drv_mpu6050.o(.text.MPU_Init))
<BR><BR>[Stack]<UL><LI>Max Depth = 56<LI>Call Chain = MPU_Init &rArr; IIC_Read_Byte
</UL>
<BR>[Calls]<UL><LI><a href="#[c2]">&gt;&gt;</a>&nbsp;&nbsp;&nbsp;delay_ms
<LI><a href="#[b4]">&gt;&gt;</a>&nbsp;&nbsp;&nbsp;IIC_Init
<LI><a href="#[c1]">&gt;&gt;</a>&nbsp;&nbsp;&nbsp;Write_Byte
<LI><a href="#[bb]">&gt;&gt;</a>&nbsp;&nbsp;&nbsp;IIC_Wait_Ack
<LI><a href="#[ba]">&gt;&gt;</a>&nbsp;&nbsp;&nbsp;IIC_Stop
<LI><a href="#[b9]">&gt;&gt;</a>&nbsp;&nbsp;&nbsp;IIC_Start
<LI><a href="#[b8]">&gt;&gt;</a>&nbsp;&nbsp;&nbsp;IIC_Send_Byte
<LI><a href="#[b7]">&gt;&gt;</a>&nbsp;&nbsp;&nbsp;IIC_Read_Byte
</UL>
<BR>[Called By]<UL><LI><a href="#[117]">&gt;&gt;</a>&nbsp;&nbsp;&nbsp;init_drv_Sensors()
</UL>

<P><STRONG><a name="[9]"></a>MemManage_Handler</STRONG> (Thumb, 2 bytes, Stack size 0 bytes, stm32f10x_it.o(.text.MemManage_Handler))
<BR><BR>[Calls]<UL><LI><a href="#[9]">&gt;&gt;</a>&nbsp;&nbsp;&nbsp;MemManage_Handler
</UL>
<BR>[Called By]<UL><LI><a href="#[9]">&gt;&gt;</a>&nbsp;&nbsp;&nbsp;MemManage_Handler
</UL>
<BR>[Address Reference Count : 1]<UL><LI> startup_stm32f10x_hd.o(RESET)
</UL>
<P><STRONG><a name="[7]"></a>NMI_Handler</STRONG> (Thumb, 2 bytes, Stack size 0 bytes, stm32f10x_it.o(.text.NMI_Handler))
<BR>[Address Reference Count : 1]<UL><LI> startup_stm32f10x_hd.o(RESET)
</UL>
<P><STRONG><a name="[e2]"></a>NVIC_PriorityGroupConfig</STRONG> (Thumb, 20 bytes, Stack size 0 bytes, misc.o(.text.NVIC_PriorityGroupConfig))
<BR><BR>[Called By]<UL><LI><a href="#[df]">&gt;&gt;</a>&nbsp;&nbsp;&nbsp;init_Basic()
</UL>

<P><STRONG><a name="[e8]"></a>RCC_ADCCLKConfig</STRONG> (Thumb, 20 bytes, Stack size 0 bytes, stm32f10x_rcc.o(.text.RCC_ADCCLKConfig))
<BR><BR>[Called By]<UL><LI><a href="#[e7]">&gt;&gt;</a>&nbsp;&nbsp;&nbsp;init_drv_ADC()
</UL>

<P><STRONG><a name="[f3]"></a>RCC_APB1PeriphClockCmd</STRONG> (Thumb, 24 bytes, Stack size 0 bytes, stm32f10x_rcc.o(.text.RCC_APB1PeriphClockCmd))
<BR><BR>[Called By]<UL><LI><a href="#[121]">&gt;&gt;</a>&nbsp;&nbsp;&nbsp;drv_Encoder_Init_TIM4()
<LI><a href="#[119]">&gt;&gt;</a>&nbsp;&nbsp;&nbsp;drv_Encoder_Init_TIM3()
<LI><a href="#[103]">&gt;&gt;</a>&nbsp;&nbsp;&nbsp;init_drv_Uart4(unsigned)
<LI><a href="#[102]">&gt;&gt;</a>&nbsp;&nbsp;&nbsp;init_drv_Uart3(unsigned)
<LI><a href="#[ff]">&gt;&gt;</a>&nbsp;&nbsp;&nbsp;init_drv_Uart2(unsigned)
<LI><a href="#[f2]">&gt;&gt;</a>&nbsp;&nbsp;&nbsp;init_drv_LED()
</UL>

<P><STRONG><a name="[b5]"></a>RCC_APB2PeriphClockCmd</STRONG> (Thumb, 24 bytes, Stack size 0 bytes, stm32f10x_rcc.o(.text.RCC_APB2PeriphClockCmd))
<BR><BR>[Called By]<UL><LI><a href="#[b4]">&gt;&gt;</a>&nbsp;&nbsp;&nbsp;IIC_Init
<LI><a href="#[f1]">&gt;&gt;</a>&nbsp;&nbsp;&nbsp;LCD_GPIO_Init()
<LI><a href="#[138]">&gt;&gt;</a>&nbsp;&nbsp;&nbsp;init_drv_Uart1
<LI><a href="#[121]">&gt;&gt;</a>&nbsp;&nbsp;&nbsp;drv_Encoder_Init_TIM4()
<LI><a href="#[119]">&gt;&gt;</a>&nbsp;&nbsp;&nbsp;drv_Encoder_Init_TIM3()
<LI><a href="#[109]">&gt;&gt;</a>&nbsp;&nbsp;&nbsp;init_drv_PWMOut()
<LI><a href="#[103]">&gt;&gt;</a>&nbsp;&nbsp;&nbsp;init_drv_Uart4(unsigned)
<LI><a href="#[102]">&gt;&gt;</a>&nbsp;&nbsp;&nbsp;init_drv_Uart3(unsigned)
<LI><a href="#[ff]">&gt;&gt;</a>&nbsp;&nbsp;&nbsp;init_drv_Uart2(unsigned)
<LI><a href="#[fe]">&gt;&gt;</a>&nbsp;&nbsp;&nbsp;init_drv_Motor()
<LI><a href="#[ef]">&gt;&gt;</a>&nbsp;&nbsp;&nbsp;init_drv_Key()
<LI><a href="#[e7]">&gt;&gt;</a>&nbsp;&nbsp;&nbsp;init_drv_ADC()
<LI><a href="#[f2]">&gt;&gt;</a>&nbsp;&nbsp;&nbsp;init_drv_LED()
</UL>

<P><STRONG><a name="[a1]"></a>RCC_APB2PeriphResetCmd</STRONG> (Thumb, 24 bytes, Stack size 0 bytes, stm32f10x_rcc.o(.text.RCC_APB2PeriphResetCmd))
<BR><BR>[Called By]<UL><LI><a href="#[a0]">&gt;&gt;</a>&nbsp;&nbsp;&nbsp;ADC_DeInit
</UL>

<P><STRONG><a name="[d9]"></a>RCC_GetClocksFreq</STRONG> (Thumb, 176 bytes, Stack size 8 bytes, stm32f10x_rcc.o(.text.RCC_GetClocksFreq))
<BR><BR>[Stack]<UL><LI>Max Depth = 8<LI>Call Chain = RCC_GetClocksFreq
</UL>
<BR>[Called By]<UL><LI><a href="#[d8]">&gt;&gt;</a>&nbsp;&nbsp;&nbsp;USART_Init
<LI><a href="#[13a]">&gt;&gt;</a>&nbsp;&nbsp;&nbsp;$Super$$main
</UL>

<P><STRONG><a name="[a9]"></a>Read_Len</STRONG> (Thumb, 328 bytes, Stack size 40 bytes, drv_extiic.o(.text.Read_Len))
<BR><BR>[Stack]<UL><LI>Max Depth = 88<LI>Call Chain = Read_Len &rArr; IIC_Read_Byte
</UL>
<BR>[Calls]<UL><LI><a href="#[b3]">&gt;&gt;</a>&nbsp;&nbsp;&nbsp;delay_us
<LI><a href="#[bb]">&gt;&gt;</a>&nbsp;&nbsp;&nbsp;IIC_Wait_Ack
<LI><a href="#[b8]">&gt;&gt;</a>&nbsp;&nbsp;&nbsp;IIC_Send_Byte
<LI><a href="#[b7]">&gt;&gt;</a>&nbsp;&nbsp;&nbsp;IIC_Read_Byte
</UL>
<BR>[Called By]<UL><LI><a href="#[146]">&gt;&gt;</a>&nbsp;&nbsp;&nbsp;mpu_set_bypass
<LI><a href="#[149]">&gt;&gt;</a>&nbsp;&nbsp;&nbsp;mpu_run_self_test
<LI><a href="#[12c]">&gt;&gt;</a>&nbsp;&nbsp;&nbsp;mpu_read_fifo_stream
<LI><a href="#[12a]">&gt;&gt;</a>&nbsp;&nbsp;&nbsp;mpu_load_firmware
<LI><a href="#[141]">&gt;&gt;</a>&nbsp;&nbsp;&nbsp;mpu_init
<LI><a href="#[134]">&gt;&gt;</a>&nbsp;&nbsp;&nbsp;get_st_biases
<LI><a href="#[a6]">&gt;&gt;</a>&nbsp;&nbsp;&nbsp;Get_Angle
</UL>

<P><STRONG><a name="[f]"></a>SysTick_Handler</STRONG> (Thumb, 18 bytes, Stack size 8 bytes, board.o(.text.SysTick_Handler))
<BR><BR>[Stack]<UL><LI>Max Depth = 80<LI>Call Chain = SysTick_Handler &rArr; rt_tick_increase &rArr; rt_timer_check &rArr; rt_timer_start
</UL>
<BR>[Calls]<UL><LI><a href="#[c4]">&gt;&gt;</a>&nbsp;&nbsp;&nbsp;rt_tick_increase
<LI><a href="#[c5]">&gt;&gt;</a>&nbsp;&nbsp;&nbsp;rt_interrupt_leave
<LI><a href="#[c3]">&gt;&gt;</a>&nbsp;&nbsp;&nbsp;rt_interrupt_enter
</UL>
<BR>[Address Reference Count : 1]<UL><LI> startup_stm32f10x_hd.o(RESET)
</UL>
<P><STRONG><a name="[136]"></a>SystemClock_Config</STRONG> (Thumb, 970 bytes, Stack size 36 bytes, timebase.o(.text.SystemClock_Config))
<BR><BR>[Stack]<UL><LI>Max Depth = 36<LI>Call Chain = SystemClock_Config
</UL>
<BR>[Called By]<UL><LI><a href="#[e3]">&gt;&gt;</a>&nbsp;&nbsp;&nbsp;init_TimeBase
</UL>

<P><STRONG><a name="[152]"></a>SystemCoreClockUpdate</STRONG> (Thumb, 110 bytes, Stack size 0 bytes, system_stm32f10x.o(.text.SystemCoreClockUpdate))
<BR><BR>[Called By]<UL><LI><a href="#[97]">&gt;&gt;</a>&nbsp;&nbsp;&nbsp;rt_hw_board_init
</UL>

<P><STRONG><a name="[4c]"></a>SystemInit</STRONG> (Thumb, 342 bytes, Stack size 8 bytes, system_stm32f10x.o(.text.SystemInit))
<BR><BR>[Stack]<UL><LI>Max Depth = 8<LI>Call Chain = SystemInit
</UL>
<BR>[Called By]<UL><LI><a href="#[df]">&gt;&gt;</a>&nbsp;&nbsp;&nbsp;init_Basic()
</UL>
<BR>[Address Reference Count : 1]<UL><LI> startup_stm32f10x_hd.o(.text)
</UL>
<P><STRONG><a name="[2c]"></a>TIM2_IRQHandler</STRONG> (Thumb, 38 bytes, Stack size 0 bytes, timebase.o(.text.TIM2_IRQHandler))
<BR>[Address Reference Count : 1]<UL><LI> startup_stm32f10x_hd.o(RESET)
</UL>
<P><STRONG><a name="[2d]"></a>TIM3_IRQHandler</STRONG> (Thumb, 20 bytes, Stack size 0 bytes, drv_encoder.o(.text.TIM3_IRQHandler))
<BR>[Address Reference Count : 1]<UL><LI> startup_stm32f10x_hd.o(RESET)
</UL>
<P><STRONG><a name="[2e]"></a>TIM4_IRQHandler</STRONG> (Thumb, 20 bytes, Stack size 0 bytes, drv_encoder.o(.text.TIM4_IRQHandler))
<BR>[Address Reference Count : 1]<UL><LI> startup_stm32f10x_hd.o(RESET)
</UL>
<P><STRONG><a name="[3c]"></a>TIM8_UP_IRQHandler</STRONG> (Thumb, 1094 bytes, Stack size 40 bytes, control_1.o(.text.TIM8_UP_IRQHandler))
<BR><BR>[Stack]<UL><LI>Max Depth = 384<LI>Call Chain = TIM8_UP_IRQHandler &rArr; Get_Angle &rArr; mpu_dmp_get_data &rArr; dmp_read_fifo &rArr; mpu_read_fifo_stream &rArr; Read_Len &rArr; IIC_Read_Byte
</UL>
<BR>[Calls]<UL><LI><a href="#[c8]">&gt;&gt;</a>&nbsp;&nbsp;&nbsp;getInitializationCompleted()
<LI><a href="#[d5]">&gt;&gt;</a>&nbsp;&nbsp;&nbsp;TIM_SetCompare4
<LI><a href="#[d4]">&gt;&gt;</a>&nbsp;&nbsp;&nbsp;TIM_SetCompare3
<LI><a href="#[c6]">&gt;&gt;</a>&nbsp;&nbsp;&nbsp;TIM_GetFlagStatus
<LI><a href="#[c7]">&gt;&gt;</a>&nbsp;&nbsp;&nbsp;TIM_ClearITPendingBit
<LI><a href="#[ca]">&gt;&gt;</a>&nbsp;&nbsp;&nbsp;click_N_Double(unsigned short)
<LI><a href="#[cb]">&gt;&gt;</a>&nbsp;&nbsp;&nbsp;Led_Flash(unsigned short)
<LI><a href="#[c9]">&gt;&gt;</a>&nbsp;&nbsp;&nbsp;Read_Encoder(unsigned char)
<LI><a href="#[a6]">&gt;&gt;</a>&nbsp;&nbsp;&nbsp;Get_Angle
<LI><a href="#[d1]">&gt;&gt;</a>&nbsp;&nbsp;&nbsp;Get_battery_volt()
<LI><a href="#[cf]">&gt;&gt;</a>&nbsp;&nbsp;&nbsp;Velocity(int, int)
<LI><a href="#[d0]">&gt;&gt;</a>&nbsp;&nbsp;&nbsp;Turn(float)
<LI><a href="#[ce]">&gt;&gt;</a>&nbsp;&nbsp;&nbsp;Get_Velocity_Form_Encoder(int, int)
<LI><a href="#[a3]">&gt;&gt;</a>&nbsp;&nbsp;&nbsp;__aeabi_fmul
<LI><a href="#[bf]">&gt;&gt;</a>&nbsp;&nbsp;&nbsp;__aeabi_f2iz
<LI><a href="#[af]">&gt;&gt;</a>&nbsp;&nbsp;&nbsp;__aeabi_fdiv
<LI><a href="#[d3]">&gt;&gt;</a>&nbsp;&nbsp;&nbsp;__aeabi_fcmplt
<LI><a href="#[d2]">&gt;&gt;</a>&nbsp;&nbsp;&nbsp;__aeabi_fcmple
<LI><a href="#[cd]">&gt;&gt;</a>&nbsp;&nbsp;&nbsp;__aeabi_fcmpge
<LI><a href="#[cc]">&gt;&gt;</a>&nbsp;&nbsp;&nbsp;__aeabi_fcmpgt
<LI><a href="#[a4]">&gt;&gt;</a>&nbsp;&nbsp;&nbsp;__aeabi_fadd
</UL>
<BR>[Address Reference Count : 1]<UL><LI> startup_stm32f10x_hd.o(RESET)
</UL>
<P><STRONG><a name="[10b]"></a>TIM_ARRPreloadConfig</STRONG> (Thumb, 18 bytes, Stack size 0 bytes, stm32f10x_tim.o(.text.TIM_ARRPreloadConfig))
<BR><BR>[Called By]<UL><LI><a href="#[109]">&gt;&gt;</a>&nbsp;&nbsp;&nbsp;init_drv_PWMOut()
</UL>

[...]
</UL>
<BR>[Called By]<UL><LI><a href="#[10c]">&gt;&gt;</a>&nbsp;&nbsp;&nbsp;Commulink_Server()
</UL>

<P><STRONG><a name="[1a7]"></a>_dleq</STRONG> (Thumb, 14 bytes, Stack size 8 bytes, dcmp.o(x$fpl$fcmp), UNUSED)
<BR><BR>[Calls]<UL><LI><a href="#[199]">&gt;&gt;</a>&nbsp;&nbsp;&nbsp;_dcmple
</UL>

<P><STRONG><a name="[1f6]"></a>__aeabi_dcmplt</STRONG> (Thumb, 0 bytes, Stack size 8 bytes, dcmp.o(x$fpl$fcmp), UNUSED)

<P><STRONG><a name="[1a8]"></a>_dls</STRONG> (Thumb, 14 bytes, Stack size 8 bytes, dcmp.o(x$fpl$fcmp), UNUSED)
<BR><BR>[Calls]<UL><LI><a href="#[199]">&gt;&gt;</a>&nbsp;&nbsp;&nbsp;_dcmple
</UL>

<P><STRONG><a name="[14a]"></a>__aeabi_fcmpeq</STRONG> (Thumb, 0 bytes, Stack size 8 bytes, fcmp.o(x$fpl$fcmp))
<BR><BR>[Stack]<UL><LI>Max Depth = 8<LI>Call Chain = __aeabi_fcmpeq
</UL>
<BR>[Called By]<UL><LI><a href="#[149]">&gt;&gt;</a>&nbsp;&nbsp;&nbsp;mpu_run_self_test
</UL>

<P><STRONG><a name="[1a9]"></a>_feq</STRONG> (Thumb, 14 bytes, Stack size 8 bytes, fcmp.o(x$fpl$fcmp), UNUSED)
<BR><BR>[Calls]<UL><LI><a href="#[1aa]">&gt;&gt;</a>&nbsp;&nbsp;&nbsp;_fcmpeq
</UL>

<P><STRONG><a name="[1ab]"></a>_fneq</STRONG> (Thumb, 14 bytes, Stack size 8 bytes, fcmp.o(x$fpl$fcmp), UNUSED)
<BR><BR>[Calls]<UL><LI><a href="#[1aa]">&gt;&gt;</a>&nbsp;&nbsp;&nbsp;_fcmpeq
</UL>

<P><STRONG><a name="[cc]"></a>__aeabi_fcmpgt</STRONG> (Thumb, 0 bytes, Stack size 8 bytes, fcmp.o(x$fpl$fcmp))
<BR><BR>[Stack]<UL><LI>Max Depth = 8<LI>Call Chain = __aeabi_fcmpgt
</UL>
<BR>[Called By]<UL><LI><a href="#[110]">&gt;&gt;</a>&nbsp;&nbsp;&nbsp;set_LedBrightness(float, float, float)
<LI><a href="#[149]">&gt;&gt;</a>&nbsp;&nbsp;&nbsp;mpu_run_self_test
<LI><a href="#[cf]">&gt;&gt;</a>&nbsp;&nbsp;&nbsp;Velocity(int, int)
<LI><a href="#[3c]">&gt;&gt;</a>&nbsp;&nbsp;&nbsp;TIM8_UP_IRQHandler
</UL>

<P><STRONG><a name="[1ac]"></a>_fgr</STRONG> (Thumb, 14 bytes, Stack size 8 bytes, fcmp.o(x$fpl$fcmp), UNUSED)
<BR><BR>[Calls]<UL><LI><a href="#[1ad]">&gt;&gt;</a>&nbsp;&nbsp;&nbsp;_fcmpge
</UL>

<P><STRONG><a name="[cd]"></a>__aeabi_fcmpge</STRONG> (Thumb, 0 bytes, Stack size 8 bytes, fcmp.o(x$fpl$fcmp))
<BR><BR>[Stack]<UL><LI>Max Depth = 8<LI>Call Chain = __aeabi_fcmpge
</UL>
<BR>[Called By]<UL><LI><a href="#[10c]">&gt;&gt;</a>&nbsp;&nbsp;&nbsp;Commulink_Server()
<LI><a href="#[cf]">&gt;&gt;</a>&nbsp;&nbsp;&nbsp;Velocity(int, int)
<LI><a href="#[3c]">&gt;&gt;</a>&nbsp;&nbsp;&nbsp;TIM8_UP_IRQHandler
</UL>

<P><STRONG><a name="[1ae]"></a>_fgeq</STRONG> (Thumb, 14 bytes, Stack size 8 bytes, fcmp.o(x$fpl$fcmp), UNUSED)
<BR><BR>[Calls]<UL><LI><a href="#[1ad]">&gt;&gt;</a>&nbsp;&nbsp;&nbsp;_fcmpge
</UL>

<P><STRONG><a name="[d2]"></a>__aeabi_fcmple</STRONG> (Thumb, 0 bytes, Stack size 8 bytes, fcmp.o(x$fpl$fcmp))
<BR><BR>[Stack]<UL><LI>Max Depth = 8<LI>Call Chain = __aeabi_fcmple
</UL>
<BR>[Called By]<UL><LI><a href="#[10c]">&gt;&gt;</a>&nbsp;&nbsp;&nbsp;Commulink_Server()
<LI><a href="#[149]">&gt;&gt;</a>&nbsp;&nbsp;&nbsp;mpu_run_self_test
<LI><a href="#[3c]">&gt;&gt;</a>&nbsp;&nbsp;&nbsp;TIM8_UP_IRQHandler
</UL>

<P><STRONG><a name="[1af]"></a>_fleq</STRONG> (Thumb, 14 bytes, Stack size 8 bytes, fcmp.o(x$fpl$fcmp), UNUSED)
<BR><BR>[Calls]<UL><LI><a href="#[1b0]">&gt;&gt;</a>&nbsp;&nbsp;&nbsp;_fcmple
</UL>

<P><STRONG><a name="[d3]"></a>__aeabi_fcmplt</STRONG> (Thumb, 0 bytes, Stack size 8 bytes, fcmp.o(x$fpl$fcmp))
<BR><BR>[Stack]<UL><LI>Max Depth = 8<LI>Call Chain = __aeabi_fcmplt
</UL>
<BR>[Called By]<UL><LI><a href="#[110]">&gt;&gt;</a>&nbsp;&nbsp;&nbsp;set_LedBrightness(float, float, float)
<LI><a href="#[10c]">&gt;&gt;</a>&nbsp;&nbsp;&nbsp;Commulink_Server()
<LI><a href="#[149]">&gt;&gt;</a>&nbsp;&nbsp;&nbsp;mpu_run_self_test
<LI><a href="#[cf]">&gt;&gt;</a>&nbsp;&nbsp;&nbsp;Velocity(int, int)
<LI><a href="#[3c]">&gt;&gt;</a>&nbsp;&nbsp;&nbsp;TIM8_UP_IRQHandler
</UL>

<P><STRONG><a name="[1b1]"></a>_fls</STRONG> (Thumb, 14 bytes, Stack size 8 bytes, fcmp.o(x$fpl$fcmp), UNUSED)
<BR><BR>[Calls]<UL><LI><a href="#[1b0]">&gt;&gt;</a>&nbsp;&nbsp;&nbsp;_fcmple
</UL>

<P><STRONG><a name="[1b3]"></a>__fpl_fcmp_Inf</STRONG> (Thumb, 24 bytes, Stack size 0 bytes, fcmpi.o(x$fpl$fcmpinf), UNUSED)
<BR><BR>[Called By]<UL><LI><a href="#[1b0]">&gt;&gt;</a>&nbsp;&nbsp;&nbsp;_fcmple
<LI><a href="#[1ad]">&gt;&gt;</a>&nbsp;&nbsp;&nbsp;_fcmpge
<LI><a href="#[1aa]">&gt;&gt;</a>&nbsp;&nbsp;&nbsp;_fcmpeq
</UL>

<P><STRONG><a name="[af]"></a>__aeabi_fdiv</STRONG> (Thumb, 0 bytes, Stack size 16 bytes, fdiv.o(x$fpl$fdiv))
<BR><BR>[Stack]<UL><LI>Max Depth = 16<LI>Call Chain = __aeabi_fdiv
</UL>
<BR>[Called By]<UL><LI><a href="#[db]">&gt;&gt;</a>&nbsp;&nbsp;&nbsp;GUI_Server()
<LI><a href="#[110]">&gt;&gt;</a>&nbsp;&nbsp;&nbsp;set_LedBrightness(float, float, float)
<LI><a href="#[104]">&gt;&gt;</a>&nbsp;&nbsp;&nbsp;set_BuzzerFreq(unsigned short)
<LI><a href="#[149]">&gt;&gt;</a>&nbsp;&nbsp;&nbsp;mpu_run_self_test
<LI><a href="#[127]">&gt;&gt;</a>&nbsp;&nbsp;&nbsp;dmp_set_tap_thresh
<LI><a href="#[a7]">&gt;&gt;</a>&nbsp;&nbsp;&nbsp;MPU_Get_Temperature
<LI><a href="#[b1]">&gt;&gt;</a>&nbsp;&nbsp;&nbsp;Kalman_Filter_y
<LI><a href="#[b0]">&gt;&gt;</a>&nbsp;&nbsp;&nbsp;Kalman_Filter_x
<LI><a href="#[a6]">&gt;&gt;</a>&nbsp;&nbsp;&nbsp;Get_Angle
<LI><a href="#[cf]">&gt;&gt;</a>&nbsp;&nbsp;&nbsp;Velocity(int, int)
<LI><a href="#[d0]">&gt;&gt;</a>&nbsp;&nbsp;&nbsp;Turn(float)
<LI><a href="#[3c]">&gt;&gt;</a>&nbsp;&nbsp;&nbsp;TIM8_UP_IRQHandler
<LI><a href="#[ae]">&gt;&gt;</a>&nbsp;&nbsp;&nbsp;atan2f
</UL>

<P><STRONG><a name="[1b2]"></a>_fdiv</STRONG> (Thumb, 384 bytes, Stack size 16 bytes, fdiv.o(x$fpl$fdiv), UNUSED)
<BR><BR>[Calls]<UL><LI><a href="#[18c]">&gt;&gt;</a>&nbsp;&nbsp;&nbsp;__fpl_fretinf
<LI><a href="#[19f]">&gt;&gt;</a>&nbsp;&nbsp;&nbsp;__fpl_fnaninf
</UL>

<P><STRONG><a name="[1f7]"></a>__aeabi_cfcmpeq</STRONG> (Thumb, 0 bytes, Stack size 16 bytes, feqf.o(x$fpl$feqf), UNUSED)

<P><STRONG><a name="[1aa]"></a>_fcmpeq</STRONG> (Thumb, 104 bytes, Stack size 16 bytes, feqf.o(x$fpl$feqf), UNUSED)
<BR><BR>[Calls]<UL><LI><a href="#[1b3]">&gt;&gt;</a>&nbsp;&nbsp;&nbsp;__fpl_fcmp_Inf
<LI><a href="#[19f]">&gt;&gt;</a>&nbsp;&nbsp;&nbsp;__fpl_fnaninf
</UL>
<BR>[Called By]<UL><LI><a href="#[1ab]">&gt;&gt;</a>&nbsp;&nbsp;&nbsp;_fneq
<LI><a href="#[1a9]">&gt;&gt;</a>&nbsp;&nbsp;&nbsp;_feq
</UL>

<P><STRONG><a name="[bf]"></a>__aeabi_f2iz</STRONG> (Thumb, 0 bytes, Stack size 16 bytes, ffix.o(x$fpl$ffix))
<BR><BR>[Stack]<UL><LI>Max Depth = 16<LI>Call Chain = __aeabi_f2iz
</UL>
<BR>[Called By]<UL><LI><a href="#[144]">&gt;&gt;</a>&nbsp;&nbsp;&nbsp;run_self_test
<LI><a href="#[a7]">&gt;&gt;</a>&nbsp;&nbsp;&nbsp;MPU_Get_Temperature
<LI><a href="#[cf]">&gt;&gt;</a>&nbsp;&nbsp;&nbsp;Velocity(int, int)
<LI><a href="#[d0]">&gt;&gt;</a>&nbsp;&nbsp;&nbsp;Turn(float)
<LI><a href="#[3c]">&gt;&gt;</a>&nbsp;&nbsp;&nbsp;TIM8_UP_IRQHandler
</UL>

<P><STRONG><a name="[1b4]"></a>_ffix</STRONG> (Thumb, 54 bytes, Stack size 16 bytes, ffix.o(x$fpl$ffix), UNUSED)
<BR><BR>[Calls]<UL><LI><a href="#[19f]">&gt;&gt;</a>&nbsp;&nbsp;&nbsp;__fpl_fnaninf
</UL>

<P><STRONG><a name="[108]"></a>__aeabi_f2uiz</STRONG> (Thumb, 0 bytes, Stack size 16 bytes, ffixu.o(x$fpl$ffixu))
<BR><BR>[Stack]<UL><LI>Max Depth = 16<LI>Call Chain = __aeabi_f2uiz
</UL>
<BR>[Called By]<UL><LI><a href="#[110]">&gt;&gt;</a>&nbsp;&nbsp;&nbsp;set_LedBrightness(float, float, float)
<LI><a href="#[104]">&gt;&gt;</a>&nbsp;&nbsp;&nbsp;set_BuzzerFreq(unsigned short)
<LI><a href="#[127]">&gt;&gt;</a>&nbsp;&nbsp;&nbsp;dmp_set_tap_thresh
</UL>

<P><STRONG><a name="[1b5]"></a>_ffixu</STRONG> (Thumb, 62 bytes, Stack size 16 bytes, ffixu.o(x$fpl$ffixu), UNUSED)
<BR><BR>[Calls]<UL><LI><a href="#[19f]">&gt;&gt;</a>&nbsp;&nbsp;&nbsp;__fpl_fnaninf
</UL>

<P><STRONG><a name="[aa]"></a>__aeabi_i2f</STRONG> (Thumb, 0 bytes, Stack size 0 bytes, fflt_clz.o(x$fpl$fflt))
<BR><BR>[Called By]<UL><LI><a href="#[db]">&gt;&gt;</a>&nbsp;&nbsp;&nbsp;GUI_Server()
<LI><a href="#[144]">&gt;&gt;</a>&nbsp;&nbsp;&nbsp;run_self_test
<LI><a href="#[149]">&gt;&gt;</a>&nbsp;&nbsp;&nbsp;mpu_run_self_test
<LI><a href="#[a8]">&gt;&gt;</a>&nbsp;&nbsp;&nbsp;mpu_dmp_get_data
<LI><a href="#[a7]">&gt;&gt;</a>&nbsp;&nbsp;&nbsp;MPU_Get_Temperature
<LI><a href="#[a6]">&gt;&gt;</a>&nbsp;&nbsp;&nbsp;Get_Angle
<LI><a href="#[cf]">&gt;&gt;</a>&nbsp;&nbsp;&nbsp;Velocity(int, int)
</UL>

<P><STRONG><a name="[1f8]"></a>_fflt</STRONG> (Thumb, 48 bytes, Stack size 0 bytes, fflt_clz.o(x$fpl$fflt), UNUSED)

<P><STRONG><a name="[105]"></a>__aeabi_ui2f</STRONG> (Thumb, 0 bytes, Stack size 0 bytes, fflt_clz.o(x$fpl$ffltu))
<BR><BR>[Called By]<UL><LI><a href="#[110]">&gt;&gt;</a>&nbsp;&nbsp;&nbsp;set_LedBrightness(float, float, float)
<LI><a href="#[104]">&gt;&gt;</a>&nbsp;&nbsp;&nbsp;set_BuzzerFreq(unsigned short)
<LI><a href="#[127]">&gt;&gt;</a>&nbsp;&nbsp;&nbsp;dmp_set_tap_thresh
<LI><a href="#[d0]">&gt;&gt;</a>&nbsp;&nbsp;&nbsp;Turn(float)
</UL>

<P><STRONG><a name="[1f9]"></a>_ffltu</STRONG> (Thumb, 38 bytes, Stack size 0 bytes, fflt_clz.o(x$fpl$ffltu), UNUSED)

<P><STRONG><a name="[1ad]"></a>_fcmpge</STRONG> (Thumb, 104 bytes, Stack size 16 bytes, fgeqf.o(x$fpl$fgeqf), UNUSED)
<BR><BR>[Calls]<UL><LI><a href="#[1b3]">&gt;&gt;</a>&nbsp;&nbsp;&nbsp;__fpl_fcmp_Inf
<LI><a href="#[19f]">&gt;&gt;</a>&nbsp;&nbsp;&nbsp;__fpl_fnaninf
</UL>
<BR>[Called By]<UL><LI><a href="#[1ae]">&gt;&gt;</a>&nbsp;&nbsp;&nbsp;_fgeq
<LI><a href="#[1ac]">&gt;&gt;</a>&nbsp;&nbsp;&nbsp;_fgr
</UL>

<P><STRONG><a name="[1fa]"></a>__aeabi_cfcmple</STRONG> (Thumb, 0 bytes, Stack size 16 bytes, fleqf.o(x$fpl$fleqf), UNUSED)

<P><STRONG><a name="[1b0]"></a>_fcmple</STRONG> (Thumb, 104 bytes, Stack size 16 bytes, fleqf.o(x$fpl$fleqf), UNUSED)
<BR><BR>[Calls]<UL><LI><a href="#[1b3]">&gt;&gt;</a>&nbsp;&nbsp;&nbsp;__fpl_fcmp_Inf
<LI><a href="#[19f]">&gt;&gt;</a>&nbsp;&nbsp;&nbsp;__fpl_fnaninf
</UL>
<BR>[Called By]<UL><LI><a href="#[1b1]">&gt;&gt;</a>&nbsp;&nbsp;&nbsp;_fls
<LI><a href="#[1af]">&gt;&gt;</a>&nbsp;&nbsp;&nbsp;_fleq
</UL>

<P><STRONG><a name="[1fb]"></a>__fpl_fcmple_InfNaN</STRONG> (Thumb, 0 bytes, Stack size unknown bytes, fleqf.o(x$fpl$fleqf), UNUSED)

<P><STRONG><a name="[a3]"></a>__aeabi_fmul</STRONG> (Thumb, 0 bytes, Stack size 16 bytes, fmul.o(x$fpl$fmul))
<BR><BR>[Stack]<UL><LI>Max Depth = 16<LI>Call Chain = __aeabi_fmul
</UL>
<BR>[Called By]<UL><LI><a href="#[110]">&gt;&gt;</a>&nbsp;&nbsp;&nbsp;set_LedBrightness(float, float, float)
<LI><a href="#[10c]">&gt;&gt;</a>&nbsp;&nbsp;&nbsp;Commulink_Server()
<LI><a href="#[104]">&gt;&gt;</a>&nbsp;&nbsp;&nbsp;set_BuzzerFreq(unsigned short)
<LI><a href="#[144]">&gt;&gt;</a>&nbsp;&nbsp;&nbsp;run_self_test
<LI><a href="#[149]">&gt;&gt;</a>&nbsp;&nbsp;&nbsp;mpu_run_self_test
<LI><a href="#[a8]">&gt;&gt;</a>&nbsp;&nbsp;&nbsp;mpu_dmp_get_data
<LI><a href="#[127]">&gt;&gt;</a>&nbsp;&nbsp;&nbsp;dmp_set_tap_thresh
<LI><a href="#[b1]">&gt;&gt;</a>&nbsp;&nbsp;&nbsp;Kalman_Filter_y
<LI><a href="#[b0]">&gt;&gt;</a>&nbsp;&nbsp;&nbsp;Kalman_Filter_x
<LI><a href="#[a6]">&gt;&gt;</a>&nbsp;&nbsp;&nbsp;Get_Angle
<LI><a href="#[a5]">&gt;&gt;</a>&nbsp;&nbsp;&nbsp;Complementary_Filter_y
<LI><a href="#[a2]">&gt;&gt;</a>&nbsp;&nbsp;&nbsp;Complementary_Filter_x
<LI><a href="#[cf]">&gt;&gt;</a>&nbsp;&nbsp;&nbsp;Velocity(int, int)
<LI><a href="#[d0]">&gt;&gt;</a>&nbsp;&nbsp;&nbsp;Turn(float)
<LI><a href="#[ce]">&gt;&gt;</a>&nbsp;&nbsp;&nbsp;Get_Velocity_Form_Encoder(int, int)
<LI><a href="#[3c]">&gt;&gt;</a>&nbsp;&nbsp;&nbsp;TIM8_UP_IRQHandler
<LI><a href="#[ae]">&gt;&gt;</a>&nbsp;&nbsp;&nbsp;atan2f
</UL>

<P><STRONG><a name="[1b6]"></a>_fmul</STRONG> (Thumb, 258 bytes, Stack size 16 bytes, fmul.o(x$fpl$fmul), UNUSED)
<BR><BR>[Calls]<UL><LI><a href="#[18c]">&gt;&gt;</a>&nbsp;&nbsp;&nbsp;__fpl_fretinf
<LI><a href="#[19f]">&gt;&gt;</a>&nbsp;&nbsp;&nbsp;__fpl_fnaninf
</UL>

<P><STRONG><a name="[19f]"></a>__fpl_fnaninf</STRONG> (Thumb, 140 bytes, Stack size 8 bytes, fnaninf.o(x$fpl$fnaninf), UNUSED)
<BR><BR>[Called By]<UL><LI><a href="#[1b0]">&gt;&gt;</a>&nbsp;&nbsp;&nbsp;_fcmple
<LI><a href="#[1ad]">&gt;&gt;</a>&nbsp;&nbsp;&nbsp;_fcmpge
<LI><a href="#[1aa]">&gt;&gt;</a>&nbsp;&nbsp;&nbsp;_fcmpeq
<LI><a href="#[1b6]">&gt;&gt;</a>&nbsp;&nbsp;&nbsp;_fmul
<LI><a href="#[1b5]">&gt;&gt;</a>&nbsp;&nbsp;&nbsp;_ffixu
<LI><a href="#[1b4]">&gt;&gt;</a>&nbsp;&nbsp;&nbsp;_ffix
<LI><a href="#[1b2]">&gt;&gt;</a>&nbsp;&nbsp;&nbsp;_fdiv
<LI><a href="#[1b9]">&gt;&gt;</a>&nbsp;&nbsp;&nbsp;_fsub
<LI><a href="#[1a0]">&gt;&gt;</a>&nbsp;&nbsp;&nbsp;_fadd
<LI><a href="#[19e]">&gt;&gt;</a>&nbsp;&nbsp;&nbsp;_f2d
</UL>

<P><STRONG><a name="[18c]"></a>__fpl_fretinf</STRONG> (Thumb, 10 bytes, Stack size 0 bytes, fretinf.o(x$fpl$fretinf), UNUSED)
<BR><BR>[Called By]<UL><LI><a href="#[1b6]">&gt;&gt;</a>&nbsp;&nbsp;&nbsp;_fmul
<LI><a href="#[1b2]">&gt;&gt;</a>&nbsp;&nbsp;&nbsp;_fdiv
<LI><a href="#[1a0]">&gt;&gt;</a>&nbsp;&nbsp;&nbsp;_fadd
<LI><a href="#[18b]">&gt;&gt;</a>&nbsp;&nbsp;&nbsp;_d2f
</UL>

<P><STRONG><a name="[188]"></a>__aeabi_frsub</STRONG> (Thumb, 0 bytes, Stack size 0 bytes, faddsub_clz.o(x$fpl$frsb))
<BR><BR>[Called By]<UL><LI><a href="#[ae]">&gt;&gt;</a>&nbsp;&nbsp;&nbsp;atan2f
</UL>

<P><STRONG><a name="[1b7]"></a>_frsb</STRONG> (Thumb, 20 bytes, Stack size 0 bytes, faddsub_clz.o(x$fpl$frsb), UNUSED)
<BR><BR>[Calls]<UL><LI><a href="#[1a1]">&gt;&gt;</a>&nbsp;&nbsp;&nbsp;_fsub1
<LI><a href="#[1b8]">&gt;&gt;</a>&nbsp;&nbsp;&nbsp;_fadd1
</UL>

<P><STRONG><a name="[bc]"></a>__aeabi_fsub</STRONG> (Thumb, 0 bytes, Stack size 16 bytes, faddsub_clz.o(x$fpl$fsub))
<BR><BR>[Stack]<UL><LI>Max Depth = 16<LI>Call Chain = __aeabi_fsub
</UL>
<BR>[Called By]<UL><LI><a href="#[10c]">&gt;&gt;</a>&nbsp;&nbsp;&nbsp;Commulink_Server()
<LI><a href="#[a8]">&gt;&gt;</a>&nbsp;&nbsp;&nbsp;mpu_dmp_get_data
<LI><a href="#[b1]">&gt;&gt;</a>&nbsp;&nbsp;&nbsp;Kalman_Filter_y
<LI><a href="#[b0]">&gt;&gt;</a>&nbsp;&nbsp;&nbsp;Kalman_Filter_x
<LI><a href="#[cf]">&gt;&gt;</a>&nbsp;&nbsp;&nbsp;Velocity(int, int)
<LI><a href="#[ae]">&gt;&gt;</a>&nbsp;&nbsp;&nbsp;atan2f
</UL>

<P><STRONG><a name="[1b9]"></a>_fsub</STRONG> (Thumb, 234 bytes, Stack size 16 bytes, faddsub_clz.o(x$fpl$fsub), UNUSED)
<BR><BR>[Calls]<UL><LI><a href="#[19f]">&gt;&gt;</a>&nbsp;&nbsp;&nbsp;__fpl_fnaninf
<LI><a href="#[1b8]">&gt;&gt;</a>&nbsp;&nbsp;&nbsp;_fadd1
</UL>

<P><STRONG><a name="[61]"></a>_printf_fp_dec</STRONG> (Thumb, 4 bytes, Stack size 0 bytes, printf1.o(x$fpl$printf1))
<BR><BR>[Stack]<UL><LI>Max Depth = 324<LI>Call Chain = _printf_fp_dec &rArr; _printf_fp_dec_real &rArr; _fp_digits &rArr; _btod_etento &rArr; _btod_emul &rArr; _e2e
</UL>
<BR>[Calls]<UL><LI><a href="#[90]">&gt;&gt;</a>&nbsp;&nbsp;&nbsp;_printf_fp_dec_real
</UL>
<BR>[Called By]<UL><LI><a href="#[60]">&gt;&gt;</a>&nbsp;&nbsp;&nbsp;_printf_f
</UL>

<P><STRONG><a name="[192]"></a>__fpl_return_NaN</STRONG> (Thumb, 100 bytes, Stack size 0 bytes, retnan.o(x$fpl$retnan))
<BR><BR>[Calls]<UL><LI><a href="#[1ba]">&gt;&gt;</a>&nbsp;&nbsp;&nbsp;__fpl_cmpreturn
</UL>
<BR>[Called By]<UL><LI><a href="#[191]">&gt;&gt;</a>&nbsp;&nbsp;&nbsp;__fpl_dcheck_NaN1
<LI><a href="#[1a2]">&gt;&gt;</a>&nbsp;&nbsp;&nbsp;__fpl_fcheck_NaN1
</UL>

<P><STRONG><a name="[17c]"></a>__ARM_scalbn</STRONG> (Thumb, 92 bytes, Stack size 0 bytes, scalbn.o(x$fpl$scalbn))
<BR><BR>[Calls]<UL><LI><a href="#[191]">&gt;&gt;</a>&nbsp;&nbsp;&nbsp;__fpl_dcheck_NaN1
</UL>
<BR>[Called By]<UL><LI><a href="#[17f]">&gt;&gt;</a>&nbsp;&nbsp;&nbsp;__mathlib_dbl_underflow
<LI><a href="#[17b]">&gt;&gt;</a>&nbsp;&nbsp;&nbsp;__mathlib_dbl_infnan
<LI><a href="#[185]">&gt;&gt;</a>&nbsp;&nbsp;&nbsp;atan
<LI><a href="#[13f]">&gt;&gt;</a>&nbsp;&nbsp;&nbsp;asin
</UL>

<P><STRONG><a name="[182]"></a>__ARM_scalbnf</STRONG> (Thumb, 76 bytes, Stack size 0 bytes, scalbnf.o(x$fpl$scalbnf))
<BR><BR>[Calls]<UL><LI><a href="#[1a2]">&gt;&gt;</a>&nbsp;&nbsp;&nbsp;__fpl_fcheck_NaN1
</UL>
<BR>[Called By]<UL><LI><a href="#[181]">&gt;&gt;</a>&nbsp;&nbsp;&nbsp;__mathlib_flt_underflow
</UL>

<P><STRONG><a name="[1ba]"></a>__fpl_cmpreturn</STRONG> (Thumb, 48 bytes, Stack size 0 bytes, trapv.o(x$fpl$trapveneer))
<BR><BR>[Called By]<UL><LI><a href="#[192]">&gt;&gt;</a>&nbsp;&nbsp;&nbsp;__fpl_return_NaN
</UL>
<P>
<H3>
Local Symbols
</H3>
<P><STRONG><a name="[134]"></a>get_st_biases</STRONG> (Thumb, 852 bytes, Stack size 48 bytes, inv_mpu.o(.text.get_st_biases))
<BR><BR>[Stack]<UL><LI>Max Depth = 136<LI>Call Chain = get_st_biases &rArr; Read_Len &rArr; IIC_Read_Byte
</UL>
<BR>[Calls]<UL><LI><a href="#[c2]">&gt;&gt;</a>&nbsp;&nbsp;&nbsp;delay_ms
<LI><a href="#[da]">&gt;&gt;</a>&nbsp;&nbsp;&nbsp;Write_Len
<LI><a href="#[a9]">&gt;&gt;</a>&nbsp;&nbsp;&nbsp;Read_Len
<LI><a href="#[135]">&gt;&gt;</a>&nbsp;&nbsp;&nbsp;__aeabi_ldivmod
</UL>
<BR>[Called By]<UL><LI><a href="#[149]">&gt;&gt;</a>&nbsp;&nbsp;&nbsp;mpu_run_self_test
</UL>

<P><STRONG><a name="[57]"></a>rti_board_end</STRONG> (Thumb, 4 bytes, Stack size 0 bytes, components.o(.text.rti_board_end))
<BR>[Address Reference Count : 1]<UL><LI> components.o(.rti_fn.1.end)
</UL>
<P><STRONG><a name="[56]"></a>rti_board_start</STRONG> (Thumb, 4 bytes, Stack size 0 bytes, components.o(.text.rti_board_start))
<BR>[Address Reference Count : 1]<UL><LI> components.o(.rti_fn.0.end)
</UL>
<P><STRONG><a name="[58]"></a>rti_end</STRONG> (Thumb, 4 bytes, Stack size 0 bytes, components.o(.text.rti_end))
<BR>[Address Reference Count : 1]<UL><LI> components.o(.rti_fn.6.end)
</UL>
<P><STRONG><a name="[55]"></a>rti_start</STRONG> (Thumb, 4 bytes, Stack size 0 bytes, components.o(.text.rti_start))
<BR>[Address Reference Count : 1]<UL><LI> components.o(.rti_fn.0)
</UL>
<P><STRONG><a name="[54]"></a>rt_thread_idle_entry</STRONG> (Thumb, 10 bytes, Stack size 8 bytes, idle.o(.text.rt_thread_idle_entry))
<BR><BR>[Stack]<UL><LI>Max Depth = 112<LI>Call Chain = rt_thread_idle_entry &rArr; rt_thread_idle_excute &rArr; rt_object_delete &rArr; rt_free &rArr; rt_sem_take &rArr; rt_timer_start
</UL>
<BR>[Calls]<UL><LI><a href="#[16f]">&gt;&gt;</a>&nbsp;&nbsp;&nbsp;rt_thread_idle_excute
</UL>
<BR>[Address Reference Count : 1]<UL><LI> idle.o(.text.rt_thread_idle_init)
</UL>
<P><STRONG><a name="[19c]"></a>_dadd1</STRONG> (Thumb, 0 bytes, Stack size unknown bytes, daddsub_clz.o(x$fpl$dadd), UNUSED)
<BR><BR>[Called By]<UL><LI><a href="#[19d]">&gt;&gt;</a>&nbsp;&nbsp;&nbsp;_dsub
<LI><a href="#[19b]">&gt;&gt;</a>&nbsp;&nbsp;&nbsp;_drsb
</UL>

<P><STRONG><a name="[18f]"></a>_dsub1</STRONG> (Thumb, 0 bytes, Stack size unknown bytes, daddsub_clz.o(x$fpl$dsub), UNUSED)
<BR><BR>[Called By]<UL><LI><a href="#[19b]">&gt;&gt;</a>&nbsp;&nbsp;&nbsp;_drsb
<LI><a href="#[18e]">&gt;&gt;</a>&nbsp;&nbsp;&nbsp;_dadd
</UL>

<P><STRONG><a name="[1b8]"></a>_fadd1</STRONG> (Thumb, 0 bytes, Stack size unknown bytes, faddsub_clz.o(x$fpl$fadd), UNUSED)
<BR><BR>[Called By]<UL><LI><a href="#[1b9]">&gt;&gt;</a>&nbsp;&nbsp;&nbsp;_fsub
<LI><a href="#[1b7]">&gt;&gt;</a>&nbsp;&nbsp;&nbsp;_frsb
</UL>

<P><STRONG><a name="[1a1]"></a>_fsub1</STRONG> (Thumb, 0 bytes, Stack size unknown bytes, faddsub_clz.o(x$fpl$fsub), UNUSED)
<BR><BR>[Called By]<UL><LI><a href="#[1b7]">&gt;&gt;</a>&nbsp;&nbsp;&nbsp;_frsb
<LI><a href="#[1a0]">&gt;&gt;</a>&nbsp;&nbsp;&nbsp;_fadd
</UL>

<P><STRONG><a name="[8a]"></a>_fp_digits</STRONG> (Thumb, 432 bytes, Stack size 96 bytes, _printf_fp_dec.o(.text))
<BR><BR>[Stack]<UL><LI>Max Depth = 220<LI>Call Chain = _fp_digits &rArr; _btod_etento &rArr; _btod_emul &rArr; _e2e
</UL>
<BR>[Calls]<UL><LI><a href="#[8e]">&gt;&gt;</a>&nbsp;&nbsp;&nbsp;_btod_emul
<LI><a href="#[8d]">&gt;&gt;</a>&nbsp;&nbsp;&nbsp;_btod_ediv
<LI><a href="#[8c]">&gt;&gt;</a>&nbsp;&nbsp;&nbsp;_btod_d2e
<LI><a href="#[8b]">&gt;&gt;</a>&nbsp;&nbsp;&nbsp;_btod_etento
<LI><a href="#[8f]">&gt;&gt;</a>&nbsp;&nbsp;&nbsp;_ll_udiv10
</UL>
<BR>[Called By]<UL><LI><a href="#[90]">&gt;&gt;</a>&nbsp;&nbsp;&nbsp;_printf_fp_dec_real
</UL>

<P><STRONG><a name="[4f]"></a>_printf_input_char</STRONG> (Thumb, 10 bytes, Stack size 0 bytes, _printf_char_common.o(.text))
<BR>[Address Reference Count : 1]<UL><LI> _printf_char_common.o(.text)
</UL><P>
<H3>
Undefined Global Symbols
</H3><HR></body></html>
