<html>
<body>
<pre>
<h1>µVision Build Log</h1>
<h2>Tool Versions:</h2>
IDE-Version: ¦ÌVision V5.26.2.0
Copyright (C) 2018 ARM Ltd and ARM Germany GmbH. All rights reserved.
License Information: Ziang 1940918445@qq.com, WHU, LIC=EXJT4-FR8DN-EVM1R-KY4ZX-UFX8Y-EQIVY
 
Tool Versions:
Toolchain:       MDK-ARM Plus  Version: 5.26.2.0
Toolchain Path:  D:\Environment\keil\ARM\ARMCC\Bin
C Compiler:      Armcc.exe V5.06 update 6 (build 750)
Assembler:       Armasm.exe V5.06 update 6 (build 750)
Linker/Locator:  ArmLink.exe V5.06 update 6 (build 750)
Library Manager: ArmAr.exe V5.06 update 6 (build 750)
Hex Converter:   FromElf.exe V5.06 update 6 (build 750)
CPU DLL:         SARMCM3.DLL V5.26.2.0
Dialog DLL:      DCM.DLL V1.17.2.0
Target DLL:      CMSIS_AGDI.dll V1.30.6.0
Dialog DLL:      TCM.DLL V1.36.1.0
 
<h2>Project:</h2>
D:\code\stm32\msp\project\TrackCar(noRTOS)\Keil\template.uvprojx
Project File Date:  06/22/2023

<h2>Output:</h2>
*** Using Compiler 'V5.06 update 6 (build 750)', folder: 'D:\Environment\keil\ARM\ARMCC\Bin'
Build target 'template'
compiling Control.c...
..\User\Driver\Motor.h(12): warning:  #1295-D: Deprecated declaration init_motor - give arg types
  void init_motor();
..\User\Driver\Motor.h(13): warning:  #1295-D: Deprecated declaration set_pwm_trail - give arg types
  void set_pwm_trail();
..\User\Driver\Encoder.h(14): warning:  #1295-D: Deprecated declaration init_encoder_left - give arg types
  void init_encoder_left();
..\User\Driver\Encoder.h(15): warning:  #1295-D: Deprecated declaration init_encoder_right - give arg types
  void init_encoder_right();
..\User\Driver\Encoder.h(17): warning:  #1-D: last line of file ends without a newline
  int read_encoder(uint8_t side);
..\User\Driver\TCRT5000.h(15): warning:  #1295-D: Deprecated declaration init_TCRT - give arg types
  void init_TCRT();
..\User\Driver\TCRT5000.h(16): warning:  #1295-D: Deprecated declaration read_TCRT - give arg types
  float read_TCRT();
..\User\Driver\TCRT5000.h(19): warning:  #1295-D: Deprecated declaration init_digitalTCRT - give arg types
  void init_digitalTCRT();
..\User\Driver\TCRT5000.h(23): warning:  #1-D: last line of file ends without a newline
  #endif // !__TCRT5000.h
..\User\Driver\Control.h(9): warning:  #1295-D: Deprecated declaration Control - give arg types
  void Control();
..\User\Driver\Control.h(12): warning:  #1295-D: Deprecated declaration turn - give arg types
  int turn();
..\User\Driver\Control.h(13): warning:  #1295-D: Deprecated declaration init_control - give arg types
  void init_control();
..\User\Driver\Control.h(16): warning:  #1-D: last line of file ends without a newline
  #endif
..\User\Driver\Control.c(34): warning:  #177-D: variable "encoder_integral"  was declared but never referenced
  	static float encoder_integral;
..\User\Driver\Control.c(97): warning:  #1-D: last line of file ends without a newline
  }
..\User\Driver\Control.c: 15 warnings, 0 errors
linking...
Program Size: Code=14264 RO-data=4596 RW-data=272 ZI-data=6224  
".\Objects\template.axf" - 0 Error(s), 15 Warning(s).

<h2>Software Packages used:</h2>

Package Vendor: TexasInstruments
                http://software-dl.ti.com/msp430/msp430_public_sw/mcu/msp430/msp432cmsis/latest/exports/TexasInstruments.MSP432P4xx_DFP.3.2.6.pack
                TexasInstruments.MSP432P4xx_DFP.3.2.6
                Device Family Pack for Texas Instruments SimpleLink(TM) MSP432 Series

<h2>Collection of Component include folders:</h2>
  .\RTE\_template
  D:\Environment\keil\ARM\PACK\TexasInstruments\MSP432P4xx_DFP\3.2.6\Device\Include

<h2>Collection of Component Files used:</h2>
Build Time Elapsed:  00:00:01
</pre>
</body>
</html>
