<html>
<body>
<pre>
<h1>µVision Build Log</h1>
<h2>Tool Versions:</h2>
IDE-Version: ¦ÌVision V5.26.2.0
Copyright (C) 2018 ARM Ltd and ARM Germany GmbH. All rights reserved.
License Information: Ziang 1940918445@qq.com, WHU, LIC=EXJT4-FR8DN-EVM1R-KY4ZX-UFX8Y-EQIVY
 
Tool Versions:
Toolchain:       MDK-ARM Plus  Version: 5.26.2.0
Toolchain Path:  D:\Environment\keil\ARM\ARMCC\Bin
C Compiler:      Armcc.exe V5.06 update 6 (build 750)
Assembler:       Armasm.exe V5.06 update 6 (build 750)
Linker/Locator:  ArmLink.exe V5.06 update 6 (build 750)
Library Manager: ArmAr.exe V5.06 update 6 (build 750)
Hex Converter:   FromElf.exe V5.06 update 6 (build 750)
CPU DLL:         SARMCM3.DLL V5.26.2.0
Dialog DLL:      DCM.DLL V1.17.2.0
Target DLL:      CMSIS_AGDI.dll V1.30.6.0
Dialog DLL:      TCM.DLL V1.36.1.0
 
<h2>Project:</h2>
D:\code\stm32\msp\project\TrackCar-noRTOS\Keil\template.uvprojx
Project File Date:  06/22/2023

<h2>Output:</h2>
*** Using Compiler 'V5.06 update 6 (build 750)', folder: 'D:\Environment\keil\ARM\ARMCC\Bin'
Build target 'template'
compiling oled.c...
compiling Motor.c...
..\User\Driver\Motor.h(12): warning:  #1295-D: Deprecated declaration init_motor - give arg types
  void init_motor();
..\User\Driver\Motor.h(13): warning:  #1295-D: Deprecated declaration set_pwm_trail - give arg types
  void set_pwm_trail();
..\User\Driver\Motor.c(102): warning:  #1-D: last line of file ends without a newline
  }
..\User\Driver\Motor.c: 3 warnings, 0 errors
linking...
Program Size: Code=15736 RO-data=4596 RW-data=316 ZI-data=6228  
".\Objects\template.axf" - 0 Error(s), 3 Warning(s).

<h2>Software Packages used:</h2>

Package Vendor: TexasInstruments
                http://software-dl.ti.com/msp430/msp430_public_sw/mcu/msp430/msp432cmsis/latest/exports/TexasInstruments.MSP432P4xx_DFP.3.2.6.pack
                TexasInstruments.MSP432P4xx_DFP.3.2.6
                Device Family Pack for Texas Instruments SimpleLink(TM) MSP432 Series

<h2>Collection of Component include folders:</h2>
  .\RTE\_template
  D:\Environment\keil\ARM\PACK\TexasInstruments\MSP432P4xx_DFP\3.2.6\Device\Include

<h2>Collection of Component Files used:</h2>
Build Time Elapsed:  00:00:02
</pre>
</body>
</html>
