Component: ARM Compiler 6.10.1 Tool: armlink [5d142800]

==============================================================================

Section Cross References

    basic.o(.text._Z26getInitializationCompletedv) refers to basic.o(.bss._ZL23InitializationCompleted) for _ZL23InitializationCompleted
    basic.o(.ARM.exidx.text._Z26getInitializationCompletedv) refers to basic.o(.text._Z26getInitializationCompletedv) for [Anonymous Symbol]
    basic.o(.text._Z26setInitializationCompletedv) refers to basic.o(.bss._ZL25InitializationStatus_Lock) for _ZL25InitializationStatus_Lock
    basic.o(.text._Z26setInitializationCompletedv) refers to basic.o(.bss._ZL23InitializationCompleted) for _ZL23InitializationCompleted
    basic.o(.ARM.exidx.text._Z26setInitializationCompletedv) refers to basic.o(.text._Z26setInitializationCompletedv) for [Anonymous Symbol]
    basic.o(.text._Z24LockInitializationStatusv) refers to basic.o(.bss._ZL25InitializationStatus_Lock) for _ZL25InitializationStatus_Lock
    basic.o(.ARM.exidx.text._Z24LockInitializationStatusv) refers to basic.o(.text._Z24LockInitializationStatusv) for [Anonymous Symbol]
    basic.o(.text._Z26UnLockInitializationStatusv) refers to basic.o(.bss._ZL25InitializationStatus_Lock) for _ZL25InitializationStatus_Lock
    basic.o(.ARM.exidx.text._Z26UnLockInitializationStatusv) refers to basic.o(.text._Z26UnLockInitializationStatusv) for [Anonymous Symbol]
    basic.o(.text._Z10init_Basicv) refers to system_stm32f10x.o(.text.SystemInit) for SystemInit
    basic.o(.text._Z10init_Basicv) refers to delay.o(.text.delay_init) for delay_init
    basic.o(.text._Z10init_Basicv) refers to sys.o(.text.JTAG_Set) for JTAG_Set
    basic.o(.text._Z10init_Basicv) refers to misc.o(.text.NVIC_PriorityGroupConfig) for NVIC_PriorityGroupConfig
    basic.o(.text._Z10init_Basicv) refers to timebase.o(.text.init_TimeBase) for init_TimeBase
    basic.o(.ARM.exidx.text._Z10init_Basicv) refers to Unwind-EHABI.cpp.o(.text.__aeabi_unwind_cpp_pr0) for __aeabi_unwind_cpp_pr0
    basic.o(.ARM.exidx.text._Z10init_Basicv) refers to basic.o(.text._Z10init_Basicv) for [Anonymous Symbol]
    gui.o(.text._Z8LCD_Fillttttt) refers to drv_lcd.o(.text._Z15LCD_Address_Settttt) for LCD_Address_Set(unsigned short, unsigned short, unsigned short, unsigned short)
    gui.o(.text._Z8LCD_Fillttttt) refers to drv_lcd.o(.text._Z11LCD_WR_DATAt) for LCD_WR_DATA(unsigned short)
    gui.o(.ARM.exidx.text._Z8LCD_Fillttttt) refers to Unwind-EHABI.cpp.o(.text.__aeabi_unwind_cpp_pr0) for __aeabi_unwind_cpp_pr0
    gui.o(.ARM.exidx.text._Z8LCD_Fillttttt) refers to gui.o(.text._Z8LCD_Fillttttt) for [Anonymous Symbol]
    gui.o(.text._Z13LCD_DrawPointttt) refers to drv_lcd.o(.text._Z15LCD_Address_Settttt) for LCD_Address_Set(unsigned short, unsigned short, unsigned short, unsigned short)
    gui.o(.text._Z13LCD_DrawPointttt) refers to drv_lcd.o(.text._Z11LCD_WR_DATAt) for LCD_WR_DATA(unsigned short)
    gui.o(.ARM.exidx.text._Z13LCD_DrawPointttt) refers to Unwind-EHABI.cpp.o(.text.__aeabi_unwind_cpp_pr0) for __aeabi_unwind_cpp_pr0
    gui.o(.ARM.exidx.text._Z13LCD_DrawPointttt) refers to gui.o(.text._Z13LCD_DrawPointttt) for [Anonymous Symbol]
    gui.o(.text._Z12LCD_DrawLinettttt) refers to drv_lcd.o(.text._Z15LCD_Address_Settttt) for LCD_Address_Set(unsigned short, unsigned short, unsigned short, unsigned short)
    gui.o(.text._Z12LCD_DrawLinettttt) refers to drv_lcd.o(.text._Z11LCD_WR_DATAt) for LCD_WR_DATA(unsigned short)
    gui.o(.ARM.exidx.text._Z12LCD_DrawLinettttt) refers to Unwind-EHABI.cpp.o(.text.__aeabi_unwind_cpp_pr0) for __aeabi_unwind_cpp_pr0
    gui.o(.ARM.exidx.text._Z12LCD_DrawLinettttt) refers to gui.o(.text._Z12LCD_DrawLinettttt) for [Anonymous Symbol]
    gui.o(.text._Z17LCD_DrawRectanglettttt) refers to gui.o(.text._Z12LCD_DrawLinettttt) for LCD_DrawLine(unsigned short, unsigned short, unsigned short, unsigned short, unsigned short)
    gui.o(.ARM.exidx.text._Z17LCD_DrawRectanglettttt) refers to Unwind-EHABI.cpp.o(.text.__aeabi_unwind_cpp_pr0) for __aeabi_unwind_cpp_pr0
    gui.o(.ARM.exidx.text._Z17LCD_DrawRectanglettttt) refers to gui.o(.text._Z17LCD_DrawRectanglettttt) for [Anonymous Symbol]
    gui.o(.text._Z11Draw_Circlettht) refers to drv_lcd.o(.text._Z15LCD_Address_Settttt) for LCD_Address_Set(unsigned short, unsigned short, unsigned short, unsigned short)
    gui.o(.text._Z11Draw_Circlettht) refers to drv_lcd.o(.text._Z11LCD_WR_DATAt) for LCD_WR_DATA(unsigned short)
    gui.o(.ARM.exidx.text._Z11Draw_Circlettht) refers to Unwind-EHABI.cpp.o(.text.__aeabi_unwind_cpp_pr0) for __aeabi_unwind_cpp_pr0
    gui.o(.ARM.exidx.text._Z11Draw_Circlettht) refers to gui.o(.text._Z11Draw_Circlettht) for [Anonymous Symbol]
    gui.o(.text._Z12LCD_ShowChartthtthh) refers to drv_lcd.o(.text._Z15LCD_Address_Settttt) for LCD_Address_Set(unsigned short, unsigned short, unsigned short, unsigned short)
    gui.o(.text._Z12LCD_ShowChartthtthh) refers to font.o(.rodata.ascii_1608) for ascii_1608
[...]
    WWDG_IRQHandler                          0x0800015f   Thumb Code     0  startup_stm32f10x_hd.o(.text)
    __aeabi_ldivmod                          0x08000169   Thumb Code    98  ldiv.o(.text)
    memcmp                                   0x080001cb   Thumb Code    26  memcmp.o(.text)
    __aeabi_fadd                             0x080001e5   Thumb Code   164  fadd.o(.text)
    __aeabi_fsub                             0x08000289   Thumb Code     6  fadd.o(.text)
    __aeabi_frsub                            0x0800028f   Thumb Code     6  fadd.o(.text)
    __aeabi_fmul                             0x08000295   Thumb Code   100  fmul.o(.text)
    __aeabi_fdiv                             0x080002f9   Thumb Code   124  fdiv.o(.text)
    __aeabi_dadd                             0x08000375   Thumb Code   322  dadd.o(.text)
    __aeabi_dsub                             0x080004b7   Thumb Code     6  dadd.o(.text)
    __aeabi_drsub                            0x080004bd   Thumb Code     6  dadd.o(.text)
    __aeabi_dmul                             0x080004c3   Thumb Code   228  dmul.o(.text)
    __aeabi_ddiv                             0x080005a7   Thumb Code   222  ddiv.o(.text)
    __aeabi_fcmple                           0x08000685   Thumb Code    28  fcmple.o(.text)
    __aeabi_fcmplt                           0x080006a1   Thumb Code    28  fcmplt.o(.text)
    __aeabi_fcmpge                           0x080006bd   Thumb Code    28  fcmpge.o(.text)
    __aeabi_fcmpgt                           0x080006d9   Thumb Code    28  fcmpgt.o(.text)
    __aeabi_fcmpeq                           0x080006f5   Thumb Code    28  fcmpeq.o(.text)
    __aeabi_dcmple                           0x08000711   Thumb Code    54  dcmple.o(.text)
    __aeabi_dcmpge                           0x08000747   Thumb Code    54  dcmpge.o(.text)
    __aeabi_i2f                              0x0800077d   Thumb Code    18  fflti.o(.text)
    __aeabi_ui2f                             0x0800078f   Thumb Code    10  ffltui.o(.text)
    __aeabi_i2d                              0x08000799   Thumb Code    34  dflti.o(.text)
    __aeabi_ui2d                             0x080007bb   Thumb Code    26  dfltui.o(.text)
    __aeabi_f2iz                             0x080007d5   Thumb Code    50  ffixi.o(.text)
    __aeabi_f2uiz                            0x08000807   Thumb Code    40  ffixui.o(.text)
    __aeabi_d2iz                             0x0800082f   Thumb Code    62  dfixi.o(.text)
    __aeabi_d2uiz                            0x0800086d   Thumb Code    50  dfixui.o(.text)
    __aeabi_f2d                              0x0800089f   Thumb Code    38  f2d.o(.text)
    __aeabi_d2f                              0x080008c5   Thumb Code    56  d2f.o(.text)
    __aeabi_uidiv                            0x080008fd   Thumb Code     0  uidiv.o(.text)
    __aeabi_uidivmod                         0x080008fd   Thumb Code    44  uidiv.o(.text)
    __aeabi_uldivmod                         0x08000929   Thumb Code    98  uldiv.o(.text)
    __aeabi_llsl                             0x0800098b   Thumb Code    30  llshl.o(.text)
    _ll_shift_l                              0x0800098b   Thumb Code     0  llshl.o(.text)
    __aeabi_llsr                             0x080009a9   Thumb Code    32  llushr.o(.text)
    _ll_ushift_r                             0x080009a9   Thumb Code     0  llushr.o(.text)
    __aeabi_lasr                             0x080009c9   Thumb Code    36  llsshr.o(.text)
    _ll_sshift_r                             0x080009c9   Thumb Code     0  llsshr.o(.text)
    __I$use$fp                               0x080009ed   Thumb Code     0  iusefp.o(.text)
    _float_round                             0x080009ed   Thumb Code    18  fepilogue.o(.text)
    _float_epilogue                          0x080009ff   Thumb Code    92  fepilogue.o(.text)
    _double_round                            0x08000a5b   Thumb Code    30  depilogue.o(.text)
    _double_epilogue                         0x08000a79   Thumb Code   156  depilogue.o(.text)
    __ARM_scalbn                             0x08000b15   Thumb Code    46  dscalb.o(.text)
    scalbn                                   0x08000b15   Thumb Code     0  dscalb.o(.text)
    __aeabi_d2ulz                            0x08000b43   Thumb Code    48  dfixul.o(.text)
    __aeabi_cdcmpeq                          0x08000b75   Thumb Code     0  cdcmple.o(.text)
    __aeabi_cdcmple                          0x08000b75   Thumb Code    48  cdcmple.o(.text)
    __aeabi_cdrcmple                         0x08000ba5   Thumb Code    48  cdrcmple.o(.text)
    __scatterload                            0x08000bd5   Thumb Code    28  init.o(.text)
    __scatterload_rt2                        0x08000bd5   Thumb Code     0  init.o(.text)
    __ARM_scalbnf                            0x08000bf9   Thumb Code    24  fscalb.o(.text)
    scalbnf                                  0x08000bf9   Thumb Code     0  fscalb.o(.text)
    _dsqrt                                   0x08000c11   Thumb Code   162  dsqrt.o(.text)
    ADC_Cmd                                  0x08000cb5   Thumb Code    18  stm32f10x_adc.o(.text.ADC_Cmd)
    ADC_DeInit                               0x08000cc9   Thumb Code    96  stm32f10x_adc.o(.text.ADC_DeInit)
    ADC_GetCalibrationStatus                 0x08000d29   Thumb Code     8  stm32f10x_adc.o(.text.ADC_GetCalibrationStatus)
    ADC_GetConversionValue                   0x08000d31   Thumb Code     6  stm32f10x_adc.o(.text.ADC_GetConversionValue)
    ADC_GetFlagStatus                        0x08000d39   Thumb Code    10  stm32f10x_adc.o(.text.ADC_GetFlagStatus)
    ADC_GetResetCalibrationStatus            0x08000d45   Thumb Code     8  stm32f10x_adc.o(.text.ADC_GetResetCalibrationStatus)
    ADC_Init                                 0x08000d4d   Thumb Code    82  stm32f10x_adc.o(.text.ADC_Init)
    ADC_RegularChannelConfig                 0x08000da1   Thumb Code   102  stm32f10x_adc.o(.text.ADC_RegularChannelConfig)
    ADC_ResetCalibration                     0x08000e09   Thumb Code    10  stm32f10x_adc.o(.text.ADC_ResetCalibration)
    ADC_SoftwareStartConvCmd                 0x08000e15   Thumb Code    18  stm32f10x_adc.o(.text.ADC_SoftwareStartConvCmd)
    ADC_StartCalibration                     0x08000e29   Thumb Code    10  stm32f10x_adc.o(.text.ADC_StartCalibration)
    BusFault_Handler                         0x08000e35   Thumb Code     2  stm32f10x_it.o(.text.BusFault_Handler)
    Complementary_Filter_x                   0x08000e39   Thumb Code    74  filter_1.o(.text.Complementary_Filter_x)
    Complementary_Filter_y                   0x08000e85   Thumb Code    74  filter_1.o(.text.Complementary_Filter_y)
    DebugMon_Handler                         0x08000ed1   Thumb Code     2  stm32f10x_it.o(.text.DebugMon_Handler)
    GPIO_Init                                0x08000ed5   Thumb Code   734  stm32f10x_gpio.o(.text.GPIO_Init)
    GPIO_PinRemapConfig                      0x080011b5   Thumb Code   110  stm32f10x_gpio.o(.text.GPIO_PinRemapConfig)
    GPIO_ResetBits                           0x08001225   Thumb Code     4  stm32f10x_gpio.o(.text.GPIO_ResetBits)
    GPIO_SetBits                             0x08001229   Thumb Code     4  stm32f10x_gpio.o(.text.GPIO_SetBits)
    Get_Angle                                0x0800122d   Thumb Code   614  drv_mpu6050.o(.text.Get_Angle)
    Get_RTC_Time                             0x08001495   Thumb Code   592  timebase.o(.text.Get_RTC_Time)
    HardFault_Handler                        0x080016e5   Thumb Code     2  stm32f10x_it.o(.text.HardFault_Handler)
    IIC_Delay                                0x080016e9   Thumb Code     6  drv_extiic.o(.text.IIC_Delay)
    IIC_Init                                 0x080016f1   Thumb Code    60  drv_extiic.o(.text.IIC_Init)
    IIC_Read_Byte                            0x0800172d   Thumb Code   400  drv_extiic.o(.text.IIC_Read_Byte)
    IIC_Send_Byte                            0x080018bd   Thumb Code   272  drv_extiic.o(.text.IIC_Send_Byte)
    IIC_Start                                0x080019cd   Thumb Code    60  drv_extiic.o(.text.IIC_Start)
    IIC_Stop                                 0x08001a09   Thumb Code    62  drv_extiic.o(.text.IIC_Stop)
    IIC_Wait_Ack                             0x08001a49   Thumb Code   150  drv_extiic.o(.text.IIC_Wait_Ack)
    JTAG_Set                                 0x08001ae1   Thumb Code    40  sys.o(.text.JTAG_Set)
    Kalman_Filter_x                          0x08001b09   Thumb Code   380  filter_1.o(.text.Kalman_Filter_x)
    Kalman_Filter_y                          0x08001c85   Thumb Code   380  filter_1.o(.text.Kalman_Filter_y)
    MPU_Get_Temperature                      0x08001e01   Thumb Code   190  drv_mpu6050.o(.text.MPU_Get_Temperature)
    MPU_Init                                 0x08001ec1   Thumb Code   160  drv_mpu6050.o(.text.MPU_Init)
    MemManage_Handler                        0x08001f61   Thumb Code     2  stm32f10x_it.o(.text.MemManage_Handler)
    NMI_Handler                              0x08001f65   Thumb Code     2  stm32f10x_it.o(.text.NMI_Handler)
    NVIC_Init                                0x08001f69   Thumb Code    96  misc.o(.text.NVIC_Init)
    NVIC_PriorityGroupConfig                 0x08001fc9   Thumb Code    20  misc.o(.text.NVIC_PriorityGroupConfig)
    RCC_ADCCLKConfig                         0x08001fdd   Thumb Code    20  stm32f10x_rcc.o(.text.RCC_ADCCLKConfig)
    RCC_APB1PeriphClockCmd                   0x08001ff1   Thumb Code    24  stm32f10x_rcc.o(.text.RCC_APB1PeriphClockCmd)
    RCC_APB2PeriphClockCmd                   0x08002009   Thumb Code    24  stm32f10x_rcc.o(.text.RCC_APB2PeriphClockCmd)
    RCC_APB2PeriphResetCmd                   0x08002021   Thumb Code    24  stm32f10x_rcc.o(.text.RCC_APB2PeriphResetCmd)
    RCC_GetClocksFreq                        0x08002039   Thumb Code   176  stm32f10x_rcc.o(.text.RCC_GetClocksFreq)
    Read_Len                                 0x080020e9   Thumb Code   328  drv_extiic.o(.text.Read_Len)
    SystemClock_Config                       0x08002231   Thumb Code   970  timebase.o(.text.SystemClock_Config)
    SystemInit                               0x080025fd   Thumb Code   342  system_stm32f10x.o(.text.SystemInit)
    TIM2_IRQHandler                          0x08002755   Thumb Code    38  timebase.o(.text.TIM2_IRQHandler)
    TIM3_IRQHandler                          0x0800277d   Thumb Code    20  drv_encoder.o(.text.TIM3_IRQHandler)
    TIM4_IRQHandler                          0x08002791   Thumb Code    20  drv_encoder.o(.text.TIM4_IRQHandler)
    TIM8_UP_IRQHandler                       0x080027a5   Thumb Code  2128  control_1.o(.text.TIM8_UP_IRQHandler)
    TIM_ARRPreloadConfig                     0x08002ff5   Thumb Code    18  stm32f10x_tim.o(.text.TIM_ARRPreloadConfig)
    TIM_ClearFlag                            0x08003009   Thumb Code     6  stm32f10x_tim.o(.text.TIM_ClearFlag)
    TIM_ClearITPendingBit                    0x08003011   Thumb Code     6  stm32f10x_tim.o(.text.TIM_ClearITPendingBit)
    TIM_Cmd                                  0x08003019   Thumb Code    18  stm32f10x_tim.o(.text.TIM_Cmd)
    TIM_CtrlPWMOutputs                       0x0800302d   Thumb Code    24  stm32f10x_tim.o(.text.TIM_CtrlPWMOutputs)
    TIM_EncoderInterfaceConfig               0x08003045   Thumb Code    56  stm32f10x_tim.o(.text.TIM_EncoderInterfaceConfig)
    TIM_GetFlagStatus                        0x0800307d   Thumb Code    10  stm32f10x_tim.o(.text.TIM_GetFlagStatus)
    TIM_ICInit                               0x08003089   Thumb Code   658  stm32f10x_tim.o(.text.TIM_ICInit)
    TIM_ICStructInit                         0x0800331d   Thumb Code    12  stm32f10x_tim.o(.text.TIM_ICStructInit)
    TIM_ITConfig                             0x08003329   Thumb Code    16  stm32f10x_tim.o(.text.TIM_ITConfig)
    TIM_OC1Init                              0x08003339   Thumb Code   114  stm32f10x_tim.o(.text.TIM_OC1Init)
    TIM_OC1PreloadConfig                     0x080033ad   Thumb Code    12  stm32f10x_tim.o(.text.TIM_OC1PreloadConfig)
    TIM_OC2Init                              0x080033b9   Thumb Code   122  stm32f10x_tim.o(.text.TIM_OC2Init)
    TIM_OC2PreloadConfig                     0x08003435   Thumb Code    14  stm32f10x_tim.o(.text.TIM_OC2PreloadConfig)
    TIM_OC3Init                              0x08003445   Thumb Code   122  stm32f10x_tim.o(.text.TIM_OC3Init)
    TIM_OC3PreloadConfig                     0x080034c1   Thumb Code    12  stm32f10x_tim.o(.text.TIM_OC3PreloadConfig)
    TIM_OC4Init                              0x080034cd   Thumb Code    96  stm32f10x_tim.o(.text.TIM_OC4Init)
    TIM_OC4PreloadConfig                     0x0800352d   Thumb Code    14  stm32f10x_tim.o(.text.TIM_OC4PreloadConfig)
    TIM_SetCompare3                          0x0800353d   Thumb Code     4  stm32f10x_tim.o(.text.TIM_SetCompare3)
    TIM_SetCompare4                          0x08003541   Thumb Code     6  stm32f10x_tim.o(.text.TIM_SetCompare4)
    TIM_SetCounter                           0x08003549   Thumb Code     4  stm32f10x_tim.o(.text.TIM_SetCounter)
    TIM_TimeBaseInit                         0x0800354d   Thumb Code   170  stm32f10x_tim.o(.text.TIM_TimeBaseInit)
    TIM_TimeBaseStructInit                   0x080035f9   Thumb Code    14  stm32f10x_tim.o(.text.TIM_TimeBaseStructInit)
    USART1_IRQHandler                        0x08003609   Thumb Code   392  drv_uart1.o(.text.USART1_IRQHandler)
    USART2_IRQHandler                        0x08003791   Thumb Code   636  drv_uart2.o(.text.USART2_IRQHandler)
    USART3_IRQHandler                        0x08003a0d   Thumb Code   494  drv_uart3.o(.text.USART3_IRQHandler)
    USART_ClearITPendingBit                  0x08003bfd   Thumb Code    14  stm32f10x_usart.o(.text.USART_ClearITPendingBit)
    USART_Cmd                                0x08003c0d   Thumb Code    18  stm32f10x_usart.o(.text.USART_Cmd)
    USART_GetITStatus                        0x08003c21   Thumb Code    66  stm32f10x_usart.o(.text.USART_GetITStatus)
    USART_ITConfig                           0x08003c65   Thumb Code    46  stm32f10x_usart.o(.text.USART_ITConfig)
    USART_Init                               0x08003c95   Thumb Code   170  stm32f10x_usart.o(.text.USART_Init)
    USART_ReceiveData                        0x08003d41   Thumb Code     8  stm32f10x_usart.o(.text.USART_ReceiveData)
    UsageFault_Handler                       0x08003d49   Thumb Code     2  stm32f10x_it.o(.text.UsageFault_Handler)
    Write_Byte                               0x08003d4d   Thumb Code    70  drv_mpu6050.o(.text.Write_Byte)
    Write_Len                                0x08003d95   Thumb Code   312  drv_extiic.o(.text.Write_Len)
    GUI_Server()                             0x08003ecd   Thumb Code  5664  gui.o(.text._Z10GUI_Serverv)
    RotateTurn(float)                        0x080054ed   Thumb Code   200  control_1.o(.text._Z10RotateTurnf)
    init_Basic()                             0x080055b5   Thumb Code    32  basic.o(.text._Z10init_Basicv)
    LCD_WR_DATA(unsigned short)              0x080055d5   Thumb Code    20  drv_lcd.o(.text._Z11LCD_WR_DATAt)
    LCD_ShowChar(unsigned short, unsigned short, unsigned char, unsigned short, unsigned short, unsigned char, unsigned char) 0x080055e9   Thumb Code   334  gui.o(.text._Z12LCD_ShowChartthtthh)
    LCD_WR_DATA8(unsigned char)              0x08005739   Thumb Code     4  drv_lcd.o(.text._Z12LCD_WR_DATA8h)
    LCD_Writ_Bus(unsigned char)              0x0800573d   Thumb Code   340  drv_lcd.o(.text._Z12LCD_Writ_Bush)
    Read_Encoder(unsigned char)              0x08005891   Thumb Code    44  drv_encoder.o(.text._Z12Read_Encoderh)
    init_drv_ADC()                           0x080058bd   Thumb Code   130  drv_adc.o(.text._Z12init_drv_ADCv)
    init_drv_Key()                           0x08005941   Thumb Code    66  drv_key.o(.text._Z12init_drv_Keyv)
    init_drv_LCD()                           0x08005985   Thumb Code   654  drv_lcd.o(.text._Z12init_drv_LCDv)
    init_drv_LED()                           0x08005c15   Thumb Code   218  drv_led.o(.text._Z12init_drv_LEDv)
    LCD_GPIO_Init()                          0x08005cf1   Thumb Code   122  drv_lcd.o(.text._Z13LCD_GPIO_Initv)
    sendLedSignal(LEDSignal)                 0x08005d6d   Thumb Code    24  commulink.o(.text._Z13sendLedSignal9LEDSignal)
    LCD_ShowString(unsigned short, unsigned short, const char*, unsigned short, unsigned short, unsigned char, unsigned char) 0x08005d85   Thumb Code    68  gui.o(.text._Z14LCD_ShowStringttPKctthh)
    click_N_Double(unsigned short)           0x08005dc9   Thumb Code   244  drv_key.o(.text._Z14click_N_Doublet)
    init_drv_Motor()                         0x08005ebd   Thumb Code    96  drv_pwmout.o(.text._Z14init_drv_Motorv)
    init_drv_Uart2(unsigned)                 0x08005f1d   Thumb Code   164  drv_uart2.o(.text._Z14init_drv_Uart2j)
    init_drv_Uart3(unsigned)                 0x08005fc1   Thumb Code   172  drv_uart3.o(.text._Z14init_drv_Uart3j)
    init_drv_Uart4(unsigned)                 0x0800606d   Thumb Code   160  drv_uart4.o(.text._Z14init_drv_Uart4j)
    set_BuzzerFreq(unsigned short)           0x0800610d   Thumb Code   238  drv_led.o(.text._Z14set_BuzzerFreqt)
    LCD_Address_Set(unsigned short, unsigned short, unsigned short, unsigned short) 0x080061fd   Thumb Code   142  drv_lcd.o(.text._Z15LCD_Address_Settttt)
    init_drv_PWMOut()                        0x0800628d   Thumb Code   204  drv_pwmout.o(.text._Z15init_drv_PWMOutv)
    set_BuzzerOnOff(bool)                    0x08006359   Thumb Code    22  drv_led.o(.text._Z15set_BuzzerOnOffb)
    Commulink_Server()                       0x08006371   Thumb Code  1562  commulink.o(.text._Z16Commulink_Serverv)
    Get_battery_volt()                       0x0800698d   Thumb Code   144  drv_adc.o(.text._Z16Get_battery_voltv)
    init_drv_Sensors()                       0x08006a1d   Thumb Code    18  drv_sensors.o(.text._Z16init_drv_Sensorsv)
    set_LedBrightness(float, float, float)   0x08006a31   Thumb Code   342  drv_led.o(.text._Z17set_LedBrightnessfff)
    drv_Encoder_Init_TIM3()                  0x08006b89   Thumb Code   160  drv_encoder.o(.text._Z21drv_Encoder_Init_TIM3v)
    drv_Encoder_Init_TIM4()                  0x08006c29   Thumb Code   158  drv_encoder.o(.text._Z21drv_Encoder_Init_TIM4v)
    init_drv_ControlSystem()                 0x08006cc9   Thumb Code    62  control_1.o(.text._Z22init_drv_ControlSystemv)
    Get_Velocity_Form_Encoder(int, int)      0x08006d09   Thumb Code   182  control_1.o(.text._Z25Get_Velocity_Form_Encoderii)
    getInitializationCompleted()             0x08006dc1   Thumb Code    12  basic.o(.text._Z26getInitializationCompletedv)
    setInitializationCompleted()             0x08006dcd   Thumb Code    30  basic.o(.text._Z26setInitializationCompletedv)
    myabs(int)                               0x08006ded   Thumb Code     8  control_1.o(.text._Z5myabsi)
    Velocity(int, int)                       0x08006df5   Thumb Code   362  control_1.o(.text._Z8Velocityii)
    init_GUI()                               0x08006f61   Thumb Code  1740  gui.o(.text._Z8init_GUIv)
    Led_Flash(unsigned short)                0x0800762d   Thumb Code    56  drv_led.o(.text._Z9Led_Flasht)
    TrackTurn(float)                         0x08007665   Thumb Code   134  control_1.o(.text._Z9TrackTurnf)
    delay_init                               0x080076ed   Thumb Code    40  delay.o(.text.delay_init)
    delay_ms                                 0x08007715   Thumb Code    88  delay.o(.text.delay_ms)
    delay_us                                 0x0800776d   Thumb Code    84  delay.o(.text.delay_us)
    dmp_enable_feature                       0x080077c1   Thumb Code   682  inv_mpu_dmp_motion_driver.o(.text.dmp_enable_feature)
    dmp_load_motion_driver_firmware          0x08007a6d   Thumb Code    22  inv_mpu_dmp_motion_driver.o(.text.dmp_load_motion_driver_firmware)
    dmp_read_fifo                            0x08007a85   Thumb Code   500  inv_mpu_dmp_motion_driver.o(.text.dmp_read_fifo)
    dmp_set_accel_bias                       0x08007c79   Thumb Code   208  inv_mpu_dmp_motion_driver.o(.text.dmp_set_accel_bias)
    dmp_set_fifo_rate                        0x08007d49   Thumb Code    86  inv_mpu_dmp_motion_driver.o(.text.dmp_set_fifo_rate)
    dmp_set_gyro_bias                        0x08007da1   Thumb Code   228  inv_mpu_dmp_motion_driver.o(.text.dmp_set_gyro_bias)
    dmp_set_orientation                      0x08007e85   Thumb Code   228  inv_mpu_dmp_motion_driver.o(.text.dmp_set_orientation)
    dmp_set_tap_thresh                       0x08007f69   Thumb Code   286  inv_mpu_dmp_motion_driver.o(.text.dmp_set_tap_thresh)
    fputc                                    0x08008089   Thumb Code    46  usart.o(.text.fputc)
    init_TimeBase                            0x0800840d   Thumb Code   142  timebase.o(.text.init_TimeBase)
    init_drv_Main                            0x0800849d   Thumb Code    78  drv_main.o(.text.init_drv_Main)
    init_drv_Uart1                           0x080084ed   Thumb Code   164  drv_uart1.o(.text.init_drv_Uart1)
    main                                     0x08008591   Thumb Code    58  main.o(.text.main)
    mget_ms                                  0x080085cd   Thumb Code     2  inv_mpu.o(.text.mget_ms)
    mpu_configure_fifo                       0x080085d1   Thumb Code   192  inv_mpu.o(.text.mpu_configure_fifo)
    mpu_dmp_get_data                         0x08008691   Thumb Code   486  inv_mpu.o(.text.mpu_dmp_get_data)
    mpu_dmp_init                             0x08008879   Thumb Code   234  inv_mpu.o(.text.mpu_dmp_init)
    mpu_get_accel_fsr                        0x08008965   Thumb Code    60  inv_mpu.o(.text.mpu_get_accel_fsr)
    mpu_get_accel_sens                       0x080089a1   Thumb Code    90  inv_mpu.o(.text.mpu_get_accel_sens)
    mpu_init                                 0x080089fd   Thumb Code   548  inv_mpu.o(.text.mpu_init)
    mpu_load_firmware                        0x08008c21   Thumb Code   334  inv_mpu.o(.text.mpu_load_firmware)
    mpu_lp_accel_mode                        0x08008d71   Thumb Code   494  inv_mpu.o(.text.mpu_lp_accel_mode)
    mpu_read_fifo_stream                     0x08008f61   Thumb Code   170  inv_mpu.o(.text.mpu_read_fifo_stream)
    mpu_reset_fifo                           0x0800900d   Thumb Code   370  inv_mpu.o(.text.mpu_reset_fifo)
    mpu_run_self_test                        0x08009181   Thumb Code  2376  inv_mpu.o(.text.mpu_run_self_test)
    mpu_set_bypass                           0x08009ac9   Thumb Code   232  inv_mpu.o(.text.mpu_set_bypass)
    mpu_set_dmp_state                        0x08009bb1   Thumb Code   238  inv_mpu.o(.text.mpu_set_dmp_state)
    mpu_set_sample_rate                      0x08009ca1   Thumb Code   224  inv_mpu.o(.text.mpu_set_sample_rate)
    mpu_set_sensors                          0x08009d81   Thumb Code   246  inv_mpu.o(.text.mpu_set_sensors)
    mpu_write_mem                            0x08009e79   Thumb Code   104  inv_mpu.o(.text.mpu_write_mem)
    run_self_test                            0x08009ee1   Thumb Code   240  inv_mpu.o(.text.run_self_test)
    __0printf                                0x08009fd1   Thumb Code    22  printfa.o(i.__0printf)
    __1printf                                0x08009fd1   Thumb Code     0  printfa.o(i.__0printf)
    __2printf                                0x08009fd1   Thumb Code     0  printfa.o(i.__0printf)
    __c89printf                              0x08009fd1   Thumb Code     0  printfa.o(i.__0printf)
    printf                                   0x08009fd1   Thumb Code     0  printfa.o(i.__0printf)
    __0sprintf                               0x08009ff1   Thumb Code    34  printfa.o(i.__0sprintf)
    __1sprintf                               0x08009ff1   Thumb Code     0  printfa.o(i.__0sprintf)
    __2sprintf                               0x08009ff1   Thumb Code     0  printfa.o(i.__0sprintf)
    __c89sprintf                             0x08009ff1   Thumb Code     0  printfa.o(i.__0sprintf)
    sprintf                                  0x08009ff1   Thumb Code     0  printfa.o(i.__0sprintf)
    __ARM_fpclassify                         0x0800a019   Thumb Code    40  fpclassify.o(i.__ARM_fpclassify)
    __ARM_fpclassifyf                        0x0800a041   Thumb Code    38  fpclassifyf.o(i.__ARM_fpclassifyf)
    __kernel_poly                            0x0800a067   Thumb Code   170  poly.o(i.__kernel_poly)
    __mathlib_dbl_infnan                     0x0800a111   Thumb Code     6  dunder.o(i.__mathlib_dbl_infnan)
    __mathlib_dbl_infnan2                    0x0800a117   Thumb Code     4  dunder.o(i.__mathlib_dbl_infnan2)
    __mathlib_dbl_invalid                    0x0800a11b   Thumb Code    12  dunder.o(i.__mathlib_dbl_invalid)
    __mathlib_dbl_underflow                  0x0800a129   Thumb Code    10  dunder.o(i.__mathlib_dbl_underflow)
    __mathlib_flt_infnan2                    0x0800a139   Thumb Code     4  funder.o(i.__mathlib_flt_infnan2)
    __mathlib_flt_underflow                  0x0800a13d   Thumb Code    10  funder.o(i.__mathlib_flt_underflow)
    __scatterload_copy                       0x0800a147   Thumb Code    14  handlers.o(i.__scatterload_copy)
    __scatterload_null                       0x0800a155   Thumb Code     2  handlers.o(i.__scatterload_null)
    __scatterload_zeroinit                   0x0800a157   Thumb Code    14  handlers.o(i.__scatterload_zeroinit)
    __set_errno                              0x0800a165   Thumb Code     6  errno.o(i.__set_errno)
    asin                                     0x0800aa2d   Thumb Code   572  asin.o(i.asin)
    atan                                     0x0800ac9d   Thumb Code   474  atan.o(i.atan)
    atan2                                    0x0800aebd   Thumb Code   374  atan2.o(i.atan2)
    atan2f                                   0x0800b059   Thumb Code   576  atan2f.o(i.atan2f)
    puts                                     0x0800b2e5   Thumb Code    30  puts.o(i.puts)
    sqrt                                     0x0800b309   Thumb Code    76  sqrt.o(i.sqrt)
    __mathlib_zero                           0x0800b440   Data           8  qnan.o(.constdata)
    ascii_1206                               0x0800b468   Data        1140  font.o(.rodata.ascii_1206)
    ascii_1608                               0x0800b8dc   Data        1536  font.o(.rodata.ascii_1608)
    ascii_2412                               0x0800bedc   Data        4560  font.o(.rodata.ascii_2412)
    ascii_3216                               0x0800d0ac   Data        6080  font.o(.rodata.ascii_3216)
    gImage_Competition                       0x0800f474   Data       10374  gui_images.o(.rodata.gImage_Competition)
    hw                                       0x08011cfa   Data          12  inv_mpu.o(.rodata.hw)
    mon_table                                0x08011d06   Data          12  timebase.o(.rodata.mon_table)
    reg                                      0x08011d12   Data          27  inv_mpu.o(.rodata.reg)
    test                                     0x08011d9c   Data          40  inv_mpu.o(.rodata.test)
    Region$$Table$$Base                      0x08011dc4   Number         0  anon$$obj.o(Region$$Table)
    Region$$Table$$Limit                     0x08011de4   Number         0  anon$$obj.o(Region$$Table)
    Flag_Stop                                0x20000004   Data           1  main.o(.data.Flag_Stop)
    Flag_velocity                            0x20000005   Data           1  main.o(.data.Flag_velocity)
    IdentifiedNum                            0x20000008   Data           4  control_1.o(.data.IdentifiedNum)
    JudgingTimes                             0x2000000c   Data           4  control_1.o(.data.JudgingTimes)
    PassCrossTimes                           0x20000020   Data           4  control_1.o(.data.PassCrossTimes)
    Rotate_Turn_Kp                           0x20000024   Data           4  main.o(.data.Rotate_Turn_Kp)
    StopCrossNum                             0x20000028   Data           4  control_1.o(.data.StopCrossNum)
    TargetVelocity                           0x2000002c   Data           4  control_1.o(.data.TargetVelocity)
    TrackFlag                                0x20000030   Data           1  control_1.o(.data.TrackFlag)
    Track_Turn_Kp                            0x20000034   Data           4  main.o(.data.Track_Turn_Kp)
    Velocity_Ki                              0x20000038   Data           4  main.o(.data.Velocity_Ki)
    Velocity_Kp                              0x2000003c   Data           4  main.o(.data.Velocity_Kp)
    Way_Angle                                0x20000040   Data           1  main.o(.data.Way_Angle)
    dt                                       0x2000004c   Data           4  filter_1.o(.data.dt)
    Acceleration_Z                           0x20000080   Data           4  main.o(.bss.Acceleration_Z)
    Angle_Balance                            0x20000084   Data           4  main.o(.bss.Angle_Balance)
    ArrivedCount                             0x20000088   Data           4  control_1.o(.bss.ArrivedCount)
    ArrivedFlag                              0x2000008c   Data           1  control_1.o(.bss.ArrivedFlag)
    ArrivedNum                               0x20000090   Data           4  control_1.o(.bss.ArrivedNum)
    Ch                                       0x20000094   Data           1  drv_uart2.o(.bss.Ch)
    Ci                                       0x20000095   Data           1  drv_uart2.o(.bss.Ci)
    CloseWard                                0x20000096   Data           1  control_1.o(.bss.CloseWard)
    CrossFlag                                0x200000a0   Data           1  control_1.o(.bss.CrossFlag)
    CrossNum                                 0x200000a4   Data           4  control_1.o(.bss.CrossNum)
    Cw                                       0x200000a8   Data           1  drv_uart2.o(.bss.Cw)
    Cx                                       0x200000a9   Data           1  drv_uart2.o(.bss.Cx)
    Cy                                       0x200000aa   Data           1  drv_uart2.o(.bss.Cy)
    Encoder_Left                             0x200000ac   Data           4  main.o(.bss.Encoder_Left)
    Encoder_Right                            0x200000b0   Data           4  main.o(.bss.Encoder_Right)
    ExtLedB                                  0x200000b4   Data           4  drv_led.o(.bss.ExtLedB)
    ExtLedG                                  0x200000b8   Data           4  drv_led.o(.bss.ExtLedG)
    ExtLedR                                  0x200000bc   Data           4  drv_led.o(.bss.ExtLedR)
    Flag_Left                                0x200000c0   Data           1  main.o(.bss.Flag_Left)
    Flag_Right                               0x200000c1   Data           1  main.o(.bss.Flag_Right)
    Flag_back                                0x200000c2   Data           1  main.o(.bss.Flag_back)
    Flag_front                               0x200000c3   Data           1  main.o(.bss.Flag_front)
    Gyro_Balance                             0x200000c4   Data           4  main.o(.bss.Gyro_Balance)
    Gyro_Turn                                0x200000c8   Data           4  main.o(.bss.Gyro_Turn)
    JudgingCount                             0x200000cc   Data           4  control_1.o(.bss.JudgingCount)
    JudgingFlag                              0x200000d0   Data           1  control_1.o(.bss.JudgingFlag)
    Motor_Left                               0x200000f4   Data           4  main.o(.bss.Motor_Left)
    Motor_Right                              0x200000f8   Data           4  main.o(.bss.Motor_Right)
    PassCrossCount                           0x200000fc   Data           4  control_1.o(.bss.PassCrossCount)
    PassCrossFlag                            0x20000100   Data           1  control_1.o(.bss.PassCrossFlag)
    Pitch                                    0x20000104   Data           4  drv_mpu6050.o(.bss.Pitch)
    RCC_CLK                                  0x20000108   Data          20  main.o(.bss.RCC_CLK)
    ReadyStopFlag                            0x2000011c   Data           1  control_1.o(.bss.ReadyStopFlag)
    ReturnFlag                               0x2000011d   Data           1  control_1.o(.bss.ReturnFlag)
    Roll                                     0x20000120   Data           4  drv_mpu6050.o(.bss.Roll)
    Rotate_Turn_Kd                           0x20000124   Data           4  main.o(.bss.Rotate_Turn_Kd)
    Rotate_Turn_Pwm                          0x20000128   Data           4  main.o(.bss.Rotate_Turn_Pwm)
    StopDelayCount                           0x2000012c   Data           4  control_1.o(.bss.StopDelayCount)
    TargetYaw                                0x20000130   Data           4  control_1.o(.bss.TargetYaw)
    Temperature                              0x20000134   Data           4  main.o(.bss.Temperature)
    Trace                                    0x20000138   Data          20  control_1.o(.bss.Trace)
    TracePtr                                 0x2000014c   Data           4  control_1.o(.bss.TracePtr)
    Track_Bias                               0x20000150   Data           4  main.o(.bss.Track_Bias)
    Track_Turn_PWM                           0x20000154   Data           4  main.o(.bss.Track_Turn_PWM)
    Turn180Flag                              0x20000158   Data           1  control_1.o(.bss.Turn180Flag)
    TurnLeft90Flag                           0x20000159   Data           1  control_1.o(.bss.TurnLeft90Flag)
    TurnRight90Flag                          0x2000015a   Data           1  control_1.o(.bss.TurnRight90Flag)
    TurnSignal                               0x2000015c   Data           4  control_1.o(.bss.TurnSignal)
    Velocity_Left                            0x20000160   Data           4  main.o(.bss.Velocity_Left)
    Velocity_Pwm                             0x20000164   Data           4  main.o(.bss.Velocity_Pwm)
    Velocity_Right                           0x20000168   Data           4  main.o(.bss.Velocity_Right)
    Voltage                                  0x2000016c   Data           4  main.o(.bss.Voltage)
    Yaw                                      0x20000170   Data           4  drv_mpu6050.o(.bss.Yaw)
    __global_time::current_time_part_1       0x200001b0   Data           2  timebase.o(.bss._ZN13__global_time19current_time_part_1E)
    __stdout                                 0x20000230   Data          84  usart.o(.bss.__stdout)
    aacx                                     0x20000284   Data           2  drv_mpu6050.o(.bss.aacx)
    aacy                                     0x20000286   Data           2  drv_mpu6050.o(.bss.aacy)
    aacz                                     0x20000288   Data           2  drv_mpu6050.o(.bss.aacz)
    accel                                    0x2000028a   Data           6  drv_mpu6050.o(.bss.accel)
    gyro                                     0x200002a6   Data           6  drv_mpu6050.o(.bss.gyro)
    gyrox                                    0x200002ac   Data           2  drv_mpu6050.o(.bss.gyrox)
    gyroy                                    0x200002ae   Data           2  drv_mpu6050.o(.bss.gyroy)
    gyroz                                    0x200002b0   Data           2  drv_mpu6050.o(.bss.gyroz)
    sensors                                  0x200002b2   Data           2  drv_mpu6050.o(.bss.sensors)
    __initial_sp                             0x200006b8   Data           0  startup_stm32f10x_hd.o(STACK)



==============================================================================

Memory Map of the image

  Image Entry point : 0x08000145

  Load Region LR_1 (Base: 0x08000000, Size: 0x00011e60, Max: 0xffffffff, ABSOLUTE)

    Execution Region ER_RO (Exec base: 0x08000000, Load base: 0x08000000, Size: 0x00011de4, Max: 0xffffffff, ABSOLUTE)

    Exec Addr    Load Addr    Size         Type   Attr      Idx    E Section Name        Object

    0x08000000   0x08000000   0x00000130   Data   RO          328    RESET               startup_stm32f10x_hd.o
    0x08000130   0x08000130   0x00000000   Code   RO         2363  * .ARM.Collect$$$$00000000  mc_w.l(entry.o)
    0x08000130   0x08000130   0x00000004   Code   RO         2813    .ARM.Collect$$$$00000001  mc_w.l(entry2.o)
    0x08000134   0x08000134   0x00000004   Code   RO         2816    .ARM.Collect$$$$00000004  mc_w.l(entry5.o)
    0x08000138   0x08000138   0x00000000   Code   RO         2818    .ARM.Collect$$$$00000008  mc_w.l(entry7b.o)
    0x08000138   0x08000138   0x00000000   Code   RO         2820    .ARM.Collect$$$$0000000A  mc_w.l(entry8b.o)
    0x08000138   0x08000138   0x00000008   Code   RO         2821    .ARM.Collect$$$$0000000B  mc_w.l(entry9a.o)
    0x08000140   0x08000140   0x00000000   Code   RO         2823    .ARM.Collect$$$$0000000D  mc_w.l(entry10a.o)
    0x08000140   0x08000140   0x00000000   Code   RO         2825    .ARM.Collect$$$$0000000F  mc_w.l(entry11a.o)
    0x08000140   0x08000140   0x00000004   Code   RO         2814    .ARM.Collect$$$$00002712  mc_w.l(entry2.o)
    0x08000144   0x08000144   0x00000024   Code   RO          329  * .text               startup_stm32f10x_hd.o
    0x08000168   0x08000168   0x00000062   Code   RO         2370    .text               mc_w.l(ldiv.o)
    0x080001ca   0x080001ca   0x0000001a   Code   RO         2374    .text               mc_w.l(memcmp.o)
    0x080001e4   0x080001e4   0x000000b0   Code   RO         2637    .text               mf_w.l(fadd.o)
    0x08000294   0x08000294   0x00000064   Code   RO         2639    .text               mf_w.l(fmul.o)
    0x080002f8   0x080002f8   0x0000007c   Code   RO         2641    .text               mf_w.l(fdiv.o)
    0x08000374   0x08000374   0x0000014e   Code   RO         2643    .text               mf_w.l(dadd.o)
    0x080004c2   0x080004c2   0x000000e4   Code   RO         2645    .text               mf_w.l(dmul.o)
    0x080005a6   0x080005a6   0x000000de   Code   RO         2647    .text               mf_w.l(ddiv.o)
    0x08000684   0x08000684   0x0000001c   Code   RO         2649    .text               mf_w.l(fcmple.o)
    0x080006a0   0x080006a0   0x0000001c   Code   RO         2651    .text               mf_w.l(fcmplt.o)
    0x080006bc   0x080006bc   0x0000001c   Code   RO         2653    .text               mf_w.l(fcmpge.o)
    0x080006d8   0x080006d8   0x0000001c   Code   RO         2655    .text               mf_w.l(fcmpgt.o)
    0x080006f4   0x080006f4   0x0000001c   Code   RO         2657    .text               mf_w.l(fcmpeq.o)
    0x08000710   0x08000710   0x00000036   Code   RO         2659    .text               mf_w.l(dcmple.o)
    0x08000746   0x08000746   0x00000036   Code   RO         2661    .text               mf_w.l(dcmpge.o)
    0x0800077c   0x0800077c   0x00000012   Code   RO         2663    .text               mf_w.l(fflti.o)
    0x0800078e   0x0800078e   0x0000000a   Code   RO         2665    .text               mf_w.l(ffltui.o)
    0x08000798   0x08000798   0x00000022   Code   RO         2667    .text               mf_w.l(dflti.o)
    0x080007ba   0x080007ba   0x0000001a   Code   RO         2669    .text               mf_w.l(dfltui.o)
    0x080007d4   0x080007d4   0x00000032   Code   RO         2671    .text               mf_w.l(ffixi.o)
    0x08000806   0x08000806   0x00000028   Code   RO         2673    .text               mf_w.l(ffixui.o)
    0x0800082e   0x0800082e   0x0000003e   Code   RO         2675    .text               mf_w.l(dfixi.o)
    0x0800086c   0x0800086c   0x00000032   Code   RO         2677    .text               mf_w.l(dfixui.o)
    0x0800089e   0x0800089e   0x00000026   Code   RO         2679    .text               mf_w.l(f2d.o)
    0x080008c4   0x080008c4   0x00000038   Code   RO         2681    .text               mf_w.l(d2f.o)
    0x080008fc   0x080008fc   0x0000002c   Code   RO         2827    .text               mc_w.l(uidiv.o)
    0x08000928   0x08000928   0x00000062   Code   RO         2829    .text               mc_w.l(uldiv.o)
    0x0800098a   0x0800098a   0x0000001e   Code   RO         2831    .text               mc_w.l(llshl.o)
    0x080009a8   0x080009a8   0x00000020   Code   RO         2833    .text               mc_w.l(llushr.o)
    0x080009c8   0x080009c8   0x00000024   Code   RO         2835    .text               mc_w.l(llsshr.o)
    0x080009ec   0x080009ec   0x00000000   Code   RO         2846    .text               mc_w.l(iusefp.o)
    0x080009ec   0x080009ec   0x0000006e   Code   RO         2847    .text               mf_w.l(fepilogue.o)
    0x08000a5a   0x08000a5a   0x000000ba   Code   RO         2851    .text               mf_w.l(depilogue.o)
    0x08000b14   0x08000b14   0x0000002e   Code   RO         2853    .text               mf_w.l(dscalb.o)
    0x08000b42   0x08000b42   0x00000030   Code   RO         2855    .text               mf_w.l(dfixul.o)
    0x08000b72   0x08000b72   0x00000002   PAD
    0x08000b74   0x08000b74   0x00000030   Code   RO         2857    .text               mf_w.l(cdcmple.o)
    0x08000ba4   0x08000ba4   0x00000030   Code   RO         2859    .text               mf_w.l(cdrcmple.o)
    0x08000bd4   0x08000bd4   0x00000024   Code   RO         2862    .text               mc_w.l(init.o)
    0x08000bf8   0x08000bf8   0x00000018   Code   RO         2868    .text               mf_w.l(fscalb.o)
    0x08000c10   0x08000c10   0x000000a2   Code   RO         2870    .text               mf_w.l(dsqrt.o)
    0x08000cb2   0x08000cb2   0x00000002   PAD
    0x08000cb4   0x08000cb4   0x00000012   Code   RO          363    .text.ADC_Cmd       stm32f10x_adc.o
    0x08000cc6   0x08000cc6   0x00000002   PAD
    0x08000cc8   0x08000cc8   0x00000060   Code   RO          357    .text.ADC_DeInit    stm32f10x_adc.o
    0x08000d28   0x08000d28   0x00000008   Code   RO          375    .text.ADC_GetCalibrationStatus  stm32f10x_adc.o
    0x08000d30   0x08000d30   0x00000006   Code   RO          389    .text.ADC_GetConversionValue  stm32f10x_adc.o
    0x08000d36   0x08000d36   0x00000002   PAD
    0x08000d38   0x08000d38   0x0000000a   Code   RO          421    .text.ADC_GetFlagStatus  stm32f10x_adc.o
    0x08000d42   0x08000d42   0x00000002   PAD
    0x08000d44   0x08000d44   0x00000008   Code   RO          371    .text.ADC_GetResetCalibrationStatus  stm32f10x_adc.o
    0x08000d4c   0x08000d4c   0x00000052   Code   RO          359    .text.ADC_Init      stm32f10x_adc.o
    0x08000d9e   0x08000d9e   0x00000002   PAD
    0x08000da0   0x08000da0   0x00000066   Code   RO          385    .text.ADC_RegularChannelConfig  stm32f10x_adc.o
    0x08000e06   0x08000e06   0x00000002   PAD
    0x08000e08   0x08000e08   0x0000000a   Code   RO          369    .text.ADC_ResetCalibration  stm32f10x_adc.o
    0x08000e12   0x08000e12   0x00000002   PAD
    0x08000e14   0x08000e14   0x00000012   Code   RO          377    .text.ADC_SoftwareStartConvCmd  stm32f10x_adc.o
    0x08000e26   0x08000e26   0x00000002   PAD
    0x08000e28   0x08000e28   0x0000000a   Code   RO          373    .text.ADC_StartCalibration  stm32f10x_adc.o
    0x08000e32   0x08000e32   0x00000002   PAD
    0x08000e34   0x08000e34   0x00000002   Code   RO          222    .text.BusFault_Handler  stm32f10x_it.o
    0x08000e36   0x08000e36   0x00000002   PAD
    0x08000e38   0x08000e38   0x0000004a   Code   RO         2116    .text.Complementary_Filter_x  filter_1.o
    0x08000e82   0x08000e82   0x00000002   PAD
    0x08000e84   0x08000e84   0x0000004a   Code   RO         2120    .text.Complementary_Filter_y  filter_1.o
    0x08000ece   0x08000ece   0x00000002   PAD
    0x08000ed0   0x08000ed0   0x00000002   Code   RO          226    .text.DebugMon_Handler  stm32f10x_it.o
    0x08000ed2   0x08000ed2   0x00000002   PAD
    0x08000ed4   0x08000ed4   0x000002de   Code   RO          828    .text.GPIO_Init     stm32f10x_gpio.o
    0x080011b2   0x080011b2   0x00000002   PAD
    0x080011b4   0x080011b4   0x0000006e   Code   RO          854    .text.GPIO_PinRemapConfig  stm32f10x_gpio.o
    0x08001222   0x08001222   0x00000002   PAD
    0x08001224   0x08001224   0x00000004   Code   RO          842    .text.GPIO_ResetBits  stm32f10x_gpio.o
    0x08001228   0x08001228   0x00000004   Code   RO          840    .text.GPIO_SetBits  stm32f10x_gpio.o
    0x0800122c   0x0800122c   0x00000266   Code   RO         1887    .text.Get_Angle     drv_mpu6050.o
    0x08001492   0x08001492   0x00000002   PAD
    0x08001494   0x08001494   0x00000250   Code   RO          100    .text.Get_RTC_Time  timebase.o
    0x080016e4   0x080016e4   0x00000002   Code   RO          218    .text.HardFault_Handler  stm32f10x_it.o
    0x080016e6   0x080016e6   0x00000002   PAD
    0x080016e8   0x080016e8   0x00000006   Code   RO         1917    .text.IIC_Delay     drv_extiic.o
    0x080016ee   0x080016ee   0x00000002   PAD
    0x080016f0   0x080016f0   0x0000003c   Code   RO         1931    .text.IIC_Init      drv_extiic.o
    0x0800172c   0x0800172c   0x00000190   Code   RO         1927    .text.IIC_Read_Byte  drv_extiic.o
    0x080018bc   0x080018bc   0x00000110   Code   RO         1923    .text.IIC_Send_Byte  drv_extiic.o
    0x080019cc   0x080019cc   0x0000003c   Code   RO         1921    .text.IIC_Start     drv_extiic.o
    0x08001a08   0x08001a08   0x0000003e   Code   RO         1929    .text.IIC_Stop      drv_extiic.o
    0x08001a46   0x08001a46   0x00000002   PAD
    0x08001a48   0x08001a48   0x00000096   Code   RO         1925    .text.IIC_Wait_Ack  drv_extiic.o
    0x08001ade   0x08001ade   0x00000002   PAD
    0x08001ae0   0x08001ae0   0x00000028   Code   RO          284    .text.JTAG_Set      sys.o
    0x08001b08   0x08001b08   0x0000017c   Code   RO         2114    .text.Kalman_Filter_x  filter_1.o
    0x08001c84   0x08001c84   0x0000017c   Code   RO         2118    .text.Kalman_Filter_y  filter_1.o
    0x08001e00   0x08001e00   0x000000be   Code   RO         1875    .text.MPU_Get_Temperature  drv_mpu6050.o
    0x08001ebe   0x08001ebe   0x00000002   PAD
    0x08001ec0   0x08001ec0   0x000000a0   Code   RO         1865    .text.MPU_Init      drv_mpu6050.o
    0x08001f60   0x08001f60   0x00000002   Code   RO          220    .text.MemManage_Handler  stm32f10x_it.o
    0x08001f62   0x08001f62   0x00000002   PAD
    0x08001f64   0x08001f64   0x00000002   Code   RO          216    .text.NMI_Handler   stm32f10x_it.o
    0x08001f66   0x08001f66   0x00000002   PAD
    0x08001f68   0x08001f68   0x00000060   Code   RO          338    .text.NVIC_Init     misc.o
    0x08001fc8   0x08001fc8   0x00000014   Code   RO          336    .text.NVIC_PriorityGroupConfig  misc.o
    0x08001fdc   0x08001fdc   0x00000014   Code   RO         1030    .text.RCC_ADCCLKConfig  stm32f10x_rcc.o
    0x08001ff0   0x08001ff0   0x00000018   Code   RO         1046    .text.RCC_APB1PeriphClockCmd  stm32f10x_rcc.o
    0x08002008   0x08002008   0x00000018   Code   RO         1044    .text.RCC_APB2PeriphClockCmd  stm32f10x_rcc.o
    0x08002020   0x08002020   0x00000018   Code   RO         1048    .text.RCC_APB2PeriphResetCmd  stm32f10x_rcc.o
    0x08002038   0x08002038   0x000000b0   Code   RO         1040    .text.RCC_GetClocksFreq  stm32f10x_rcc.o
    0x080020e8   0x080020e8   0x00000148   Code   RO         1939    .text.Read_Len      drv_extiic.o
    0x08002230   0x08002230   0x000003ca   Code   RO           92    .text.SystemClock_Config  timebase.o
    0x080025fa   0x080025fa   0x00000002   PAD
    0x080025fc   0x080025fc   0x00000156   Code   RO          238    .text.SystemInit    system_stm32f10x.o
    0x08002752   0x08002752   0x00000002   PAD
    0x08002754   0x08002754   0x00000026   Code   RO          104    .text.TIM2_IRQHandler  timebase.o
    0x0800277a   0x0800277a   0x00000002   PAD
    0x0800277c   0x0800277c   0x00000014   Code   RO         1960    .text.TIM3_IRQHandler  drv_encoder.o
    0x08002790   0x08002790   0x00000014   Code   RO         1958    .text.TIM4_IRQHandler  drv_encoder.o
    0x080027a4   0x080027a4   0x00000850   Code   RO         2169    .text.TIM8_UP_IRQHandler  control_1.o
    0x08002ff4   0x08002ff4   0x00000012   Code   RO         1318    .text.TIM_ARRPreloadConfig  stm32f10x_tim.o
    0x08003006   0x08003006   0x00000002   PAD
    0x08003008   0x08003008   0x00000006   Code   RO         1412    .text.TIM_ClearFlag  stm32f10x_tim.o
    0x0800300e   0x0800300e   0x00000002   PAD
    0x08003010   0x08003010   0x00000006   Code   RO         1416    .text.TIM_ClearITPendingBit  stm32f10x_tim.o
    0x08003016   0x08003016   0x00000002   PAD
    0x08003018   0x08003018   0x00000012   Code   RO         1278    .text.TIM_Cmd       stm32f10x_tim.o
    0x0800302a   0x0800302a   0x00000002   PAD
    0x0800302c   0x0800302c   0x00000018   Code   RO         1280    .text.TIM_CtrlPWMOutputs  stm32f10x_tim.o
    0x08003044   0x08003044   0x00000038   Code   RO         1308    .text.TIM_EncoderInterfaceConfig  stm32f10x_tim.o
    0x0800307c   0x0800307c   0x0000000a   Code   RO         1410    .text.TIM_GetFlagStatus  stm32f10x_tim.o
    0x08003086   0x08003086   0x00000002   PAD
    0x08003088   0x08003088   0x00000292   Code   RO         1256    .text.TIM_ICInit    stm32f10x_tim.o
    0x0800331a   0x0800331a   0x00000002   PAD
    0x0800331c   0x0800331c   0x0000000c   Code   RO         1274    .text.TIM_ICStructInit  stm32f10x_tim.o
    0x08003328   0x08003328   0x00000010   Code   RO         1282    .text.TIM_ITConfig  stm32f10x_tim.o
    0x08003338   0x08003338   0x00000072   Code   RO         1248    .text.TIM_OC1Init   stm32f10x_tim.o
    0x080033aa   0x080033aa   0x00000002   PAD
    0x080033ac   0x080033ac   0x0000000c   Code   RO         1326    .text.TIM_OC1PreloadConfig  stm32f10x_tim.o
    0x080033b8   0x080033b8   0x0000007a   Code   RO         1250    .text.TIM_OC2Init   stm32f10x_tim.o
    0x08003432   0x08003432   0x00000002   PAD
    0x08003434   0x08003434   0x0000000e   Code   RO         1328    .text.TIM_OC2PreloadConfig  stm32f10x_tim.o
    0x08003442   0x08003442   0x00000002   PAD
    0x08003444   0x08003444   0x0000007a   Code   RO         1252    .text.TIM_OC3Init   stm32f10x_tim.o
    0x080034be   0x080034be   0x00000002   PAD
    0x080034c0   0x080034c0   0x0000000c   Code   RO         1330    .text.TIM_OC3PreloadConfig  stm32f10x_tim.o
    0x080034cc   0x080034cc   0x00000060   Code   RO         1254    .text.TIM_OC4Init   stm32f10x_tim.o
    0x0800352c   0x0800352c   0x0000000e   Code   RO         1332    .text.TIM_OC4PreloadConfig  stm32f10x_tim.o
    0x0800353a   0x0800353a   0x00000002   PAD
    0x0800353c   0x0800353c   0x00000004   Code   RO         1392    .text.TIM_SetCompare3  stm32f10x_tim.o
    0x08003540   0x08003540   0x00000006   Code   RO         1394    .text.TIM_SetCompare4  stm32f10x_tim.o
    0x08003546   0x08003546   0x00000002   PAD
    0x08003548   0x08003548   0x00000004   Code   RO         1384    .text.TIM_SetCounter  stm32f10x_tim.o
    0x0800354c   0x0800354c   0x000000aa   Code   RO         1246    .text.TIM_TimeBaseInit  stm32f10x_tim.o
    0x080035f6   0x080035f6   0x00000002   PAD
    0x080035f8   0x080035f8   0x0000000e   Code   RO         1270    .text.TIM_TimeBaseStructInit  stm32f10x_tim.o
    0x08003606   0x08003606   0x00000002   PAD
    0x08003608   0x08003608   0x00000188   Code   RO         1975    .text.USART1_IRQHandler  drv_uart1.o
    0x08003790   0x08003790   0x0000027c   Code   RO         1995    .text.USART2_IRQHandler  drv_uart2.o
    0x08003a0c   0x08003a0c   0x000001ee   Code   RO         2021    .text.USART3_IRQHandler  drv_uart3.o
    0x08003bfa   0x08003bfa   0x00000002   PAD
    0x08003bfc   0x08003bfc   0x0000000e   Code   RO         1485    .text.USART_ClearITPendingBit  stm32f10x_usart.o
    0x08003c0a   0x08003c0a   0x00000002   PAD
    0x08003c0c   0x08003c0c   0x00000012   Code   RO         1439    .text.USART_Cmd     stm32f10x_usart.o
    0x08003c1e   0x08003c1e   0x00000002   PAD
    0x08003c20   0x08003c20   0x00000042   Code   RO         1483    .text.USART_GetITStatus  stm32f10x_usart.o
    0x08003c62   0x08003c62   0x00000002   PAD
    0x08003c64   0x08003c64   0x0000002e   Code   RO         1441    .text.USART_ITConfig  stm32f10x_usart.o
    0x08003c92   0x08003c92   0x00000002   PAD
    0x08003c94   0x08003c94   0x000000aa   Code   RO         1431    .text.USART_Init    stm32f10x_usart.o
    0x08003d3e   0x08003d3e   0x00000002   PAD
    0x08003d40   0x08003d40   0x00000008   Code   RO         1457    .text.USART_ReceiveData  stm32f10x_usart.o
    0x08003d48   0x08003d48   0x00000002   Code   RO          224    .text.UsageFault_Handler  stm32f10x_it.o
    0x08003d4a   0x08003d4a   0x00000002   PAD
    0x08003d4c   0x08003d4c   0x00000046   Code   RO         1861    .text.Write_Byte    drv_mpu6050.o
    0x08003d92   0x08003d92   0x00000002   PAD
    0x08003d94   0x08003d94   0x00000138   Code   RO         1937    .text.Write_Len     drv_extiic.o
    0x08003ecc   0x08003ecc   0x00001620   Code   RO           59    .text._Z10GUI_Serverv  gui.o
    0x080054ec   0x080054ec   0x000000c8   Code   RO         2181    .text._Z10RotateTurnf  control_1.o
    0x080055b4   0x080055b4   0x00000020   Code   RO           10    .text._Z10init_Basicv  basic.o
    0x080055d4   0x080055d4   0x00000014   Code   RO         1762    .text._Z11LCD_WR_DATAt  drv_lcd.o
    0x080055e8   0x080055e8   0x0000014e   Code   RO           47    .text._Z12LCD_ShowChartthtthh  gui.o
    0x08005736   0x08005736   0x00000002   PAD
    0x08005738   0x08005738   0x00000004   Code   RO         1760    .text._Z12LCD_WR_DATA8h  drv_lcd.o
    0x0800573c   0x0800573c   0x00000154   Code   RO         1758    .text._Z12LCD_Writ_Bush  drv_lcd.o
    0x08005890   0x08005890   0x0000002c   Code   RO         1956    .text._Z12Read_Encoderh  drv_encoder.o
    0x080058bc   0x080058bc   0x00000082   Code   RO         2061    .text._Z12init_drv_ADCv  drv_adc.o
    0x0800593e   0x0800593e   0x00000002   PAD
    0x08005940   0x08005940   0x00000042   Code   RO         1787    .text._Z12init_drv_Keyv  drv_key.o
    0x08005982   0x08005982   0x00000002   PAD
    0x08005984   0x08005984   0x0000028e   Code   RO         1768    .text._Z12init_drv_LCDv  drv_lcd.o
    0x08005c12   0x08005c12   0x00000002   PAD
    0x08005c14   0x08005c14   0x000000da   Code   RO         1727    .text._Z12init_drv_LEDv  drv_led.o
    0x08005cee   0x08005cee   0x00000002   PAD
    0x08005cf0   0x08005cf0   0x0000007a   Code   RO         1756    .text._Z13LCD_GPIO_Initv  drv_lcd.o
    0x08005d6a   0x08005d6a   0x00000002   PAD
    0x08005d6c   0x08005d6c   0x00000018   Code   RO          126    .text._Z13sendLedSignal9LEDSignal  commulink.o
    0x08005d84   0x08005d84   0x00000044   Code   RO           49    .text._Z14LCD_ShowStringttPKctthh  gui.o
    0x08005dc8   0x08005dc8   0x000000f4   Code   RO         1781    .text._Z14click_N_Doublet  drv_key.o
    0x08005ebc   0x08005ebc   0x00000060   Code   RO         1846    .text._Z14init_drv_Motorv  drv_pwmout.o
    0x08005f1c   0x08005f1c   0x000000a4   Code   RO         1993    .text._Z14init_drv_Uart2j  drv_uart2.o
    0x08005fc0   0x08005fc0   0x000000ac   Code   RO         2019    .text._Z14init_drv_Uart3j  drv_uart3.o
    0x0800606c   0x0800606c   0x000000a0   Code   RO         2039    .text._Z14init_drv_Uart4j  drv_uart4.o
    0x0800610c   0x0800610c   0x000000ee   Code   RO         1719    .text._Z14set_BuzzerFreqt  drv_led.o
    0x080061fa   0x080061fa   0x00000002   PAD
    0x080061fc   0x080061fc   0x0000008e   Code   RO         1766    .text._Z15LCD_Address_Settttt  drv_lcd.o
    0x0800628a   0x0800628a   0x00000002   PAD
    0x0800628c   0x0800628c   0x000000cc   Code   RO         1848    .text._Z15init_drv_PWMOutv  drv_pwmout.o
    0x08006358   0x08006358   0x00000016   Code   RO         1721    .text._Z15set_BuzzerOnOffb  drv_led.o
    0x0800636e   0x0800636e   0x00000002   PAD
    0x08006370   0x08006370   0x0000061a   Code   RO          132    .text._Z16Commulink_Serverv  commulink.o
    0x0800698a   0x0800698a   0x00000002   PAD
    0x0800698c   0x0800698c   0x00000090   Code   RO         2059    .text._Z16Get_battery_voltv  drv_adc.o
    0x08006a1c   0x08006a1c   0x00000012   Code   RO         1828    .text._Z16init_drv_Sensorsv  drv_sensors.o
    0x08006a2e   0x08006a2e   0x00000002   PAD
    0x08006a30   0x08006a30   0x00000156   Code   RO         1717    .text._Z17set_LedBrightnessfff  drv_led.o
    0x08006b86   0x08006b86   0x00000002   PAD
    0x08006b88   0x08006b88   0x000000a0   Code   RO         1952    .text._Z21drv_Encoder_Init_TIM3v  drv_encoder.o
    0x08006c28   0x08006c28   0x0000009e   Code   RO         1954    .text._Z21drv_Encoder_Init_TIM4v  drv_encoder.o
    0x08006cc6   0x08006cc6   0x00000002   PAD
    0x08006cc8   0x08006cc8   0x0000003e   Code   RO         2197    .text._Z22init_drv_ControlSystemv  control_1.o
    0x08006d06   0x08006d06   0x00000002   PAD
    0x08006d08   0x08006d08   0x000000b6   Code   RO         2177    .text._Z25Get_Velocity_Form_Encoderii  control_1.o
    0x08006dbe   0x08006dbe   0x00000002   PAD
    0x08006dc0   0x08006dc0   0x0000000c   Code   RO            2    .text._Z26getInitializationCompletedv  basic.o
    0x08006dcc   0x08006dcc   0x0000001e   Code   RO            4    .text._Z26setInitializationCompletedv  basic.o
    0x08006dea   0x08006dea   0x00000002   PAD
    0x08006dec   0x08006dec   0x00000008   Code   RO         2173    .text._Z5myabsi     control_1.o
    0x08006df4   0x08006df4   0x0000016a   Code   RO         2179    .text._Z8Velocityii  control_1.o
    0x08006f5e   0x08006f5e   0x00000002   PAD
    0x08006f60   0x08006f60   0x000006cc   Code   RO           61    .text._Z8init_GUIv  gui.o
    0x0800762c   0x0800762c   0x00000038   Code   RO         1725    .text._Z9Led_Flasht  drv_led.o
    0x08007664   0x08007664   0x00000086   Code   RO         2183    .text._Z9TrackTurnf  control_1.o
    0x080076ea   0x080076ea   0x00000002   PAD
    0x080076ec   0x080076ec   0x00000028   Code   RO          255    .text.delay_init    delay.o
    0x08007714   0x08007714   0x00000058   Code   RO          259    .text.delay_ms      delay.o
    0x0800776c   0x0800776c   0x00000054   Code   RO          257    .text.delay_us      delay.o
    0x080077c0   0x080077c0   0x000002aa   Code   RO         1673    .text.dmp_enable_feature  inv_mpu_dmp_motion_driver.o
    0x08007a6a   0x08007a6a   0x00000002   PAD
    0x08007a6c   0x08007a6c   0x00000016   Code   RO         1637    .text.dmp_load_motion_driver_firmware  inv_mpu_dmp_motion_driver.o
    0x08007a82   0x08007a82   0x00000002   PAD
    0x08007a84   0x08007a84   0x000001f4   Code   RO         1685    .text.dmp_read_fifo  inv_mpu_dmp_motion_driver.o
    0x08007c78   0x08007c78   0x000000d0   Code   RO         1643    .text.dmp_set_accel_bias  inv_mpu_dmp_motion_driver.o
    0x08007d48   0x08007d48   0x00000056   Code   RO         1645    .text.dmp_set_fifo_rate  inv_mpu_dmp_motion_driver.o
    0x08007d9e   0x08007d9e   0x00000002   PAD
    0x08007da0   0x08007da0   0x000000e4   Code   RO         1641    .text.dmp_set_gyro_bias  inv_mpu_dmp_motion_driver.o
    0x08007e84   0x08007e84   0x000000e4   Code   RO         1639    .text.dmp_set_orientation  inv_mpu_dmp_motion_driver.o
    0x08007f68   0x08007f68   0x0000011e   Code   RO         1649    .text.dmp_set_tap_thresh  inv_mpu_dmp_motion_driver.o
    0x08008086   0x08008086   0x00000002   PAD
    0x08008088   0x08008088   0x0000002e   Code   RO          313    .text.fputc         usart.o
    0x080080b6   0x080080b6   0x00000002   PAD
    0x080080b8   0x080080b8   0x00000354   Code   RO         1593    .text.get_st_biases  inv_mpu.o
    0x0800840c   0x0800840c   0x0000008e   Code   RO          106    .text.init_TimeBase  timebase.o
    0x0800849a   0x0800849a   0x00000002   PAD
    0x0800849c   0x0800849c   0x0000004e   Code   RO         1744    .text.init_drv_Main  drv_main.o
    0x080084ea   0x080084ea   0x00000002   PAD
    0x080084ec   0x080084ec   0x000000a4   Code   RO         1973    .text.init_drv_Uart1  drv_uart1.o
    0x08008590   0x08008590   0x0000003a   Code   RO          154    .text.main          main.o
    0x080085ca   0x080085ca   0x00000002   PAD
    0x080085cc   0x080085cc   0x00000002   Code   RO         1551    .text.mget_ms       inv_mpu.o
    0x080085ce   0x080085ce   0x00000002   PAD
    0x080085d0   0x080085d0   0x000000c0   Code   RO         1539    .text.mpu_configure_fifo  inv_mpu.o
    0x08008690   0x08008690   0x000001e6   Code   RO         1619    .text.mpu_dmp_get_data  inv_mpu.o
    0x08008876   0x08008876   0x00000002   PAD
    0x08008878   0x08008878   0x000000ea   Code   RO         1617    .text.mpu_dmp_init  inv_mpu.o
    0x08008962   0x08008962   0x00000002   PAD
    0x08008964   0x08008964   0x0000003c   Code   RO         1563    .text.mpu_get_accel_fsr  inv_mpu.o
    0x080089a0   0x080089a0   0x0000005a   Code   RO         1575    .text.mpu_get_accel_sens  inv_mpu.o
    0x080089fa   0x080089fa   0x00000002   PAD
    0x080089fc   0x080089fc   0x00000224   Code   RO         1529    .text.mpu_init      inv_mpu.o
    0x08008c20   0x08008c20   0x0000014e   Code   RO         1599    .text.mpu_load_firmware  inv_mpu.o
    0x08008d6e   0x08008d6e   0x00000002   PAD
    0x08008d70   0x08008d70   0x000001ee   Code   RO         1545    .text.mpu_lp_accel_mode  inv_mpu.o
    0x08008f5e   0x08008f5e   0x00000002   PAD
    0x08008f60   0x08008f60   0x000000aa   Code   RO         1585    .text.mpu_read_fifo_stream  inv_mpu.o
    0x0800900a   0x0800900a   0x00000002   PAD
    0x0800900c   0x0800900c   0x00000172   Code   RO         1559    .text.mpu_reset_fifo  inv_mpu.o
    0x0800917e   0x0800917e   0x00000002   PAD
    0x08009180   0x08009180   0x00000948   Code   RO         1589    .text.mpu_run_self_test  inv_mpu.o
    0x08009ac8   0x08009ac8   0x000000e8   Code   RO         1541    .text.mpu_set_bypass  inv_mpu.o
    0x08009bb0   0x08009bb0   0x000000ee   Code   RO         1591    .text.mpu_set_dmp_state  inv_mpu.o
    0x08009c9e   0x08009c9e   0x00000002   PAD
    0x08009ca0   0x08009ca0   0x000000e0   Code   RO         1537    .text.mpu_set_sample_rate  inv_mpu.o
    0x08009d80   0x08009d80   0x000000f6   Code   RO         1543    .text.mpu_set_sensors  inv_mpu.o
    0x08009e76   0x08009e76   0x00000002   PAD
    0x08009e78   0x08009e78   0x00000068   Code   RO         1595    .text.mpu_write_mem  inv_mpu.o
    0x08009ee0   0x08009ee0   0x000000f0   Code   RO         1611    .text.run_self_test  inv_mpu.o
    0x08009fd0   0x08009fd0   0x00000020   Code   RO         2609    i.__0printf         mc_w.l(printfa.o)
    0x08009ff0   0x08009ff0   0x00000028   Code   RO         2611    i.__0sprintf        mc_w.l(printfa.o)
    0x0800a018   0x0800a018   0x00000028   Code   RO         2781    i.__ARM_fpclassify  m_ws.l(fpclassify.o)
    0x0800a040   0x0800a040   0x00000026   Code   RO         2783    i.__ARM_fpclassifyf  m_ws.l(fpclassifyf.o)
    0x0800a066   0x0800a066   0x000000aa   Code   RO         2799    i.__kernel_poly     m_ws.l(poly.o)
    0x0800a110   0x0800a110   0x00000006   Code   RO         2768    i.__mathlib_dbl_infnan  m_ws.l(dunder.o)
    0x0800a116   0x0800a116   0x00000004   Code   RO         2769    i.__mathlib_dbl_infnan2  m_ws.l(dunder.o)
    0x0800a11a   0x0800a11a   0x0000000c   Code   RO         2770    i.__mathlib_dbl_invalid  m_ws.l(dunder.o)
    0x0800a126   0x0800a126   0x00000002   PAD
    0x0800a128   0x0800a128   0x00000010   Code   RO         2773    i.__mathlib_dbl_underflow  m_ws.l(dunder.o)
    0x0800a138   0x0800a138   0x00000004   Code   RO         2787    i.__mathlib_flt_infnan2  m_ws.l(funder.o)
    0x0800a13c   0x0800a13c   0x0000000a   Code   RO         2791    i.__mathlib_flt_underflow  m_ws.l(funder.o)
    0x0800a146   0x0800a146   0x0000000e   Code   RO         2874    i.__scatterload_copy  mc_w.l(handlers.o)
    0x0800a154   0x0800a154   0x00000002   Code   RO         2875    i.__scatterload_null  mc_w.l(handlers.o)
    0x0800a156   0x0800a156   0x0000000e   Code   RO         2876    i.__scatterload_zeroinit  mc_w.l(handlers.o)
    0x0800a164   0x0800a164   0x0000000c   Code   RO         2841    i.__set_errno       mc_w.l(errno.o)
    0x0800a170   0x0800a170   0x00000184   Code   RO         2616    i._fp_digits        mc_w.l(printfa.o)
    0x0800a2f4   0x0800a2f4   0x000006dc   Code   RO         2617    i._printf_core      mc_w.l(printfa.o)
    0x0800a9d0   0x0800a9d0   0x00000024   Code   RO         2618    i._printf_post_padding  mc_w.l(printfa.o)
    0x0800a9f4   0x0800a9f4   0x0000002e   Code   RO         2619    i._printf_pre_padding  mc_w.l(printfa.o)
    0x0800aa22   0x0800aa22   0x0000000a   Code   RO         2621    i._sputc            mc_w.l(printfa.o)
    0x0800aa2c   0x0800aa2c   0x00000270   Code   RO         2318    i.asin              m_ws.l(asin.o)
    0x0800ac9c   0x0800ac9c   0x00000220   Code   RO         2758    i.atan              m_ws.l(atan.o)
    0x0800aebc   0x0800aebc   0x0000019c   Code   RO         2328    i.atan2             m_ws.l(atan2.o)
    0x0800b058   0x0800b058   0x0000028c   Code   RO         2336    i.atan2f            m_ws.l(atan2f.o)
    0x0800b2e4   0x0800b2e4   0x00000024   Code   RO         2366    i.puts              mc_w.l(puts.o)
    0x0800b308   0x0800b308   0x0000004c   Code   RO         2806    i.sqrt              m_ws.l(sqrt.o)
    0x0800b354   0x0800b354   0x00000004   PAD
    0x0800b358   0x0800b358   0x00000050   Data   RO         2319    .constdata          m_ws.l(asin.o)
    0x0800b3a8   0x0800b3a8   0x00000098   Data   RO         2759    .constdata          m_ws.l(atan.o)
    0x0800b440   0x0800b440   0x00000008   Data   RO         2801    .constdata          m_ws.l(qnan.o)
    0x0800b448   0x0800b448   0x00000004   Data   RO         1065    .rodata.ADCPrescTable  stm32f10x_rcc.o
    0x0800b44c   0x0800b44c   0x00000010   Data   RO         1064    .rodata.APBAHBPrescTable  stm32f10x_rcc.o
    0x0800b45c   0x0800b45c   0x0000000c   Data   RO          110    .rodata._ZL10table_week  timebase.o
    0x0800b468   0x0800b468   0x00000474   Data   RO           24    .rodata.ascii_1206  font.o
    0x0800b8dc   0x0800b8dc   0x00000600   Data   RO           25    .rodata.ascii_1608  font.o
    0x0800bedc   0x0800bedc   0x000011d0   Data   RO           26    .rodata.ascii_2412  font.o
    0x0800d0ac   0x0800d0ac   0x000017c0   Data   RO           27    .rodata.ascii_3216  font.o
    0x0800e86c   0x0800e86c   0x00000bf6   Data   RO         1691    .rodata.dmp_memory  inv_mpu_dmp_motion_driver.o
    0x0800f462   0x0800f462   0x0000000c   Data   RO         1694    .rodata.dmp_set_fifo_rate.regs_end  inv_mpu_dmp_motion_driver.o
    0x0800f46e   0x0800f46e   0x00000003   Data   RO         1693    .rodata.dmp_set_orientation.accel_axes  inv_mpu_dmp_motion_driver.o
    0x0800f471   0x0800f471   0x00000003   Data   RO         1692    .rodata.dmp_set_orientation.gyro_axes  inv_mpu_dmp_motion_driver.o
    0x0800f474   0x0800f474   0x00002886   Data   RO           82    .rodata.gImage_Competition  gui_images.o
    0x08011cfa   0x08011cfa   0x0000000c   Data   RO         1622    .rodata.hw          inv_mpu.o
    0x08011d06   0x08011d06   0x0000000c   Data   RO          109    .rodata.mon_table   timebase.o
    0x08011d12   0x08011d12   0x0000001b   Data   RO         1621    .rodata.reg         inv_mpu.o
    0x08011d2d   0x08011d2d   0x00000019   Data   RO           63    .rodata.str1.1      gui.o
    0x08011d46   0x08011d46   0x0000000a   PAD
    0x08011d50   0x08011d50   0x0000004c   Data   RO         1625    .rodata.str1.16     inv_mpu.o
    0x08011d9c   0x08011d9c   0x00000028   Data   RO         1623    .rodata.test        inv_mpu.o
    0x08011dc4   0x08011dc4   0x00000020   Data   RO         2872    Region$$Table       anon$$obj.o


    Execution Region ER_RW (Exec base: 0x20000000, Load base: 0x08011de4, Size: 0x0000007c, Max: 0xffffffff, ABSOLUTE)

    Exec Addr    Load Addr    Size         Type   Attr      Idx    E Section Name        Object

    0x20000000   0x08011de4   0x00000004   Data   RW         2842    .data               mc_w.l(errno.o)
    0x20000004   0x08011de8   0x00000001   Data   RW          162    .data.Flag_Stop     main.o
    0x20000005   0x08011de9   0x00000001   Data   RW          161    .data.Flag_velocity  main.o
    0x20000006   0x08011dea   0x00000002   PAD
    0x20000008   0x08011dec   0x00000004   Data   RW         2208    .data.IdentifiedNum  control_1.o
    0x2000000c   0x08011df0   0x00000004   Data   RW         2228    .data.JudgingTimes  control_1.o
    0x20000010   0x08011df4   0x00000004   Data   RW         2141    .data.Kalman_Filter_x.PP.0.0  filter_1.o
    0x20000014   0x08011df8   0x00000004   Data   RW         2144    .data.Kalman_Filter_x.PP.1.1  filter_1.o
    0x20000018   0x08011dfc   0x00000004   Data   RW         2145    .data.Kalman_Filter_y.PP.0.0  filter_1.o
    0x2000001c   0x08011e00   0x00000004   Data   RW         2148    .data.Kalman_Filter_y.PP.1.1  filter_1.o
    0x20000020   0x08011e04   0x00000004   Data   RW         2233    .data.PassCrossTimes  control_1.o
    0x20000024   0x08011e08   0x00000004   Data   RW          183    .data.Rotate_Turn_Kp  main.o
    0x20000028   0x08011e0c   0x00000004   Data   RW         2207    .data.StopCrossNum  control_1.o
    0x2000002c   0x08011e10   0x00000004   Data   RW         2214    .data.TargetVelocity  control_1.o
    0x20000030   0x08011e14   0x00000001   Data   RW         2215    .data.TrackFlag     control_1.o
    0x20000031   0x08011e15   0x00000003   PAD
    0x20000034   0x08011e18   0x00000004   Data   RW          185    .data.Track_Turn_Kp  main.o
    0x20000038   0x08011e1c   0x00000004   Data   RW          182    .data.Velocity_Ki   main.o
    0x2000003c   0x08011e20   0x00000004   Data   RW          181    .data.Velocity_Kp   main.o
    0x20000040   0x08011e24   0x00000001   Data   RW          156    .data.Way_Angle     main.o
    0x20000041   0x08011e25   0x00000003   PAD
    0x20000044   0x08011e28   0x00000004   Data   RW          134    .data._ZL16ledSignalCounter  commulink.o
    0x20000048   0x08011e2c   0x00000004   Data   RW          136    .data._ZL7ledmode   commulink.o
    0x2000004c   0x08011e30   0x00000004   Data   RW         2134    .data.dt            filter_1.o
    0x20000050   0x08011e34   0x0000002c   Data   RW         1624    .data.st            inv_mpu.o


    Execution Region ER_ZI (Exec base: 0x20000080, Load base: 0x08011e60, Size: 0x00000638, Max: 0xffffffff, ABSOLUTE)

    Exec Addr    Load Addr    Size         Type   Attr      Idx    E Section Name        Object

    0x20000080        -       0x00000004   Zero   RW          178    .bss.Acceleration_Z  main.o
    0x20000084        -       0x00000004   Zero   RW          169    .bss.Angle_Balance  main.o
    0x20000088        -       0x00000004   Zero   RW         2231    .bss.ArrivedCount   control_1.o
    0x2000008c        -       0x00000001   Zero   RW         2223    .bss.ArrivedFlag    control_1.o
    0x2000008d   0x08011e60   0x00000003   PAD
    0x20000090        -       0x00000004   Zero   RW         2229    .bss.ArrivedNum     control_1.o
    0x20000094        -       0x00000001   Zero   RW         2000    .bss.Ch             drv_uart2.o
    0x20000095        -       0x00000001   Zero   RW         2001    .bss.Ci             drv_uart2.o
    0x20000096        -       0x00000001   Zero   RW         2209    .bss.CloseWard      control_1.o
    0x20000097   0x08011e60   0x00000001   PAD
    0x20000098        -       0x00000004   Zero   RW         2137    .bss.Complementary_Filter_x.angle  filter_1.o
    0x2000009c        -       0x00000004   Zero   RW         2140    .bss.Complementary_Filter_y.angle  filter_1.o
    0x200000a0        -       0x00000001   Zero   RW         2219    .bss.CrossFlag      control_1.o
    0x200000a1   0x08011e60   0x00000003   PAD
    0x200000a4        -       0x00000004   Zero   RW         2230    .bss.CrossNum       control_1.o
    0x200000a8        -       0x00000001   Zero   RW         1999    .bss.Cw             drv_uart2.o
    0x200000a9        -       0x00000001   Zero   RW         1997    .bss.Cx             drv_uart2.o
    0x200000aa        -       0x00000001   Zero   RW         1998    .bss.Cy             drv_uart2.o
    0x200000ab   0x08011e60   0x00000001   PAD
    0x200000ac        -       0x00000004   Zero   RW          166    .bss.Encoder_Left   main.o
    0x200000b0        -       0x00000004   Zero   RW          167    .bss.Encoder_Right  main.o
    0x200000b4        -       0x00000004   Zero   RW         1731    .bss.ExtLedB        drv_led.o
    0x200000b8        -       0x00000004   Zero   RW         1730    .bss.ExtLedG        drv_led.o
    0x200000bc        -       0x00000004   Zero   RW         1729    .bss.ExtLedR        drv_led.o
    0x200000c0        -       0x00000001   Zero   RW          159    .bss.Flag_Left      main.o
    0x200000c1        -       0x00000001   Zero   RW          160    .bss.Flag_Right     main.o
    0x200000c2        -       0x00000001   Zero   RW          158    .bss.Flag_back      main.o
    0x200000c3        -       0x00000001   Zero   RW          157    .bss.Flag_front     main.o
    0x200000c4        -       0x00000004   Zero   RW          170    .bss.Gyro_Balance   main.o
    0x200000c8        -       0x00000004   Zero   RW          171    .bss.Gyro_Turn      main.o
    0x200000cc        -       0x00000004   Zero   RW         2227    .bss.JudgingCount   control_1.o
    0x200000d0        -       0x00000001   Zero   RW         2225    .bss.JudgingFlag    control_1.o
    0x200000d1   0x08011e60   0x00000003   PAD
    0x200000d4        -       0x00000004   Zero   RW         2142    .bss.Kalman_Filter_x.PP.0.1  filter_1.o
    0x200000d8        -       0x00000004   Zero   RW         2143    .bss.Kalman_Filter_x.PP.1.0  filter_1.o
    0x200000dc        -       0x00000004   Zero   RW         2136    .bss.Kalman_Filter_x.Q_bias  filter_1.o
    0x200000e0        -       0x00000004   Zero   RW         2135    .bss.Kalman_Filter_x.angle  filter_1.o
    0x200000e4        -       0x00000004   Zero   RW         2146    .bss.Kalman_Filter_y.PP.0.1  filter_1.o
    0x200000e8        -       0x00000004   Zero   RW         2147    .bss.Kalman_Filter_y.PP.1.0  filter_1.o
    0x200000ec        -       0x00000004   Zero   RW         2139    .bss.Kalman_Filter_y.Q_bias  filter_1.o
    0x200000f0        -       0x00000004   Zero   RW         2138    .bss.Kalman_Filter_y.angle  filter_1.o
    0x200000f4        -       0x00000004   Zero   RW          163    .bss.Motor_Left     main.o
    0x200000f8        -       0x00000004   Zero   RW          164    .bss.Motor_Right    main.o
    0x200000fc        -       0x00000004   Zero   RW         2234    .bss.PassCrossCount  control_1.o
    0x20000100        -       0x00000001   Zero   RW         2232    .bss.PassCrossFlag  control_1.o
    0x20000101   0x08011e60   0x00000003   PAD
    0x20000104        -       0x00000004   Zero   RW         1892    .bss.Pitch          drv_mpu6050.o
    0x20000108        -       0x00000014   Zero   RW          177    .bss.RCC_CLK        main.o
    0x2000011c        -       0x00000001   Zero   RW         2211    .bss.ReadyStopFlag  control_1.o
    0x2000011d        -       0x00000001   Zero   RW         2224    .bss.ReturnFlag     control_1.o
    0x2000011e   0x08011e60   0x00000002   PAD
    0x20000120        -       0x00000004   Zero   RW         1893    .bss.Roll           drv_mpu6050.o
    0x20000124        -       0x00000004   Zero   RW          184    .bss.Rotate_Turn_Kd  main.o
    0x20000128        -       0x00000004   Zero   RW          191    .bss.Rotate_Turn_Pwm  main.o
    0x2000012c        -       0x00000004   Zero   RW         2210    .bss.StopDelayCount  control_1.o
    0x20000130        -       0x00000004   Zero   RW         2213    .bss.TargetYaw      control_1.o
    0x20000134        -       0x00000004   Zero   RW          165    .bss.Temperature    main.o
    0x20000138        -       0x00000014   Zero   RW         2236    .bss.Trace          control_1.o
    0x2000014c        -       0x00000004   Zero   RW         2237    .bss.TracePtr       control_1.o
    0x20000150        -       0x00000004   Zero   RW          172    .bss.Track_Bias     main.o
    0x20000154        -       0x00000004   Zero   RW          192    .bss.Track_Turn_PWM  main.o
    0x20000158        -       0x00000001   Zero   RW         2216    .bss.Turn180Flag    control_1.o
    0x20000159        -       0x00000001   Zero   RW         2217    .bss.TurnLeft90Flag  control_1.o
    0x2000015a        -       0x00000001   Zero   RW         2218    .bss.TurnRight90Flag  control_1.o
    0x2000015b   0x08011e60   0x00000001   PAD
    0x2000015c        -       0x00000004   Zero   RW         2226    .bss.TurnSignal     control_1.o
    0x20000160        -       0x00000004   Zero   RW          187    .bss.Velocity_Left  main.o
    0x20000164        -       0x00000004   Zero   RW          190    .bss.Velocity_Pwm   main.o
    0x20000168        -       0x00000004   Zero   RW          188    .bss.Velocity_Right  main.o
    0x2000016c        -       0x00000004   Zero   RW          168    .bss.Voltage        main.o
    0x20000170        -       0x00000004   Zero   RW         1894    .bss.Yaw            drv_mpu6050.o
    0x20000174        -       0x00000002   Zero   RW          141    .bss._ZL10buzzerFreq  commulink.o
    0x20000176        -       0x00000001   Zero   RW           12    .bss._ZL23InitializationCompleted  basic.o
    0x20000177   0x08011e60   0x00000001   PAD
    0x20000178        -       0x00000002   Zero   RW           13    .bss._ZL25InitializationStatus_Lock  basic.o
    0x2000017a   0x08011e60   0x00000002   PAD
    0x2000017c        -       0x00000004   Zero   RW          139    .bss._ZL4ledB       commulink.o
    0x20000180        -       0x00000004   Zero   RW          138    .bss._ZL4ledG       commulink.o
    0x20000184        -       0x00000004   Zero   RW          137    .bss._ZL4ledR       commulink.o
    0x20000188        -       0x00000001   Zero   RW         1981    .bss._ZL7readNum    drv_uart1.o
    0x20000189        -       0x00000001   Zero   RW         2027    .bss._ZL7readNum    drv_uart3.o
    0x2000018a   0x08011e60   0x00000006   PAD
    0x20000190        -       0x00000018   Zero   RW          114    .bss._ZL8RTC_Time   timebase.o
    0x200001a8        -       0x00000001   Zero   RW          140    .bss._ZL8buzzerOn   commulink.o
    0x200001a9   0x08011e60   0x00000003   PAD
    0x200001ac        -       0x00000004   Zero   RW          135    .bss._ZL9ledSignal  commulink.o
    0x200001b0        -       0x00000002   Zero   RW          111    .bss._ZN13__global_time19current_time_part_1E  timebase.o
    0x200001b2        -       0x00000002   Zero   RW          113    .bss._ZZ12Get_RTC_TimeE6daycnt  timebase.o
    0x200001b4        -       0x00000002   Zero   RW         1792    .bss._ZZ14click_N_DoubletE10double_key  drv_key.o
    0x200001b6        -       0x00000002   Zero   RW         1793    .bss._ZZ14click_N_DoubletE12count_single  drv_key.o
    0x200001b8        -       0x00000002   Zero   RW         1794    .bss._ZZ14click_N_DoubletE13Forever_count  drv_key.o
    0x200001ba        -       0x00000001   Zero   RW         1790    .bss._ZZ14click_N_DoubletE8flag_key  drv_key.o
    0x200001bb   0x08011e60   0x00000001   PAD
    0x200001bc        -       0x00000001   Zero   RW         1791    .bss._ZZ14click_N_DoubletE9count_key  drv_key.o
    0x200001bd        -       0x00000001   Zero   RW         1977    .bss._ZZ17USART1_IRQHandlerE10RxCounter1  drv_uart1.o
    0x200001be        -       0x00000001   Zero   RW         1980    .bss._ZZ17USART1_IRQHandlerE7RxFlag1  drv_uart1.o
    0x200001bf        -       0x00000001   Zero   RW         1979    .bss._ZZ17USART1_IRQHandlerE7RxState  drv_uart1.o
    0x200001c0        -       0x00000014   Zero   RW         1978    .bss._ZZ17USART1_IRQHandlerE9RxBuffer1  drv_uart1.o
    0x200001d4        -       0x00000001   Zero   RW         2004    .bss._ZZ17USART2_IRQHandlerE10RxCounter1  drv_uart2.o
    0x200001d5        -       0x00000001   Zero   RW         2007    .bss._ZZ17USART2_IRQHandlerE7RxFlag1  drv_uart2.o
    0x200001d6        -       0x00000001   Zero   RW         2006    .bss._ZZ17USART2_IRQHandlerE7RxState  drv_uart2.o
    0x200001d7   0x08011e60   0x00000001   PAD
    0x200001d8        -       0x00000018   Zero   RW         2005    .bss._ZZ17USART2_IRQHandlerE9RxBuffer1  drv_uart2.o
    0x200001f0        -       0x00000001   Zero   RW         2023    .bss._ZZ17USART3_IRQHandlerE10RxCounter1  drv_uart3.o
    0x200001f1        -       0x00000001   Zero   RW         2026    .bss._ZZ17USART3_IRQHandlerE7RxFlag1  drv_uart3.o
    0x200001f2        -       0x00000001   Zero   RW         2025    .bss._ZZ17USART3_IRQHandlerE7RxState  drv_uart3.o
    0x200001f3   0x08011e60   0x00000001   PAD
    0x200001f4        -       0x00000014   Zero   RW         2024    .bss._ZZ17USART3_IRQHandlerE9RxBuffer1  drv_uart3.o
    0x20000208        -       0x00000002   Zero   RW          108    .bss._ZZ18SystemClock_ConfigE6daycnt  timebase.o
    0x2000020a        -       0x00000002   Zero   RW         2242    .bss._ZZ7Pick_UpffiiE4flag  control_1.o
    0x2000020c        -       0x00000002   Zero   RW         2243    .bss._ZZ7Pick_UpffiiE6count0  control_1.o
    0x2000020e        -       0x00000002   Zero   RW         2244    .bss._ZZ7Pick_UpffiiE6count1  control_1.o
    0x20000210        -       0x00000002   Zero   RW         2245    .bss._ZZ7Pick_UpffiiE6count2  control_1.o
    0x20000212   0x08011e60   0x00000002   PAD
    0x20000214        -       0x00000001   Zero   RW         2246    .bss._ZZ8Put_DownfiiE4flag  control_1.o
    0x20000215   0x08011e60   0x00000003   PAD
    0x20000218        -       0x00000004   Zero   RW         2247    .bss._ZZ8Put_DownfiiE5count  control_1.o
    0x2000021c        -       0x00000004   Zero   RW         2239    .bss._ZZ8VelocityiiE12encoder_bias  control_1.o
    0x20000220        -       0x00000004   Zero   RW         2240    .bss._ZZ8VelocityiiE16encoder_integral  control_1.o
    0x20000224        -       0x00000004   Zero   RW         1732    .bss._ZZ9Led_FlashtE4temp  drv_led.o
    0x20000228        -       0x00000004   Zero   RW         2241    .bss._ZZ9TrackTurnfE9last_bias  control_1.o
    0x2000022c        -       0x00000004   Zero   RW          142    .bss._ZZL10LEDRefreshfE7counter  commulink.o
    0x20000230        -       0x00000054   Zero   RW          315    .bss.__stdout       usart.o
    0x20000284        -       0x00000002   Zero   RW         1896    .bss.aacx           drv_mpu6050.o
    0x20000286        -       0x00000002   Zero   RW         1897    .bss.aacy           drv_mpu6050.o
    0x20000288        -       0x00000002   Zero   RW         1898    .bss.aacz           drv_mpu6050.o
    0x2000028a        -       0x00000006   Zero   RW         1890    .bss.accel          drv_mpu6050.o
    0x20000290        -       0x00000004   Zero   RW         1698    .bss.dmp.0          inv_mpu_dmp_motion_driver.o
    0x20000294        -       0x00000004   Zero   RW         1699    .bss.dmp.1          inv_mpu_dmp_motion_driver.o
    0x20000298        -       0x00000002   Zero   RW         1700    .bss.dmp.2          inv_mpu_dmp_motion_driver.o
    0x2000029a   0x08011e60   0x00000002   PAD
    0x2000029c        -       0x00000002   Zero   RW         1701    .bss.dmp.3          inv_mpu_dmp_motion_driver.o
    0x2000029e   0x08011e60   0x00000002   PAD
    0x200002a0        -       0x00000002   Zero   RW         1702    .bss.dmp.4          inv_mpu_dmp_motion_driver.o
    0x200002a2        -       0x00000001   Zero   RW         1703    .bss.dmp.5          inv_mpu_dmp_motion_driver.o
    0x200002a3   0x08011e60   0x00000001   PAD
    0x200002a4        -       0x00000001   Zero   RW          262    .bss.fac_ms         delay.o
    0x200002a5        -       0x00000001   Zero   RW          261    .bss.fac_us         delay.o
    0x200002a6        -       0x00000006   Zero   RW         1889    .bss.gyro           drv_mpu6050.o
    0x200002ac        -       0x00000002   Zero   RW         1899    .bss.gyrox          drv_mpu6050.o
    0x200002ae        -       0x00000002   Zero   RW         1900    .bss.gyroy          drv_mpu6050.o
    0x200002b0        -       0x00000002   Zero   RW         1901    .bss.gyroz          drv_mpu6050.o
    0x200002b2        -       0x00000002   Zero   RW         1891    .bss.sensors        drv_mpu6050.o
    0x200002b4   0x08011e60   0x00000004   PAD
    0x200002b8        -       0x00000400   Zero   RW          326    STACK               startup_stm32f10x_hd.o


==============================================================================

Image component sizes


      Code (inc. data)   RO Data    RW Data    ZI Data      Debug   Object Name

        74          0          0          0          3       8463   basic.o
      1586         24          0          8         23      17172   commulink.o
      3076          0          0         21         91      30136   control_1.o
       212          0          0          0          2       1620   delay.o
       274          0          0          0          0       9421   drv_adc.o
       402          0          0          0          0       5372   drv_encoder.o
      1650          0          0          0          0      12834   drv_extiic.o
       310          0          0          0          8      10307   drv_key.o
      1282          0          0          0          0       7812   drv_lcd.o
       876          0          0          0         16      12423   drv_led.o
        78          0          0          0          0       7541   drv_main.o
      1034          0          0          0         38      21034   drv_mpu6050.o
       300          0          0          0          0      11231   drv_pwmout.o
        18          0          0          0          0       7580   drv_sensors.o
       556          8          0          0         24      11581   drv_uart1.o
       800          4          0          0         32      11827   drv_uart2.o
       666          4          0          0         24      11644   drv_uart3.o
       160          0          0          0          0      11459   drv_uart4.o
       908          0          0         20         40       6236   filter_1.o
         0          0      13316          0          0       7705   font.o
      7806         62         25          0          0      42199   gui.o
         0          0      10374          0          0       7823   gui_images.o
      7492        158        155         44          0      27100   inv_mpu.o
      2240          8       3080          0         15      10969   inv_mpu_dmp_motion_driver.o
        58          0          0         19         92      10462   main.o
       116          0          0          0          0       3248   misc.o
        36          8        304          0       1024        800   startup_stm32f10x_hd.o
       368          0          0          0          0       9993   stm32f10x_adc.o
       852          0          0          0          0       8489   stm32f10x_gpio.o
        12          0          0          0          0        923   stm32f10x_it.o
       268          0         20          0          0       8169   stm32f10x_rcc.o
      1528          0          0          0          0      23564   stm32f10x_tim.o
       322          0          0          0          0       8058   stm32f10x_usart.o
        40          0          0          0          0       5557   sys.o
       342          0          0          0          0       2924   system_stm32f10x.o
      1742          0         24          0         30      19950   timebase.o
        46          0          0          0         84       1781   usart.o

    ----------------------------------------------------------------------
     37696        276      27340        120       1592     415407   Object Totals
         0          0         32          0          0          0   (incl. Generated)
       166          0         10          8         46          0   (incl. Padding)

    ----------------------------------------------------------------------

      Code (inc. data)   RO Data    RW Data    ZI Data      Debug   Library Member Name

       624         52         80          0          0        168   asin.o
       544         70        152          0          0        124   atan.o
       412         38          0          0          0        144   atan2.o
       652         76          0          0          0        116   atan2f.o
        38          6          0          0          0        272   dunder.o
        40          0          0          0          0         68   fpclassify.o
        38          0          0          0          0         68   fpclassifyf.o
        14          0          0          0          0        136   funder.o
       170          0          0          0          0         96   poly.o
         0          0          8          0          0          0   qnan.o
        76          0          0          0          0         84   sqrt.o
         0          0          0          0          0          0   entry.o
         0          0          0          0          0          0   entry10a.o
         0          0          0          0          0          0   entry11a.o
         8          4          0          0          0          0   entry2.o
         4          0          0          0          0          0   entry5.o
         0          0          0          0          0          0   entry7b.o
         0          0          0          0          0          0   entry8b.o
         8          4          0          0          0          0   entry9a.o
        12          6          0          4          0         68   errno.o
        30          0          0          0          0          0   handlers.o
        36          8          0          0          0         68   init.o
         0          0          0          0          0          0   iusefp.o
        98          0          0          0          0         84   ldiv.o
        30          0          0          0          0         68   llshl.o
        36          0          0          0          0         68   llsshr.o
        32          0          0          0          0         68   llushr.o
        26          0          0          0          0         80   memcmp.o
      2308         96          0          0          0        604   printfa.o
        36          6          0          0          0         80   puts.o
        44          0          0          0          0         80   uidiv.o
        98          0          0          0          0         92   uldiv.o
        48          0          0          0          0         68   cdcmple.o
        48          0          0          0          0         68   cdrcmple.o
        56          0          0          0          0         88   d2f.o
       334          0          0          0          0        148   dadd.o
        54          0          0          0          0         80   dcmpge.o
        54          0          0          0          0         80   dcmple.o
       222          0          0          0          0        100   ddiv.o
       186          0          0          0          0        176   depilogue.o
        62          0          0          0          0         80   dfixi.o
        50          0          0          0          0         76   dfixui.o
        48          0          0          0          0         68   dfixul.o
        34          0          0          0          0         76   dflti.o
        26          0          0          0          0         76   dfltui.o
       228          0          0          0          0         96   dmul.o
        46          0          0          0          0         80   dscalb.o
       162          0          0          0          0        100   dsqrt.o
        38          0          0          0          0         68   f2d.o
       176          0          0          0          0        140   fadd.o
        28          0          0          0          0         68   fcmpeq.o
        28          0          0          0          0         68   fcmpge.o
        28          0          0          0          0         68   fcmpgt.o
        28          0          0          0          0         68   fcmple.o
        28          0          0          0          0         68   fcmplt.o
       124          0          0          0          0         88   fdiv.o
       110          0          0          0          0        168   fepilogue.o
        50          0          0          0          0         68   ffixi.o
        40          0          0          0          0         68   ffixui.o
        18          0          0          0          0         68   fflti.o
        10          0          0          0          0         68   ffltui.o
       100          0          0          0          0         76   fmul.o
        24          0          0          0          0         68   fscalb.o

    ----------------------------------------------------------------------
      7912        366        240          4          0       5316   Library Totals
        10          0          0          0          0          0   (incl. Padding)

    ----------------------------------------------------------------------

      Code (inc. data)   RO Data    RW Data    ZI Data      Debug   Library Name

      2608        242        240          0          0       1276   m_ws.l
      2806        124          0          4          0       1360   mc_w.l
      2488          0          0          0          0       2680   mf_w.l

    ----------------------------------------------------------------------
      7912        366        240          4          0       5316   Library Totals

    ----------------------------------------------------------------------

==============================================================================


      Code (inc. data)   RO Data    RW Data    ZI Data      Debug   

     45608        642      27580        124       1592     417279   Grand Totals
     45608        642      27580        124       1592     417279   ELF Image Totals
     45608        642      27580        124          0          0   ROM Totals

==============================================================================

    Total RO  Size (Code + RO Data)                73188 (  71.47kB)
    Total RW  Size (RW Data + ZI Data)              1716 (   1.68kB)
    Total ROM Size (Code + RO Data + RW Data)      73312 (  71.59kB)

==============================================================================

