Component: ARM Compiler 6.10.1 Tool: armlink [5d142800]

==============================================================================

Section Cross References

    basic.o(.text._Z26getInitializationCompletedv) refers to basic.o(.bss._ZL23InitializationCompleted) for _ZL23InitializationCompleted
    basic.o(.ARM.exidx.text._Z26getInitializationCompletedv) refers to basic.o(.text._Z26getInitializationCompletedv) for [Anonymous Symbol]
    basic.o(.text._Z26setInitializationCompletedv) refers to basic.o(.bss._ZL25InitializationStatus_Lock) for _ZL25InitializationStatus_Lock
    basic.o(.text._Z26setInitializationCompletedv) refers to basic.o(.bss._ZL23InitializationCompleted) for _ZL23InitializationCompleted
    basic.o(.ARM.exidx.text._Z26setInitializationCompletedv) refers to basic.o(.text._Z26setInitializationCompletedv) for [Anonymous Symbol]
    basic.o(.text._Z24LockInitializationStatusv) refers to basic.o(.bss._ZL25InitializationStatus_Lock) for _ZL25InitializationStatus_Lock
    basic.o(.ARM.exidx.text._Z24LockInitializationStatusv) refers to basic.o(.text._Z24LockInitializationStatusv) for [Anonymous Symbol]
    basic.o(.text._Z26UnLockInitializationStatusv) refers to basic.o(.bss._ZL25InitializationStatus_Lock) for _ZL25InitializationStatus_Lock
    basic.o(.ARM.exidx.text._Z26UnLockInitializationStatusv) refers to basic.o(.text._Z26UnLockInitializationStatusv) for [Anonymous Symbol]
    basic.o(.text._Z10init_Basicv) refers to system_stm32f10x.o(.text.SystemInit) for SystemInit
    basic.o(.text._Z10init_Basicv) refers to delay.o(.text.delay_init) for delay_init
    basic.o(.text._Z10init_Basicv) refers to sys.o(.text.JTAG_Set) for JTAG_Set
    basic.o(.text._Z10init_Basicv) refers to misc.o(.text.NVIC_PriorityGroupConfig) for NVIC_PriorityGroupConfig
    basic.o(.text._Z10init_Basicv) refers to timebase.o(.text.init_TimeBase) for init_TimeBase
    basic.o(.ARM.exidx.text._Z10init_Basicv) refers to Unwind-EHABI.cpp.o(.text.__aeabi_unwind_cpp_pr0) for __aeabi_unwind_cpp_pr0
    basic.o(.ARM.exidx.text._Z10init_Basicv) refers to basic.o(.text._Z10init_Basicv) for [Anonymous Symbol]
    gui.o(.text) refers (Special) to _printf_d.o(.ARM.Collect$$_printf_percent$$00000009) for _printf_d
    gui.o(.text) refers (Special) to _printf_f.o(.ARM.Collect$$_printf_percent$$00000003) for _printf_f
    gui.o(.text) refers (Special) to printf1.o(x$fpl$printf1) for _printf_fp_dec
    gui.o(.text) refers (Special) to _printf_dec.o(.text) for _printf_int_dec
    gui.o(.text) refers (Special) to _printf_percent.o(.ARM.Collect$$_printf_percent$$00000000) for _printf_percent
    gui.o(.text) refers (Special) to _printf_pad.o(.text) for _printf_pre_padding
    gui.o(.text._Z8LCD_Fillttttt) refers (Special) to _printf_d.o(.ARM.Collect$$_printf_percent$$00000009) for _printf_d
    gui.o(.text._Z8LCD_Fillttttt) refers (Special) to _printf_f.o(.ARM.Collect$$_printf_percent$$00000003) for _printf_f
    gui.o(.text._Z8LCD_Fillttttt) refers (Special) to printf1.o(x$fpl$printf1) for _printf_fp_dec
    gui.o(.text._Z8LCD_Fillttttt) refers (Special) to _printf_dec.o(.text) for _printf_int_dec
    gui.o(.text._Z8LCD_Fillttttt) refers (Special) to _printf_percent.o(.ARM.Collect$$_printf_percent$$00000000) for _printf_percent
    gui.o(.text._Z8LCD_Fillttttt) refers (Special) to _printf_pad.o(.text) for _printf_pre_padding
    gui.o(.text._Z8LCD_Fillttttt) refers to drv_lcd.o(.text._Z15LCD_Address_Settttt) for LCD_Address_Set(unsigned short, unsigned short, unsigned short, unsigned short)
    gui.o(.text._Z8LCD_Fillttttt) refers to drv_lcd.o(.text._Z11LCD_WR_DATAt) for LCD_WR_DATA(unsigned short)
    gui.o(.ARM.exidx.text._Z8LCD_Fillttttt) refers (Special) to _printf_d.o(.ARM.Collect$$_printf_percent$$00000009) for _printf_d
    gui.o(.ARM.exidx.text._Z8LCD_Fillttttt) refers (Special) to _printf_f.o(.ARM.Collect$$_printf_percent$$00000003) for _printf_f
    gui.o(.ARM.exidx.text._Z8LCD_Fillttttt) refers (Special) to printf1.o(x$fpl$printf1) for _printf_fp_dec
    gui.o(.ARM.exidx.text._Z8LCD_Fillttttt) refers (Special) to _printf_dec.o(.text) for _printf_int_dec
    gui.o(.ARM.exidx.text._Z8LCD_Fillttttt) refers (Special) to _printf_percent.o(.ARM.Collect$$_printf_percent$$00000000) for _printf_percent
    gui.o(.ARM.exidx.text._Z8LCD_Fillttttt) refers (Special) to _printf_pad.o(.text) for _printf_pre_padding
    gui.o(.ARM.exidx.text._Z8LCD_Fillttttt) refers to Unwind-EHABI.cpp.o(.text.__aeabi_unwind_cpp_pr0) for __aeabi_unwind_cpp_pr0
    gui.o(.ARM.exidx.text._Z8LCD_Fillttttt) refers to gui.o(.text._Z8LCD_Fillttttt) for [Anonymous Symbol]
    gui.o(.text._Z13LCD_DrawPointttt) refers (Special) to _printf_d.o(.ARM.Collect$$_printf_percent$$00000009) for _printf_d
    gui.o(.text._Z13LCD_DrawPointttt) refers (Special) to _printf_f.o(.ARM.Collect$$_printf_percent$$00000003) for _printf_f
    gui.o(.text._Z13LCD_DrawPointttt) refers (Special) to printf1.o(x$fpl$printf1) for _printf_fp_dec
[...]
    Removing stm32f10x_dma.o(.ARM.exidx.text.DMA_Init), (8 bytes).
    Removing stm32f10x_dma.o(.text.DMA_StructInit), (10 bytes).
    Removing stm32f10x_dma.o(.ARM.exidx.text.DMA_StructInit), (8 bytes).
    Removing stm32f10x_dma.o(.text.DMA_Cmd), (22 bytes).
    Removing stm32f10x_dma.o(.ARM.exidx.text.DMA_Cmd), (8 bytes).
    Removing stm32f10x_dma.o(.text.DMA_ITConfig), (16 bytes).
    Removing stm32f10x_dma.o(.ARM.exidx.text.DMA_ITConfig), (8 bytes).
    Removing stm32f10x_dma.o(.text.DMA_SetCurrDataCounter), (4 bytes).
    Removing stm32f10x_dma.o(.ARM.exidx.text.DMA_SetCurrDataCounter), (8 bytes).
    Removing stm32f10x_dma.o(.text.DMA_GetCurrDataCounter), (6 bytes).
    Removing stm32f10x_dma.o(.ARM.exidx.text.DMA_GetCurrDataCounter), (8 bytes).
    Removing stm32f10x_dma.o(.text.DMA_GetFlagStatus), (22 bytes).
    Removing stm32f10x_dma.o(.ARM.exidx.text.DMA_GetFlagStatus), (8 bytes).
    Removing stm32f10x_dma.o(.text.DMA_ClearFlag), (16 bytes).
    Removing stm32f10x_dma.o(.ARM.exidx.text.DMA_ClearFlag), (8 bytes).
    Removing stm32f10x_dma.o(.text.DMA_GetITStatus), (22 bytes).
    Removing stm32f10x_dma.o(.ARM.exidx.text.DMA_GetITStatus), (8 bytes).
    Removing stm32f10x_dma.o(.text.DMA_ClearITPendingBit), (16 bytes).
    Removing stm32f10x_dma.o(.ARM.exidx.text.DMA_ClearITPendingBit), (8 bytes).
    Removing stm32f10x_exti.o(.text), (0 bytes).
    Removing stm32f10x_exti.o(.text.EXTI_DeInit), (30 bytes).
    Removing stm32f10x_exti.o(.ARM.exidx.text.EXTI_DeInit), (8 bytes).
    Removing stm32f10x_exti.o(.text.EXTI_Init), (96 bytes).
    Removing stm32f10x_exti.o(.ARM.exidx.text.EXTI_Init), (8 bytes).
    Removing stm32f10x_exti.o(.text.EXTI_StructInit), (14 bytes).
    Removing stm32f10x_exti.o(.ARM.exidx.text.EXTI_StructInit), (8 bytes).
    Removing stm32f10x_exti.o(.text.EXTI_GenerateSWInterrupt), (16 bytes).
    Removing stm32f10x_exti.o(.ARM.exidx.text.EXTI_GenerateSWInterrupt), (8 bytes).
    Removing stm32f10x_exti.o(.text.EXTI_GetFlagStatus), (18 bytes).
    Removing stm32f10x_exti.o(.ARM.exidx.text.EXTI_GetFlagStatus), (8 bytes).
    Removing stm32f10x_exti.o(.text.EXTI_ClearFlag), (12 bytes).
    Removing stm32f10x_exti.o(.ARM.exidx.text.EXTI_ClearFlag), (8 bytes).
    Removing stm32f10x_exti.o(.text.EXTI_GetITStatus), (28 bytes).
    Removing stm32f10x_exti.o(.ARM.exidx.text.EXTI_GetITStatus), (8 bytes).
    Removing stm32f10x_exti.o(.text.EXTI_ClearITPendingBit), (12 bytes).
    Removing stm32f10x_exti.o(.ARM.exidx.text.EXTI_ClearITPendingBit), (8 bytes).
    Removing stm32f10x_flash.o(.text), (0 bytes).
    Removing stm32f10x_flash.o(.text.FLASH_SetLatency), (20 bytes).
    Removing stm32f10x_flash.o(.ARM.exidx.text.FLASH_SetLatency), (8 bytes).
    Removing stm32f10x_flash.o(.text.FLASH_HalfCycleAccessCmd), (24 bytes).
    Removing stm32f10x_flash.o(.ARM.exidx.text.FLASH_HalfCycleAccessCmd), (8 bytes).
    Removing stm32f10x_flash.o(.text.FLASH_PrefetchBufferCmd), (24 bytes).
    Removing stm32f10x_flash.o(.ARM.exidx.text.FLASH_PrefetchBufferCmd), (8 bytes).
    Removing stm32f10x_flash.o(.text.FLASH_Unlock), (30 bytes).
    Removing stm32f10x_flash.o(.ARM.exidx.text.FLASH_Unlock), (8 bytes).
    Removing stm32f10x_flash.o(.text.FLASH_UnlockBank1), (30 bytes).
    Removing stm32f10x_flash.o(.ARM.exidx.text.FLASH_UnlockBank1), (8 bytes).
    Removing stm32f10x_flash.o(.text.FLASH_Lock), (18 bytes).
    Removing stm32f10x_flash.o(.ARM.exidx.text.FLASH_Lock), (8 bytes).
    Removing stm32f10x_flash.o(.text.FLASH_LockBank1), (18 bytes).
    Removing stm32f10x_flash.o(.ARM.exidx.text.FLASH_LockBank1), (8 bytes).
    Removing stm32f10x_flash.o(.text.FLASH_ErasePage), (240 bytes).
    Removing stm32f10x_flash.o(.ARM.exidx.text.FLASH_ErasePage), (8 bytes).
    Removing stm32f10x_flash.o(.text.FLASH_WaitForLastOperation), (112 bytes).
    Removing stm32f10x_flash.o(.ARM.exidx.text.FLASH_WaitForLastOperation), (8 bytes).
    Removing stm32f10x_flash.o(.text.FLASH_EraseAllPages), (236 bytes).
    Removing stm32f10x_flash.o(.ARM.exidx.text.FLASH_EraseAllPages), (8 bytes).
    Removing stm32f10x_flash.o(.text.FLASH_EraseAllBank1Pages), (236 bytes).
    Removing stm32f10x_flash.o(.ARM.exidx.text.FLASH_EraseAllBank1Pages), (8 bytes).
    Removing stm32f10x_flash.o(.text.FLASH_WaitForLastBank1Operation), (112 bytes).
    Removing stm32f10x_flash.o(.ARM.exidx.text.FLASH_WaitForLastBank1Operation), (8 bytes).
    Removing stm32f10x_flash.o(.text.FLASH_EraseOptionBytes), (416 bytes).
    Removing stm32f10x_flash.o(.ARM.exidx.text.FLASH_EraseOptionBytes), (8 bytes).
    Removing stm32f10x_flash.o(.text.FLASH_GetReadOutProtectionStatus), (16 bytes).
    Removing stm32f10x_flash.o(.ARM.exidx.text.FLASH_GetReadOutProtectionStatus), (8 bytes).
    Removing stm32f10x_flash.o(.text.FLASH_ProgramWord), (418 bytes).
    Removing stm32f10x_flash.o(.ARM.exidx.text.FLASH_ProgramWord), (8 bytes).
    Removing stm32f10x_flash.o(.text.FLASH_ProgramHalfWord), (260 bytes).
    Removing stm32f10x_flash.o(.ARM.exidx.text.FLASH_ProgramHalfWord), (8 bytes).
    Removing stm32f10x_flash.o(.text.FLASH_ProgramOptionByteData), (292 bytes).
    Removing stm32f10x_flash.o(.ARM.exidx.text.FLASH_ProgramOptionByteData), (8 bytes).
    Removing stm32f10x_flash.o(.text.FLASH_EnableWriteProtection), (620 bytes).
    Removing stm32f10x_flash.o(.ARM.exidx.text.FLASH_EnableWriteProtection), (8 bytes).
    Removing stm32f10x_flash.o(.text.FLASH_ReadOutProtection), (424 bytes).
    Removing stm32f10x_flash.o(.ARM.exidx.text.FLASH_ReadOutProtection), (8 bytes).
    Removing stm32f10x_flash.o(.text.FLASH_UserOptionByteConfig), (308 bytes).
    Removing stm32f10x_flash.o(.ARM.exidx.text.FLASH_UserOptionByteConfig), (8 bytes).
    Removing stm32f10x_flash.o(.text.FLASH_GetUserOptionByte), (14 bytes).
    Removing stm32f10x_flash.o(.ARM.exidx.text.FLASH_GetUserOptionByte), (8 bytes).
    Removing stm32f10x_flash.o(.text.FLASH_GetWriteProtectionOptionByte), (12 bytes).
    Removing stm32f10x_flash.o(.ARM.exidx.text.FLASH_GetWriteProtectionOptionByte), (8 bytes).
    Removing stm32f10x_flash.o(.text.FLASH_GetPrefetchBufferStatus), (16 bytes).
    Removing stm32f10x_flash.o(.ARM.exidx.text.FLASH_GetPrefetchBufferStatus), (8 bytes).
    Removing stm32f10x_flash.o(.text.FLASH_ITConfig), (24 bytes).
    Removing stm32f10x_flash.o(.ARM.exidx.text.FLASH_ITConfig), (8 bytes).
    Removing stm32f10x_flash.o(.text.FLASH_GetFlagStatus), (30 bytes).
    Removing stm32f10x_flash.o(.ARM.exidx.text.FLASH_GetFlagStatus), (8 bytes).
    Removing stm32f10x_flash.o(.text.FLASH_ClearFlag), (12 bytes).
    Removing stm32f10x_flash.o(.ARM.exidx.text.FLASH_ClearFlag), (8 bytes).
    Removing stm32f10x_flash.o(.text.FLASH_GetStatus), (42 bytes).
    Removing stm32f10x_flash.o(.ARM.exidx.text.FLASH_GetStatus), (8 bytes).
    Removing stm32f10x_flash.o(.text.FLASH_GetBank1Status), (42 bytes).
    Removing stm32f10x_flash.o(.ARM.exidx.text.FLASH_GetBank1Status), (8 bytes).
    Removing stm32f10x_fsmc.o(.text), (0 bytes).
    Removing stm32f10x_fsmc.o(.text.FSMC_NORSRAMDeInit), (48 bytes).
    Removing stm32f10x_fsmc.o(.ARM.exidx.text.FSMC_NORSRAMDeInit), (8 bytes).
    Removing stm32f10x_fsmc.o(.text.FSMC_NANDDeInit), (54 bytes).
    Removing stm32f10x_fsmc.o(.ARM.exidx.text.FSMC_NANDDeInit), (8 bytes).
    Removing stm32f10x_fsmc.o(.text.FSMC_PCCARDDeInit), (26 bytes).
    Removing stm32f10x_fsmc.o(.ARM.exidx.text.FSMC_PCCARDDeInit), (8 bytes).
    Removing stm32f10x_fsmc.o(.text.FSMC_NORSRAMInit), (192 bytes).
    Removing stm32f10x_fsmc.o(.ARM.exidx.text.FSMC_NORSRAMInit), (8 bytes).
    Removing stm32f10x_fsmc.o(.text.FSMC_NANDInit), (128 bytes).
    Removing stm32f10x_fsmc.o(.ARM.exidx.text.FSMC_NANDInit), (8 bytes).
    Removing stm32f10x_fsmc.o(.text.FSMC_PCCARDInit), (108 bytes).
    Removing stm32f10x_fsmc.o(.ARM.exidx.text.FSMC_PCCARDInit), (8 bytes).
    Removing stm32f10x_fsmc.o(.text.FSMC_NORSRAMStructInit), (80 bytes).
    Removing stm32f10x_fsmc.o(.ARM.exidx.text.FSMC_NORSRAMStructInit), (8 bytes).
    Removing stm32f10x_fsmc.o(.text.FSMC_NANDStructInit), (42 bytes).
    Removing stm32f10x_fsmc.o(.ARM.exidx.text.FSMC_NANDStructInit), (8 bytes).
    Removing stm32f10x_fsmc.o(.text.FSMC_PCCARDStructInit), (42 bytes).
    Removing stm32f10x_fsmc.o(.ARM.exidx.text.FSMC_PCCARDStructInit), (8 bytes).
    Removing stm32f10x_fsmc.o(.text.FSMC_NORSRAMCmd), (36 bytes).
    Removing stm32f10x_fsmc.o(.ARM.exidx.text.FSMC_NORSRAMCmd), (8 bytes).
    Removing stm32f10x_fsmc.o(.text.FSMC_NANDCmd), (66 bytes).
    Removing stm32f10x_fsmc.o(.ARM.exidx.text.FSMC_NANDCmd), (8 bytes).
    Removing stm32f10x_fsmc.o(.text.FSMC_PCCARDCmd), (32 bytes).
    Removing stm32f10x_fsmc.o(.ARM.exidx.text.FSMC_PCCARDCmd), (8 bytes).
    Removing stm32f10x_fsmc.o(.text.FSMC_NANDECCCmd), (66 bytes).
    Removing stm32f10x_fsmc.o(.ARM.exidx.text.FSMC_NANDECCCmd), (8 bytes).
    Removing stm32f10x_fsmc.o(.text.FSMC_GetECC), (24 bytes).
    Removing stm32f10x_fsmc.o(.ARM.exidx.text.FSMC_GetECC), (8 bytes).
    Removing stm32f10x_fsmc.o(.text.FSMC_ITConfig), (98 bytes).
    Removing stm32f10x_fsmc.o(.ARM.exidx.text.FSMC_ITConfig), (8 bytes).
    Removing stm32f10x_fsmc.o(.text.FSMC_GetFlagStatus), (30 bytes).
    Removing stm32f10x_fsmc.o(.ARM.exidx.text.FSMC_GetFlagStatus), (8 bytes).
    Removing stm32f10x_fsmc.o(.text.FSMC_ClearFlag), (36 bytes).
    Removing stm32f10x_fsmc.o(.ARM.exidx.text.FSMC_ClearFlag), (8 bytes).
    Removing stm32f10x_fsmc.o(.text.FSMC_GetITStatus), (42 bytes).
    Removing stm32f10x_fsmc.o(.ARM.exidx.text.FSMC_GetITStatus), (8 bytes).
    Removing stm32f10x_fsmc.o(.text.FSMC_ClearITPendingBit), (38 bytes).
    Removing stm32f10x_fsmc.o(.ARM.exidx.text.FSMC_ClearITPendingBit), (8 bytes).
    Removing stm32f10x_gpio.o(.text), (0 bytes).
    Removing stm32f10x_gpio.o(.text.GPIO_DeInit), (128 bytes).
    Removing stm32f10x_gpio.o(.ARM.exidx.text.GPIO_DeInit), (8 bytes).
    Removing stm32f10x_gpio.o(.text.GPIO_AFIODeInit), (22 bytes).
    Removing stm32f10x_gpio.o(.ARM.exidx.text.GPIO_AFIODeInit), (8 bytes).
    Removing stm32f10x_gpio.o(.ARM.exidx.text.GPIO_Init), (8 bytes).
    Removing stm32f10x_gpio.o(.text.GPIO_StructInit), (16 bytes).
    Removing stm32f10x_gpio.o(.ARM.exidx.text.GPIO_StructInit), (8 bytes).
    Removing stm32f10x_gpio.o(.text.GPIO_ReadInputDataBit), (10 bytes).
    Removing stm32f10x_gpio.o(.ARM.exidx.text.GPIO_ReadInputDataBit), (8 bytes).
    Removing stm32f10x_gpio.o(.text.GPIO_ReadInputData), (6 bytes).
    Removing stm32f10x_gpio.o(.ARM.exidx.text.GPIO_ReadInputData), (8 bytes).
    Removing stm32f10x_gpio.o(.text.GPIO_ReadOutputDataBit), (10 bytes).
    Removing stm32f10x_gpio.o(.ARM.exidx.text.GPIO_ReadOutputDataBit), (8 bytes).
    Removing stm32f10x_gpio.o(.text.GPIO_ReadOutputData), (6 bytes).
    Removing stm32f10x_gpio.o(.ARM.exidx.text.GPIO_ReadOutputData), (8 bytes).
    Removing stm32f10x_gpio.o(.ARM.exidx.text.GPIO_SetBits), (8 bytes).
    Removing stm32f10x_gpio.o(.ARM.exidx.text.GPIO_ResetBits), (8 bytes).
    Removing stm32f10x_gpio.o(.text.GPIO_WriteBit), (12 bytes).
    Removing stm32f10x_gpio.o(.ARM.exidx.text.GPIO_WriteBit), (8 bytes).
    Removing stm32f10x_gpio.o(.text.GPIO_Write), (4 bytes).
    Removing stm32f10x_gpio.o(.ARM.exidx.text.GPIO_Write), (8 bytes).
    Removing stm32f10x_gpio.o(.text.GPIO_PinLockConfig), (16 bytes).
    Removing stm32f10x_gpio.o(.ARM.exidx.text.GPIO_PinLockConfig), (8 bytes).
    Removing stm32f10x_gpio.o(.text.GPIO_EventOutputConfig), (24 bytes).
    Removing stm32f10x_gpio.o(.ARM.exidx.text.GPIO_EventOutputConfig), (8 bytes).
    Removing stm32f10x_gpio.o(.text.GPIO_EventOutputCmd), (10 bytes).
    Removing stm32f10x_gpio.o(.ARM.exidx.text.GPIO_EventOutputCmd), (8 bytes).
    Removing stm32f10x_gpio.o(.ARM.exidx.text.GPIO_PinRemapConfig), (8 bytes).
    Removing stm32f10x_gpio.o(.text.GPIO_EXTILineConfig), (52 bytes).
    Removing stm32f10x_gpio.o(.ARM.exidx.text.GPIO_EXTILineConfig), (8 bytes).
    Removing stm32f10x_gpio.o(.text.GPIO_ETH_MediaInterfaceConfig), (10 bytes).
    Removing stm32f10x_gpio.o(.ARM.exidx.text.GPIO_ETH_MediaInterfaceConfig), (8 bytes).
    Removing stm32f10x_i2c.o(.text), (0 bytes).
    Removing stm32f10x_i2c.o(.text.I2C_DeInit), (54 bytes).
    Removing stm32f10x_i2c.o(.ARM.exidx.text.I2C_DeInit), (8 bytes).
    Removing stm32f10x_i2c.o(.text.I2C_Init), (202 bytes).
    Removing stm32f10x_i2c.o(.ARM.exidx.text.I2C_Init), (8 bytes).
    Removing stm32f10x_i2c.o(.text.I2C_StructInit), (24 bytes).
    Removing stm32f10x_i2c.o(.ARM.exidx.text.I2C_StructInit), (8 bytes).
    Removing stm32f10x_i2c.o(.text.I2C_Cmd), (18 bytes).
    Removing stm32f10x_i2c.o(.ARM.exidx.text.I2C_Cmd), (8 bytes).
    Removing stm32f10x_i2c.o(.text.I2C_DMACmd), (18 bytes).
    Removing stm32f10x_i2c.o(.ARM.exidx.text.I2C_DMACmd), (8 bytes).
    Removing stm32f10x_i2c.o(.text.I2C_DMALastTransferCmd), (18 bytes).
    Removing stm32f10x_i2c.o(.ARM.exidx.text.I2C_DMALastTransferCmd), (8 bytes).
    Removing stm32f10x_i2c.o(.text.I2C_GenerateSTART), (18 bytes).
    Removing stm32f10x_i2c.o(.ARM.exidx.text.I2C_GenerateSTART), (8 bytes).
    Removing stm32f10x_i2c.o(.text.I2C_GenerateSTOP), (18 bytes).
    Removing stm32f10x_i2c.o(.ARM.exidx.text.I2C_GenerateSTOP), (8 bytes).
    Removing stm32f10x_i2c.o(.text.I2C_AcknowledgeConfig), (18 bytes).
    Removing stm32f10x_i2c.o(.ARM.exidx.text.I2C_AcknowledgeConfig), (8 bytes).
    Removing stm32f10x_i2c.o(.text.I2C_OwnAddress2Config), (16 bytes).
    Removing stm32f10x_i2c.o(.ARM.exidx.text.I2C_OwnAddress2Config), (8 bytes).
    Removing stm32f10x_i2c.o(.text.I2C_DualAddressCmd), (18 bytes).
    Removing stm32f10x_i2c.o(.ARM.exidx.text.I2C_DualAddressCmd), (8 bytes).
    Removing stm32f10x_i2c.o(.text.I2C_GeneralCallCmd), (18 bytes).
    Removing stm32f10x_i2c.o(.ARM.exidx.text.I2C_GeneralCallCmd), (8 bytes).
    Removing stm32f10x_i2c.o(.text.I2C_ITConfig), (16 bytes).
    Removing stm32f10x_i2c.o(.ARM.exidx.text.I2C_ITConfig), (8 bytes).
    Removing stm32f10x_i2c.o(.text.I2C_SendData), (4 bytes).
    Removing stm32f10x_i2c.o(.ARM.exidx.text.I2C_SendData), (8 bytes).
    Removing stm32f10x_i2c.o(.text.I2C_ReceiveData), (6 bytes).
    Removing stm32f10x_i2c.o(.ARM.exidx.text.I2C_ReceiveData), (8 bytes).
    Removing stm32f10x_i2c.o(.text.I2C_Send7bitAddress), (16 bytes).
    Removing stm32f10x_i2c.o(.ARM.exidx.text.I2C_Send7bitAddress), (8 bytes).
    Removing stm32f10x_i2c.o(.text.I2C_ReadRegister), (22 bytes).
    Removing stm32f10x_i2c.o(.ARM.exidx.text.I2C_ReadRegister), (8 bytes).
    Removing stm32f10x_i2c.o(.text.I2C_SoftwareResetCmd), (20 bytes).
    Removing stm32f10x_i2c.o(.ARM.exidx.text.I2C_SoftwareResetCmd), (8 bytes).
    Removing stm32f10x_i2c.o(.text.I2C_NACKPositionConfig), (20 bytes).
    Removing stm32f10x_i2c.o(.ARM.exidx.text.I2C_NACKPositionConfig), (8 bytes).
    Removing stm32f10x_i2c.o(.text.I2C_SMBusAlertConfig), (20 bytes).
    Removing stm32f10x_i2c.o(.ARM.exidx.text.I2C_SMBusAlertConfig), (8 bytes).
    Removing stm32f10x_i2c.o(.text.I2C_TransmitPEC), (18 bytes).
    Removing stm32f10x_i2c.o(.ARM.exidx.text.I2C_TransmitPEC), (8 bytes).
    Removing stm32f10x_i2c.o(.text.I2C_PECPositionConfig), (20 bytes).
    Removing stm32f10x_i2c.o(.ARM.exidx.text.I2C_PECPositionConfig), (8 bytes).
    Removing stm32f10x_i2c.o(.text.I2C_CalculatePEC), (18 bytes).
    Removing stm32f10x_i2c.o(.ARM.exidx.text.I2C_CalculatePEC), (8 bytes).
    Removing stm32f10x_i2c.o(.text.I2C_GetPEC), (6 bytes).
    Removing stm32f10x_i2c.o(.ARM.exidx.text.I2C_GetPEC), (8 bytes).
    Removing stm32f10x_i2c.o(.text.I2C_ARPCmd), (18 bytes).
    Removing stm32f10x_i2c.o(.ARM.exidx.text.I2C_ARPCmd), (8 bytes).
    Removing stm32f10x_i2c.o(.text.I2C_StretchClockCmd), (18 bytes).
    Removing stm32f10x_i2c.o(.ARM.exidx.text.I2C_StretchClockCmd), (8 bytes).
    Removing stm32f10x_i2c.o(.text.I2C_FastModeDutyCycleConfig), (20 bytes).
    Removing stm32f10x_i2c.o(.ARM.exidx.text.I2C_FastModeDutyCycleConfig), (8 bytes).
    Removing stm32f10x_i2c.o(.text.I2C_CheckEvent), (22 bytes).
    Removing stm32f10x_i2c.o(.ARM.exidx.text.I2C_CheckEvent), (8 bytes).
    Removing stm32f10x_i2c.o(.text.I2C_GetLastEvent), (12 bytes).
    Removing stm32f10x_i2c.o(.ARM.exidx.text.I2C_GetLastEvent), (8 bytes).
    Removing stm32f10x_i2c.o(.text.I2C_GetFlagStatus), (52 bytes).
    Removing stm32f10x_i2c.o(.ARM.exidx.text.I2C_GetFlagStatus), (8 bytes).
    Removing stm32f10x_i2c.o(.text.I2C_ClearFlag), (6 bytes).
    Removing stm32f10x_i2c.o(.ARM.exidx.text.I2C_ClearFlag), (8 bytes).
    Removing stm32f10x_i2c.o(.text.I2C_GetITStatus), (26 bytes).
    Removing stm32f10x_i2c.o(.ARM.exidx.text.I2C_GetITStatus), (8 bytes).
    Removing stm32f10x_i2c.o(.text.I2C_ClearITPendingBit), (6 bytes).
    Removing stm32f10x_i2c.o(.ARM.exidx.text.I2C_ClearITPendingBit), (8 bytes).
    Removing stm32f10x_iwdg.o(.text), (0 bytes).
    Removing stm32f10x_iwdg.o(.text.IWDG_WriteAccessCmd), (12 bytes).
    Removing stm32f10x_iwdg.o(.ARM.exidx.text.IWDG_WriteAccessCmd), (8 bytes).
    Removing stm32f10x_iwdg.o(.text.IWDG_SetPrescaler), (12 bytes).
    Removing stm32f10x_iwdg.o(.ARM.exidx.text.IWDG_SetPrescaler), (8 bytes).
    Removing stm32f10x_iwdg.o(.text.IWDG_SetReload), (12 bytes).
    Removing stm32f10x_iwdg.o(.ARM.exidx.text.IWDG_SetReload), (8 bytes).
    Removing stm32f10x_iwdg.o(.text.IWDG_ReloadCounter), (16 bytes).
    Removing stm32f10x_iwdg.o(.ARM.exidx.text.IWDG_ReloadCounter), (8 bytes).
    Removing stm32f10x_iwdg.o(.text.IWDG_Enable), (16 bytes).
    Removing stm32f10x_iwdg.o(.ARM.exidx.text.IWDG_Enable), (8 bytes).
    Removing stm32f10x_iwdg.o(.text.IWDG_GetFlagStatus), (18 bytes).
    Removing stm32f10x_iwdg.o(.ARM.exidx.text.IWDG_GetFlagStatus), (8 bytes).
    Removing stm32f10x_pwr.o(.text), (0 bytes).
    Removing stm32f10x_pwr.o(.text.PWR_DeInit), (26 bytes).
    Removing stm32f10x_pwr.o(.ARM.exidx.text.PWR_DeInit), (8 bytes).
    Removing stm32f10x_pwr.o(.text.PWR_BackupAccessCmd), (10 bytes).
    Removing stm32f10x_pwr.o(.ARM.exidx.text.PWR_BackupAccessCmd), (8 bytes).
    Removing stm32f10x_pwr.o(.text.PWR_PVDCmd), (10 bytes).
    Removing stm32f10x_pwr.o(.ARM.exidx.text.PWR_PVDCmd), (8 bytes).
    Removing stm32f10x_pwr.o(.text.PWR_PVDLevelConfig), (20 bytes).
    Removing stm32f10x_pwr.o(.ARM.exidx.text.PWR_PVDLevelConfig), (8 bytes).
    Removing stm32f10x_pwr.o(.text.PWR_WakeUpPinCmd), (10 bytes).
    Removing stm32f10x_pwr.o(.ARM.exidx.text.PWR_WakeUpPinCmd), (8 bytes).
    Removing stm32f10x_pwr.o(.text.PWR_EnterSTOPMode), (56 bytes).
    Removing stm32f10x_pwr.o(.ARM.exidx.text.PWR_EnterSTOPMode), (8 bytes).
    Removing stm32f10x_pwr.o(.text.PWR_EnterSTANDBYMode), (44 bytes).
    Removing stm32f10x_pwr.o(.ARM.exidx.text.PWR_EnterSTANDBYMode), (8 bytes).
    Removing stm32f10x_pwr.o(.text.PWR_GetFlagStatus), (18 bytes).
    Removing stm32f10x_pwr.o(.ARM.exidx.text.PWR_GetFlagStatus), (8 bytes).
    Removing stm32f10x_pwr.o(.text.PWR_ClearFlag), (18 bytes).
    Removing stm32f10x_pwr.o(.ARM.exidx.text.PWR_ClearFlag), (8 bytes).
    Removing stm32f10x_rcc.o(.text), (0 bytes).
    Removing stm32f10x_rcc.o(.text.RCC_DeInit), (66 bytes).
    Removing stm32f10x_rcc.o(.ARM.exidx.text.RCC_DeInit), (8 bytes).
    Removing stm32f10x_rcc.o(.text.RCC_HSEConfig), (50 bytes).
    Removing stm32f10x_rcc.o(.ARM.exidx.text.RCC_HSEConfig), (8 bytes).
    Removing stm32f10x_rcc.o(.text.RCC_WaitForHSEStartUp), (114 bytes).
    Removing stm32f10x_rcc.o(.ARM.exidx.text.RCC_WaitForHSEStartUp), (8 bytes).
    Removing stm32f10x_rcc.o(.text.RCC_GetFlagStatus), (44 bytes).
    Removing stm32f10x_rcc.o(.ARM.exidx.text.RCC_GetFlagStatus), (8 bytes).
    Removing stm32f10x_rcc.o(.text.RCC_AdjustHSICalibrationValue), (22 bytes).
    Removing stm32f10x_rcc.o(.ARM.exidx.text.RCC_AdjustHSICalibrationValue), (8 bytes).
    Removing stm32f10x_rcc.o(.text.RCC_HSICmd), (10 bytes).
    Removing stm32f10x_rcc.o(.ARM.exidx.text.RCC_HSICmd), (8 bytes).
    Removing stm32f10x_rcc.o(.text.RCC_PLLConfig), (22 bytes).
    Removing stm32f10x_rcc.o(.ARM.exidx.text.RCC_PLLConfig), (8 bytes).
    Removing stm32f10x_rcc.o(.text.RCC_PLLCmd), (10 bytes).
    Removing stm32f10x_rcc.o(.ARM.exidx.text.RCC_PLLCmd), (8 bytes).
    Removing stm32f10x_rcc.o(.text.RCC_SYSCLKConfig), (20 bytes).
    Removing stm32f10x_rcc.o(.ARM.exidx.text.RCC_SYSCLKConfig), (8 bytes).
    Removing stm32f10x_rcc.o(.text.RCC_GetSYSCLKSource), (16 bytes).
    Removing stm32f10x_rcc.o(.ARM.exidx.text.RCC_GetSYSCLKSource), (8 bytes).
    Removing stm32f10x_rcc.o(.text.RCC_HCLKConfig), (20 bytes).
    Removing stm32f10x_rcc.o(.ARM.exidx.text.RCC_HCLKConfig), (8 bytes).
    Removing stm32f10x_rcc.o(.text.RCC_PCLK1Config), (20 bytes).
    Removing stm32f10x_rcc.o(.ARM.exidx.text.RCC_PCLK1Config), (8 bytes).
    Removing stm32f10x_rcc.o(.text.RCC_PCLK2Config), (22 bytes).
    Removing stm32f10x_rcc.o(.ARM.exidx.text.RCC_PCLK2Config), (8 bytes).
    Removing stm32f10x_rcc.o(.text.RCC_ITConfig), (24 bytes).
    Removing stm32f10x_rcc.o(.ARM.exidx.text.RCC_ITConfig), (8 bytes).
    Removing stm32f10x_rcc.o(.text.RCC_USBCLKConfig), (10 bytes).
    Removing stm32f10x_rcc.o(.ARM.exidx.text.RCC_USBCLKConfig), (8 bytes).
    Removing stm32f10x_rcc.o(.ARM.exidx.text.RCC_ADCCLKConfig), (8 bytes).
    Removing stm32f10x_rcc.o(.text.RCC_LSEConfig), (30 bytes).
    Removing stm32f10x_rcc.o(.ARM.exidx.text.RCC_LSEConfig), (8 bytes).
    Removing stm32f10x_rcc.o(.text.RCC_LSICmd), (12 bytes).
    Removing stm32f10x_rcc.o(.ARM.exidx.text.RCC_LSICmd), (8 bytes).
    Removing stm32f10x_rcc.o(.text.RCC_RTCCLKConfig), (16 bytes).
    Removing stm32f10x_rcc.o(.ARM.exidx.text.RCC_RTCCLKConfig), (8 bytes).
    Removing stm32f10x_rcc.o(.text.RCC_RTCCLKCmd), (12 bytes).
    Removing stm32f10x_rcc.o(.ARM.exidx.text.RCC_RTCCLKCmd), (8 bytes).
    Removing stm32f10x_rcc.o(.ARM.exidx.text.RCC_GetClocksFreq), (8 bytes).
    Removing stm32f10x_rcc.o(.text.RCC_AHBPeriphClockCmd), (24 bytes).
    Removing stm32f10x_rcc.o(.ARM.exidx.text.RCC_AHBPeriphClockCmd), (8 bytes).
    Removing stm32f10x_rcc.o(.ARM.exidx.text.RCC_APB2PeriphClockCmd), (8 bytes).
    Removing stm32f10x_rcc.o(.ARM.exidx.text.RCC_APB1PeriphClockCmd), (8 bytes).
    Removing stm32f10x_rcc.o(.ARM.exidx.text.RCC_APB2PeriphResetCmd), (8 bytes).
    Removing stm32f10x_rcc.o(.text.RCC_APB1PeriphResetCmd), (24 bytes).
    Removing stm32f10x_rcc.o(.ARM.exidx.text.RCC_APB1PeriphResetCmd), (8 bytes).
    Removing stm32f10x_rcc.o(.text.RCC_BackupResetCmd), (12 bytes).
    Removing stm32f10x_rcc.o(.ARM.exidx.text.RCC_BackupResetCmd), (8 bytes).
    Removing stm32f10x_rcc.o(.text.RCC_ClockSecuritySystemCmd), (10 bytes).
    Removing stm32f10x_rcc.o(.ARM.exidx.text.RCC_ClockSecuritySystemCmd), (8 bytes).
    Removing stm32f10x_rcc.o(.text.RCC_MCOConfig), (12 bytes).
    Removing stm32f10x_rcc.o(.ARM.exidx.text.RCC_MCOConfig), (8 bytes).
    Removing stm32f10x_rcc.o(.text.RCC_ClearFlag), (18 bytes).
    Removing stm32f10x_rcc.o(.ARM.exidx.text.RCC_ClearFlag), (8 bytes).
    Removing stm32f10x_rcc.o(.text.RCC_GetITStatus), (18 bytes).
    Removing stm32f10x_rcc.o(.ARM.exidx.text.RCC_GetITStatus), (8 bytes).
    Removing stm32f10x_rcc.o(.text.RCC_ClearITPendingBit), (12 bytes).
    Removing stm32f10x_rcc.o(.ARM.exidx.text.RCC_ClearITPendingBit), (8 bytes).
    Removing stm32f10x_rtc.o(.text), (0 bytes).
    Removing stm32f10x_rtc.o(.text.RTC_ITConfig), (24 bytes).
    Removing stm32f10x_rtc.o(.ARM.exidx.text.RTC_ITConfig), (8 bytes).
    Removing stm32f10x_rtc.o(.text.RTC_EnterConfigMode), (18 bytes).
    Removing stm32f10x_rtc.o(.ARM.exidx.text.RTC_EnterConfigMode), (8 bytes).
    Removing stm32f10x_rtc.o(.text.RTC_ExitConfigMode), (18 bytes).
    Removing stm32f10x_rtc.o(.ARM.exidx.text.RTC_ExitConfigMode), (8 bytes).
    Removing stm32f10x_rtc.o(.text.RTC_GetCounter), (18 bytes).
    Removing stm32f10x_rtc.o(.ARM.exidx.text.RTC_GetCounter), (8 bytes).
    Removing stm32f10x_rtc.o(.text.RTC_SetCounter), (32 bytes).
    Removing stm32f10x_rtc.o(.ARM.exidx.text.RTC_SetCounter), (8 bytes).
    Removing stm32f10x_rtc.o(.text.RTC_SetPrescaler), (34 bytes).
    Removing stm32f10x_rtc.o(.ARM.exidx.text.RTC_SetPrescaler), (8 bytes).
    Removing stm32f10x_rtc.o(.text.RTC_SetAlarm), (32 bytes).
    Removing stm32f10x_rtc.o(.ARM.exidx.text.RTC_SetAlarm), (8 bytes).
    Removing stm32f10x_rtc.o(.text.RTC_GetDivider), (22 bytes).
    Removing stm32f10x_rtc.o(.ARM.exidx.text.RTC_GetDivider), (8 bytes).
    Removing stm32f10x_rtc.o(.text.RTC_WaitForLastTask), (44 bytes).
    Removing stm32f10x_rtc.o(.ARM.exidx.text.RTC_WaitForLastTask), (8 bytes).
    Removing stm32f10x_rtc.o(.text.RTC_WaitForSynchro), (52 bytes).
    Removing stm32f10x_rtc.o(.ARM.exidx.text.RTC_WaitForSynchro), (8 bytes).
    Removing stm32f10x_rtc.o(.text.RTC_GetFlagStatus), (18 bytes).
    Removing stm32f10x_rtc.o(.ARM.exidx.text.RTC_GetFlagStatus), (8 bytes).
    Removing stm32f10x_rtc.o(.text.RTC_ClearFlag), (18 bytes).
    Removing stm32f10x_rtc.o(.ARM.exidx.text.RTC_ClearFlag), (8 bytes).
    Removing stm32f10x_rtc.o(.text.RTC_GetITStatus), (28 bytes).
    Removing stm32f10x_rtc.o(.ARM.exidx.text.RTC_GetITStatus), (8 bytes).
    Removing stm32f10x_rtc.o(.text.RTC_ClearITPendingBit), (18 bytes).
    Removing stm32f10x_rtc.o(.ARM.exidx.text.RTC_ClearITPendingBit), (8 bytes).
    Removing stm32f10x_sdio.o(.text), (0 bytes).
    Removing stm32f10x_sdio.o(.text.SDIO_DeInit), (38 bytes).
    Removing stm32f10x_sdio.o(.ARM.exidx.text.SDIO_DeInit), (8 bytes).
    Removing stm32f10x_sdio.o(.text.SDIO_Init), (52 bytes).
    Removing stm32f10x_sdio.o(.ARM.exidx.text.SDIO_Init), (8 bytes).
    Removing stm32f10x_sdio.o(.text.SDIO_StructInit), (16 bytes).
    Removing stm32f10x_sdio.o(.ARM.exidx.text.SDIO_StructInit), (8 bytes).
    Removing stm32f10x_sdio.o(.text.SDIO_ClockCmd), (10 bytes).
    Removing stm32f10x_sdio.o(.ARM.exidx.text.SDIO_ClockCmd), (8 bytes).
    Removing stm32f10x_sdio.o(.text.SDIO_SetPowerState), (24 bytes).
    Removing stm32f10x_sdio.o(.ARM.exidx.text.SDIO_SetPowerState), (8 bytes).
    Removing stm32f10x_sdio.o(.text.SDIO_GetPowerState), (16 bytes).
    Removing stm32f10x_sdio.o(.ARM.exidx.text.SDIO_GetPowerState), (8 bytes).
    Removing stm32f10x_sdio.o(.text.SDIO_ITConfig), (24 bytes).
    Removing stm32f10x_sdio.o(.ARM.exidx.text.SDIO_ITConfig), (8 bytes).
    Removing stm32f10x_sdio.o(.text.SDIO_DMACmd), (12 bytes).
    Removing stm32f10x_sdio.o(.ARM.exidx.text.SDIO_DMACmd), (8 bytes).
    Removing stm32f10x_sdio.o(.text.SDIO_SendCommand), (52 bytes).
    Removing stm32f10x_sdio.o(.ARM.exidx.text.SDIO_SendCommand), (8 bytes).
    Removing stm32f10x_sdio.o(.text.SDIO_CmdStructInit), (14 bytes).
    Removing stm32f10x_sdio.o(.ARM.exidx.text.SDIO_CmdStructInit), (8 bytes).
    Removing stm32f10x_sdio.o(.text.SDIO_GetCommandResponse), (14 bytes).
    Removing stm32f10x_sdio.o(.ARM.exidx.text.SDIO_GetCommandResponse), (8 bytes).
    Removing stm32f10x_sdio.o(.text.SDIO_GetResponse), (26 bytes).
    Removing stm32f10x_sdio.o(.ARM.exidx.text.SDIO_GetResponse), (8 bytes).
    Removing stm32f10x_sdio.o(.text.SDIO_DataConfig), (54 bytes).
    Removing stm32f10x_sdio.o(.ARM.exidx.text.SDIO_DataConfig), (8 bytes).
    Removing stm32f10x_sdio.o(.text.SDIO_DataStructInit), (20 bytes).
    Removing stm32f10x_sdio.o(.ARM.exidx.text.SDIO_DataStructInit), (8 bytes).
    Removing stm32f10x_sdio.o(.text.SDIO_GetDataCounter), (12 bytes).
    Removing stm32f10x_sdio.o(.ARM.exidx.text.SDIO_GetDataCounter), (8 bytes).
    Removing stm32f10x_sdio.o(.text.SDIO_ReadData), (12 bytes).
    Removing stm32f10x_sdio.o(.ARM.exidx.text.SDIO_ReadData), (8 bytes).
    Removing stm32f10x_sdio.o(.text.SDIO_WriteData), (12 bytes).
    Removing stm32f10x_sdio.o(.ARM.exidx.text.SDIO_WriteData), (8 bytes).
    Removing stm32f10x_sdio.o(.text.SDIO_GetFIFOCount), (12 bytes).
    Removing stm32f10x_sdio.o(.ARM.exidx.text.SDIO_GetFIFOCount), (8 bytes).
    Removing stm32f10x_sdio.o(.text.SDIO_StartSDIOReadWait), (12 bytes).
    Removing stm32f10x_sdio.o(.ARM.exidx.text.SDIO_StartSDIOReadWait), (8 bytes).
    Removing stm32f10x_sdio.o(.text.SDIO_StopSDIOReadWait), (12 bytes).
    Removing stm32f10x_sdio.o(.ARM.exidx.text.SDIO_StopSDIOReadWait), (8 bytes).
    Removing stm32f10x_sdio.o(.text.SDIO_SetSDIOReadWaitMode), (12 bytes).
    Removing stm32f10x_sdio.o(.ARM.exidx.text.SDIO_SetSDIOReadWaitMode), (8 bytes).
    Removing stm32f10x_sdio.o(.text.SDIO_SetSDIOOperation), (12 bytes).
    Removing stm32f10x_sdio.o(.ARM.exidx.text.SDIO_SetSDIOOperation), (8 bytes).
    Removing stm32f10x_sdio.o(.text.SDIO_SendSDIOSuspendCmd), (12 bytes).
    Removing stm32f10x_sdio.o(.ARM.exidx.text.SDIO_SendSDIOSuspendCmd), (8 bytes).
    Removing stm32f10x_sdio.o(.text.SDIO_CommandCompletionCmd), (12 bytes).
    Removing stm32f10x_sdio.o(.ARM.exidx.text.SDIO_CommandCompletionCmd), (8 bytes).
    Removing stm32f10x_sdio.o(.text.SDIO_CEATAITCmd), (18 bytes).
    Removing stm32f10x_sdio.o(.ARM.exidx.text.SDIO_CEATAITCmd), (8 bytes).
    Removing stm32f10x_sdio.o(.text.SDIO_SendCEATACmd), (12 bytes).
    Removing stm32f10x_sdio.o(.ARM.exidx.text.SDIO_SendCEATACmd), (8 bytes).
    Removing stm32f10x_sdio.o(.text.SDIO_GetFlagStatus), (18 bytes).
    Removing stm32f10x_sdio.o(.ARM.exidx.text.SDIO_GetFlagStatus), (8 bytes).
    Removing stm32f10x_sdio.o(.text.SDIO_ClearFlag), (12 bytes).
    Removing stm32f10x_sdio.o(.ARM.exidx.text.SDIO_ClearFlag), (8 bytes).
    Removing stm32f10x_sdio.o(.text.SDIO_GetITStatus), (18 bytes).
    Removing stm32f10x_sdio.o(.ARM.exidx.text.SDIO_GetITStatus), (8 bytes).
    Removing stm32f10x_sdio.o(.text.SDIO_ClearITPendingBit), (12 bytes).
    Removing stm32f10x_sdio.o(.ARM.exidx.text.SDIO_ClearITPendingBit), (8 bytes).
    Removing stm32f10x_spi.o(.text), (0 bytes).
    Removing stm32f10x_spi.o(.text.SPI_I2S_DeInit), (104 bytes).
    Removing stm32f10x_spi.o(.ARM.exidx.text.SPI_I2S_DeInit), (8 bytes).
    Removing stm32f10x_spi.o(.text.SPI_Init), (54 bytes).
    Removing stm32f10x_spi.o(.ARM.exidx.text.SPI_Init), (8 bytes).
    Removing stm32f10x_spi.o(.text.I2S_Init), (166 bytes).
    Removing stm32f10x_spi.o(.ARM.exidx.text.I2S_Init), (8 bytes).
    Removing stm32f10x_spi.o(.text.SPI_StructInit), (16 bytes).
    Removing stm32f10x_spi.o(.ARM.exidx.text.SPI_StructInit), (8 bytes).
    Removing stm32f10x_spi.o(.text.I2S_StructInit), (14 bytes).
    Removing stm32f10x_spi.o(.ARM.exidx.text.I2S_StructInit), (8 bytes).
    Removing stm32f10x_spi.o(.text.SPI_Cmd), (18 bytes).
    Removing stm32f10x_spi.o(.ARM.exidx.text.SPI_Cmd), (8 bytes).
    Removing stm32f10x_spi.o(.text.I2S_Cmd), (18 bytes).
    Removing stm32f10x_spi.o(.ARM.exidx.text.I2S_Cmd), (8 bytes).
    Removing stm32f10x_spi.o(.text.SPI_I2S_ITConfig), (26 bytes).
    Removing stm32f10x_spi.o(.ARM.exidx.text.SPI_I2S_ITConfig), (8 bytes).
    Removing stm32f10x_spi.o(.text.SPI_I2S_DMACmd), (16 bytes).
    Removing stm32f10x_spi.o(.ARM.exidx.text.SPI_I2S_DMACmd), (8 bytes).
    Removing stm32f10x_spi.o(.text.SPI_I2S_SendData), (4 bytes).
    Removing stm32f10x_spi.o(.ARM.exidx.text.SPI_I2S_SendData), (8 bytes).
    Removing stm32f10x_spi.o(.text.SPI_I2S_ReceiveData), (4 bytes).
    Removing stm32f10x_spi.o(.ARM.exidx.text.SPI_I2S_ReceiveData), (8 bytes).
    Removing stm32f10x_spi.o(.text.SPI_NSSInternalSoftwareConfig), (24 bytes).
    Removing stm32f10x_spi.o(.ARM.exidx.text.SPI_NSSInternalSoftwareConfig), (8 bytes).
    Removing stm32f10x_spi.o(.text.SPI_SSOutputCmd), (18 bytes).
    Removing stm32f10x_spi.o(.ARM.exidx.text.SPI_SSOutputCmd), (8 bytes).
    Removing stm32f10x_spi.o(.text.SPI_DataSizeConfig), (16 bytes).
    Removing stm32f10x_spi.o(.ARM.exidx.text.SPI_DataSizeConfig), (8 bytes).
    Removing stm32f10x_spi.o(.text.SPI_TransmitCRC), (10 bytes).
    Removing stm32f10x_spi.o(.ARM.exidx.text.SPI_TransmitCRC), (8 bytes).
    Removing stm32f10x_spi.o(.text.SPI_CalculateCRC), (18 bytes).
    Removing stm32f10x_spi.o(.ARM.exidx.text.SPI_CalculateCRC), (8 bytes).
    Removing stm32f10x_spi.o(.text.SPI_GetCRC), (12 bytes).
    Removing stm32f10x_spi.o(.ARM.exidx.text.SPI_GetCRC), (8 bytes).
    Removing stm32f10x_spi.o(.text.SPI_GetCRCPolynomial), (4 bytes).
    Removing stm32f10x_spi.o(.ARM.exidx.text.SPI_GetCRCPolynomial), (8 bytes).
    Removing stm32f10x_spi.o(.text.SPI_BiDirectionalLineConfig), (20 bytes).
    Removing stm32f10x_spi.o(.ARM.exidx.text.SPI_BiDirectionalLineConfig), (8 bytes).
    Removing stm32f10x_spi.o(.text.SPI_I2S_GetFlagStatus), (10 bytes).
    Removing stm32f10x_spi.o(.ARM.exidx.text.SPI_I2S_GetFlagStatus), (8 bytes).
    Removing stm32f10x_spi.o(.text.SPI_I2S_ClearFlag), (6 bytes).
    Removing stm32f10x_spi.o(.ARM.exidx.text.SPI_I2S_ClearFlag), (8 bytes).
    Removing stm32f10x_spi.o(.text.SPI_I2S_GetITStatus), (42 bytes).
    Removing stm32f10x_spi.o(.ARM.exidx.text.SPI_I2S_GetITStatus), (8 bytes).
    Removing stm32f10x_spi.o(.text.SPI_I2S_ClearITPendingBit), (16 bytes).
    Removing stm32f10x_spi.o(.ARM.exidx.text.SPI_I2S_ClearITPendingBit), (8 bytes).
    Removing stm32f10x_tim.o(.text), (0 bytes).
    Removing stm32f10x_tim.o(.text.TIM_DeInit), (560 bytes).
    Removing stm32f10x_tim.o(.ARM.exidx.text.TIM_DeInit), (8 bytes).
    Removing stm32f10x_tim.o(.ARM.exidx.text.TIM_TimeBaseInit), (8 bytes).
    Removing stm32f10x_tim.o(.ARM.exidx.text.TIM_OC1Init), (8 bytes).
    Removing stm32f10x_tim.o(.ARM.exidx.text.TIM_OC2Init), (8 bytes).
    Removing stm32f10x_tim.o(.ARM.exidx.text.TIM_OC3Init), (8 bytes).
    Removing stm32f10x_tim.o(.ARM.exidx.text.TIM_OC4Init), (8 bytes).
    Removing stm32f10x_tim.o(.ARM.exidx.text.TIM_ICInit), (8 bytes).
    Removing stm32f10x_tim.o(.text.TIM_SetIC1Prescaler), (16 bytes).
    Removing stm32f10x_tim.o(.ARM.exidx.text.TIM_SetIC1Prescaler), (8 bytes).
    Removing stm32f10x_tim.o(.text.TIM_SetIC2Prescaler), (18 bytes).
    Removing stm32f10x_tim.o(.ARM.exidx.text.TIM_SetIC2Prescaler), (8 bytes).
    Removing stm32f10x_tim.o(.text.TIM_SetIC3Prescaler), (16 bytes).
    Removing stm32f10x_tim.o(.ARM.exidx.text.TIM_SetIC3Prescaler), (8 bytes).
    Removing stm32f10x_tim.o(.text.TIM_SetIC4Prescaler), (18 bytes).
    Removing stm32f10x_tim.o(.ARM.exidx.text.TIM_SetIC4Prescaler), (8 bytes).
    Removing stm32f10x_tim.o(.text.TIM_PWMIConfig), (626 bytes).
    Removing stm32f10x_tim.o(.ARM.exidx.text.TIM_PWMIConfig), (8 bytes).
    Removing stm32f10x_tim.o(.text.TIM_BDTRConfig), (32 bytes).
    Removing stm32f10x_tim.o(.ARM.exidx.text.TIM_BDTRConfig), (8 bytes).
    Removing stm32f10x_tim.o(.ARM.exidx.text.TIM_TimeBaseStructInit), (8 bytes).
    Removing stm32f10x_tim.o(.text.TIM_OCStructInit), (12 bytes).
    Removing stm32f10x_tim.o(.ARM.exidx.text.TIM_OCStructInit), (8 bytes).
    Removing stm32f10x_tim.o(.ARM.exidx.text.TIM_ICStructInit), (8 bytes).
    Removing stm32f10x_tim.o(.text.TIM_BDTRStructInit), (12 bytes).
    Removing stm32f10x_tim.o(.ARM.exidx.text.TIM_BDTRStructInit), (8 bytes).
    Removing stm32f10x_tim.o(.ARM.exidx.text.TIM_Cmd), (8 bytes).
    Removing stm32f10x_tim.o(.ARM.exidx.text.TIM_CtrlPWMOutputs), (8 bytes).
    Removing stm32f10x_tim.o(.ARM.exidx.text.TIM_ITConfig), (8 bytes).
    Removing stm32f10x_tim.o(.text.TIM_GenerateEvent), (4 bytes).
    Removing stm32f10x_tim.o(.ARM.exidx.text.TIM_GenerateEvent), (8 bytes).
    Removing stm32f10x_tim.o(.text.TIM_DMAConfig), (8 bytes).
    Removing stm32f10x_tim.o(.ARM.exidx.text.TIM_DMAConfig), (8 bytes).
    Removing stm32f10x_tim.o(.text.TIM_DMACmd), (16 bytes).
    Removing stm32f10x_tim.o(.ARM.exidx.text.TIM_DMACmd), (8 bytes).
    Removing stm32f10x_tim.o(.text.TIM_InternalClockConfig), (10 bytes).
    Removing stm32f10x_tim.o(.ARM.exidx.text.TIM_InternalClockConfig), (8 bytes).
    Removing stm32f10x_tim.o(.text.TIM_ITRxExternalClockConfig), (20 bytes).
    Removing stm32f10x_tim.o(.ARM.exidx.text.TIM_ITRxExternalClockConfig), (8 bytes).
    Removing stm32f10x_tim.o(.text.TIM_SelectInputTrigger), (12 bytes).
    Removing stm32f10x_tim.o(.ARM.exidx.text.TIM_SelectInputTrigger), (8 bytes).
    Removing stm32f10x_tim.o(.text.TIM_TIxExternalClockConfig), (282 bytes).
    Removing stm32f10x_tim.o(.ARM.exidx.text.TIM_TIxExternalClockConfig), (8 bytes).
    Removing stm32f10x_tim.o(.text.TIM_ETRClockMode1Config), (24 bytes).
    Removing stm32f10x_tim.o(.ARM.exidx.text.TIM_ETRClockMode1Config), (8 bytes).
    Removing stm32f10x_tim.o(.text.TIM_ETRConfig), (16 bytes).
    Removing stm32f10x_tim.o(.ARM.exidx.text.TIM_ETRConfig), (8 bytes).
    Removing stm32f10x_tim.o(.text.TIM_ETRClockMode2Config), (24 bytes).
    Removing stm32f10x_tim.o(.ARM.exidx.text.TIM_ETRClockMode2Config), (8 bytes).
    Removing stm32f10x_tim.o(.text.TIM_PrescalerConfig), (6 bytes).
    Removing stm32f10x_tim.o(.ARM.exidx.text.TIM_PrescalerConfig), (8 bytes).
    Removing stm32f10x_tim.o(.text.TIM_CounterModeConfig), (12 bytes).
    Removing stm32f10x_tim.o(.ARM.exidx.text.TIM_CounterModeConfig), (8 bytes).
    Removing stm32f10x_tim.o(.ARM.exidx.text.TIM_EncoderInterfaceConfig), (8 bytes).
    Removing stm32f10x_tim.o(.text.TIM_ForcedOC1Config), (12 bytes).
    Removing stm32f10x_tim.o(.ARM.exidx.text.TIM_ForcedOC1Config), (8 bytes).
    Removing stm32f10x_tim.o(.text.TIM_ForcedOC2Config), (14 bytes).
    Removing stm32f10x_tim.o(.ARM.exidx.text.TIM_ForcedOC2Config), (8 bytes).
    Removing stm32f10x_tim.o(.text.TIM_ForcedOC3Config), (12 bytes).
    Removing stm32f10x_tim.o(.ARM.exidx.text.TIM_ForcedOC3Config), (8 bytes).
    Removing stm32f10x_tim.o(.text.TIM_ForcedOC4Config), (14 bytes).
    Removing stm32f10x_tim.o(.ARM.exidx.text.TIM_ForcedOC4Config), (8 bytes).
    Removing stm32f10x_tim.o(.ARM.exidx.text.TIM_ARRPreloadConfig), (8 bytes).
    Removing stm32f10x_tim.o(.text.TIM_SelectCOM), (18 bytes).
    Removing stm32f10x_tim.o(.ARM.exidx.text.TIM_SelectCOM), (8 bytes).
    Removing stm32f10x_tim.o(.text.TIM_SelectCCDMA), (18 bytes).
    Removing stm32f10x_tim.o(.ARM.exidx.text.TIM_SelectCCDMA), (8 bytes).
    Removing stm32f10x_tim.o(.text.TIM_CCPreloadControl), (18 bytes).
    Removing stm32f10x_tim.o(.ARM.exidx.text.TIM_CCPreloadControl), (8 bytes).
    Removing stm32f10x_tim.o(.ARM.exidx.text.TIM_OC1PreloadConfig), (8 bytes).
    Removing stm32f10x_tim.o(.ARM.exidx.text.TIM_OC2PreloadConfig), (8 bytes).
    Removing stm32f10x_tim.o(.ARM.exidx.text.TIM_OC3PreloadConfig), (8 bytes).
    Removing stm32f10x_tim.o(.ARM.exidx.text.TIM_OC4PreloadConfig), (8 bytes).
    Removing stm32f10x_tim.o(.text.TIM_OC1FastConfig), (12 bytes).
    Removing stm32f10x_tim.o(.ARM.exidx.text.TIM_OC1FastConfig), (8 bytes).
    Removing stm32f10x_tim.o(.text.TIM_OC2FastConfig), (14 bytes).
    Removing stm32f10x_tim.o(.ARM.exidx.text.TIM_OC2FastConfig), (8 bytes).
    Removing stm32f10x_tim.o(.text.TIM_OC3FastConfig), (12 bytes).
    Removing stm32f10x_tim.o(.ARM.exidx.text.TIM_OC3FastConfig), (8 bytes).
    Removing stm32f10x_tim.o(.text.TIM_OC4FastConfig), (14 bytes).
    Removing stm32f10x_tim.o(.ARM.exidx.text.TIM_OC4FastConfig), (8 bytes).
    Removing stm32f10x_tim.o(.text.TIM_ClearOC1Ref), (12 bytes).
    Removing stm32f10x_tim.o(.ARM.exidx.text.TIM_ClearOC1Ref), (8 bytes).
    Removing stm32f10x_tim.o(.text.TIM_ClearOC2Ref), (14 bytes).
    Removing stm32f10x_tim.o(.ARM.exidx.text.TIM_ClearOC2Ref), (8 bytes).
    Removing stm32f10x_tim.o(.text.TIM_ClearOC3Ref), (12 bytes).
    Removing stm32f10x_tim.o(.ARM.exidx.text.TIM_ClearOC3Ref), (8 bytes).
    Removing stm32f10x_tim.o(.text.TIM_ClearOC4Ref), (14 bytes).
    Removing stm32f10x_tim.o(.ARM.exidx.text.TIM_ClearOC4Ref), (8 bytes).
    Removing stm32f10x_tim.o(.text.TIM_OC1PolarityConfig), (12 bytes).
    Removing stm32f10x_tim.o(.ARM.exidx.text.TIM_OC1PolarityConfig), (8 bytes).
    Removing stm32f10x_tim.o(.text.TIM_OC1NPolarityConfig), (12 bytes).
    Removing stm32f10x_tim.o(.ARM.exidx.text.TIM_OC1NPolarityConfig), (8 bytes).
    Removing stm32f10x_tim.o(.text.TIM_OC2PolarityConfig), (14 bytes).
    Removing stm32f10x_tim.o(.ARM.exidx.text.TIM_OC2PolarityConfig), (8 bytes).
    Removing stm32f10x_tim.o(.text.TIM_OC2NPolarityConfig), (14 bytes).
    Removing stm32f10x_tim.o(.ARM.exidx.text.TIM_OC2NPolarityConfig), (8 bytes).
    Removing stm32f10x_tim.o(.text.TIM_OC3PolarityConfig), (14 bytes).
    Removing stm32f10x_tim.o(.ARM.exidx.text.TIM_OC3PolarityConfig), (8 bytes).
    Removing stm32f10x_tim.o(.text.TIM_OC3NPolarityConfig), (14 bytes).
    Removing stm32f10x_tim.o(.ARM.exidx.text.TIM_OC3NPolarityConfig), (8 bytes).
    Removing stm32f10x_tim.o(.text.TIM_OC4PolarityConfig), (14 bytes).
    Removing stm32f10x_tim.o(.ARM.exidx.text.TIM_OC4PolarityConfig), (8 bytes).
    Removing stm32f10x_tim.o(.text.TIM_CCxCmd), (26 bytes).
    Removing stm32f10x_tim.o(.ARM.exidx.text.TIM_CCxCmd), (8 bytes).
    Removing stm32f10x_tim.o(.text.TIM_CCxNCmd), (26 bytes).
    Removing stm32f10x_tim.o(.ARM.exidx.text.TIM_CCxNCmd), (8 bytes).
    Removing stm32f10x_tim.o(.text.TIM_SelectOCxM), (86 bytes).
    Removing stm32f10x_tim.o(.ARM.exidx.text.TIM_SelectOCxM), (8 bytes).
    Removing stm32f10x_tim.o(.text.TIM_UpdateDisableConfig), (18 bytes).
    Removing stm32f10x_tim.o(.ARM.exidx.text.TIM_UpdateDisableConfig), (8 bytes).
    Removing stm32f10x_tim.o(.text.TIM_UpdateRequestConfig), (18 bytes).
    Removing stm32f10x_tim.o(.ARM.exidx.text.TIM_UpdateRequestConfig), (8 bytes).
    Removing stm32f10x_tim.o(.text.TIM_SelectHallSensor), (18 bytes).
    Removing stm32f10x_tim.o(.ARM.exidx.text.TIM_SelectHallSensor), (8 bytes).
    Removing stm32f10x_tim.o(.text.TIM_SelectOnePulseMode), (16 bytes).
    Removing stm32f10x_tim.o(.ARM.exidx.text.TIM_SelectOnePulseMode), (8 bytes).
    Removing stm32f10x_tim.o(.text.TIM_SelectOutputTrigger), (16 bytes).
    Removing stm32f10x_tim.o(.ARM.exidx.text.TIM_SelectOutputTrigger), (8 bytes).
    Removing stm32f10x_tim.o(.text.TIM_SelectSlaveMode), (16 bytes).
    Removing stm32f10x_tim.o(.ARM.exidx.text.TIM_SelectSlaveMode), (8 bytes).
    Removing stm32f10x_tim.o(.text.TIM_SelectMasterSlaveMode), (16 bytes).
    Removing stm32f10x_tim.o(.ARM.exidx.text.TIM_SelectMasterSlaveMode), (8 bytes).
    Removing stm32f10x_tim.o(.ARM.exidx.text.TIM_SetCounter), (8 bytes).
    Removing stm32f10x_tim.o(.text.TIM_SetAutoreload), (4 bytes).
    Removing stm32f10x_tim.o(.ARM.exidx.text.TIM_SetAutoreload), (8 bytes).
    Removing stm32f10x_tim.o(.text.TIM_SetCompare1), (4 bytes).
    Removing stm32f10x_tim.o(.ARM.exidx.text.TIM_SetCompare1), (8 bytes).
    Removing stm32f10x_tim.o(.text.TIM_SetCompare2), (4 bytes).
    Removing stm32f10x_tim.o(.ARM.exidx.text.TIM_SetCompare2), (8 bytes).
    Removing stm32f10x_tim.o(.ARM.exidx.text.TIM_SetCompare3), (8 bytes).
    Removing stm32f10x_tim.o(.ARM.exidx.text.TIM_SetCompare4), (8 bytes).
    Removing stm32f10x_tim.o(.text.TIM_SetClockDivision), (16 bytes).
    Removing stm32f10x_tim.o(.ARM.exidx.text.TIM_SetClockDivision), (8 bytes).
    Removing stm32f10x_tim.o(.text.TIM_GetCapture1), (4 bytes).
    Removing stm32f10x_tim.o(.ARM.exidx.text.TIM_GetCapture1), (8 bytes).
    Removing stm32f10x_tim.o(.text.TIM_GetCapture2), (4 bytes).
    Removing stm32f10x_tim.o(.ARM.exidx.text.TIM_GetCapture2), (8 bytes).
    Removing stm32f10x_tim.o(.text.TIM_GetCapture3), (4 bytes).
    Removing stm32f10x_tim.o(.ARM.exidx.text.TIM_GetCapture3), (8 bytes).
    Removing stm32f10x_tim.o(.text.TIM_GetCapture4), (6 bytes).
    Removing stm32f10x_tim.o(.ARM.exidx.text.TIM_GetCapture4), (8 bytes).
    Removing stm32f10x_tim.o(.text.TIM_GetCounter), (4 bytes).
    Removing stm32f10x_tim.o(.ARM.exidx.text.TIM_GetCounter), (8 bytes).
    Removing stm32f10x_tim.o(.text.TIM_GetPrescaler), (4 bytes).
    Removing stm32f10x_tim.o(.ARM.exidx.text.TIM_GetPrescaler), (8 bytes).
    Removing stm32f10x_tim.o(.ARM.exidx.text.TIM_GetFlagStatus), (8 bytes).
    Removing stm32f10x_tim.o(.ARM.exidx.text.TIM_ClearFlag), (8 bytes).
    Removing stm32f10x_tim.o(.text.TIM_GetITStatus), (20 bytes).
    Removing stm32f10x_tim.o(.ARM.exidx.text.TIM_GetITStatus), (8 bytes).
    Removing stm32f10x_tim.o(.ARM.exidx.text.TIM_ClearITPendingBit), (8 bytes).
    Removing stm32f10x_usart.o(.text), (0 bytes).
    Removing stm32f10x_usart.o(.text.USART_DeInit), (174 bytes).
    Removing stm32f10x_usart.o(.ARM.exidx.text.USART_DeInit), (8 bytes).
    Removing stm32f10x_usart.o(.ARM.exidx.text.USART_Init), (8 bytes).
    Removing stm32f10x_usart.o(.text.USART_StructInit), (18 bytes).
    Removing stm32f10x_usart.o(.ARM.exidx.text.USART_StructInit), (8 bytes).
    Removing stm32f10x_usart.o(.text.USART_ClockInit), (26 bytes).
    Removing stm32f10x_usart.o(.ARM.exidx.text.USART_ClockInit), (8 bytes).
    Removing stm32f10x_usart.o(.text.USART_ClockStructInit), (8 bytes).
    Removing stm32f10x_usart.o(.ARM.exidx.text.USART_ClockStructInit), (8 bytes).
    Removing stm32f10x_usart.o(.ARM.exidx.text.USART_Cmd), (8 bytes).
    Removing stm32f10x_usart.o(.ARM.exidx.text.USART_ITConfig), (8 bytes).
    Removing stm32f10x_usart.o(.text.USART_DMACmd), (16 bytes).
    Removing stm32f10x_usart.o(.ARM.exidx.text.USART_DMACmd), (8 bytes).
    Removing stm32f10x_usart.o(.text.USART_SetAddress), (16 bytes).
    Removing stm32f10x_usart.o(.ARM.exidx.text.USART_SetAddress), (8 bytes).
    Removing stm32f10x_usart.o(.text.USART_WakeUpConfig), (16 bytes).
    Removing stm32f10x_usart.o(.ARM.exidx.text.USART_WakeUpConfig), (8 bytes).
    Removing stm32f10x_usart.o(.text.USART_ReceiverWakeUpCmd), (18 bytes).
    Removing stm32f10x_usart.o(.ARM.exidx.text.USART_ReceiverWakeUpCmd), (8 bytes).
    Removing stm32f10x_usart.o(.text.USART_LINBreakDetectLengthConfig), (16 bytes).
    Removing stm32f10x_usart.o(.ARM.exidx.text.USART_LINBreakDetectLengthConfig), (8 bytes).
    Removing stm32f10x_usart.o(.text.USART_LINCmd), (18 bytes).
    Removing stm32f10x_usart.o(.ARM.exidx.text.USART_LINCmd), (8 bytes).
    Removing stm32f10x_usart.o(.text.USART_SendData), (8 bytes).
    Removing stm32f10x_usart.o(.ARM.exidx.text.USART_SendData), (8 bytes).
    Removing stm32f10x_usart.o(.ARM.exidx.text.USART_ReceiveData), (8 bytes).
    Removing stm32f10x_usart.o(.text.USART_SendBreak), (10 bytes).
    Removing stm32f10x_usart.o(.ARM.exidx.text.USART_SendBreak), (8 bytes).
    Removing stm32f10x_usart.o(.text.USART_SetGuardTime), (16 bytes).
    Removing stm32f10x_usart.o(.ARM.exidx.text.USART_SetGuardTime), (8 bytes).
    Removing stm32f10x_usart.o(.text.USART_SetPrescaler), (16 bytes).
    Removing stm32f10x_usart.o(.ARM.exidx.text.USART_SetPrescaler), (8 bytes).
    Removing stm32f10x_usart.o(.text.USART_SmartCardCmd), (18 bytes).
    Removing stm32f10x_usart.o(.ARM.exidx.text.USART_SmartCardCmd), (8 bytes).
    Removing stm32f10x_usart.o(.text.USART_SmartCardNACKCmd), (18 bytes).
    Removing stm32f10x_usart.o(.ARM.exidx.text.USART_SmartCardNACKCmd), (8 bytes).
    Removing stm32f10x_usart.o(.text.USART_HalfDuplexCmd), (18 bytes).
    Removing stm32f10x_usart.o(.ARM.exidx.text.USART_HalfDuplexCmd), (8 bytes).
    Removing stm32f10x_usart.o(.text.USART_OverSampling8Cmd), (20 bytes).
    Removing stm32f10x_usart.o(.ARM.exidx.text.USART_OverSampling8Cmd), (8 bytes).
    Removing stm32f10x_usart.o(.text.USART_OneBitMethodCmd), (18 bytes).
    Removing stm32f10x_usart.o(.ARM.exidx.text.USART_OneBitMethodCmd), (8 bytes).
    Removing stm32f10x_usart.o(.text.USART_IrDAConfig), (16 bytes).
    Removing stm32f10x_usart.o(.ARM.exidx.text.USART_IrDAConfig), (8 bytes).
    Removing stm32f10x_usart.o(.text.USART_IrDACmd), (18 bytes).
    Removing stm32f10x_usart.o(.ARM.exidx.text.USART_IrDACmd), (8 bytes).
    Removing stm32f10x_usart.o(.text.USART_GetFlagStatus), (10 bytes).
    Removing stm32f10x_usart.o(.ARM.exidx.text.USART_GetFlagStatus), (8 bytes).
    Removing stm32f10x_usart.o(.text.USART_ClearFlag), (6 bytes).
    Removing stm32f10x_usart.o(.ARM.exidx.text.USART_ClearFlag), (8 bytes).
    Removing stm32f10x_usart.o(.ARM.exidx.text.USART_GetITStatus), (8 bytes).
    Removing stm32f10x_usart.o(.text.USART_ClearITPendingBit), (14 bytes).
    Removing stm32f10x_usart.o(.ARM.exidx.text.USART_ClearITPendingBit), (8 bytes).
    Removing stm32f10x_wwdg.o(.text), (0 bytes).
    Removing stm32f10x_wwdg.o(.text.WWDG_DeInit), (26 bytes).
    Removing stm32f10x_wwdg.o(.ARM.exidx.text.WWDG_DeInit), (8 bytes).
    Removing stm32f10x_wwdg.o(.text.WWDG_SetPrescaler), (20 bytes).
    Removing stm32f10x_wwdg.o(.ARM.exidx.text.WWDG_SetPrescaler), (8 bytes).
    Removing stm32f10x_wwdg.o(.text.WWDG_SetWindowValue), (40 bytes).
    Removing stm32f10x_wwdg.o(.ARM.exidx.text.WWDG_SetWindowValue), (8 bytes).
    Removing stm32f10x_wwdg.o(.text.WWDG_EnableIT), (14 bytes).
    Removing stm32f10x_wwdg.o(.ARM.exidx.text.WWDG_EnableIT), (8 bytes).
    Removing stm32f10x_wwdg.o(.text.WWDG_SetCounter), (16 bytes).
    Removing stm32f10x_wwdg.o(.ARM.exidx.text.WWDG_SetCounter), (8 bytes).
    Removing stm32f10x_wwdg.o(.text.WWDG_Enable), (16 bytes).
    Removing stm32f10x_wwdg.o(.ARM.exidx.text.WWDG_Enable), (8 bytes).
    Removing stm32f10x_wwdg.o(.text.WWDG_GetFlagStatus), (12 bytes).
    Removing stm32f10x_wwdg.o(.ARM.exidx.text.WWDG_GetFlagStatus), (8 bytes).
    Removing stm32f10x_wwdg.o(.text.WWDG_ClearFlag), (14 bytes).
    Removing stm32f10x_wwdg.o(.ARM.exidx.text.WWDG_ClearFlag), (8 bytes).
    Removing inv_mpu.o(.text), (0 bytes).
    Removing inv_mpu.o(.text.mpu_reg_dump), (108 bytes).
    Removing inv_mpu.o(.ARM.exidx.text.mpu_reg_dump), (8 bytes).
    Removing inv_mpu.o(.text.mpu_read_reg), (54 bytes).
    Removing inv_mpu.o(.ARM.exidx.text.mpu_read_reg), (8 bytes).
    Removing inv_mpu.o(.ARM.exidx.text.mpu_init), (8 bytes).
    Removing inv_mpu.o(.text.mpu_set_gyro_fsr), (142 bytes).
    Removing inv_mpu.o(.ARM.exidx.text.mpu_set_gyro_fsr), (8 bytes).
    Removing inv_mpu.o(.text.mpu_set_accel_fsr), (136 bytes).
    Removing inv_mpu.o(.ARM.exidx.text.mpu_set_accel_fsr), (8 bytes).
    Removing inv_mpu.o(.text.mpu_set_lpf), (108 bytes).
    Removing inv_mpu.o(.ARM.exidx.text.mpu_set_lpf), (8 bytes).
    Removing inv_mpu.o(.ARM.exidx.text.mpu_set_sample_rate), (8 bytes).
    Removing inv_mpu.o(.ARM.exidx.text.mpu_configure_fifo), (8 bytes).
    Removing inv_mpu.o(.ARM.exidx.text.mpu_set_bypass), (8 bytes).
    Removing inv_mpu.o(.ARM.exidx.text.mpu_set_sensors), (8 bytes).
    Removing inv_mpu.o(.ARM.exidx.text.mpu_lp_accel_mode), (8 bytes).
    Removing inv_mpu.o(.text.mpu_set_int_latched), (104 bytes).
    Removing inv_mpu.o(.ARM.exidx.text.mpu_set_int_latched), (8 bytes).
    Removing inv_mpu.o(.text.mpu_get_gyro_reg), (86 bytes).
    Removing inv_mpu.o(.ARM.exidx.text.mpu_get_gyro_reg), (8 bytes).
    Removing inv_mpu.o(.ARM.exidx.text.mget_ms), (8 bytes).
    Removing inv_mpu.o(.text.mpu_get_accel_reg), (84 bytes).
    Removing inv_mpu.o(.ARM.exidx.text.mpu_get_accel_reg), (8 bytes).
    Removing inv_mpu.o(.text.mpu_get_temperature), (122 bytes).
    Removing inv_mpu.o(.ARM.exidx.text.mpu_get_temperature), (8 bytes).
    Removing inv_mpu.o(.text.mpu_set_accel_bias), (246 bytes).
    Removing inv_mpu.o(.ARM.exidx.text.mpu_set_accel_bias), (8 bytes).
    Removing inv_mpu.o(.ARM.exidx.text.mpu_reset_fifo), (8 bytes).
    Removing inv_mpu.o(.text.mpu_get_gyro_fsr), (50 bytes).
    Removing inv_mpu.o(.ARM.exidx.text.mpu_get_gyro_fsr), (8 bytes).
    Removing inv_mpu.o(.ARM.exidx.text.mpu_get_accel_fsr), (8 bytes).
    Removing inv_mpu.o(.text.mpu_get_lpf), (56 bytes).
    Removing inv_mpu.o(.ARM.exidx.text.mpu_get_lpf), (8 bytes).
    Removing inv_mpu.o(.text.mpu_get_sample_rate), (28 bytes).
    Removing inv_mpu.o(.ARM.exidx.text.mpu_get_sample_rate), (8 bytes).
    Removing inv_mpu.o(.text.mpu_get_compass_sample_rate), (10 bytes).
    Removing inv_mpu.o(.ARM.exidx.text.mpu_get_compass_sample_rate), (8 bytes).
    Removing inv_mpu.o(.text.mpu_set_compass_sample_rate), (6 bytes).
    Removing inv_mpu.o(.ARM.exidx.text.mpu_set_compass_sample_rate), (8 bytes).
    Removing inv_mpu.o(.text.mpu_get_gyro_sens), (66 bytes).
    Removing inv_mpu.o(.ARM.exidx.text.mpu_get_gyro_sens), (8 bytes).
    Removing inv_mpu.o(.ARM.exidx.text.mpu_get_accel_sens), (8 bytes).
    Removing inv_mpu.o(.text.mpu_get_fifo_config), (16 bytes).
    Removing inv_mpu.o(.ARM.exidx.text.mpu_get_fifo_config), (8 bytes).
    Removing inv_mpu.o(.text.mpu_get_power_state), (22 bytes).
    Removing inv_mpu.o(.ARM.exidx.text.mpu_get_power_state), (8 bytes).
    Removing inv_mpu.o(.text.mpu_get_int_status), (62 bytes).
    Removing inv_mpu.o(.ARM.exidx.text.mpu_get_int_status), (8 bytes).
    Removing inv_mpu.o(.text.mpu_read_fifo), (388 bytes).
    Removing inv_mpu.o(.ARM.exidx.text.mpu_read_fifo), (8 bytes).
    Removing inv_mpu.o(.ARM.exidx.text.mpu_read_fifo_stream), (8 bytes).
    Removing inv_mpu.o(.text.mpu_set_int_level), (16 bytes).
    Removing inv_mpu.o(.ARM.exidx.text.mpu_set_int_level), (8 bytes).
    Removing inv_mpu.o(.ARM.exidx.text.mpu_run_self_test), (8 bytes).
    Removing inv_mpu.o(.ARM.exidx.text.mpu_set_dmp_state), (8 bytes).
    Removing inv_mpu.o(.ARM.exidx.text.get_st_biases), (8 bytes).
    Removing inv_mpu.o(.ARM.exidx.text.mpu_write_mem), (8 bytes).
    Removing inv_mpu.o(.text.mpu_read_mem), (104 bytes).
    Removing inv_mpu.o(.ARM.exidx.text.mpu_read_mem), (8 bytes).
    Removing inv_mpu.o(.ARM.exidx.text.mpu_load_firmware), (8 bytes).
    Removing inv_mpu.o(.text.mpu_get_dmp_state), (18 bytes).
    Removing inv_mpu.o(.ARM.exidx.text.mpu_get_dmp_state), (8 bytes).
    Removing inv_mpu.o(.text.setup_compass), (6 bytes).
    Removing inv_mpu.o(.ARM.exidx.text.setup_compass), (8 bytes).
    Removing inv_mpu.o(.text.mpu_get_compass_reg), (6 bytes).
    Removing inv_mpu.o(.ARM.exidx.text.mpu_get_compass_reg), (8 bytes).
    Removing inv_mpu.o(.text.mpu_get_compass_fsr), (6 bytes).
    Removing inv_mpu.o(.ARM.exidx.text.mpu_get_compass_fsr), (8 bytes).
    Removing inv_mpu.o(.text.mpu_lp_motion_interrupt), (902 bytes).
    Removing inv_mpu.o(.ARM.exidx.text.mpu_lp_motion_interrupt), (8 bytes).
    Removing inv_mpu.o(.ARM.exidx.text.run_self_test), (8 bytes).
    Removing inv_mpu.o(.text.inv_orientation_matrix_to_scalar), (182 bytes).
    Removing inv_mpu.o(.ARM.exidx.text.inv_orientation_matrix_to_scalar), (8 bytes).
    Removing inv_mpu.o(.text.inv_row_2_scale), (68 bytes).
    Removing inv_mpu.o(.ARM.exidx.text.inv_row_2_scale), (8 bytes).
    Removing inv_mpu.o(.ARM.exidx.text.mpu_dmp_init), (8 bytes).
    Removing inv_mpu.o(.ARM.exidx.text.mpu_dmp_get_data), (8 bytes).
    Removing inv_mpu_dmp_motion_driver.o(.text), (0 bytes).
    Removing inv_mpu_dmp_motion_driver.o(.ARM.exidx.text.dmp_load_motion_driver_firmware), (8 bytes).
    Removing inv_mpu_dmp_motion_driver.o(.ARM.exidx.text.dmp_set_orientation), (8 bytes).
    Removing inv_mpu_dmp_motion_driver.o(.ARM.exidx.text.dmp_set_gyro_bias), (8 bytes).
    Removing inv_mpu_dmp_motion_driver.o(.ARM.exidx.text.dmp_set_accel_bias), (8 bytes).
    Removing inv_mpu_dmp_motion_driver.o(.ARM.exidx.text.dmp_set_fifo_rate), (8 bytes).
    Removing inv_mpu_dmp_motion_driver.o(.text.dmp_get_fifo_rate), (16 bytes).
    Removing inv_mpu_dmp_motion_driver.o(.ARM.exidx.text.dmp_get_fifo_rate), (8 bytes).
    Removing inv_mpu_dmp_motion_driver.o(.ARM.exidx.text.dmp_set_tap_thresh), (8 bytes).
    Removing inv_mpu_dmp_motion_driver.o(.text.dmp_set_tap_axes), (56 bytes).
    Removing inv_mpu_dmp_motion_driver.o(.ARM.exidx.text.dmp_set_tap_axes), (8 bytes).
    Removing inv_mpu_dmp_motion_driver.o(.text.dmp_set_tap_count), (40 bytes).
    Removing inv_mpu_dmp_motion_driver.o(.ARM.exidx.text.dmp_set_tap_count), (8 bytes).
    Removing inv_mpu_dmp_motion_driver.o(.text.dmp_set_tap_time), (46 bytes).
    Removing inv_mpu_dmp_motion_driver.o(.ARM.exidx.text.dmp_set_tap_time), (8 bytes).
    Removing inv_mpu_dmp_motion_driver.o(.text.dmp_set_tap_time_multi), (46 bytes).
    Removing inv_mpu_dmp_motion_driver.o(.ARM.exidx.text.dmp_set_tap_time_multi), (8 bytes).
    Removing inv_mpu_dmp_motion_driver.o(.text.dmp_set_shake_reject_thresh), (62 bytes).
    Removing inv_mpu_dmp_motion_driver.o(.ARM.exidx.text.dmp_set_shake_reject_thresh), (8 bytes).
    Removing inv_mpu_dmp_motion_driver.o(.text.dmp_set_shake_reject_time), (46 bytes).
    Removing inv_mpu_dmp_motion_driver.o(.ARM.exidx.text.dmp_set_shake_reject_time), (8 bytes).
    Removing inv_mpu_dmp_motion_driver.o(.text.dmp_set_shake_reject_timeout), (46 bytes).
    Removing inv_mpu_dmp_motion_driver.o(.ARM.exidx.text.dmp_set_shake_reject_timeout), (8 bytes).
    Removing inv_mpu_dmp_motion_driver.o(.text.dmp_get_pedometer_step_count), (42 bytes).
    Removing inv_mpu_dmp_motion_driver.o(.ARM.exidx.text.dmp_get_pedometer_step_count), (8 bytes).
    Removing inv_mpu_dmp_motion_driver.o(.text.dmp_set_pedometer_step_count), (42 bytes).
    Removing inv_mpu_dmp_motion_driver.o(.ARM.exidx.text.dmp_set_pedometer_step_count), (8 bytes).
    Removing inv_mpu_dmp_motion_driver.o(.text.dmp_get_pedometer_walk_time), (48 bytes).
    Removing inv_mpu_dmp_motion_driver.o(.ARM.exidx.text.dmp_get_pedometer_walk_time), (8 bytes).
    Removing inv_mpu_dmp_motion_driver.o(.text.dmp_set_pedometer_walk_time), (56 bytes).
    Removing inv_mpu_dmp_motion_driver.o(.ARM.exidx.text.dmp_set_pedometer_walk_time), (8 bytes).
    Removing inv_mpu_dmp_motion_driver.o(.ARM.exidx.text.dmp_enable_feature), (8 bytes).
    Removing inv_mpu_dmp_motion_driver.o(.text.dmp_enable_gyro_cal), (70 bytes).
    Removing inv_mpu_dmp_motion_driver.o(.ARM.exidx.text.dmp_enable_gyro_cal), (8 bytes).
    Removing inv_mpu_dmp_motion_driver.o(.text.dmp_enable_lp_quat), (44 bytes).
    Removing inv_mpu_dmp_motion_driver.o(.ARM.exidx.text.dmp_enable_lp_quat), (8 bytes).
    Removing inv_mpu_dmp_motion_driver.o(.text.dmp_enable_6x_lp_quat), (44 bytes).
    Removing inv_mpu_dmp_motion_driver.o(.ARM.exidx.text.dmp_enable_6x_lp_quat), (8 bytes).
    Removing inv_mpu_dmp_motion_driver.o(.text.dmp_get_enabled_features), (16 bytes).
    Removing inv_mpu_dmp_motion_driver.o(.ARM.exidx.text.dmp_get_enabled_features), (8 bytes).
    Removing inv_mpu_dmp_motion_driver.o(.text.dmp_set_interrupt_mode), (42 bytes).
    Removing inv_mpu_dmp_motion_driver.o(.ARM.exidx.text.dmp_set_interrupt_mode), (8 bytes).
    Removing inv_mpu_dmp_motion_driver.o(.ARM.exidx.text.dmp_read_fifo), (8 bytes).
    Removing inv_mpu_dmp_motion_driver.o(.text.dmp_register_tap_cb), (14 bytes).
    Removing inv_mpu_dmp_motion_driver.o(.ARM.exidx.text.dmp_register_tap_cb), (8 bytes).
    Removing inv_mpu_dmp_motion_driver.o(.text.dmp_register_android_orient_cb), (14 bytes).
    Removing inv_mpu_dmp_motion_driver.o(.ARM.exidx.text.dmp_register_android_orient_cb), (8 bytes).
    Removing inv_mpu_dmp_motion_driver.o(.rodata..L__unnamed_1), (9 bytes).
    Removing inv_mpu_dmp_motion_driver.o(.rodata.dmp_set_interrupt_mode.regs_continuous), (11 bytes).
    Removing inv_mpu_dmp_motion_driver.o(.rodata.dmp_set_interrupt_mode.regs_gesture), (11 bytes).
    Removing inv_mpu_dmp_motion_driver.o(.rodata..L__unnamed_2), (12 bytes).
    Removing inv_mpu_dmp_motion_driver.o(.rodata..Ldmp_enable_gyro_cal.regs.1), (12 bytes).
    Removing drv_led.o(.text), (0 bytes).
    Removing drv_led.o(.ARM.exidx.text._Z17set_LedBrightnessfff), (8 bytes).
    Removing drv_led.o(.ARM.exidx.text._Z14set_BuzzerFreqt), (8 bytes).
    Removing drv_led.o(.ARM.exidx.text._Z15set_BuzzerOnOffb), (8 bytes).
    Removing drv_led.o(.text._Z12Set_LED_Mode8LED_Mode), (2 bytes).
    Removing drv_led.o(.ARM.exidx.text._Z12Set_LED_Mode8LED_Mode), (8 bytes).
    Removing drv_led.o(.ARM.exidx.text._Z9Led_Flasht), (8 bytes).
    Removing drv_led.o(.ARM.exidx.text._Z12init_drv_LEDv), (8 bytes).
    Removing drv_main.o(.text), (0 bytes).
    Removing drv_main.o(.ARM.exidx.text.init_drv_Main), (8 bytes).
    Removing drv_lcd.o(.text), (0 bytes).
    Removing drv_lcd.o(.ARM.exidx.text._Z13LCD_GPIO_Initv), (8 bytes).
    Removing drv_lcd.o(.ARM.exidx.text._Z12LCD_Writ_Bush), (8 bytes).
    Removing drv_lcd.o(.ARM.exidx.text._Z12LCD_WR_DATA8h), (8 bytes).
    Removing drv_lcd.o(.ARM.exidx.text._Z11LCD_WR_DATAt), (8 bytes).
    Removing drv_lcd.o(.text._Z10LCD_WR_REGh), (38 bytes).
    Removing drv_lcd.o(.ARM.exidx.text._Z10LCD_WR_REGh), (8 bytes).
    Removing drv_lcd.o(.ARM.exidx.text._Z15LCD_Address_Settttt), (8 bytes).
    Removing drv_lcd.o(.ARM.exidx.text._Z12init_drv_LCDv), (8 bytes).
    Removing drv_key.o(.text), (0 bytes).
    Removing drv_key.o(.ARM.exidx.text._Z14click_N_Doublet), (8 bytes).
    Removing drv_key.o(.text._Z5clickv), (42 bytes).
    Removing drv_key.o(.ARM.exidx.text._Z5clickv), (8 bytes).
    Removing drv_key.o(.text._Z10Long_Pressv), (126 bytes).
    Removing drv_key.o(.ARM.exidx.text._Z10Long_Pressv), (8 bytes).
    Removing drv_key.o(.ARM.exidx.text._Z12init_drv_Keyv), (8 bytes).
    Removing drv_key.o(.bss.tran), (4 bytes).
    Removing drv_key.o(.bss._ZZ5clickvE8flag_key), (1 bytes).
    Removing drv_key.o(.bss._ZZ10Long_PressvE16Long_Press_count), (2 bytes).
    Removing drv_key.o(.bss._ZZ10Long_PressvE10Long_Press), (1 bytes).
    Removing drv_key.o(.bss._ZL11Press_count), (2 bytes).
    Removing drv_trumpet.o(.text), (0 bytes).
    Removing drv_trumpet.o(.text._Z4Playv), (212 bytes).
    Removing drv_trumpet.o(.ARM.exidx.text._Z4Playv), (8 bytes).
    Removing drv_trumpet.o(.text._Z16set_TrumpetOnOffb), (22 bytes).
    Removing drv_trumpet.o(.ARM.exidx.text._Z16set_TrumpetOnOffb), (8 bytes).
    Removing drv_trumpet.o(.text._Z15set_TrumpetFreqt), (248 bytes).
    Removing drv_trumpet.o(.ARM.exidx.text._Z15set_TrumpetFreqt), (8 bytes).
    Removing drv_trumpet.o(.rodata..L_ZZ4PlayvE4time), (58 bytes).
    Removing drv_sensors.o(.text), (0 bytes).
    Removing drv_sensors.o(.ARM.exidx.text._Z16init_drv_Sensorsv), (8 bytes).
    Removing drv_pwmout.o(.text), (0 bytes).
    Removing drv_pwmout.o(.text._Z14PWM_DisableAllv), (16 bytes).
    Removing drv_pwmout.o(.ARM.exidx.text._Z14PWM_DisableAllv), (8 bytes).
    Removing drv_pwmout.o(.text._Z15PWM_PullDownAllv), (16 bytes).
    Removing drv_pwmout.o(.ARM.exidx.text._Z15PWM_PullDownAllv), (8 bytes).
    Removing drv_pwmout.o(.text._Z13PWM_PullUpAllv), (18 bytes).
    Removing drv_pwmout.o(.ARM.exidx.text._Z13PWM_PullUpAllv), (8 bytes).
    Removing drv_pwmout.o(.ARM.exidx.text._Z14init_drv_Motorv), (8 bytes).
    Removing drv_pwmout.o(.ARM.exidx.text._Z15init_drv_PWMOutv), (8 bytes).
    Removing drv_mpu6050.o(.text), (0 bytes).
    Removing drv_mpu6050.o(.ARM.exidx.text.Write_Byte), (8 bytes).
    Removing drv_mpu6050.o(.text.Read_Byte), (58 bytes).
    Removing drv_mpu6050.o(.ARM.exidx.text.Read_Byte), (8 bytes).
    Removing drv_mpu6050.o(.ARM.exidx.text.MPU_Init), (8 bytes).
    Removing drv_mpu6050.o(.text.MPU_Set_Gyro_Fsr), (10 bytes).
    Removing drv_mpu6050.o(.ARM.exidx.text.MPU_Set_Gyro_Fsr), (8 bytes).
    Removing drv_mpu6050.o(.text.MPU_Set_Accel_Fsr), (10 bytes).
    Removing drv_mpu6050.o(.ARM.exidx.text.MPU_Set_Accel_Fsr), (8 bytes).
    Removing drv_mpu6050.o(.text.MPU_Set_Rate), (90 bytes).
    Removing drv_mpu6050.o(.ARM.exidx.text.MPU_Set_Rate), (8 bytes).
    Removing drv_mpu6050.o(.text.MPU_Set_LPF), (48 bytes).
    Removing drv_mpu6050.o(.ARM.exidx.text.MPU_Set_LPF), (8 bytes).
    Removing drv_mpu6050.o(.ARM.exidx.text.MPU_Get_Temperature), (8 bytes).
    Removing drv_mpu6050.o(.text.MPU_Get_Gyroscope), (64 bytes).
    Removing drv_mpu6050.o(.ARM.exidx.text.MPU_Get_Gyroscope), (8 bytes).
    Removing drv_mpu6050.o(.text.MPU_Get_Accelerometer), (64 bytes).
    Removing drv_mpu6050.o(.ARM.exidx.text.MPU_Get_Accelerometer), (8 bytes).
    Removing drv_mpu6050.o(.text.Read_DMP), (28 bytes).
    Removing drv_mpu6050.o(.ARM.exidx.text.Read_DMP), (8 bytes).
    Removing drv_mpu6050.o(.text.Mpu6050FindRevision), (148 bytes).
    Removing drv_mpu6050.o(.ARM.exidx.text.Mpu6050FindRevision), (8 bytes).
    Removing drv_mpu6050.o(.text.MPU6050_read), (208 bytes).
    Removing drv_mpu6050.o(.ARM.exidx.text.MPU6050_read), (8 bytes).
    Removing drv_mpu6050.o(.ARM.exidx.text.Get_Angle), (8 bytes).
    Removing drv_mpu6050.o(.bss.Gryo_Z), (4 bytes).
    Removing drv_mpu6050.o(.bss.accRaw), (6 bytes).
    Removing drv_mpu6050.o(.bss.gyroRaw), (6 bytes).
    Removing drv_mpu6050.o(.bss.temperuteRaw), (2 bytes).
    Removing drv_mpu6050.o(.bss._ZL20_mpu_half_resolution), (1 bytes).
    Removing drv_extiic.o(.text), (0 bytes).
    Removing drv_extiic.o(.ARM.exidx.text.IIC_Delay), (8 bytes).
    Removing drv_extiic.o(.text.I2C_ReadOneByte), (200 bytes).
    Removing drv_extiic.o(.ARM.exidx.text.I2C_ReadOneByte), (8 bytes).
    Removing drv_extiic.o(.ARM.exidx.text.IIC_Start), (8 bytes).
    Removing drv_extiic.o(.ARM.exidx.text.IIC_Send_Byte), (8 bytes).
    Removing drv_extiic.o(.ARM.exidx.text.IIC_Wait_Ack), (8 bytes).
    Removing drv_extiic.o(.ARM.exidx.text.IIC_Read_Byte), (8 bytes).
    Removing drv_extiic.o(.ARM.exidx.text.IIC_Stop), (8 bytes).
    Removing drv_extiic.o(.ARM.exidx.text.IIC_Init), (8 bytes).
    Removing drv_extiic.o(.text.IIC_Ack), (60 bytes).
    Removing drv_extiic.o(.ARM.exidx.text.IIC_Ack), (8 bytes).
    Removing drv_extiic.o(.text.IIC_NAck), (60 bytes).
    Removing drv_extiic.o(.ARM.exidx.text.IIC_NAck), (8 bytes).
    Removing drv_extiic.o(.ARM.exidx.text.Write_Len), (8 bytes).
    Removing drv_extiic.o(.ARM.exidx.text.Read_Len), (8 bytes).
    Removing drv_encoder.o(.text), (0 bytes).
    Removing drv_encoder.o(.ARM.exidx.text._Z21drv_Encoder_Init_TIM3v), (8 bytes).
    Removing drv_encoder.o(.ARM.exidx.text._Z21drv_Encoder_Init_TIM4v), (8 bytes).
    Removing drv_encoder.o(.ARM.exidx.text._Z12Read_Encoderh), (8 bytes).
    Removing drv_encoder.o(.ARM.exidx.text.TIM4_IRQHandler), (8 bytes).
    Removing drv_encoder.o(.ARM.exidx.text.TIM3_IRQHandler), (8 bytes).
    Removing drv_uart1.o(.text), (0 bytes).
    Removing drv_uart1.o(.ARM.exidx.text.init_drv_Uart1), (8 bytes).
    Removing drv_uart1.o(.ARM.exidx.text.USART1_IRQHandler), (8 bytes).
    Removing drv_uart2.o(.text), (0 bytes).
    Removing drv_uart2.o(.ARM.exidx.text._Z14init_drv_Uart2j), (8 bytes).
    Removing drv_uart3.o(.text), (0 bytes).
    Removing drv_uart3.o(.ARM.exidx.text._Z14init_drv_Uart3j), (8 bytes).
    Removing drv_uart4.o(.text), (0 bytes).
    Removing drv_uart4.o(.ARM.exidx.text._Z14init_drv_Uart4j), (8 bytes).
    Removing drv_adc.o(.text), (0 bytes).
    Removing drv_adc.o(.text._Z7Get_Adch), (54 bytes).
    Removing drv_adc.o(.ARM.exidx.text._Z7Get_Adch), (8 bytes).
    Removing drv_adc.o(.ARM.exidx.text._Z16Get_battery_voltv), (8 bytes).
    Removing drv_adc.o(.ARM.exidx.text._Z12init_drv_ADCv), (8 bytes).
    Removing datascop_dp.o(.text), (0 bytes).
    Removing datascop_dp.o(.text._Z10Float2BytePfPhh), (20 bytes).
    Removing datascop_dp.o(.ARM.exidx.text._Z10Float2BytePfPhh), (8 bytes).
    Removing datascop_dp.o(.text._Z26DataScope_Get_Channel_Datafh), (286 bytes).
    Removing datascop_dp.o(.ARM.exidx.text._Z26DataScope_Get_Channel_Datafh), (8 bytes).
    Removing datascop_dp.o(.text._Z23DataScope_Data_Generateh), (150 bytes).
    Removing datascop_dp.o(.ARM.exidx.text._Z23DataScope_Data_Generateh), (8 bytes).
    Removing datascop_dp.o(.bss.DataScope_OutPut_Buffer), (42 bytes).
    Removing show.o(.text), (0 bytes).
    Removing show.o(.text._Z9DataScopev), (384 bytes).
    Removing show.o(.ARM.exidx.text._Z9DataScopev), (8 bytes).
    Removing filter.o(.text), (0 bytes).
    Removing filter_1.o(.text), (0 bytes).
    Removing filter_1.o(.ARM.exidx.text.Kalman_Filter_x), (8 bytes).
    Removing filter_1.o(.ARM.exidx.text.Complementary_Filter_x), (8 bytes).
    Removing filter_1.o(.ARM.exidx.text.Kalman_Filter_y), (8 bytes).
    Removing filter_1.o(.ARM.exidx.text.Complementary_Filter_y), (8 bytes).
    Removing filter_1.o(.text.nullFilterApply), (4 bytes).
    Removing filter_1.o(.ARM.exidx.text.nullFilterApply), (8 bytes).
    Removing filter_1.o(.text.pt1FilterInit), (38 bytes).
    Removing filter_1.o(.ARM.exidx.text.pt1FilterInit), (8 bytes).
    Removing filter_1.o(.text.pt1FilterApply), (58 bytes).
    Removing filter_1.o(.ARM.exidx.text.pt1FilterApply), (8 bytes).
    Removing filter_1.o(.text.pt1FilterApply4), (126 bytes).
    Removing filter_1.o(.ARM.exidx.text.pt1FilterApply4), (8 bytes).
    Removing filter_1.o(.text.biquadFilterInitLPF), (186 bytes).
    Removing filter_1.o(.ARM.exidx.text.biquadFilterInitLPF), (8 bytes).
    Removing filter_1.o(.text.biquadFilterApply), (106 bytes).
    Removing filter_1.o(.ARM.exidx.text.biquadFilterApply), (8 bytes).
    Removing control.o(.text), (0 bytes).
    Removing control_1.o(.text), (0 bytes).
    Removing control_1.o(.text._Z7Balanceff), (82 bytes).
    Removing control_1.o(.ARM.exidx.text._Z7Balanceff), (8 bytes).
    Removing control_1.o(.ARM.exidx.text._Z8Velocityii), (8 bytes).
    Removing control_1.o(.text._Z8Turn_Offfi), (88 bytes).
    Removing control_1.o(.ARM.exidx.text._Z8Turn_Offfi), (8 bytes).
    Removing control_1.o(.ARM.exidx.text._Z4Turnf), (8 bytes).
    Removing control_1.o(.text._Z7Set_Pwmii), (108 bytes).
    Removing control_1.o(.ARM.exidx.text._Z7Set_Pwmii), (8 bytes).
    Removing control_1.o(.text._Z5myabsi), (8 bytes).
    Removing control_1.o(.ARM.exidx.text._Z5myabsi), (8 bytes).
    Removing control_1.o(.text._Z9PWM_Limitiii), (16 bytes).
    Removing control_1.o(.ARM.exidx.text._Z9PWM_Limitiii), (8 bytes).
    Removing control_1.o(.text._Z3Keyv), (34 bytes).
    Removing control_1.o(.ARM.exidx.text._Z3Keyv), (8 bytes).
    Removing control_1.o(.text._Z7Pick_Upffii), (242 bytes).
    Removing control_1.o(.ARM.exidx.text._Z7Pick_Upffii), (8 bytes).
    Removing control_1.o(.text._Z8Put_Downfii), (142 bytes).
    Removing control_1.o(.ARM.exidx.text._Z8Put_Downfii), (8 bytes).
    Removing control_1.o(.ARM.exidx.text._Z25Get_Velocity_Form_Encoderii), (8 bytes).
    Removing control_1.o(.text._Z17Set_Postion_PID_Lii), (166 bytes).
    Removing control_1.o(.ARM.exidx.text._Z17Set_Postion_PID_Lii), (8 bytes).
    Removing control_1.o(.text._Z17Set_Postion_PID_Rii), (166 bytes).
    Removing control_1.o(.ARM.exidx.text._Z17Set_Postion_PID_Rii), (8 bytes).
    Removing control_1.o(.text._Z20Set_Incremental_PI_Lii), (94 bytes).
    Removing control_1.o(.ARM.exidx.text._Z20Set_Incremental_PI_Lii), (8 bytes).
    Removing control_1.o(.text._Z20Set_Incremental_PI_Rii), (94 bytes).
    Removing control_1.o(.ARM.exidx.text._Z20Set_Incremental_PI_Rii), (8 bytes).
    Removing control_1.o(.ARM.exidx.text.TIM8_UP_IRQHandler), (8 bytes).
    Removing control_1.o(.bss.TargetYaw), (4 bytes).
    Removing control_1.o(.bss._ZZ17Set_Postion_PID_LiiE13integral_bias), (4 bytes).
    Removing control_1.o(.bss._ZZ17Set_Postion_PID_LiiE9last_bias), (4 bytes).
    Removing control_1.o(.bss._ZZ17Set_Postion_PID_RiiE13integral_bias), (4 bytes).
    Removing control_1.o(.bss._ZZ17Set_Postion_PID_RiiE9last_bias), (4 bytes).
    Removing control_1.o(.bss._ZZ20Set_Incremental_PI_LiiE3pwm), (4 bytes).
    Removing control_1.o(.bss._ZZ20Set_Incremental_PI_LiiE9last_bias), (4 bytes).
    Removing control_1.o(.bss._ZZ20Set_Incremental_PI_RiiE3pwm), (4 bytes).
    Removing control_1.o(.bss._ZZ20Set_Incremental_PI_RiiE9last_bias), (4 bytes).
    Removing owncontrol.o(.text), (0 bytes).
    Removing cpuport.o(.text), (0 bytes).
    Removing cpuport.o(.ARM.exidx.text.rt_hw_stack_init), (8 bytes).
    Removing cpuport.o(.text.rt_hw_exception_install), (12 bytes).
    Removing cpuport.o(.ARM.exidx.text.rt_hw_exception_install), (8 bytes).
    Removing cpuport.o(.ARM.exidx.text.rt_hw_hard_fault_exception), (8 bytes).
    Removing cpuport.o(.text.rt_hw_cpu_shutdown), (2 bytes).
    Removing cpuport.o(.ARM.exidx.text.rt_hw_cpu_shutdown), (8 bytes).
    Removing cpuport.o(.text.rt_hw_cpu_reset), (18 bytes).
    Removing cpuport.o(.ARM.exidx.text.rt_hw_cpu_reset), (8 bytes).
    Removing clock.o(.text), (0 bytes).
    Removing clock.o(.text.rt_system_tick_init), (2 bytes).
    Removing clock.o(.ARM.exidx.text.rt_system_tick_init), (8 bytes).
    Removing clock.o(.ARM.exidx.text.rt_tick_get), (8 bytes).
    Removing clock.o(.text.rt_tick_set), (26 bytes).
    Removing clock.o(.ARM.exidx.text.rt_tick_set), (8 bytes).
    Removing clock.o(.ARM.exidx.text.rt_tick_increase), (8 bytes).
    Removing clock.o(.text.rt_tick_from_millisecond), (52 bytes).
    Removing clock.o(.ARM.exidx.text.rt_tick_from_millisecond), (8 bytes).
    Removing components.o(.text), (0 bytes).
    Removing components.o(.ARM.exidx.text.rti_start), (8 bytes).
    Removing components.o(.ARM.exidx.text.rti_board_start), (8 bytes).
    Removing components.o(.ARM.exidx.text.rti_board_end), (8 bytes).
    Removing components.o(.ARM.exidx.text.rti_end), (8 bytes).
    Removing components.o(.ARM.exidx.text.rt_components_board_init), (8 bytes).
    Removing components.o(.text.rt_components_init), (44 bytes).
    Removing components.o(.ARM.exidx.text.rt_components_init), (8 bytes).
    Removing components.o(.ARM.exidx.text.$Sub$$main), (8 bytes).
    Removing components.o(.text.rtthread_startup), (80 bytes).
    Removing components.o(.ARM.exidx.text.rtthread_startup), (8 bytes).
    Removing components.o(.ARM.exidx.text.main_thread_entry), (8 bytes).
    Removing components.o(.text.rt_application_init), (48 bytes).
    Removing components.o(.ARM.exidx.text.rt_application_init), (8 bytes).
    Removing idle.o(.text), (0 bytes).
    Removing idle.o(.ARM.exidx.text.rt_thread_idle_excute), (8 bytes).
    Removing idle.o(.ARM.exidx.text.rt_thread_idle_init), (8 bytes).
    Removing idle.o(.ARM.exidx.text.rt_thread_idle_entry), (8 bytes).
    Removing idle.o(.text.rt_thread_idle_gethandler), (10 bytes).
    Removing idle.o(.ARM.exidx.text.rt_thread_idle_gethandler), (8 bytes).
    Removing ipc.o(.text), (0 bytes).
    Removing ipc.o(.ARM.exidx.text.rt_sem_init), (8 bytes).
    Removing ipc.o(.text.rt_sem_detach), (60 bytes).
    Removing ipc.o(.ARM.exidx.text.rt_sem_detach), (8 bytes).
    Removing ipc.o(.text.rt_sem_create), (34 bytes).
    Removing ipc.o(.ARM.exidx.text.rt_sem_create), (8 bytes).
    Removing ipc.o(.text.rt_sem_delete), (60 bytes).
    Removing ipc.o(.ARM.exidx.text.rt_sem_delete), (8 bytes).
    Removing ipc.o(.ARM.exidx.text.rt_sem_take), (8 bytes).
    Removing ipc.o(.text.rt_sem_trytake), (34 bytes).
    Removing ipc.o(.ARM.exidx.text.rt_sem_trytake), (8 bytes).
    Removing ipc.o(.ARM.exidx.text.rt_sem_release), (8 bytes).
    Removing ipc.o(.text.rt_sem_control), (94 bytes).
    Removing ipc.o(.ARM.exidx.text.rt_sem_control), (8 bytes).
    Removing ipc.o(.text.rt_mb_init), (52 bytes).
    Removing ipc.o(.ARM.exidx.text.rt_mb_init), (8 bytes).
    Removing ipc.o(.text.rt_mb_detach), (104 bytes).
    Removing ipc.o(.ARM.exidx.text.rt_mb_detach), (8 bytes).
    Removing ipc.o(.text.rt_mb_create), (84 bytes).
    Removing ipc.o(.ARM.exidx.text.rt_mb_create), (8 bytes).
    Removing ipc.o(.text.rt_mb_delete), (110 bytes).
    Removing ipc.o(.ARM.exidx.text.rt_mb_delete), (8 bytes).
    Removing ipc.o(.text.rt_mb_send_wait), (378 bytes).
    Removing ipc.o(.ARM.exidx.text.rt_mb_send_wait), (8 bytes).
    Removing ipc.o(.text.rt_mb_send), (6 bytes).
    Removing ipc.o(.ARM.exidx.text.rt_mb_send), (8 bytes).
    Removing ipc.o(.text.rt_mb_recv), (388 bytes).
    Removing ipc.o(.ARM.exidx.text.rt_mb_recv), (8 bytes).
    Removing ipc.o(.text.rt_mb_control), (136 bytes).
    Removing ipc.o(.ARM.exidx.text.rt_mb_control), (8 bytes).
    Removing irq.o(.text), (0 bytes).
    Removing irq.o(.ARM.exidx.text.rt_interrupt_enter), (8 bytes).
    Removing irq.o(.ARM.exidx.text.rt_interrupt_leave), (8 bytes).
    Removing irq.o(.text.rt_interrupt_get_nest), (24 bytes).
    Removing irq.o(.ARM.exidx.text.rt_interrupt_get_nest), (8 bytes).
    Removing kservice.o(.text), (0 bytes).
    Removing kservice.o(.text.rt_get_errno), (32 bytes).
    Removing kservice.o(.ARM.exidx.text.rt_get_errno), (8 bytes).
    Removing kservice.o(.text.rt_set_errno), (34 bytes).
    Removing kservice.o(.ARM.exidx.text.rt_set_errno), (8 bytes).
    Removing kservice.o(.text._rt_errno), (44 bytes).
    Removing kservice.o(.ARM.exidx.text._rt_errno), (8 bytes).
    Removing kservice.o(.ARM.exidx.text.rt_memset), (8 bytes).
    Removing kservice.o(.text.rt_memcpy), (498 bytes).
    Removing kservice.o(.ARM.exidx.text.rt_memcpy), (8 bytes).
    Removing kservice.o(.text.rt_memmove), (250 bytes).
    Removing kservice.o(.ARM.exidx.text.rt_memmove), (8 bytes).
    Removing kservice.o(.text.rt_memcmp), (90 bytes).
    Removing kservice.o(.ARM.exidx.text.rt_memcmp), (8 bytes).
    Removing kservice.o(.text.rt_strstr), (216 bytes).
    Removing kservice.o(.ARM.exidx.text.rt_strstr), (8 bytes).
    Removing kservice.o(.text.rt_strlen), (62 bytes).
    Removing kservice.o(.ARM.exidx.text.rt_strlen), (8 bytes).
    Removing kservice.o(.text.rt_strcasecmp), (46 bytes).
    Removing kservice.o(.ARM.exidx.text.rt_strcasecmp), (8 bytes).
    Removing kservice.o(.ARM.exidx.text.rt_strncpy), (8 bytes).
    Removing kservice.o(.text.rt_strncmp), (44 bytes).
    Removing kservice.o(.ARM.exidx.text.rt_strncmp), (8 bytes).
    Removing kservice.o(.text.rt_strcmp), (136 bytes).
    Removing kservice.o(.ARM.exidx.text.rt_strcmp), (8 bytes).
    Removing kservice.o(.text.rt_strnlen), (110 bytes).
    Removing kservice.o(.ARM.exidx.text.rt_strnlen), (8 bytes).
    Removing kservice.o(.text.rt_strdup), (578 bytes).
    Removing kservice.o(.ARM.exidx.text.rt_strdup), (8 bytes).
    Removing kservice.o(.ARM.exidx.text.rt_show_version), (8 bytes).
    Removing kservice.o(.text.rt_vsnprintf), (1684 bytes).
    Removing kservice.o(.ARM.exidx.text.rt_vsnprintf), (8 bytes).
    Removing kservice.o(.text.print_number), (928 bytes).
    Removing kservice.o(.ARM.exidx.text.print_number), (8 bytes).
    Removing kservice.o(.text.rt_snprintf), (26 bytes).
    Removing kservice.o(.ARM.exidx.text.rt_snprintf), (8 bytes).
    Removing kservice.o(.text.rt_vsprintf), (12 bytes).
    Removing kservice.o(.ARM.exidx.text.rt_vsprintf), (8 bytes).
    Removing kservice.o(.text.rt_sprintf), (36 bytes).
    Removing kservice.o(.ARM.exidx.text.rt_sprintf), (8 bytes).
    Removing kservice.o(.text.rt_malloc_align), (50 bytes).
    Removing kservice.o(.ARM.exidx.text.rt_malloc_align), (8 bytes).
    Removing kservice.o(.text.rt_free_align), (8 bytes).
    Removing kservice.o(.ARM.exidx.text.rt_free_align), (8 bytes).
    Removing kservice.o(.ARM.exidx.text.__rt_ffs), (8 bytes).
    Removing kservice.o(.bss.__rt_errno), (4 bytes).
    Removing mem.o(.text), (0 bytes).
    Removing mem.o(.ARM.exidx.text.rt_system_heap_init), (8 bytes).
    Removing mem.o(.ARM.exidx.text.rt_malloc), (8 bytes).
    Removing mem.o(.text.rt_realloc), (362 bytes).
    Removing mem.o(.ARM.exidx.text.rt_realloc), (8 bytes).
    Removing mem.o(.ARM.exidx.text.rt_free), (8 bytes).
    Removing mem.o(.text.rt_calloc), (30 bytes).
    Removing mem.o(.ARM.exidx.text.rt_calloc), (8 bytes).
    Removing mem.o(.text.rt_memory_info), (48 bytes).
    Removing mem.o(.ARM.exidx.text.rt_memory_info), (8 bytes).
    Removing mempool.o(.text), (0 bytes).
    Removing object.o(.text), (0 bytes).
    Removing object.o(.text.rt_system_object_init), (2 bytes).
    Removing object.o(.ARM.exidx.text.rt_system_object_init), (8 bytes).
    Removing object.o(.text.rt_object_get_information), (54 bytes).
    Removing object.o(.ARM.exidx.text.rt_object_get_information), (8 bytes).
    Removing object.o(.text.rt_object_get_length), (108 bytes).
    Removing object.o(.ARM.exidx.text.rt_object_get_length), (8 bytes).
    Removing object.o(.text.rt_object_get_pointers), (200 bytes).
    Removing object.o(.ARM.exidx.text.rt_object_get_pointers), (8 bytes).
    Removing object.o(.ARM.exidx.text.rt_object_init), (8 bytes).
    Removing object.o(.ARM.exidx.text.rt_object_detach), (8 bytes).
    Removing object.o(.ARM.exidx.text.rt_object_allocate), (8 bytes).
    Removing object.o(.ARM.exidx.text.rt_object_delete), (8 bytes).
    Removing object.o(.ARM.exidx.text.rt_object_is_systemobject), (8 bytes).
    Removing object.o(.text.rt_object_get_type), (8 bytes).
    Removing object.o(.ARM.exidx.text.rt_object_get_type), (8 bytes).
    Removing object.o(.text.rt_object_find), (126 bytes).
    Removing object.o(.ARM.exidx.text.rt_object_find), (8 bytes).
    Removing scheduler.o(.text), (0 bytes).
    Removing scheduler.o(.ARM.exidx.text.rt_system_scheduler_init), (8 bytes).
    Removing scheduler.o(.ARM.exidx.text.rt_system_scheduler_start), (8 bytes).
    Removing scheduler.o(.ARM.exidx.text.rt_schedule), (8 bytes).
    Removing scheduler.o(.ARM.exidx.text.rt_schedule_insert_thread), (8 bytes).
    Removing scheduler.o(.ARM.exidx.text.rt_schedule_remove_thread), (8 bytes).
    Removing scheduler.o(.ARM.exidx.text.rt_enter_critical), (8 bytes).
    Removing scheduler.o(.ARM.exidx.text.rt_exit_critical), (8 bytes).
    Removing scheduler.o(.text.rt_critical_level), (12 bytes).
    Removing scheduler.o(.ARM.exidx.text.rt_critical_level), (8 bytes).
    Removing thread.o(.text), (0 bytes).
    Removing thread.o(.ARM.exidx.text.rt_thread_exit), (8 bytes).
    Removing thread.o(.ARM.exidx.text.rt_thread_init), (8 bytes).
    Removing thread.o(.ARM.exidx.text.rt_thread_self), (8 bytes).
    Removing thread.o(.ARM.exidx.text.rt_thread_startup), (8 bytes).
    Removing thread.o(.ARM.exidx.text.rt_thread_resume), (8 bytes).
    Removing thread.o(.text.rt_thread_detach), (116 bytes).
    Removing thread.o(.ARM.exidx.text.rt_thread_detach), (8 bytes).
    Removing thread.o(.ARM.exidx.text.rt_thread_create), (8 bytes).
    Removing thread.o(.text.rt_thread_delete), (96 bytes).
    Removing thread.o(.ARM.exidx.text.rt_thread_delete), (8 bytes).
    Removing thread.o(.ARM.exidx.text.rt_thread_yield), (8 bytes).
    Removing thread.o(.text.rt_thread_sleep), (126 bytes).
    Removing thread.o(.ARM.exidx.text.rt_thread_sleep), (8 bytes).
    Removing thread.o(.ARM.exidx.text.rt_thread_suspend), (8 bytes).
    Removing thread.o(.text.rt_thread_delay), (10 bytes).
    Removing thread.o(.ARM.exidx.text.rt_thread_delay), (8 bytes).
    Removing thread.o(.text.rt_thread_delay_until), (168 bytes).
    Removing thread.o(.ARM.exidx.text.rt_thread_delay_until), (8 bytes).
    Removing thread.o(.text.rt_thread_mdelay), (14 bytes).
    Removing thread.o(.ARM.exidx.text.rt_thread_mdelay), (8 bytes).
    Removing thread.o(.text.rt_thread_control), (202 bytes).
    Removing thread.o(.ARM.exidx.text.rt_thread_control), (8 bytes).
    Removing thread.o(.ARM.exidx.text.rt_thread_timeout), (8 bytes).
    Removing thread.o(.text.rt_thread_find), (6 bytes).
    Removing thread.o(.ARM.exidx.text.rt_thread_find), (8 bytes).
    Removing timer.o(.text), (0 bytes).
    Removing timer.o(.ARM.exidx.text.rt_timer_init), (8 bytes).
    Removing timer.o(.ARM.exidx.text.rt_timer_detach), (8 bytes).
    Removing timer.o(.text.rt_timer_create), (54 bytes).
    Removing timer.o(.ARM.exidx.text.rt_timer_create), (8 bytes).
    Removing timer.o(.text.rt_timer_delete), (48 bytes).
    Removing timer.o(.ARM.exidx.text.rt_timer_delete), (8 bytes).
    Removing timer.o(.ARM.exidx.text.rt_timer_start), (8 bytes).
    Removing timer.o(.ARM.exidx.text.rt_timer_stop), (8 bytes).
    Removing timer.o(.ARM.exidx.text.rt_timer_control), (8 bytes).
    Removing timer.o(.ARM.exidx.text.rt_timer_check), (8 bytes).
    Removing timer.o(.text.rt_timer_next_timeout_tick), (34 bytes).
    Removing timer.o(.ARM.exidx.text.rt_timer_next_timeout_tick), (8 bytes).
    Removing timer.o(.ARM.exidx.text.rt_system_timer_init), (8 bytes).
    Removing timer.o(.ARM.exidx.text.rt_system_timer_thread_init), (8 bytes).
    Removing board.o(.text), (0 bytes).
    Removing board.o(.ARM.exidx.text.rt_heap_begin_get), (8 bytes).
    Removing board.o(.ARM.exidx.text.rt_heap_end_get), (8 bytes).
    Removing board.o(.ARM.exidx.text.rt_hw_board_init), (8 bytes).
    Removing board.o(.ARM.exidx.text.SysTick_Handler), (8 bytes).
    Removing Unwind-EHABI.cpp.o(.text), (0 bytes).
    Removing Unwind-EHABI.cpp.o(.text.decode_eht_entry), (82 bytes).
    Removing Unwind-EHABI.cpp.o(.ARM.exidx.text.decode_eht_entry), (8 bytes).
    Removing Unwind-EHABI.cpp.o(.text._Unwind_VRS_Interpret), (554 bytes).
    Removing Unwind-EHABI.cpp.o(.ARM.exidx.text._Unwind_VRS_Interpret), (8 bytes).
    Removing Unwind-EHABI.cpp.o(.text._Unwind_VRS_Get), (90 bytes).
    Removing Unwind-EHABI.cpp.o(.ARM.exidx.text._Unwind_VRS_Get), (8 bytes).
    Removing Unwind-EHABI.cpp.o(.text._Unwind_VRS_Set), (92 bytes).
    Removing Unwind-EHABI.cpp.o(.ARM.exidx.text._Unwind_VRS_Set), (8 bytes).
    Removing Unwind-EHABI.cpp.o(.text._Unwind_VRS_Pop), (228 bytes).
    Removing Unwind-EHABI.cpp.o(.ARM.exidx.text._Unwind_VRS_Pop), (8 bytes).
    Removing Unwind-EHABI.cpp.o(.text.__aeabi_unwind_cpp_pr0), (8 bytes).
    Removing Unwind-EHABI.cpp.o(.ARM.exidx.text.__aeabi_unwind_cpp_pr0), (8 bytes).
    Removing Unwind-EHABI.cpp.o(.text._ZN12_GLOBAL__N_114unwindOneFrameEjP21_Unwind_Control_BlockP15_Unwind_Context), (56 bytes).
    Removing Unwind-EHABI.cpp.o(.ARM.exidx.text._ZN12_GLOBAL__N_114unwindOneFrameEjP21_Unwind_Control_BlockP15_Unwind_Context), (8 bytes).
    Removing Unwind-EHABI.cpp.o(.text.__aeabi_unwind_cpp_pr1), (8 bytes).
    Removing Unwind-EHABI.cpp.o(.ARM.exidx.text.__aeabi_unwind_cpp_pr1), (8 bytes).
    Removing Unwind-EHABI.cpp.o(.text.__aeabi_unwind_cpp_pr2), (8 bytes).
    Removing Unwind-EHABI.cpp.o(.ARM.exidx.text.__aeabi_unwind_cpp_pr2), (8 bytes).
    Removing Unwind-EHABI.cpp.o(.text._Unwind_RaiseException), (122 bytes).
    Removing Unwind-EHABI.cpp.o(.ARM.exidx.text._Unwind_RaiseException), (8 bytes).
    Removing Unwind-EHABI.cpp.o(.text._ZL13unwind_phase2P13unw_context_tP12unw_cursor_tP21_Unwind_Control_Blockb), (168 bytes).
    Removing Unwind-EHABI.cpp.o(.ARM.exidx.text._ZL13unwind_phase2P13unw_context_tP12unw_cursor_tP21_Unwind_Control_Blockb), (8 bytes).
    Removing Unwind-EHABI.cpp.o(.text._Unwind_Complete), (2 bytes).
    Removing Unwind-EHABI.cpp.o(.ARM.exidx.text._Unwind_Complete), (8 bytes).
    Removing Unwind-EHABI.cpp.o(.text._Unwind_Resume), (32 bytes).
    Removing Unwind-EHABI.cpp.o(.ARM.extab.text._Unwind_Resume), (12 bytes).
    Removing Unwind-EHABI.cpp.o(.ARM.exidx.text._Unwind_Resume), (8 bytes).
    Removing Unwind-EHABI.cpp.o(.text._Unwind_GetLanguageSpecificData), (24 bytes).
    Removing Unwind-EHABI.cpp.o(.ARM.exidx.text._Unwind_GetLanguageSpecificData), (8 bytes).
    Removing Unwind-EHABI.cpp.o(.text._Unwind_GetRegionStart), (24 bytes).
    Removing Unwind-EHABI.cpp.o(.ARM.exidx.text._Unwind_GetRegionStart), (8 bytes).
    Removing Unwind-EHABI.cpp.o(.text._Unwind_DeleteException), (12 bytes).
    Removing Unwind-EHABI.cpp.o(.ARM.exidx.text._Unwind_DeleteException), (8 bytes).
    Removing Unwind-EHABI.cpp.o(.text.__gnu_unwind_frame), (20 bytes).
    Removing Unwind-EHABI.cpp.o(.ARM.exidx.text.__gnu_unwind_frame), (8 bytes).
    Removing libunwind.cpp.o(.text), (0 bytes).
    Removing libunwind.cpp.o(.text.unw_init_local), (70 bytes).
    Removing libunwind.cpp.o(.ARM.exidx.text.unw_init_local), (8 bytes).
    Removing libunwind.cpp.o(.text.unw_get_reg), (44 bytes).
    Removing libunwind.cpp.o(.ARM.exidx.text.unw_get_reg), (8 bytes).
    Removing libunwind.cpp.o(.text.unw_set_reg), (64 bytes).
    Removing libunwind.cpp.o(.ARM.exidx.text.unw_set_reg), (8 bytes).
    Removing libunwind.cpp.o(.text.unw_get_fpreg), (46 bytes).
    Removing libunwind.cpp.o(.ARM.exidx.text.unw_get_fpreg), (8 bytes).
    Removing libunwind.cpp.o(.text.unw_set_fpreg), (54 bytes).
    Removing libunwind.cpp.o(.ARM.exidx.text.unw_set_fpreg), (8 bytes).
    Removing libunwind.cpp.o(.text.unw_step), (6 bytes).
    Removing libunwind.cpp.o(.ARM.exidx.text.unw_step), (8 bytes).
    Removing libunwind.cpp.o(.text.unw_get_proc_info), (30 bytes).
    Removing libunwind.cpp.o(.ARM.exidx.text.unw_get_proc_info), (8 bytes).
    Removing libunwind.cpp.o(.text.unw_resume), (18 bytes).
    Removing libunwind.cpp.o(.ARM.exidx.text.unw_resume), (8 bytes).
    Removing libunwind.cpp.o(.text.unw_get_proc_name), (30 bytes).
    Removing libunwind.cpp.o(.ARM.exidx.text.unw_get_proc_name), (8 bytes).
    Removing libunwind.cpp.o(.text.unw_is_fpreg), (10 bytes).
    Removing libunwind.cpp.o(.ARM.exidx.text.unw_is_fpreg), (8 bytes).
    Removing libunwind.cpp.o(.text.unw_regname), (6 bytes).
    Removing libunwind.cpp.o(.ARM.exidx.text.unw_regname), (8 bytes).
    Removing libunwind.cpp.o(.text.unw_is_signal_frame), (10 bytes).
    Removing libunwind.cpp.o(.ARM.exidx.text.unw_is_signal_frame), (8 bytes).
    Removing libunwind.cpp.o(.text.unw_save_vfp_as_X), (6 bytes).
    Removing libunwind.cpp.o(.ARM.exidx.text.unw_save_vfp_as_X), (8 bytes).
    Removing libunwind.cpp.o(.bss._ZN9libunwind17LocalAddressSpace17sThisAddressSpaceE), (1 bytes).
    Removing libunwind.cpp.o(.data.unw_local_addr_space), (4 bytes).
    Removing libunwind.cpp.o(.rodata.str1.1), (3 bytes).
    Removing UnwindRegistersSave.S.o(.text), (46 bytes).
    Removing UnwindRegistersRestore.S.o(.text), (38 bytes).
    Removing libunwind.cpp.o(.text._ZN9libunwind20AbstractUnwindCursorD2Ev), (2 bytes).
    Removing libunwind.cpp.o(.ARM.exidx.text._ZN9libunwind20AbstractUnwindCursorD2Ev), (8 bytes).
    Removing libunwind.cpp.o(.text._ZN9libunwind12UnwindCursorINS_17LocalAddressSpaceENS_13Registers_armEED0Ev), (2 bytes).
    Removing libunwind.cpp.o(.ARM.exidx.text._ZN9libunwind12UnwindCursorINS_17LocalAddressSpaceENS_13Registers_armEED0Ev), (8 bytes).
    Removing libunwind.cpp.o(.text._ZN9libunwind12UnwindCursorINS_17LocalAddressSpaceENS_13Registers_armEE8validRegEi), (14 bytes).
    Removing libunwind.cpp.o(.ARM.exidx.text._ZN9libunwind12UnwindCursorINS_17LocalAddressSpaceENS_13Registers_armEE8validRegEi), (8 bytes).
    Removing libunwind.cpp.o(.text._ZN9libunwind12UnwindCursorINS_17LocalAddressSpaceENS_13Registers_armEE6getRegEi), (58 bytes).
    Removing libunwind.cpp.o(.ARM.exidx.text._ZN9libunwind12UnwindCursorINS_17LocalAddressSpaceENS_13Registers_armEE6getRegEi), (8 bytes).
    Removing libunwind.cpp.o(.text._ZN9libunwind12UnwindCursorINS_17LocalAddressSpaceENS_13Registers_armEE6setRegEij), (56 bytes).
    Removing libunwind.cpp.o(.ARM.exidx.text._ZN9libunwind12UnwindCursorINS_17LocalAddressSpaceENS_13Registers_armEE6setRegEij), (8 bytes).
    Removing libunwind.cpp.o(.text._ZN9libunwind12UnwindCursorINS_17LocalAddressSpaceENS_13Registers_armEE13validFloatRegEi), (16 bytes).
    Removing libunwind.cpp.o(.ARM.exidx.text._ZN9libunwind12UnwindCursorINS_17LocalAddressSpaceENS_13Registers_armEE13validFloatRegEi), (8 bytes).
    Removing libunwind.cpp.o(.text._ZN9libunwind12UnwindCursorINS_17LocalAddressSpaceENS_13Registers_armEE11getFloatRegEi), (100 bytes).
    Removing libunwind.cpp.o(.ARM.exidx.text._ZN9libunwind12UnwindCursorINS_17LocalAddressSpaceENS_13Registers_armEE11getFloatRegEi), (8 bytes).
    Removing libunwind.cpp.o(.text._ZN9libunwind12UnwindCursorINS_17LocalAddressSpaceENS_13Registers_armEE11setFloatRegEiy), (110 bytes).
    Removing libunwind.cpp.o(.ARM.exidx.text._ZN9libunwind12UnwindCursorINS_17LocalAddressSpaceENS_13Registers_armEE11setFloatRegEiy), (8 bytes).
    Removing libunwind.cpp.o(.text._ZN9libunwind12UnwindCursorINS_17LocalAddressSpaceENS_13Registers_armEE4stepEv), (82 bytes).
    Removing libunwind.cpp.o(.ARM.exidx.text._ZN9libunwind12UnwindCursorINS_17LocalAddressSpaceENS_13Registers_armEE4stepEv), (8 bytes).
    Removing libunwind.cpp.o(.text._ZN9libunwind12UnwindCursorINS_17LocalAddressSpaceENS_13Registers_armEE7getInfoEP15unw_proc_info_t), (42 bytes).
    Removing libunwind.cpp.o(.ARM.exidx.text._ZN9libunwind12UnwindCursorINS_17LocalAddressSpaceENS_13Registers_armEE7getInfoEP15unw_proc_info_t), (8 bytes).
    Removing libunwind.cpp.o(.text._ZN9libunwind12UnwindCursorINS_17LocalAddressSpaceENS_13Registers_armEE6jumptoEv), (22 bytes).
    Removing libunwind.cpp.o(.ARM.exidx.text._ZN9libunwind12UnwindCursorINS_17LocalAddressSpaceENS_13Registers_armEE6jumptoEv), (8 bytes).
    Removing libunwind.cpp.o(.text._ZN9libunwind12UnwindCursorINS_17LocalAddressSpaceENS_13Registers_armEE13isSignalFrameEv), (6 bytes).
    Removing libunwind.cpp.o(.ARM.exidx.text._ZN9libunwind12UnwindCursorINS_17LocalAddressSpaceENS_13Registers_armEE13isSignalFrameEv), (8 bytes).
    Removing libunwind.cpp.o(.text._ZN9libunwind12UnwindCursorINS_17LocalAddressSpaceENS_13Registers_armEE15getFunctionNameEPcjPj), (16 bytes).
    Removing libunwind.cpp.o(.ARM.exidx.text._ZN9libunwind12UnwindCursorINS_17LocalAddressSpaceENS_13Registers_armEE15getFunctionNameEPcjPj), (8 bytes).
    Removing libunwind.cpp.o(.text._ZN9libunwind12UnwindCursorINS_17LocalAddressSpaceENS_13Registers_armEE24setInfoBasedOnIPRegisterEb), (70 bytes).
    Removing libunwind.cpp.o(.ARM.exidx.text._ZN9libunwind12UnwindCursorINS_17LocalAddressSpaceENS_13Registers_armEE24setInfoBasedOnIPRegisterEb), (8 bytes).
    Removing libunwind.cpp.o(.text._ZN9libunwind12UnwindCursorINS_17LocalAddressSpaceENS_13Registers_armEE15getRegisterNameEi), (6 bytes).
    Removing libunwind.cpp.o(.ARM.exidx.text._ZN9libunwind12UnwindCursorINS_17LocalAddressSpaceENS_13Registers_armEE15getRegisterNameEi), (8 bytes).
    Removing libunwind.cpp.o(.text._ZN9libunwind12UnwindCursorINS_17LocalAddressSpaceENS_13Registers_armEE10saveVFPAsXEv), (8 bytes).
    Removing libunwind.cpp.o(.ARM.exidx.text._ZN9libunwind12UnwindCursorINS_17LocalAddressSpaceENS_13Registers_armEE10saveVFPAsXEv), (8 bytes).
    Removing libunwind.cpp.o(.text._ZN9libunwind12UnwindCursorINS_17LocalAddressSpaceENS_13Registers_armEE13stepWithEHABIEv), (48 bytes).
    Removing libunwind.cpp.o(.ARM.exidx.text._ZN9libunwind12UnwindCursorINS_17LocalAddressSpaceENS_13Registers_armEE13stepWithEHABIEv), (8 bytes).
    Removing libunwind.cpp.o(.text._ZN9libunwind13Registers_arm26restoreSavedFloatRegistersEv), (50 bytes).
    Removing libunwind.cpp.o(.ARM.exidx.text._ZN9libunwind13Registers_arm26restoreSavedFloatRegistersEv), (8 bytes).
    Removing libunwind.cpp.o(.text._ZN9libunwind12UnwindCursorINS_17LocalAddressSpaceENS_13Registers_armEE23getInfoFromEHABISectionEjRKNS_18UnwindInfoSectionsE), (400 bytes).
    Removing libunwind.cpp.o(.ARM.exidx.text._ZN9libunwind12UnwindCursorINS_17LocalAddressSpaceENS_13Registers_armEE23getInfoFromEHABISectionEjRKNS_18UnwindInfoSectionsE), (8 bytes).
    Removing libunwind.cpp.o(.text._ZNSt3__113__upper_boundIRNS_6__lessIjjEEN9libunwind20EHABISectionIteratorINS4_17LocalAddressSpaceEEEjEET0_S8_S8_RKT1_T_), (90 bytes).
    Removing libunwind.cpp.o(.ARM.exidx.text._ZNSt3__113__upper_boundIRNS_6__lessIjjEEN9libunwind20EHABISectionIteratorINS4_17LocalAddressSpaceEEEjEET0_S8_S8_RKT1_T_), (8 bytes).
    Removing libunwind.cpp.o(.text._ZN9libunwind13Registers_arm15getRegisterNameEi), (916 bytes).
    Removing libunwind.cpp.o(.ARM.exidx.text._ZN9libunwind13Registers_arm15getRegisterNameEi), (8 bytes).
    Removing libunwind.cpp.o(.rodata._ZTVN9libunwind12UnwindCursorINS_17LocalAddressSpaceENS_13Registers_armEEE), (72 bytes).

1670 unused section(s) (total 238307 bytes) removed from the image.
