Component: ARM Compiler 5.06 update 6 (build 750) Tool: armlink [4d35ed]

==============================================================================

Section Cross References

    main.o(i.main) refers to wdt_a.o(i.WDT_A_holdTimer) for WDT_A_holdTimer
    main.o(i.main) refers to interrupt.o(i.Interrupt_enableMaster) for Interrupt_enableMaster
    main.o(i.main) refers to delay.o(i.Delay_Init) for Delay_Init
    main.o(i.main) refers to serial.o(i.initSerial) for initSerial
    main.o(i.main) refers to motor.o(i.init_motor) for init_motor
    main.o(i.main) refers to encoder.o(i.init_encoder_left) for init_encoder_left
    main.o(i.main) refers to encoder.o(i.init_encoder_right) for init_encoder_right
    main.o(i.main) refers to oled.o(i.init) for init
    main.o(i.main) refers to oled.o(i.OLED_Init) for OLED_Init
    main.o(i.main) refers to control.o(i.init_control) for init_control
    main.o(i.main) refers to tcrt5000.o(i.init_TCRT) for init_TCRT
    main.o(i.main) refers to hc-sr04.o(i.init_hc_sr04) for init_hc_sr04
    main.o(i.main) refers to hc-05.o(i.init_hc05) for init_hc05
    main.o(i.main) refers to key.o(i.KEY_Init) for KEY_Init
    main.o(i.main) refers to key.o(i.KEY_Scan) for KEY_Scan
    main.o(i.main) refers to timer32.o(i.Timer32_startTimer) for Timer32_startTimer
    main.o(i.main) refers to gpio.o(i.GPIO_toggleOutputOnPin) for GPIO_toggleOutputOnPin
    main.o(i.main) refers to oled.o(i.OLED_ShowString) for OLED_ShowString
    main.o(i.main) refers to strcmp.o(.text) for strcmp
    main.o(i.main) refers to hc-05.o(i.sendMsgByBlueTooth) for sendMsgByBlueTooth
    main.o(i.main) refers to strlen.o(.text) for strlen
    main.o(i.main) refers to memseta.o(.text) for __aeabi_memclr
    main.o(i.main) refers to hc-sr04.o(i.trigger_measure) for trigger_measure
    main.o(i.main) refers to printf6.o(i.__0sprintf$6) for __2sprintf
    main.o(i.main) refers to hc-05.o(.data) for BTRecCompleteFlag
    main.o(i.main) refers to hc-05.o(.bss) for btdata
    main.o(i.main) refers to hc-sr04.o(.data) for NextTiggerHCSRFlag
    main.o(i.main) refers to encoder.o(.data) for encoder_right
    main.o(i.main) refers to control.o(.data) for turnPwm
    adc14.o(i.ADC14_configureConversionMemory) refers to adc14.o(i.ADCIsConversionRunning) for ADCIsConversionRunning
    adc14.o(i.ADC14_configureConversionMemory) refers to adc14.o(i._getIndexForMemRegister) for _getIndexForMemRegister
    adc14.o(i.ADC14_configureConversionMemory) refers to adc14.o(.constdata) for _ctlRegs
    adc14.o(i.ADC14_configureMultiSequenceMode) refers to adc14.o(i.ADCIsConversionRunning) for ADCIsConversionRunning
    adc14.o(i.ADC14_configureMultiSequenceMode) refers to adc14.o(i._getIndexForMemRegister) for _getIndexForMemRegister
    adc14.o(i.ADC14_configureMultiSequenceMode) refers to adc14.o(.constdata) for _ctlRegs
    adc14.o(i.ADC14_configureSingleSampleMode) refers to adc14.o(i.ADCIsConversionRunning) for ADCIsConversionRunning
    adc14.o(i.ADC14_configureSingleSampleMode) refers to adc14.o(i._getIndexForMemRegister) for _getIndexForMemRegister
    adc14.o(i.ADC14_disableComparatorWindow) refers to adc14.o(i.ADCIsConversionRunning) for ADCIsConversionRunning
    adc14.o(i.ADC14_disableComparatorWindow) refers to adc14.o(i._getIndexForMemRegister) for _getIndexForMemRegister
    adc14.o(i.ADC14_disableComparatorWindow) refers to adc14.o(.constdata) for _ctlRegs
    adc14.o(i.ADC14_disableModule) refers to adc14.o(i.ADCIsConversionRunning) for ADCIsConversionRunning
    adc14.o(i.ADC14_disableReferenceBurst) refers to adc14.o(i.ADCIsConversionRunning) for ADCIsConversionRunning
    adc14.o(i.ADC14_disableSampleTimer) refers to adc14.o(i.ADCIsConversionRunning) for ADCIsConversionRunning
    adc14.o(i.ADC14_enableComparatorWindow) refers to adc14.o(i.ADCIsConversionRunning) for ADCIsConversionRunning
    adc14.o(i.ADC14_enableComparatorWindow) refers to adc14.o(i._getIndexForMemRegister) for _getIndexForMemRegister
    adc14.o(i.ADC14_enableComparatorWindow) refers to adc14.o(.constdata) for _ctlRegs
    adc14.o(i.ADC14_enableConversion) refers to adc14.o(i.ADCIsConversionRunning) for ADCIsConversionRunning
    adc14.o(i.ADC14_enableReferenceBurst) refers to adc14.o(i.ADCIsConversionRunning) for ADCIsConversionRunning
    adc14.o(i.ADC14_enableSampleTimer) refers to adc14.o(i.ADCIsConversionRunning) for ADCIsConversionRunning
    adc14.o(i.ADC14_getEnabledInterruptStatus) refers to adc14.o(i.ADC14_getInterruptStatus) for ADC14_getInterruptStatus
    adc14.o(i.ADC14_getResult) refers to adc14.o(i._getIndexForMemRegister) for _getIndexForMemRegister
    adc14.o(i.ADC14_getResult) refers to adc14.o(.constdata) for _ctlRegs
    adc14.o(i.ADC14_getResultArray) refers to adc14.o(i._getIndexForMemRegister) for _getIndexForMemRegister
    adc14.o(i.ADC14_getResultArray) refers to adc14.o(.constdata) for _ctlRegs
    adc14.o(i.ADC14_initModule) refers to adc14.o(i.ADCIsConversionRunning) for ADCIsConversionRunning
[...]
    i.delay_ms                               0x000022b0   Section        0  delay.o(i.delay_ms)
    i.delay_us                               0x000022cc   Section        0  delay.o(i.delay_us)
    i.distance                               0x00002318   Section        0  control.o(i.distance)
    i.getTCRTValue                           0x000023c0   Section        0  tcrt5000.o(i.getTCRTValue)
    i.init                                   0x00002440   Section        0  oled.o(i.init)
    i.initSerial                             0x00002484   Section        0  serial.o(i.initSerial)
    i.init_TCRT                              0x000024bc   Section        0  tcrt5000.o(i.init_TCRT)
    i.init_control                           0x0000254c   Section        0  control.o(i.init_control)
    i.init_encoder_left                      0x00002588   Section        0  encoder.o(i.init_encoder_left)
    i.init_encoder_right                     0x000025aa   Section        0  encoder.o(i.init_encoder_right)
    i.init_hc05                              0x000025cc   Section        0  hc-05.o(i.init_hc05)
    i.init_hc_sr04                           0x00002600   Section        0  hc-sr04.o(i.init_hc_sr04)
    i.init_motor                             0x00002660   Section        0  motor.o(i.init_motor)
    i.limit_pwm                              0x0000269e   Section        0  motor.o(i.limit_pwm)
    i.main                                   0x000026b4   Section        0  main.o(i.main)
    i.main_thread_entry                      0x000027fc   Section        0  components.o(i.main_thread_entry)
    i.plug_holes                             0x0000280c   Section        0  mem.o(i.plug_holes)
    plug_holes                               0x0000280d   Thumb Code   108  mem.o(i.plug_holes)
    i.print_number                           0x00002884   Section        0  kservice.o(i.print_number)
    print_number                             0x00002885   Thumb Code   400  kservice.o(i.print_number)
    i.privateTimer_AProcessClockSourceDivider 0x00002a1c   Section        0  timer_a.o(i.privateTimer_AProcessClockSourceDivider)
    privateTimer_AProcessClockSourceDivider  0x00002a1d   Thumb Code   232  timer_a.o(i.privateTimer_AProcessClockSourceDivider)
    i.read_encoder                           0x00002b04   Section        0  encoder.o(i.read_encoder)
    i.rt_application_init                    0x00002b30   Section        0  components.o(i.rt_application_init)
    i.rt_components_board_init               0x00002b60   Section        0  components.o(i.rt_components_board_init)
    i.rt_components_init                     0x00002b7c   Section        0  components.o(i.rt_components_init)
    i.rt_enter_critical                      0x00002b98   Section        0  scheduler.o(i.rt_enter_critical)
    i.rt_exit_critical                       0x00002bb8   Section        0  scheduler.o(i.rt_exit_critical)
    i.rt_free                                0x00002bfc   Section        0  mem.o(i.rt_free)
    i.rt_heap_begin_get                      0x00002cdc   Section        0  board.o(i.rt_heap_begin_get)
    i.rt_heap_end_get                        0x00002ce4   Section        0  board.o(i.rt_heap_end_get)
    i.rt_hw_board_init                       0x00002cec   Section        0  board.o(i.rt_hw_board_init)
    i.rt_hw_console_output                   0x00002d20   Section        0  kservice.o(i.rt_hw_console_output)
    i.rt_hw_hard_fault_exception             0x00002d24   Section        0  cpuport.o(i.rt_hw_hard_fault_exception)
    i.rt_hw_stack_init                       0x00002f48   Section        0  cpuport.o(i.rt_hw_stack_init)
    i.rt_interrupt_enter                     0x00002f98   Section        0  irq.o(i.rt_interrupt_enter)
    i.rt_interrupt_leave                     0x00002fb8   Section        0  irq.o(i.rt_interrupt_leave)
    i.rt_ipc_list_resume                     0x00002fd8   Section        0  ipc.o(i.rt_ipc_list_resume)
    rt_ipc_list_resume                       0x00002fd9   Thumb Code    20  ipc.o(i.rt_ipc_list_resume)
    i.rt_ipc_list_suspend                    0x00002fec   Section        0  ipc.o(i.rt_ipc_list_suspend)
    rt_ipc_list_suspend                      0x00002fed   Thumb Code   110  ipc.o(i.rt_ipc_list_suspend)
    i.rt_ipc_object_init                     0x0000305a   Section        0  ipc.o(i.rt_ipc_object_init)
    rt_ipc_object_init                       0x0000305b   Thumb Code    16  ipc.o(i.rt_ipc_object_init)
    i.rt_kprintf                             0x0000306c   Section        0  kservice.o(i.rt_kprintf)
    i.rt_list_init                           0x0000309c   Section        0  ipc.o(i.rt_list_init)
    rt_list_init                             0x0000309d   Thumb Code     6  ipc.o(i.rt_list_init)
    i.rt_list_init                           0x000030a2   Section        0  scheduler.o(i.rt_list_init)
    rt_list_init                             0x000030a3   Thumb Code     6  scheduler.o(i.rt_list_init)
    i.rt_list_init                           0x000030a8   Section        0  timer.o(i.rt_list_init)
    rt_list_init                             0x000030a9   Thumb Code     6  timer.o(i.rt_list_init)
    i.rt_list_insert_after                   0x000030ae   Section        0  object.o(i.rt_list_insert_after)
    rt_list_insert_after                     0x000030af   Thumb Code    14  object.o(i.rt_list_insert_after)
    i.rt_list_insert_after                   0x000030bc   Section        0  thread.o(i.rt_list_insert_after)
    rt_list_insert_after                     0x000030bd   Thumb Code    14  thread.o(i.rt_list_insert_after)
    i.rt_list_insert_after                   0x000030ca   Section        0  timer.o(i.rt_list_insert_after)
    rt_list_insert_after                     0x000030cb   Thumb Code    14  timer.o(i.rt_list_insert_after)
    i.rt_list_insert_before                  0x000030d8   Section        0  ipc.o(i.rt_list_insert_before)
    rt_list_insert_before                    0x000030d9   Thumb Code    14  ipc.o(i.rt_list_insert_before)
    i.rt_list_isempty                        0x000030e6   Section        0  ipc.o(i.rt_list_isempty)
    rt_list_isempty                          0x000030e7   Thumb Code    16  ipc.o(i.rt_list_isempty)
    i.rt_list_isempty                        0x000030f6   Section        0  timer.o(i.rt_list_isempty)
    rt_list_isempty                          0x000030f7   Thumb Code    16  timer.o(i.rt_list_isempty)
    i.rt_list_remove                         0x00003106   Section        0  object.o(i.rt_list_remove)
    rt_list_remove                           0x00003107   Thumb Code    18  object.o(i.rt_list_remove)
    i.rt_list_remove                         0x00003118   Section        0  thread.o(i.rt_list_remove)
    rt_list_remove                           0x00003119   Thumb Code    18  thread.o(i.rt_list_remove)
    i.rt_list_remove                         0x0000312a   Section        0  timer.o(i.rt_list_remove)
    rt_list_remove                           0x0000312b   Thumb Code    18  timer.o(i.rt_list_remove)
    i.rt_malloc                              0x0000313c   Section        0  mem.o(i.rt_malloc)
    i.rt_memset                              0x000032a8   Section        0  kservice.o(i.rt_memset)
    i.rt_object_allocate                     0x000032f0   Section        0  object.o(i.rt_object_allocate)
    i.rt_object_delete                       0x00003344   Section        0  object.o(i.rt_object_delete)
    i.rt_object_detach                       0x00003368   Section        0  object.o(i.rt_object_detach)
    i.rt_object_get_information              0x00003388   Section        0  object.o(i.rt_object_get_information)
    i.rt_object_init                         0x000033b0   Section        0  object.o(i.rt_object_init)
    i.rt_object_is_systemobject              0x00003406   Section        0  object.o(i.rt_object_is_systemobject)
    i.rt_schedule                            0x00003418   Section        0  scheduler.o(i.rt_schedule)
    i.rt_schedule_insert_thread              0x000034ac   Section        0  scheduler.o(i.rt_schedule_insert_thread)
    i.rt_schedule_remove_thread              0x00003518   Section        0  scheduler.o(i.rt_schedule_remove_thread)
    i.rt_sem_init                            0x0000358c   Section        0  ipc.o(i.rt_sem_init)
    i.rt_sem_release                         0x000035b2   Section        0  ipc.o(i.rt_sem_release)
    i.rt_sem_take                            0x00003604   Section        0  ipc.o(i.rt_sem_take)
    i.rt_show_version                        0x00003678   Section        0  kservice.o(i.rt_show_version)
    i.rt_strncpy                             0x00003728   Section        0  kservice.o(i.rt_strncpy)
    i.rt_system_heap_init                    0x0000375c   Section        0  mem.o(i.rt_system_heap_init)
    i.rt_system_scheduler_init               0x00003854   Section        0  scheduler.o(i.rt_system_scheduler_init)
    i.rt_system_scheduler_start              0x000038b0   Section        0  scheduler.o(i.rt_system_scheduler_start)
    i.rt_system_timer_init                   0x000038f4   Section        0  timer.o(i.rt_system_timer_init)
    i.rt_system_timer_thread_init            0x00003910   Section        0  timer.o(i.rt_system_timer_thread_init)
    i.rt_thread_create                       0x00003912   Section        0  thread.o(i.rt_thread_create)
    i.rt_thread_exit                         0x00003964   Section        0  thread.o(i.rt_thread_exit)
    i.rt_thread_idle_entry                   0x000039bc   Section        0  idle.o(i.rt_thread_idle_entry)
    rt_thread_idle_entry                     0x000039bd   Thumb Code     8  idle.o(i.rt_thread_idle_entry)
    i.rt_thread_idle_excute                  0x000039c4   Section        0  idle.o(i.rt_thread_idle_excute)
    i.rt_thread_idle_init                    0x00003a24   Section        0  idle.o(i.rt_thread_idle_init)
    i.rt_thread_init                         0x00003a60   Section        0  thread.o(i.rt_thread_init)
    i.rt_thread_resume                       0x00003a94   Section        0  thread.o(i.rt_thread_resume)
    i.rt_thread_self                         0x00003ad0   Section        0  thread.o(i.rt_thread_self)
    i.rt_thread_startup                      0x00003adc   Section        0  thread.o(i.rt_thread_startup)
    i.rt_thread_suspend                      0x00003b1a   Section        0  thread.o(i.rt_thread_suspend)
    i.rt_thread_timeout                      0x00003b5e   Section        0  thread.o(i.rt_thread_timeout)
    i.rt_thread_yield                        0x00003b80   Section        0  thread.o(i.rt_thread_yield)
    i.rt_tick_get                            0x00003be4   Section        0  clock.o(i.rt_tick_get)
    i.rt_tick_increase                       0x00003bf0   Section        0  clock.o(i.rt_tick_increase)
    i.rt_timer_check                         0x00003c20   Section        0  timer.o(i.rt_timer_check)
    i.rt_timer_control                       0x00003cc4   Section        0  timer.o(i.rt_timer_control)
    i.rt_timer_detach                        0x00003d26   Section        0  timer.o(i.rt_timer_detach)
    i.rt_timer_init                          0x00003d4e   Section        0  timer.o(i.rt_timer_init)
    i.rt_timer_start                         0x00003d7c   Section        0  timer.o(i.rt_timer_start)
    i.rt_timer_stop                          0x00003e68   Section        0  timer.o(i.rt_timer_stop)
    i.rt_vsnprintf                           0x00003e98   Section        0  kservice.o(i.rt_vsnprintf)
    i.rti_board_end                          0x000041d8   Section        0  components.o(i.rti_board_end)
    rti_board_end                            0x000041d9   Thumb Code     4  components.o(i.rti_board_end)
    i.rti_board_start                        0x000041dc   Section        0  components.o(i.rti_board_start)
    rti_board_start                          0x000041dd   Thumb Code     4  components.o(i.rti_board_start)
    i.rti_end                                0x000041e0   Section        0  components.o(i.rti_end)
    rti_end                                  0x000041e1   Thumb Code     4  components.o(i.rti_end)
    i.rti_start                              0x000041e4   Section        0  components.o(i.rti_start)
    rti_start                                0x000041e5   Thumb Code     4  components.o(i.rti_start)
    i.rtthread_startup                       0x000041e8   Section        0  components.o(i.rtthread_startup)
    i.sendMsgByBlueTooth                     0x00004214   Section        0  hc-05.o(i.sendMsgByBlueTooth)
    i.set_pwm                                0x00004230   Section        0  motor.o(i.set_pwm)
    i.skip_atoi                              0x000042c4   Section        0  kservice.o(i.skip_atoi)
    skip_atoi                                0x000042c5   Thumb Code    38  kservice.o(i.skip_atoi)
    i.trigger_measure                        0x000042ec   Section        0  hc-sr04.o(i.trigger_measure)
    i.turn2                                  0x00004310   Section        0  control.o(i.turn2)
    i.velocity                               0x0000470c   Section        0  control.o(i.velocity)
    .constdata                               0x00004818   Section      128  adc14.o(.constdata)
    _ctlRegs                                 0x00004818   Data         128  adc14.o(.constdata)
    .constdata                               0x00004898   Section       76  gpio.o(.constdata)
    GPIO_PORT_TO_INT                         0x00004898   Data          28  gpio.o(.constdata)
    GPIO_PORT_TO_BASE                        0x000048b4   Data          48  gpio.o(.constdata)
    .constdata                               0x000048e4   Section      144  interrupt.o(.constdata)
    g_pulPriority                            0x000048e4   Data          32  interrupt.o(.constdata)
    g_pulRegs                                0x00004904   Data          80  interrupt.o(.constdata)
    g_pulEnRegs                              0x00004954   Data           8  interrupt.o(.constdata)
    g_pulDisRegs                             0x0000495c   Data           8  interrupt.o(.constdata)
    g_pulPendRegs                            0x00004964   Data           8  interrupt.o(.constdata)
    g_pulUnpendRegs                          0x0000496c   Data           8  interrupt.o(.constdata)
    .constdata                               0x00004974   Section      290  kservice.o(.constdata)
    small_digits                             0x00004a74   Data          17  kservice.o(.constdata)
    large_digits                             0x00004a85   Data          17  kservice.o(.constdata)
    .constdata                               0x00004a98   Section       40  serial.o(.constdata)
    .constdata                               0x00004ac0   Section       40  hc-05.o(.constdata)
    .constdata                               0x00004ae8   Section     3672  oled.o(.constdata)
    .rti_fn.0                                0x00005940   Section        4  components.o(.rti_fn.0)
    __tagsym$$used                           0x00005940   Number         0  components.o(.rti_fn.0)
    .rti_fn.0.end                            0x00005944   Section        4  components.o(.rti_fn.0.end)
    __tagsym$$used                           0x00005944   Number         0  components.o(.rti_fn.0.end)
    .rti_fn.1.end                            0x00005948   Section        4  components.o(.rti_fn.1.end)
    __tagsym$$used                           0x00005948   Number         0  components.o(.rti_fn.1.end)
    .rti_fn.6.end                            0x0000594c   Section        4  components.o(.rti_fn.6.end)
    __tagsym$$used                           0x0000594c   Number         0  components.o(.rti_fn.6.end)
    .data                                    0x20000000   Section        4  system_msp432p401r.o(.data)
    .data                                    0x20000004   Section       16  cpuport.o(.data)
    rt_exception_hook                        0x20000010   Data           4  cpuport.o(.data)
    .data                                    0x20000014   Section        4  clock.o(.data)
    rt_tick                                  0x20000014   Data           4  clock.o(.data)
    .data                                    0x20000018   Section        1  irq.o(.data)
    .data                                    0x2000001c   Section       24  mem.o(.data)
    heap_ptr                                 0x2000001c   Data           4  mem.o(.data)
    heap_end                                 0x20000020   Data           4  mem.o(.data)
    lfree                                    0x20000024   Data           4  mem.o(.data)
    mem_size_aligned                         0x20000028   Data           4  mem.o(.data)
    used_mem                                 0x2000002c   Data           4  mem.o(.data)
    max_mem                                  0x20000030   Data           4  mem.o(.data)
    .data                                    0x20000034   Section       64  object.o(.data)
    rt_object_container                      0x20000034   Data          64  object.o(.data)
    .data                                    0x20000074   Section       24  scheduler.o(.data)
    rt_scheduler_lock_nest                   0x20000078   Data           2  scheduler.o(.data)
    .data                                    0x2000008c   Section       12  timer.o(.data)
    rt_timer_list                            0x2000008c   Data           8  timer.o(.data)
    random_nr                                0x20000094   Data           4  timer.o(.data)
    .data                                    0x20000098   Section       17  hc-sr04.o(.data)
    .data                                    0x200000a9   Section        1  delay.o(.data)
    fac_us                                   0x200000a9   Data           1  delay.o(.data)
    .data                                    0x200000ac   Section        4  interrupt_1.o(.data)
    HCSRSampleTimes                          0x200000ac   Data           4  interrupt_1.o(.data)
    .data                                    0x200000b0   Section        2  hc-05.o(.data)
    .data                                    0x200000b4   Section        8  encoder.o(.data)
    .data                                    0x200000bc   Section       48  motor.o(.data)
    .data                                    0x200000ec   Section      168  control.o(.data)
    current_bias                             0x20000164   Data           4  control.o(.data)
    encoder_bias                             0x20000168   Data           4  control.o(.data)
    encoder_integral                         0x2000016c   Data           4  control.o(.data)
    velocity                                 0x20000170   Data           4  control.o(.data)
    last_bias                                0x20000174   Data           4  control.o(.data)
    current_bias                             0x20000178   Data           4  control.o(.data)
    velocity                                 0x2000017c   Data           4  control.o(.data)
    last_bias                                0x20000180   Data           4  control.o(.data)
    current_bias                             0x20000184   Data           4  control.o(.data)
    encoder_integral                         0x20000188   Data           4  control.o(.data)
    current_bias                             0x2000018c   Data           4  control.o(.data)
    distance_bias                            0x20000190   Data           4  control.o(.data)
    .data                                    0x20000194   Section        1  key.o(.data)
    key_up                                   0x20000194   Data           1  key.o(.data)
    .bss                                     0x20000198   Section     4096  board.o(.bss)
    rt_heap                                  0x20000198   Data        4096  board.o(.bss)
    .bss                                     0x20001198   Section      380  idle.o(.bss)
    idle                                     0x20001198   Data         124  idle.o(.bss)
    rt_thread_stack                          0x20001214   Data         256  idle.o(.bss)
    .bss                                     0x20001314   Section      128  kservice.o(.bss)
    rt_log_buf                               0x20001314   Data         128  kservice.o(.bss)
    .bss                                     0x20001394   Section       32  mem.o(.bss)
    heap_sem                                 0x20001394   Data          32  mem.o(.bss)
    .bss                                     0x200013b4   Section     1056  scheduler.o(.bss)
    .bss                                     0x200017d4   Section       20  hc-05.o(.bss)
    STACK                                    0x200017e8   Section      512  startup_msp432p401r_uvision.o(STACK)

    Global Symbols

    Symbol Name                              Value     Ov Type        Size  Object(Section)

    BuildAttributes$$THM_ISAv4$E$P$D$K$B$S$7EM$VFPi3$EXTD16$VFPS$VFMA$PE$A:L22UL41UL21$X:L11$S22US41US21$IEEE1$IW$USESV6$~STKCKD$USESV7$~SHL$OTIME$ROPI$EBA8$MICROLIB$REQ8$PRES8$EABIv2 0x00000000   Number         0  anon$$obj.o ABSOLUTE
    __ARM_use_no_argv                        0x00000000   Number         0  main.o ABSOLUTE
    __Vectors                                0x00000000   Data           4  startup_msp432p401r_uvision.o(RESET)
    _printf_a                                0x00000000   Number         0  stubs.o ABSOLUTE
    _printf_c                                0x00000000   Number         0  stubs.o ABSOLUTE
    _printf_charcount                        0x00000000   Number         0  stubs.o ABSOLUTE
    _printf_d                                0x00000000   Number         0  stubs.o ABSOLUTE
    _printf_e                                0x00000000   Number         0  stubs.o ABSOLUTE
    _printf_f                                0x00000000   Number         0  stubs.o ABSOLUTE
    _printf_flags                            0x00000000   Number         0  stubs.o ABSOLUTE
    _printf_fp_dec                           0x00000000   Number         0  stubs.o ABSOLUTE
    _printf_fp_hex                           0x00000000   Number         0  stubs.o ABSOLUTE
    _printf_g                                0x00000000   Number         0  stubs.o ABSOLUTE
    _printf_i                                0x00000000   Number         0  stubs.o ABSOLUTE
    _printf_int_dec                          0x00000000   Number         0  stubs.o ABSOLUTE
    _printf_l                                0x00000000   Number         0  stubs.o ABSOLUTE
    _printf_lc                               0x00000000   Number         0  stubs.o ABSOLUTE
    _printf_ll                               0x00000000   Number         0  stubs.o ABSOLUTE
    _printf_lld                              0x00000000   Number         0  stubs.o ABSOLUTE
    _printf_lli                              0x00000000   Number         0  stubs.o ABSOLUTE
    _printf_llo                              0x00000000   Number         0  stubs.o ABSOLUTE
    _printf_llu                              0x00000000   Number         0  stubs.o ABSOLUTE
    _printf_llx                              0x00000000   Number         0  stubs.o ABSOLUTE
    _printf_longlong_dec                     0x00000000   Number         0  stubs.o ABSOLUTE
    _printf_longlong_hex                     0x00000000   Number         0  stubs.o ABSOLUTE
    _printf_longlong_oct                     0x00000000   Number         0  stubs.o ABSOLUTE
    _printf_ls                               0x00000000   Number         0  stubs.o ABSOLUTE
    _printf_mbtowc                           0x00000000   Number         0  stubs.o ABSOLUTE
    _printf_n                                0x00000000   Number         0  stubs.o ABSOLUTE
    _printf_o                                0x00000000   Number         0  stubs.o ABSOLUTE
    _printf_p                                0x00000000   Number         0  stubs.o ABSOLUTE
    _printf_percent                          0x00000000   Number         0  stubs.o ABSOLUTE
    _printf_pre_padding                      0x00000000   Number         0  stubs.o ABSOLUTE
    _printf_return_value                     0x00000000   Number         0  stubs.o ABSOLUTE
    _printf_s                                0x00000000   Number         0  stubs.o ABSOLUTE
    _printf_sizespec                         0x00000000   Number         0  stubs.o ABSOLUTE
    _printf_str                              0x00000000   Number         0  stubs.o ABSOLUTE
    _printf_truncate_signed                  0x00000000   Number         0  stubs.o ABSOLUTE
    _printf_truncate_unsigned                0x00000000   Number         0  stubs.o ABSOLUTE
    _printf_u                                0x00000000   Number         0  stubs.o ABSOLUTE
    _printf_wc                               0x00000000   Number         0  stubs.o ABSOLUTE
    _printf_wctomb                           0x00000000   Number         0  stubs.o ABSOLUTE
    _printf_widthprec                        0x00000000   Number         0  stubs.o ABSOLUTE
    _printf_x                                0x00000000   Number         0  stubs.o ABSOLUTE
    __cpp_initialize__aeabi_                  - Undefined Weak Reference
    __cxa_finalize                            - Undefined Weak Reference
    _clock_init                               - Undefined Weak Reference
    _microlib_exit                            - Undefined Weak Reference
    __Vectors_End                            0x00000144   Data           0  startup_msp432p401r_uvision.o(RESET)
    __Vectors_Size                           0x00000144   Number         0  startup_msp432p401r_uvision.o ABSOLUTE
    __main                                   0x00000145   Thumb Code     0  entry.o(.ARM.Collect$$$$00000000)
    _main_stk                                0x00000145   Thumb Code     0  entry2.o(.ARM.Collect$$$$00000001)
    _main_scatterload                        0x00000149   Thumb Code     0  entry5.o(.ARM.Collect$$$$00000004)
    __main_after_scatterload                 0x0000014d   Thumb Code     0  entry5.o(.ARM.Collect$$$$00000004)
    _main_clock                              0x0000014d   Thumb Code     0  entry7b.o(.ARM.Collect$$$$00000008)
    _main_cpp_init                           0x0000014d   Thumb Code     0  entry8b.o(.ARM.Collect$$$$0000000A)
    _main_init                               0x0000014d   Thumb Code     0  entry9a.o(.ARM.Collect$$$$0000000B)
    __rt_final_cpp                           0x00000155   Thumb Code     0  entry10a.o(.ARM.Collect$$$$0000000D)
    __rt_final_exit                          0x00000155   Thumb Code     0  entry11a.o(.ARM.Collect$$$$0000000F)
    CPU_cpsid                                0x00000159   Thumb Code     8  cpu.o(.emb_text)
    CPU_primask                              0x00000161   Thumb Code     6  cpu.o(.emb_text)
    CPU_cpsie                                0x00000167   Thumb Code     8  cpu.o(.emb_text)
    CPU_wfi                                  0x0000016f   Thumb Code     4  cpu.o(.emb_text)
    CPU_basepriSet                           0x00000173   Thumb Code     6  cpu.o(.emb_text)
    CPU_basepriGet                           0x00000179   Thumb Code     6  cpu.o(.emb_text)
    Reset_Handler                            0x00000181   Thumb Code     8  startup_msp432p401r_uvision.o(.text)
    NMI_Handler                              0x00000189   Thumb Code     2  startup_msp432p401r_uvision.o(.text)
    MemManage_Handler                        0x0000018d   Thumb Code     2  startup_msp432p401r_uvision.o(.text)
    BusFault_Handler                         0x0000018f   Thumb Code     2  startup_msp432p401r_uvision.o(.text)
    UsageFault_Handler                       0x00000191   Thumb Code     2  startup_msp432p401r_uvision.o(.text)
    SVC_Handler                              0x00000193   Thumb Code     2  startup_msp432p401r_uvision.o(.text)
    DebugMon_Handler                         0x00000195   Thumb Code     2  startup_msp432p401r_uvision.o(.text)
    ADC14_IRQHandler                         0x0000019b   Thumb Code     0  startup_msp432p401r_uvision.o(.text)
    AES256_IRQHandler                        0x0000019b   Thumb Code     0  startup_msp432p401r_uvision.o(.text)
    COMP_E0_IRQHandler                       0x0000019b   Thumb Code     0  startup_msp432p401r_uvision.o(.text)
    COMP_E1_IRQHandler                       0x0000019b   Thumb Code     0  startup_msp432p401r_uvision.o(.text)
    CS_IRQHandler                            0x0000019b   Thumb Code     0  startup_msp432p401r_uvision.o(.text)
    DMA_ERR_IRQHandler                       0x0000019b   Thumb Code     0  startup_msp432p401r_uvision.o(.text)
    DMA_INT0_IRQHandler                      0x0000019b   Thumb Code     0  startup_msp432p401r_uvision.o(.text)
    DMA_INT1_IRQHandler                      0x0000019b   Thumb Code     0  startup_msp432p401r_uvision.o(.text)
    DMA_INT2_IRQHandler                      0x0000019b   Thumb Code     0  startup_msp432p401r_uvision.o(.text)
    DMA_INT3_IRQHandler                      0x0000019b   Thumb Code     0  startup_msp432p401r_uvision.o(.text)
    EUSCIA0_IRQHandler                       0x0000019b   Thumb Code     0  startup_msp432p401r_uvision.o(.text)
    EUSCIA1_IRQHandler                       0x0000019b   Thumb Code     0  startup_msp432p401r_uvision.o(.text)
    EUSCIA3_IRQHandler                       0x0000019b   Thumb Code     0  startup_msp432p401r_uvision.o(.text)
    EUSCIB0_IRQHandler                       0x0000019b   Thumb Code     0  startup_msp432p401r_uvision.o(.text)
    EUSCIB1_IRQHandler                       0x0000019b   Thumb Code     0  startup_msp432p401r_uvision.o(.text)
    EUSCIB2_IRQHandler                       0x0000019b   Thumb Code     0  startup_msp432p401r_uvision.o(.text)
    EUSCIB3_IRQHandler                       0x0000019b   Thumb Code     0  startup_msp432p401r_uvision.o(.text)
    FLCTL_IRQHandler                         0x0000019b   Thumb Code     0  startup_msp432p401r_uvision.o(.text)
    FPU_IRQHandler                           0x0000019b   Thumb Code     0  startup_msp432p401r_uvision.o(.text)
    PCM_IRQHandler                           0x0000019b   Thumb Code     0  startup_msp432p401r_uvision.o(.text)
    PORT1_IRQHandler                         0x0000019b   Thumb Code     0  startup_msp432p401r_uvision.o(.text)
    PORT5_IRQHandler                         0x0000019b   Thumb Code     0  startup_msp432p401r_uvision.o(.text)
    PORT6_IRQHandler                         0x0000019b   Thumb Code     0  startup_msp432p401r_uvision.o(.text)
    PSS_IRQHandler                           0x0000019b   Thumb Code     0  startup_msp432p401r_uvision.o(.text)
    RTC_C_IRQHandler                         0x0000019b   Thumb Code     0  startup_msp432p401r_uvision.o(.text)
    T32_INTC_IRQHandler                      0x0000019b   Thumb Code     0  startup_msp432p401r_uvision.o(.text)
    TA0_0_IRQHandler                         0x0000019b   Thumb Code     0  startup_msp432p401r_uvision.o(.text)
    TA0_N_IRQHandler                         0x0000019b   Thumb Code     0  startup_msp432p401r_uvision.o(.text)
    TA1_0_IRQHandler                         0x0000019b   Thumb Code     0  startup_msp432p401r_uvision.o(.text)
    TA1_N_IRQHandler                         0x0000019b   Thumb Code     0  startup_msp432p401r_uvision.o(.text)
    TA2_0_IRQHandler                         0x0000019b   Thumb Code     0  startup_msp432p401r_uvision.o(.text)
    TA2_N_IRQHandler                         0x0000019b   Thumb Code     0  startup_msp432p401r_uvision.o(.text)
    TA3_0_IRQHandler                         0x0000019b   Thumb Code     0  startup_msp432p401r_uvision.o(.text)
    TA3_N_IRQHandler                         0x0000019b   Thumb Code     0  startup_msp432p401r_uvision.o(.text)
    WDT_A_IRQHandler                         0x0000019b   Thumb Code     0  startup_msp432p401r_uvision.o(.text)
    rt_hw_interrupt_disable                  0x000001a5   Thumb Code     8  context_rvds.o(.text)
    rt_hw_interrupt_enable                   0x000001ad   Thumb Code     6  context_rvds.o(.text)
    rt_hw_context_switch                     0x000001b3   Thumb Code    32  context_rvds.o(.text)
    rt_hw_context_switch_interrupt           0x000001b3   Thumb Code     0  context_rvds.o(.text)
    PendSV_Handler                           0x000001d3   Thumb Code   108  context_rvds.o(.text)
    rt_hw_context_switch_to                  0x0000023f   Thumb Code    68  context_rvds.o(.text)
    rt_hw_interrupt_thread_switch            0x00000283   Thumb Code     2  context_rvds.o(.text)
    HardFault_Handler                        0x00000285   Thumb Code    56  context_rvds.o(.text)
    __aeabi_memset                           0x000002d9   Thumb Code    14  memseta.o(.text)
    __aeabi_memset4                          0x000002d9   Thumb Code     0  memseta.o(.text)
    __aeabi_memset8                          0x000002d9   Thumb Code     0  memseta.o(.text)
    __aeabi_memclr                           0x000002e7   Thumb Code     4  memseta.o(.text)
    __aeabi_memclr4                          0x000002e7   Thumb Code     0  memseta.o(.text)
    __aeabi_memclr8                          0x000002e7   Thumb Code     0  memseta.o(.text)
    _memset$wrapper                          0x000002eb   Thumb Code    18  memseta.o(.text)
    strlen                                   0x000002fd   Thumb Code    14  strlen.o(.text)
    strcmp                                   0x0000030b   Thumb Code    28  strcmp.o(.text)
    __aeabi_dadd                             0x00000327   Thumb Code   322  dadd.o(.text)
    __aeabi_dsub                             0x00000469   Thumb Code     6  dadd.o(.text)
    __aeabi_drsub                            0x0000046f   Thumb Code     6  dadd.o(.text)
    __aeabi_dmul                             0x00000475   Thumb Code   228  dmul.o(.text)
    __aeabi_f2d                              0x00000559   Thumb Code    38  f2d.o(.text)
    __aeabi_d2f                              0x0000057f   Thumb Code    56  d2f.o(.text)
    __aeabi_uidiv                            0x000005b7   Thumb Code     0  uidiv.o(.text)
    __aeabi_uidivmod                         0x000005b7   Thumb Code    44  uidiv.o(.text)
    __aeabi_llsl                             0x000005e3   Thumb Code    30  llshl.o(.text)
    _ll_shift_l                              0x000005e3   Thumb Code     0  llshl.o(.text)
    __aeabi_lasr                             0x00000601   Thumb Code    36  llsshr.o(.text)
    _ll_sshift_r                             0x00000601   Thumb Code     0  llsshr.o(.text)
    __I$use$fp                               0x00000625   Thumb Code     0  iusefp.o(.text)
    _float_round                             0x00000625   Thumb Code    18  fepilogue.o(.text)
    _float_epilogue                          0x00000637   Thumb Code    92  fepilogue.o(.text)
    _double_round                            0x00000693   Thumb Code    30  depilogue.o(.text)
    _double_epilogue                         0x000006b1   Thumb Code   156  depilogue.o(.text)
    __scatterload                            0x0000074d   Thumb Code    28  init.o(.text)
    __scatterload_rt2                        0x0000074d   Thumb Code     0  init.o(.text)
    __aeabi_llsr                             0x00000771   Thumb Code    32  llushr.o(.text)
    _ll_ushift_r                             0x00000771   Thumb Code     0  llushr.o(.text)
    __decompress                             0x00000791   Thumb Code     0  __dczerorl2.o(.text)
    __decompress1                            0x00000791   Thumb Code    86  __dczerorl2.o(.text)
    main                                     0x000007e7   Thumb Code    10  components.o(i.$Sub$$main)
    ADC14_configureConversionMemory          0x000007f1   Thumb Code   126  adc14.o(i.ADC14_configureConversionMemory)
    ADC14_configureMultiSequenceMode         0x00000875   Thumb Code   140  adc14.o(i.ADC14_configureMultiSequenceMode)
    ADC14_enableConversion                   0x00000909   Thumb Code    34  adc14.o(i.ADC14_enableConversion)
    ADC14_enableModule                       0x00000935   Thumb Code     8  adc14.o(i.ADC14_enableModule)
    ADC14_enableSampleTimer                  0x00000941   Thumb Code    44  adc14.o(i.ADC14_enableSampleTimer)
    ADC14_initModule                         0x00000971   Thumb Code    58  adc14.o(i.ADC14_initModule)
    ADC14_toggleConversionTrigger            0x000009b5   Thumb Code    34  adc14.o(i.ADC14_toggleConversionTrigger)
    CS_setDCOCenteredFrequency               0x000009f1   Thumb Code    30  cs.o(i.CS_setDCOCenteredFrequency)
    CS_setDCOFrequency                       0x00000a19   Thumb Code   308  cs.o(i.CS_setDCOFrequency)
    CS_tuneDCOFrequency                      0x00000b85   Thumb Code    74  cs.o(i.CS_tuneDCOFrequency)
    Control                                  0x00000bd9   Thumb Code   144  control.o(i.Control)
    Delay_Init                               0x00000c79   Thumb Code    16  delay.o(i.Delay_Init)
    EUSCIA2_IRQHandler                       0x00000c95   Thumb Code    64  interrupt_1.o(i.EUSCIA2_IRQHandler)
    GPIO_clearInterruptFlag                  0x00000ce5   Thumb Code    14  gpio.o(i.GPIO_clearInterruptFlag)
    GPIO_enableInterrupt                     0x00000cf9   Thumb Code    14  gpio.o(i.GPIO_enableInterrupt)
    GPIO_getEnabledInterruptStatus           0x00000d0d   Thumb Code    80  gpio.o(i.GPIO_getEnabledInterruptStatus)
    GPIO_getInputPinValue                    0x00000d61   Thumb Code    26  gpio.o(i.GPIO_getInputPinValue)
    GPIO_getInterruptStatus                  0x00000d81   Thumb Code    14  gpio.o(i.GPIO_getInterruptStatus)
    GPIO_interruptEdgeSelect                 0x00000d95   Thumb Code    28  gpio.o(i.GPIO_interruptEdgeSelect)
    GPIO_setAsInputPinWithPullDownResistor   0x00000db5   Thumb Code    40  gpio.o(i.GPIO_setAsInputPinWithPullDownResistor)
    GPIO_setAsInputPinWithPullUpResistor     0x00000de1   Thumb Code    40  gpio.o(i.GPIO_setAsInputPinWithPullUpResistor)
    GPIO_setAsOutputPin                      0x00000e0d   Thumb Code    28  gpio.o(i.GPIO_setAsOutputPin)
    GPIO_setAsPeripheralModuleFunctionInputPin 0x00000e2d   Thumb Code    76  gpio.o(i.GPIO_setAsPeripheralModuleFunctionInputPin)
    GPIO_setAsPeripheralModuleFunctionOutputPin 0x00000e7d   Thumb Code    76  gpio.o(i.GPIO_setAsPeripheralModuleFunctionOutputPin)
    GPIO_setOutputHighOnPin                  0x00000ecd   Thumb Code    14  gpio.o(i.GPIO_setOutputHighOnPin)
    GPIO_setOutputLowOnPin                   0x00000ee1   Thumb Code    14  gpio.o(i.GPIO_setOutputLowOnPin)
    GPIO_toggleOutputOnPin                   0x00000ef5   Thumb Code    14  gpio.o(i.GPIO_toggleOutputOnPin)
    Interrupt_enableInterrupt                0x00000f09   Thumb Code   108  interrupt.o(i.Interrupt_enableInterrupt)
    Interrupt_enableMaster                   0x00000f7d   Thumb Code    16  interrupt.o(i.Interrupt_enableMaster)
    KEY_Init                                 0x00000f8d   Thumb Code    12  key.o(i.KEY_Init)
    KEY_Scan                                 0x00000f99   Thumb Code   146  key.o(i.KEY_Scan)
    OLED_CS_Clr                              0x00001031   Thumb Code    16  oled.o(i.OLED_CS_Clr)
    OLED_CS_Set                              0x00001045   Thumb Code    16  oled.o(i.OLED_CS_Set)
    OLED_Clear                               0x00001059   Thumb Code    64  oled.o(i.OLED_Clear)
    OLED_DC_Clr                              0x00001099   Thumb Code    16  oled.o(i.OLED_DC_Clr)
    OLED_DC_Set                              0x000010ad   Thumb Code    16  oled.o(i.OLED_DC_Set)
    OLED_Init                                0x000010c1   Thumb Code   272  oled.o(i.OLED_Init)
    OLED_RST_Clr                             0x000011d1   Thumb Code    16  oled.o(i.OLED_RST_Clr)
    OLED_RST_Set                             0x000011e5   Thumb Code    16  oled.o(i.OLED_RST_Set)
    OLED_SCLK_Clr                            0x000011f9   Thumb Code    16  oled.o(i.OLED_SCLK_Clr)
    OLED_SCLK_Set                            0x0000120d   Thumb Code    16  oled.o(i.OLED_SCLK_Set)
    OLED_SDIN_Clr                            0x00001221   Thumb Code    16  oled.o(i.OLED_SDIN_Clr)
    OLED_SDIN_Set                            0x00001235   Thumb Code    16  oled.o(i.OLED_SDIN_Set)
    OLED_Set_Pos                             0x00001249   Thumb Code    46  oled.o(i.OLED_Set_Pos)
    OLED_ShowChar                            0x00001279   Thumb Code   106  oled.o(i.OLED_ShowChar)
    OLED_ShowString                          0x000012e9   Thumb Code    54  oled.o(i.OLED_ShowString)
    OLED_WR_Byte                             0x0000131f   Thumb Code    72  oled.o(i.OLED_WR_Byte)
    PORT2_IRQHandler                         0x00001369   Thumb Code   162  interrupt_1.o(i.PORT2_IRQHandler)
    PORT3_IRQHandler                         0x00001429   Thumb Code   190  interrupt_1.o(i.PORT3_IRQHandler)
    PORT4_IRQHandler                         0x000014ed   Thumb Code   190  interrupt_1.o(i.PORT4_IRQHandler)
    REF_A_enableReferenceVoltage             0x000015b1   Thumb Code    18  ref_a.o(i.REF_A_enableReferenceVoltage)
    SysCtl_getTLVInfo                        0x000015c5   Thumb Code    72  sysctl.o(i.SysCtl_getTLVInfo)
    SysTick_Handler                          0x00001615   Thumb Code    16  board.o(i.SysTick_Handler)
    SystemCoreClockUpdate                    0x00001625   Thumb Code   576  system_msp432p401r.o(i.SystemCoreClockUpdate)
    SystemInit                               0x00001899   Thumb Code    86  system_msp432p401r.o(i.SystemInit)
    T32_INT1_IRQHandler                      0x00001905   Thumb Code    18  interrupt_1.o(i.T32_INT1_IRQHandler)
    T32_INT2_IRQHandler                      0x00001921   Thumb Code    24  interrupt_1.o(i.T32_INT2_IRQHandler)
    Timer32_enableInterrupt                  0x00001945   Thumb Code    10  timer32.o(i.Timer32_enableInterrupt)
    Timer32_haltTimer                        0x0000194f   Thumb Code    10  timer32.o(i.Timer32_haltTimer)
    Timer32_initModule                       0x00001959   Thumb Code    94  timer32.o(i.Timer32_initModule)
    Timer32_setCount                         0x000019b7   Thumb Code    34  timer32.o(i.Timer32_setCount)
    Timer32_startTimer                       0x000019d9   Thumb Code    48  timer32.o(i.Timer32_startTimer)
    Timer_A_generatePWM                      0x00001a09   Thumb Code    90  timer_a.o(i.Timer_A_generatePWM)
    UART_clearInterruptFlag                  0x00001a63   Thumb Code     8  uart.o(i.UART_clearInterruptFlag)
    UART_enableInterrupt                     0x00001a6b   Thumb Code    22  uart.o(i.UART_enableInterrupt)
    UART_enableModule                        0x00001a81   Thumb Code    14  uart.o(i.UART_enableModule)
    UART_getEnabledInterruptStatus           0x00001a8f   Thumb Code    72  uart.o(i.UART_getEnabledInterruptStatus)
    UART_getInterruptStatus                  0x00001ad7   Thumb Code     8  uart.o(i.UART_getInterruptStatus)
    UART_initModule                          0x00001adf   Thumb Code   246  uart.o(i.UART_initModule)
    UART_receiveData                         0x00001bd5   Thumb Code    44  uart.o(i.UART_receiveData)
    UART_transmitData                        0x00001c01   Thumb Code    40  uart.o(i.UART_transmitData)
    WDT_A_holdTimer                          0x00001c29   Thumb Code    20  wdt_a.o(i.WDT_A_holdTimer)
    __0sprintf$6                             0x00001c71   Thumb Code    34  printf6.o(i.__0sprintf$6)
    __1sprintf$6                             0x00001c71   Thumb Code     0  printf6.o(i.__0sprintf$6)
    __2sprintf                               0x00001c71   Thumb Code     0  printf6.o(i.__0sprintf$6)
    __rt_ffs                                 0x00001c99   Thumb Code    70  kservice.o(i.__rt_ffs)
    __scatterload_copy                       0x00001ce5   Thumb Code    14  handlers.o(i.__scatterload_copy)
    __scatterload_null                       0x00001cf3   Thumb Code     2  handlers.o(i.__scatterload_null)
    __scatterload_zeroinit                   0x00001cf5   Thumb Code    14  handlers.o(i.__scatterload_zeroinit)
    delay_ms                                 0x000022b1   Thumb Code    28  delay.o(i.delay_ms)
    delay_us                                 0x000022cd   Thumb Code    72  delay.o(i.delay_us)
    distance                                 0x00002319   Thumb Code   134  control.o(i.distance)
    getTCRTValue                             0x000023c1   Thumb Code   128  tcrt5000.o(i.getTCRTValue)
    init                                     0x00002441   Thumb Code    64  oled.o(i.init)
    initSerial                               0x00002485   Thumb Code    38  serial.o(i.initSerial)
    init_TCRT                                0x000024bd   Thumb Code   140  tcrt5000.o(i.init_TCRT)
    init_control                             0x0000254d   Thumb Code    52  control.o(i.init_control)
    init_encoder_left                        0x00002589   Thumb Code    34  encoder.o(i.init_encoder_left)
    init_encoder_right                       0x000025ab   Thumb Code    34  encoder.o(i.init_encoder_right)
    init_hc05                                0x000025cd   Thumb Code    42  hc-05.o(i.init_hc05)
    init_hc_sr04                             0x00002601   Thumb Code    92  hc-sr04.o(i.init_hc_sr04)
    init_motor                               0x00002661   Thumb Code    62  motor.o(i.init_motor)
    limit_pwm                                0x0000269f   Thumb Code    22  motor.o(i.limit_pwm)
    $Super$$main                             0x000026b5   Thumb Code   256  main.o(i.main)
    main_thread_entry                        0x000027fd   Thumb Code    14  components.o(i.main_thread_entry)
    read_encoder                             0x00002b05   Thumb Code    34  encoder.o(i.read_encoder)
    rt_application_init                      0x00002b31   Thumb Code    34  components.o(i.rt_application_init)
    rt_components_board_init                 0x00002b61   Thumb Code    20  components.o(i.rt_components_board_init)
    rt_components_init                       0x00002b7d   Thumb Code    20  components.o(i.rt_components_init)
    rt_enter_critical                        0x00002b99   Thumb Code    28  scheduler.o(i.rt_enter_critical)
    rt_exit_critical                         0x00002bb9   Thumb Code    60  scheduler.o(i.rt_exit_critical)
    rt_free                                  0x00002bfd   Thumb Code   128  mem.o(i.rt_free)
    rt_heap_begin_get                        0x00002cdd   Thumb Code     4  board.o(i.rt_heap_begin_get)
    rt_heap_end_get                          0x00002ce5   Thumb Code     4  board.o(i.rt_heap_end_get)
    rt_hw_board_init                         0x00002ced   Thumb Code    48  board.o(i.rt_hw_board_init)
    rt_hw_console_output                     0x00002d21   Thumb Code     2  kservice.o(i.rt_hw_console_output)
    rt_hw_hard_fault_exception               0x00002d25   Thumb Code   212  cpuport.o(i.rt_hw_hard_fault_exception)
    rt_hw_stack_init                         0x00002f49   Thumb Code    74  cpuport.o(i.rt_hw_stack_init)
    rt_interrupt_enter                       0x00002f99   Thumb Code    26  irq.o(i.rt_interrupt_enter)
    rt_interrupt_leave                       0x00002fb9   Thumb Code    26  irq.o(i.rt_interrupt_leave)
    rt_kprintf                               0x0000306d   Thumb Code    44  kservice.o(i.rt_kprintf)
    rt_malloc                                0x0000313d   Thumb Code   336  mem.o(i.rt_malloc)
    rt_memset                                0x000032a9   Thumb Code    72  kservice.o(i.rt_memset)
    rt_object_allocate                       0x000032f1   Thumb Code    84  object.o(i.rt_object_allocate)
    rt_object_delete                         0x00003345   Thumb Code    36  object.o(i.rt_object_delete)
    rt_object_detach                         0x00003369   Thumb Code    30  object.o(i.rt_object_detach)
    rt_object_get_information                0x00003389   Thumb Code    36  object.o(i.rt_object_get_information)
    rt_object_init                           0x000033b1   Thumb Code    86  object.o(i.rt_object_init)
    rt_object_is_systemobject                0x00003407   Thumb Code    18  object.o(i.rt_object_is_systemobject)
    rt_schedule                              0x00003419   Thumb Code   120  scheduler.o(i.rt_schedule)
    rt_schedule_insert_thread                0x000034ad   Thumb Code    94  scheduler.o(i.rt_schedule_insert_thread)
    rt_schedule_remove_thread                0x00003519   Thumb Code   104  scheduler.o(i.rt_schedule_remove_thread)
    rt_sem_init                              0x0000358d   Thumb Code    38  ipc.o(i.rt_sem_init)
    rt_sem_release                           0x000035b3   Thumb Code    82  ipc.o(i.rt_sem_release)
    rt_sem_take                              0x00003605   Thumb Code   116  ipc.o(i.rt_sem_take)
    rt_show_version                          0x00003679   Thumb Code    38  kservice.o(i.rt_show_version)
    rt_strncpy                               0x00003729   Thumb Code    52  kservice.o(i.rt_strncpy)
    rt_system_heap_init                      0x0000375d   Thumb Code   160  mem.o(i.rt_system_heap_init)
    rt_system_scheduler_init                 0x00003855   Thumb Code    62  scheduler.o(i.rt_system_scheduler_init)
    rt_system_scheduler_start                0x000038b1   Thumb Code    50  scheduler.o(i.rt_system_scheduler_start)
    rt_system_timer_init                     0x000038f5   Thumb Code    24  timer.o(i.rt_system_timer_init)
    rt_system_timer_thread_init              0x00003911   Thumb Code     2  timer.o(i.rt_system_timer_thread_init)
    rt_thread_create                         0x00003913   Thumb Code    80  thread.o(i.rt_thread_create)
    rt_thread_exit                           0x00003965   Thumb Code    78  thread.o(i.rt_thread_exit)
    rt_thread_idle_excute                    0x000039c5   Thumb Code    92  idle.o(i.rt_thread_idle_excute)
    rt_thread_idle_init                      0x00003a25   Thumb Code    38  idle.o(i.rt_thread_idle_init)
    rt_thread_init                           0x00003a61   Thumb Code    52  thread.o(i.rt_thread_init)
    rt_thread_resume                         0x00003a95   Thumb Code    60  thread.o(i.rt_thread_resume)
    rt_thread_self                           0x00003ad1   Thumb Code     6  thread.o(i.rt_thread_self)
    rt_thread_startup                        0x00003add   Thumb Code    62  thread.o(i.rt_thread_startup)
    rt_thread_suspend                        0x00003b1b   Thumb Code    68  thread.o(i.rt_thread_suspend)
    rt_thread_timeout                        0x00003b5f   Thumb Code    32  thread.o(i.rt_thread_timeout)
    rt_thread_yield                          0x00003b81   Thumb Code    92  thread.o(i.rt_thread_yield)
    rt_tick_get                              0x00003be5   Thumb Code     6  clock.o(i.rt_tick_get)
    rt_tick_increase                         0x00003bf1   Thumb Code    42  clock.o(i.rt_tick_increase)
    rt_timer_check                           0x00003c21   Thumb Code   160  timer.o(i.rt_timer_check)
    rt_timer_control                         0x00003cc5   Thumb Code    98  timer.o(i.rt_timer_control)
    rt_timer_detach                          0x00003d27   Thumb Code    40  timer.o(i.rt_timer_detach)
    rt_timer_init                            0x00003d4f   Thumb Code    46  timer.o(i.rt_timer_init)
    rt_timer_start                           0x00003d7d   Thumb Code   226  timer.o(i.rt_timer_start)
    rt_timer_stop                            0x00003e69   Thumb Code    48  timer.o(i.rt_timer_stop)
    rt_vsnprintf                             0x00003e99   Thumb Code   824  kservice.o(i.rt_vsnprintf)
    rtthread_startup                         0x000041e9   Thumb Code    42  components.o(i.rtthread_startup)
    sendMsgByBlueTooth                       0x00004215   Thumb Code    24  hc-05.o(i.sendMsgByBlueTooth)
    set_pwm                                  0x00004231   Thumb Code   140  motor.o(i.set_pwm)
    trigger_measure                          0x000042ed   Thumb Code    32  hc-sr04.o(i.trigger_measure)
    turn2                                    0x00004311   Thumb Code   932  control.o(i.turn2)
    velocity                                 0x0000470d   Thumb Code   222  control.o(i.velocity)
    __lowest_bit_bitmap                      0x00004974   Data         256  kservice.o(.constdata)
    uartConfig                               0x00004a98   Data          40  serial.o(.constdata)
    uartConfigForHC05                        0x00004ac0   Data          40  hc-05.o(.constdata)
    F6x8                                     0x00004ae8   Data         552  oled.o(.constdata)
    F8X16                                    0x00004d10   Data        1520  oled.o(.constdata)
    Hzk                                      0x00005300   Data        1600  oled.o(.constdata)
    __rt_init_rti_start                      0x00005940   Data           4  components.o(.rti_fn.0)
    __rt_init_rti_board_start                0x00005944   Data           4  components.o(.rti_fn.0.end)
    __rt_init_rti_board_end                  0x00005948   Data           4  components.o(.rti_fn.1.end)
    __rt_init_rti_end                        0x0000594c   Data           4  components.o(.rti_fn.6.end)
    Region$$Table$$Base                      0x00005950   Number         0  anon$$obj.o(Region$$Table)
    Region$$Table$$Limit                     0x00005970   Number         0  anon$$obj.o(Region$$Table)
    SystemCoreClock                          0x20000000   Data           4  system_msp432p401r.o(.data)
    rt_interrupt_from_thread                 0x20000004   Data           4  cpuport.o(.data)
    rt_interrupt_to_thread                   0x20000008   Data           4  cpuport.o(.data)
    rt_thread_switch_interrupt_flag          0x2000000c   Data           4  cpuport.o(.data)
    rt_interrupt_nest                        0x20000018   Data           1  irq.o(.data)
    rt_thread_ready_priority_group           0x20000074   Data           4  scheduler.o(.data)
    rt_current_thread                        0x2000007c   Data           4  scheduler.o(.data)
    rt_current_priority                      0x20000080   Data           1  scheduler.o(.data)
    rt_thread_defunct                        0x20000084   Data           8  scheduler.o(.data)
    HCSRCountValue                           0x20000098   Data           4  hc-sr04.o(.data)
    HCSRCountMultiValue                      0x2000009c   Data           4  hc-sr04.o(.data)
    HCSRCountAveraValue                      0x200000a0   Data           4  hc-sr04.o(.data)
    TriggerCounter                           0x200000a4   Data           4  hc-sr04.o(.data)
    NextTiggerHCSRFlag                       0x200000a8   Data           1  hc-sr04.o(.data)
    dataPtr                                  0x200000b0   Data           1  hc-05.o(.data)
    BTRecCompleteFlag                        0x200000b1   Data           1  hc-05.o(.data)
    encoder_left                             0x200000b4   Data           4  encoder.o(.data)
    encoder_right                            0x200000b8   Data           4  encoder.o(.data)
    PWMAConfig                               0x200000bc   Data          24  motor.o(.data)
    PWMBConfig                               0x200000d4   Data          24  motor.o(.data)
    MaxTurn1                                 0x200000ec   Data           4  control.o(.data)
    MaxTurn2                                 0x200000f0   Data           4  control.o(.data)
    ChangeIntervalTurn1                      0x200000f4   Data           4  control.o(.data)
    ChangeIntervalTurn2                      0x200000f8   Data           4  control.o(.data)
    StraightV                                0x200000fc   Data           4  control.o(.data)
    TurnV1                                   0x20000100   Data           4  control.o(.data)
    TurnV2                                   0x20000104   Data           4  control.o(.data)
    DecelerationTimes                        0x20000108   Data           4  control.o(.data)
    SavedTCRTStatus                          0x2000010c   Data           4  control.o(.data)
    StopFlag                                 0x20000110   Data           1  control.o(.data)
    CrossFlag                                0x20000111   Data           1  control.o(.data)
    CrossAccelerateCount                     0x20000114   Data           4  control.o(.data)
    CrossAccelerateTimes                     0x20000118   Data           4  control.o(.data)
    CrossRushOrNot                           0x2000011c   Data           1  control.o(.data)
    CrossNums                                0x20000120   Data           4  control.o(.data)
    DecelerationFlag1                        0x20000124   Data           1  control.o(.data)
    DecelerationFlag2                        0x20000125   Data           1  control.o(.data)
    DecelerationCounter                      0x20000128   Data           4  control.o(.data)
    Mission                                  0x2000012c   Data           4  control.o(.data)
    target_encoder_value                     0x20000130   Data           4  control.o(.data)
    Velocity_Kp                              0x20000134   Data           4  control.o(.data)
    Velocity_Ki                              0x20000138   Data           4  control.o(.data)
    Distance_Kp                              0x2000013c   Data           4  control.o(.data)
    turnPwm                                  0x20000140   Data           4  control.o(.data)
    distancePwm                              0x20000144   Data           4  control.o(.data)
    adc                                      0x20000148   Data           4  control.o(.data)
    t1                                       0x2000014c   Data           1  control.o(.data)
    t2                                       0x2000014d   Data           1  control.o(.data)
    t3                                       0x2000014e   Data           1  control.o(.data)
    t4                                       0x2000014f   Data           1  control.o(.data)
    t5                                       0x20000150   Data           1  control.o(.data)
    last_t1                                  0x20000151   Data           1  control.o(.data)
    last_t2                                  0x20000152   Data           1  control.o(.data)
    last_t3                                  0x20000153   Data           1  control.o(.data)
    last_t4                                  0x20000154   Data           1  control.o(.data)
    last_t5                                  0x20000155   Data           1  control.o(.data)
    sum_EnL                                  0x20000158   Data           4  control.o(.data)
    sum_EnR                                  0x2000015c   Data           4  control.o(.data)
    EnCounter                                0x20000160   Data           4  control.o(.data)
    rt_thread_priority_table                 0x200013b4   Data        1024  scheduler.o(.bss)
    rt_thread_ready_table                    0x200017b4   Data          32  scheduler.o(.bss)
    btdata                                   0x200017d4   Data          20  hc-05.o(.bss)
    __initial_sp                             0x200019e8   Data           0  startup_msp432p401r_uvision.o(STACK)



==============================================================================

Memory Map of the image

  Image Entry point : 0x00000145

  Load Region LR_IROM1 (Base: 0x00000000, Size: 0x00005b08, Max: 0x00040000, ABSOLUTE, COMPRESSED[0x000059d8])

    Execution Region ER_IROM1 (Exec base: 0x00000000, Load base: 0x00000000, Size: 0x00005970, Max: 0x00040000, ABSOLUTE)

    Exec Addr    Load Addr    Size         Type   Attr      Idx    E Section Name        Object

    0x00000000   0x00000000   0x00000144   Data   RO         4012    RESET               startup_msp432p401r_uvision.o
    0x00000144   0x00000144   0x00000000   Code   RO         5745  * .ARM.Collect$$$$00000000  mc_w.l(entry.o)
    0x00000144   0x00000144   0x00000004   Code   RO         6027    .ARM.Collect$$$$00000001  mc_w.l(entry2.o)
    0x00000148   0x00000148   0x00000004   Code   RO         6030    .ARM.Collect$$$$00000004  mc_w.l(entry5.o)
    0x0000014c   0x0000014c   0x00000000   Code   RO         6032    .ARM.Collect$$$$00000008  mc_w.l(entry7b.o)
    0x0000014c   0x0000014c   0x00000000   Code   RO         6034    .ARM.Collect$$$$0000000A  mc_w.l(entry8b.o)
    0x0000014c   0x0000014c   0x00000008   Code   RO         6035    .ARM.Collect$$$$0000000B  mc_w.l(entry9a.o)
    0x00000154   0x00000154   0x00000000   Code   RO         6037    .ARM.Collect$$$$0000000D  mc_w.l(entry10a.o)
    0x00000154   0x00000154   0x00000000   Code   RO         6039    .ARM.Collect$$$$0000000F  mc_w.l(entry11a.o)
    0x00000154   0x00000154   0x00000004   Code   RO         6028    .ARM.Collect$$$$00002712  mc_w.l(entry2.o)
    0x00000158   0x00000158   0x00000026   Code   RO          743    .emb_text           cpu.o
    0x0000017e   0x0000017e   0x00000002   PAD
    0x00000180   0x00000180   0x00000024   Code   RO         4013    .text               startup_msp432p401r_uvision.o
    0x000001a4   0x000001a4   0x00000134   Code   RO         4097    .text               context_rvds.o
    0x000002d8   0x000002d8   0x00000024   Code   RO         5750    .text               mc_w.l(memseta.o)
    0x000002fc   0x000002fc   0x0000000e   Code   RO         5752    .text               mc_w.l(strlen.o)
    0x0000030a   0x0000030a   0x0000001c   Code   RO         5754    .text               mc_w.l(strcmp.o)
    0x00000326   0x00000326   0x0000014e   Code   RO         6019    .text               mf_w.l(dadd.o)
    0x00000474   0x00000474   0x000000e4   Code   RO         6021    .text               mf_w.l(dmul.o)
    0x00000558   0x00000558   0x00000026   Code   RO         6023    .text               mf_w.l(f2d.o)
    0x0000057e   0x0000057e   0x00000038   Code   RO         6025    .text               mf_w.l(d2f.o)
    0x000005b6   0x000005b6   0x0000002c   Code   RO         6044    .text               mc_w.l(uidiv.o)
    0x000005e2   0x000005e2   0x0000001e   Code   RO         6048    .text               mc_w.l(llshl.o)
    0x00000600   0x00000600   0x00000024   Code   RO         6050    .text               mc_w.l(llsshr.o)
    0x00000624   0x00000624   0x00000000   Code   RO         6052    .text               mc_w.l(iusefp.o)
    0x00000624   0x00000624   0x0000006e   Code   RO         6053    .text               mf_w.l(fepilogue.o)
    0x00000692   0x00000692   0x000000ba   Code   RO         6055    .text               mf_w.l(depilogue.o)
    0x0000074c   0x0000074c   0x00000024   Code   RO         6063    .text               mc_w.l(init.o)
    0x00000770   0x00000770   0x00000020   Code   RO         6066    .text               mc_w.l(llushr.o)
    0x00000790   0x00000790   0x00000056   Code   RO         6077    .text               mc_w.l(__dczerorl2.o)
    0x000007e6   0x000007e6   0x0000000a   Code   RO         4139    i.$Sub$$main        components.o
    0x000007f0   0x000007f0   0x00000084   Code   RO          232    i.ADC14_configureConversionMemory  adc14.o
    0x00000874   0x00000874   0x00000094   Code   RO          233    i.ADC14_configureMultiSequenceMode  adc14.o
    0x00000908   0x00000908   0x0000002c   Code   RO          242    i.ADC14_enableConversion  adc14.o
    0x00000934   0x00000934   0x0000000c   Code   RO          244    i.ADC14_enableModule  adc14.o
    0x00000940   0x00000940   0x00000030   Code   RO          246    i.ADC14_enableSampleTimer  adc14.o
    0x00000970   0x00000970   0x00000044   Code   RO          253    i.ADC14_initModule  adc14.o
    0x000009b4   0x000009b4   0x00000028   Code   RO          262    i.ADC14_toggleConversionTrigger  adc14.o
    0x000009dc   0x000009dc   0x00000014   Code   RO          264    i.ADCIsConversionRunning  adc14.o
    0x000009f0   0x000009f0   0x00000028   Code   RO          857    i.CS_setDCOCenteredFrequency  cs.o
    0x00000a18   0x00000a18   0x0000016c   Code   RO          859    i.CS_setDCOFrequency  cs.o
    0x00000b84   0x00000b84   0x00000054   Code   RO          867    i.CS_tuneDCOFrequency  cs.o
    0x00000bd8   0x00000bd8   0x000000a0   Code   RO         5599    i.Control           control.o
    0x00000c78   0x00000c78   0x0000001c   Code   RO         5131    i.Delay_Init        delay.o
    0x00000c94   0x00000c94   0x00000050   Code   RO         5169    i.EUSCIA2_IRQHandler  interrupt_1.o
    0x00000ce4   0x00000ce4   0x00000014   Code   RO         1595    i.GPIO_clearInterruptFlag  gpio.o
    0x00000cf8   0x00000cf8   0x00000014   Code   RO         1597    i.GPIO_enableInterrupt  gpio.o
    0x00000d0c   0x00000d0c   0x00000054   Code   RO         1598    i.GPIO_getEnabledInterruptStatus  gpio.o
    0x00000d60   0x00000d60   0x00000020   Code   RO         1599    i.GPIO_getInputPinValue  gpio.o
    0x00000d80   0x00000d80   0x00000014   Code   RO         1600    i.GPIO_getInterruptStatus  gpio.o
    0x00000d94   0x00000d94   0x00000020   Code   RO         1601    i.GPIO_interruptEdgeSelect  gpio.o
    0x00000db4   0x00000db4   0x0000002c   Code   RO         1604    i.GPIO_setAsInputPinWithPullDownResistor  gpio.o
    0x00000de0   0x00000de0   0x0000002c   Code   RO         1605    i.GPIO_setAsInputPinWithPullUpResistor  gpio.o
    0x00000e0c   0x00000e0c   0x00000020   Code   RO         1606    i.GPIO_setAsOutputPin  gpio.o
    0x00000e2c   0x00000e2c   0x00000050   Code   RO         1607    i.GPIO_setAsPeripheralModuleFunctionInputPin  gpio.o
    0x00000e7c   0x00000e7c   0x00000050   Code   RO         1608    i.GPIO_setAsPeripheralModuleFunctionOutputPin  gpio.o
    0x00000ecc   0x00000ecc   0x00000014   Code   RO         1611    i.GPIO_setOutputHighOnPin  gpio.o
    0x00000ee0   0x00000ee0   0x00000014   Code   RO         1612    i.GPIO_setOutputLowOnPin  gpio.o
    0x00000ef4   0x00000ef4   0x00000014   Code   RO         1613    i.GPIO_toggleOutputOnPin  gpio.o
    0x00000f08   0x00000f08   0x00000074   Code   RO         2015    i.Interrupt_enableInterrupt  interrupt.o
    0x00000f7c   0x00000f7c   0x00000010   Code   RO         2016    i.Interrupt_enableMaster  interrupt.o
    0x00000f8c   0x00000f8c   0x0000000c   Code   RO         5676    i.KEY_Init          key.o
    0x00000f98   0x00000f98   0x00000098   Code   RO         5677    i.KEY_Scan          key.o
    0x00001030   0x00001030   0x00000014   Code   RO         5362    i.OLED_CS_Clr       oled.o
    0x00001044   0x00001044   0x00000014   Code   RO         5363    i.OLED_CS_Set       oled.o
    0x00001058   0x00001058   0x00000040   Code   RO         5364    i.OLED_Clear        oled.o
    0x00001098   0x00001098   0x00000014   Code   RO         5365    i.OLED_DC_Clr       oled.o
    0x000010ac   0x000010ac   0x00000014   Code   RO         5366    i.OLED_DC_Set       oled.o
    0x000010c0   0x000010c0   0x00000110   Code   RO         5370    i.OLED_Init         oled.o
    0x000011d0   0x000011d0   0x00000014   Code   RO         5371    i.OLED_RST_Clr      oled.o
    0x000011e4   0x000011e4   0x00000014   Code   RO         5372    i.OLED_RST_Set      oled.o
    0x000011f8   0x000011f8   0x00000014   Code   RO         5373    i.OLED_SCLK_Clr     oled.o
    0x0000120c   0x0000120c   0x00000014   Code   RO         5374    i.OLED_SCLK_Set     oled.o
    0x00001220   0x00001220   0x00000014   Code   RO         5375    i.OLED_SDIN_Clr     oled.o
    0x00001234   0x00001234   0x00000014   Code   RO         5376    i.OLED_SDIN_Set     oled.o
    0x00001248   0x00001248   0x0000002e   Code   RO         5377    i.OLED_Set_Pos      oled.o
    0x00001276   0x00001276   0x00000002   PAD
    0x00001278   0x00001278   0x00000070   Code   RO         5379    i.OLED_ShowChar     oled.o
    0x000012e8   0x000012e8   0x00000036   Code   RO         5381    i.OLED_ShowString   oled.o
    0x0000131e   0x0000131e   0x00000048   Code   RO         5382    i.OLED_WR_Byte      oled.o
    0x00001366   0x00001366   0x00000002   PAD
    0x00001368   0x00001368   0x000000c0   Code   RO         5170    i.PORT2_IRQHandler  interrupt_1.o
    0x00001428   0x00001428   0x000000c4   Code   RO         5171    i.PORT3_IRQHandler  interrupt_1.o
    0x000014ec   0x000014ec   0x000000c4   Code   RO         5172    i.PORT4_IRQHandler  interrupt_1.o
    0x000015b0   0x000015b0   0x00000012   Code   RO         2620    i.REF_A_enableReferenceVoltage  ref_a.o
    0x000015c2   0x000015c2   0x00000002   PAD
    0x000015c4   0x000015c4   0x00000050   Code   RO         3289    i.SysCtl_getTLVInfo  sysctl.o
    0x00001614   0x00001614   0x00000010   Code   RO         4017    i.SysTick_Handler   board.o
    0x00001624   0x00001624   0x00000274   Code   RO         3977    i.SystemCoreClockUpdate  system_msp432p401r.o
    0x00001898   0x00001898   0x0000006c   Code   RO         3978    i.SystemInit        system_msp432p401r.o
    0x00001904   0x00001904   0x0000001c   Code   RO         5173    i.T32_INT1_IRQHandler  interrupt_1.o
    0x00001920   0x00001920   0x00000024   Code   RO         5174    i.T32_INT2_IRQHandler  interrupt_1.o
    0x00001944   0x00001944   0x0000000a   Code   RO         3679    i.Timer32_enableInterrupt  timer32.o
    0x0000194e   0x0000194e   0x0000000a   Code   RO         3682    i.Timer32_haltTimer  timer32.o
    0x00001958   0x00001958   0x0000005e   Code   RO         3683    i.Timer32_initModule  timer32.o
    0x000019b6   0x000019b6   0x00000022   Code   RO         3685    i.Timer32_setCount  timer32.o
    0x000019d8   0x000019d8   0x00000030   Code   RO         3687    i.Timer32_startTimer  timer32.o
    0x00001a08   0x00001a08   0x0000005a   Code   RO         3502    i.Timer_A_generatePWM  timer_a.o
    0x00001a62   0x00001a62   0x00000008   Code   RO         3767    i.UART_clearInterruptFlag  uart.o
    0x00001a6a   0x00001a6a   0x00000016   Code   RO         3770    i.UART_enableInterrupt  uart.o
    0x00001a80   0x00001a80   0x0000000e   Code   RO         3771    i.UART_enableModule  uart.o
    0x00001a8e   0x00001a8e   0x00000048   Code   RO         3772    i.UART_getEnabledInterruptStatus  uart.o
    0x00001ad6   0x00001ad6   0x00000008   Code   RO         3773    i.UART_getInterruptStatus  uart.o
    0x00001ade   0x00001ade   0x000000f6   Code   RO         3776    i.UART_initModule   uart.o
    0x00001bd4   0x00001bd4   0x0000002c   Code   RO         3778    i.UART_receiveData  uart.o
    0x00001c00   0x00001c00   0x00000028   Code   RO         3785    i.UART_transmitData  uart.o
    0x00001c28   0x00001c28   0x00000018   Code   RO         3906    i.WDT_A_holdTimer   wdt_a.o
    0x00001c40   0x00001c40   0x00000030   Code   RO         4018    i._SysTick_Config   board.o
    0x00001c70   0x00001c70   0x00000028   Code   RO         5915    i.__0sprintf$6      mc_w.l(printf6.o)
    0x00001c98   0x00001c98   0x0000004c   Code   RO         4415    i.__rt_ffs          kservice.o
    0x00001ce4   0x00001ce4   0x0000000e   Code   RO         6071    i.__scatterload_copy  mc_w.l(handlers.o)
    0x00001cf2   0x00001cf2   0x00000002   Code   RO         6072    i.__scatterload_null  mc_w.l(handlers.o)
    0x00001cf4   0x00001cf4   0x0000000e   Code   RO         6073    i.__scatterload_zeroinit  mc_w.l(handlers.o)
    0x00001d02   0x00001d02   0x0000015c   Code   RO          265    i._getIndexForMemRegister  adc14.o
    0x00001e5e   0x00001e5e   0x00000002   PAD
    0x00001e60   0x00001e60   0x000002f0   Code   RO         5920    i._printf_core      mc_w.l(printf6.o)
    0x00002150   0x00002150   0x00000024   Code   RO         5921    i._printf_post_padding  mc_w.l(printf6.o)
    0x00002174   0x00002174   0x0000002e   Code   RO         5922    i._printf_pre_padding  mc_w.l(printf6.o)
    0x000021a2   0x000021a2   0x00000002   PAD
    0x000021a4   0x000021a4   0x00000088   Code   RO         4814    i._rt_thread_init   thread.o
    0x0000222c   0x0000222c   0x00000042   Code   RO         4946    i._rt_timer_init    timer.o
    0x0000226e   0x0000226e   0x0000001c   Code   RO         4947    i._rt_timer_remove  timer.o
    0x0000228a   0x0000228a   0x0000000a   Code   RO         5924    i._sputc            mc_w.l(printf6.o)
    0x00002294   0x00002294   0x0000001c   Code   RO         4815    i._thread_cleanup_execute  thread.o
    0x000022b0   0x000022b0   0x0000001c   Code   RO         5132    i.delay_ms          delay.o
    0x000022cc   0x000022cc   0x0000004c   Code   RO         5133    i.delay_us          delay.o
    0x00002318   0x00002318   0x000000a8   Code   RO         5600    i.distance          control.o
    0x000023c0   0x000023c0   0x00000080   Code   RO         5528    i.getTCRTValue      tcrt5000.o
    0x00002440   0x00002440   0x00000044   Code   RO         5383    i.init              oled.o
    0x00002484   0x00002484   0x00000038   Code   RO         5098    i.initSerial        serial.o
    0x000024bc   0x000024bc   0x00000090   Code   RO         5529    i.init_TCRT         tcrt5000.o
    0x0000254c   0x0000254c   0x0000003c   Code   RO         5601    i.init_control      control.o
    0x00002588   0x00002588   0x00000022   Code   RO         5268    i.init_encoder_left  encoder.o
    0x000025aa   0x000025aa   0x00000022   Code   RO         5269    i.init_encoder_right  encoder.o
    0x000025cc   0x000025cc   0x00000034   Code   RO         5230    i.init_hc05         hc-05.o
    0x00002600   0x00002600   0x00000060   Code   RO         5061    i.init_hc_sr04      hc-sr04.o
    0x00002660   0x00002660   0x0000003e   Code   RO         5310    i.init_motor        motor.o
    0x0000269e   0x0000269e   0x00000016   Code   RO         5311    i.limit_pwm         motor.o
    0x000026b4   0x000026b4   0x00000148   Code   RO            4    i.main              main.o
    0x000027fc   0x000027fc   0x0000000e   Code   RO         4140    i.main_thread_entry  components.o
    0x0000280a   0x0000280a   0x00000002   PAD
    0x0000280c   0x0000280c   0x00000078   Code   RO         4592    i.plug_holes        mem.o
    0x00002884   0x00002884   0x00000198   Code   RO         4417    i.print_number      kservice.o
    0x00002a1c   0x00002a1c   0x000000e8   Code   RO         3519    i.privateTimer_AProcessClockSourceDivider  timer_a.o
    0x00002b04   0x00002b04   0x0000002c   Code   RO         5270    i.read_encoder      encoder.o
    0x00002b30   0x00002b30   0x00000030   Code   RO         4141    i.rt_application_init  components.o
    0x00002b60   0x00002b60   0x0000001c   Code   RO         4142    i.rt_components_board_init  components.o
    0x00002b7c   0x00002b7c   0x0000001c   Code   RO         4143    i.rt_components_init  components.o
    0x00002b98   0x00002b98   0x00000020   Code   RO         4742    i.rt_enter_critical  scheduler.o
    0x00002bb8   0x00002bb8   0x00000044   Code   RO         4743    i.rt_exit_critical  scheduler.o
    0x00002bfc   0x00002bfc   0x000000e0   Code   RO         4594    i.rt_free           mem.o
    0x00002cdc   0x00002cdc   0x00000008   Code   RO         4019    i.rt_heap_begin_get  board.o
    0x00002ce4   0x00002ce4   0x00000008   Code   RO         4020    i.rt_heap_end_get   board.o
    0x00002cec   0x00002cec   0x00000034   Code   RO         4021    i.rt_hw_board_init  board.o
    0x00002d20   0x00002d20   0x00000002   Code   RO         4420    i.rt_hw_console_output  kservice.o
    0x00002d22   0x00002d22   0x00000002   PAD
    0x00002d24   0x00002d24   0x00000224   Code   RO         4061    i.rt_hw_hard_fault_exception  cpuport.o
    0x00002f48   0x00002f48   0x00000050   Code   RO         4062    i.rt_hw_stack_init  cpuport.o
    0x00002f98   0x00002f98   0x00000020   Code   RO         4388    i.rt_interrupt_enter  irq.o
    0x00002fb8   0x00002fb8   0x00000020   Code   RO         4390    i.rt_interrupt_leave  irq.o
    0x00002fd8   0x00002fd8   0x00000014   Code   RO         4248    i.rt_ipc_list_resume  ipc.o
    0x00002fec   0x00002fec   0x0000006e   Code   RO         4250    i.rt_ipc_list_suspend  ipc.o
    0x0000305a   0x0000305a   0x00000010   Code   RO         4251    i.rt_ipc_object_init  ipc.o
    0x0000306a   0x0000306a   0x00000002   PAD
    0x0000306c   0x0000306c   0x00000030   Code   RO         4421    i.rt_kprintf        kservice.o
    0x0000309c   0x0000309c   0x00000006   Code   RO         4252    i.rt_list_init      ipc.o
    0x000030a2   0x000030a2   0x00000006   Code   RO         4744    i.rt_list_init      scheduler.o
    0x000030a8   0x000030a8   0x00000006   Code   RO         4948    i.rt_list_init      timer.o
    0x000030ae   0x000030ae   0x0000000e   Code   RO         4654    i.rt_list_insert_after  object.o
    0x000030bc   0x000030bc   0x0000000e   Code   RO         4816    i.rt_list_insert_after  thread.o
    0x000030ca   0x000030ca   0x0000000e   Code   RO         4949    i.rt_list_insert_after  timer.o
    0x000030d8   0x000030d8   0x0000000e   Code   RO         4253    i.rt_list_insert_before  ipc.o
    0x000030e6   0x000030e6   0x00000010   Code   RO         4254    i.rt_list_isempty   ipc.o
    0x000030f6   0x000030f6   0x00000010   Code   RO         4950    i.rt_list_isempty   timer.o
    0x00003106   0x00003106   0x00000012   Code   RO         4655    i.rt_list_remove    object.o
    0x00003118   0x00003118   0x00000012   Code   RO         4817    i.rt_list_remove    thread.o
    0x0000312a   0x0000312a   0x00000012   Code   RO         4951    i.rt_list_remove    timer.o
    0x0000313c   0x0000313c   0x0000016c   Code   RO         4595    i.rt_malloc         mem.o
    0x000032a8   0x000032a8   0x00000048   Code   RO         4427    i.rt_memset         kservice.o
    0x000032f0   0x000032f0   0x00000054   Code   RO         4656    i.rt_object_allocate  object.o
    0x00003344   0x00003344   0x00000024   Code   RO         4657    i.rt_object_delete  object.o
    0x00003368   0x00003368   0x0000001e   Code   RO         4658    i.rt_object_detach  object.o
    0x00003386   0x00003386   0x00000002   PAD
    0x00003388   0x00003388   0x00000028   Code   RO         4660    i.rt_object_get_information  object.o
    0x000033b0   0x000033b0   0x00000056   Code   RO         4664    i.rt_object_init    object.o
    0x00003406   0x00003406   0x00000012   Code   RO         4665    i.rt_object_is_systemobject  object.o
    0x00003418   0x00003418   0x00000094   Code   RO         4745    i.rt_schedule       scheduler.o
    0x000034ac   0x000034ac   0x0000006c   Code   RO         4746    i.rt_schedule_insert_thread  scheduler.o
    0x00003518   0x00003518   0x00000074   Code   RO         4747    i.rt_schedule_remove_thread  scheduler.o
    0x0000358c   0x0000358c   0x00000026   Code   RO         4267    i.rt_sem_init       ipc.o
    0x000035b2   0x000035b2   0x00000052   Code   RO         4268    i.rt_sem_release    ipc.o
    0x00003604   0x00003604   0x00000074   Code   RO         4269    i.rt_sem_take       ipc.o
    0x00003678   0x00003678   0x000000b0   Code   RO         4429    i.rt_show_version   kservice.o
    0x00003728   0x00003728   0x00000034   Code   RO         4437    i.rt_strncpy        kservice.o
    0x0000375c   0x0000375c   0x000000f8   Code   RO         4598    i.rt_system_heap_init  mem.o
    0x00003854   0x00003854   0x0000005c   Code   RO         4748    i.rt_system_scheduler_init  scheduler.o
    0x000038b0   0x000038b0   0x00000044   Code   RO         4749    i.rt_system_scheduler_start  scheduler.o
    0x000038f4   0x000038f4   0x0000001c   Code   RO         4952    i.rt_system_timer_init  timer.o
    0x00003910   0x00003910   0x00000002   Code   RO         4953    i.rt_system_timer_thread_init  timer.o
    0x00003912   0x00003912   0x00000050   Code   RO         4819    i.rt_thread_create  thread.o
    0x00003962   0x00003962   0x00000002   PAD
    0x00003964   0x00003964   0x00000058   Code   RO         4824    i.rt_thread_exit    thread.o
    0x000039bc   0x000039bc   0x00000008   Code   RO         4213    i.rt_thread_idle_entry  idle.o
    0x000039c4   0x000039c4   0x00000060   Code   RO         4214    i.rt_thread_idle_excute  idle.o
    0x00003a24   0x00003a24   0x0000003c   Code   RO         4216    i.rt_thread_idle_init  idle.o
    0x00003a60   0x00003a60   0x00000034   Code   RO         4826    i.rt_thread_init    thread.o
    0x00003a94   0x00003a94   0x0000003c   Code   RO         4828    i.rt_thread_resume  thread.o
    0x00003ad0   0x00003ad0   0x0000000c   Code   RO         4829    i.rt_thread_self    thread.o
    0x00003adc   0x00003adc   0x0000003e   Code   RO         4831    i.rt_thread_startup  thread.o
    0x00003b1a   0x00003b1a   0x00000044   Code   RO         4832    i.rt_thread_suspend  thread.o
    0x00003b5e   0x00003b5e   0x00000020   Code   RO         4833    i.rt_thread_timeout  thread.o
    0x00003b7e   0x00003b7e   0x00000002   PAD
    0x00003b80   0x00003b80   0x00000064   Code   RO         4834    i.rt_thread_yield   thread.o
    0x00003be4   0x00003be4   0x0000000c   Code   RO         4103    i.rt_tick_get       clock.o
    0x00003bf0   0x00003bf0   0x00000030   Code   RO         4104    i.rt_tick_increase  clock.o
    0x00003c20   0x00003c20   0x000000a4   Code   RO         4954    i.rt_timer_check    timer.o
    0x00003cc4   0x00003cc4   0x00000062   Code   RO         4955    i.rt_timer_control  timer.o
    0x00003d26   0x00003d26   0x00000028   Code   RO         4958    i.rt_timer_detach   timer.o
    0x00003d4e   0x00003d4e   0x0000002e   Code   RO         4959    i.rt_timer_init     timer.o
    0x00003d7c   0x00003d7c   0x000000ec   Code   RO         4962    i.rt_timer_start    timer.o
    0x00003e68   0x00003e68   0x00000030   Code   RO         4963    i.rt_timer_stop     timer.o
    0x00003e98   0x00003e98   0x00000340   Code   RO         4440    i.rt_vsnprintf      kservice.o
    0x000041d8   0x000041d8   0x00000004   Code   RO         4144    i.rti_board_end     components.o
    0x000041dc   0x000041dc   0x00000004   Code   RO         4145    i.rti_board_start   components.o
    0x000041e0   0x000041e0   0x00000004   Code   RO         4146    i.rti_end           components.o
    0x000041e4   0x000041e4   0x00000004   Code   RO         4147    i.rti_start         components.o
    0x000041e8   0x000041e8   0x0000002a   Code   RO         4148    i.rtthread_startup  components.o
    0x00004212   0x00004212   0x00000002   PAD
    0x00004214   0x00004214   0x0000001c   Code   RO         5231    i.sendMsgByBlueTooth  hc-05.o
    0x00004230   0x00004230   0x00000094   Code   RO         5312    i.set_pwm           motor.o
    0x000042c4   0x000042c4   0x00000026   Code   RO         4442    i.skip_atoi         kservice.o
    0x000042ea   0x000042ea   0x00000002   PAD
    0x000042ec   0x000042ec   0x00000024   Code   RO         5062    i.trigger_measure   hc-sr04.o
    0x00004310   0x00004310   0x000003fc   Code   RO         5603    i.turn2             control.o
    0x0000470c   0x0000470c   0x0000010c   Code   RO         5604    i.velocity          control.o
    0x00004818   0x00004818   0x00000080   Data   RO          266    .constdata          adc14.o
    0x00004898   0x00004898   0x0000004c   Data   RO         1615    .constdata          gpio.o
    0x000048e4   0x000048e4   0x00000090   Data   RO         2031    .constdata          interrupt.o
    0x00004974   0x00004974   0x00000122   Data   RO         4444    .constdata          kservice.o
    0x00004a96   0x00004a96   0x00000002   PAD
    0x00004a98   0x00004a98   0x00000028   Data   RO         5100    .constdata          serial.o
    0x00004ac0   0x00004ac0   0x00000028   Data   RO         5233    .constdata          hc-05.o
    0x00004ae8   0x00004ae8   0x00000e58   Data   RO         5385    .constdata          oled.o
    0x00005940   0x00005940   0x00000004   Data   RO         4149    .rti_fn.0           components.o
    0x00005944   0x00005944   0x00000004   Data   RO         4150    .rti_fn.0.end       components.o
    0x00005948   0x00005948   0x00000004   Data   RO         4151    .rti_fn.1.end       components.o
    0x0000594c   0x0000594c   0x00000004   Data   RO         4152    .rti_fn.6.end       components.o
    0x00005950   0x00005950   0x00000020   Data   RO         6069    Region$$Table       anon$$obj.o


    Execution Region RW_IRAM1 (Exec base: 0x20000000, Load base: 0x00005970, Size: 0x000019e8, Max: 0x00010000, ABSOLUTE, COMPRESSED[0x00000068])

    Exec Addr    Load Addr    Size         Type   Attr      Idx    E Section Name        Object

    0x20000000   COMPRESSED   0x00000004   Data   RW         3979    .data               system_msp432p401r.o
    0x20000004   COMPRESSED   0x00000010   Data   RW         4063    .data               cpuport.o
    0x20000014   COMPRESSED   0x00000004   Data   RW         4106    .data               clock.o
    0x20000018   COMPRESSED   0x00000001   Data   RW         4391    .data               irq.o
    0x20000019   COMPRESSED   0x00000003   PAD
    0x2000001c   COMPRESSED   0x00000018   Data   RW         4600    .data               mem.o
    0x20000034   COMPRESSED   0x00000040   Data   RW         4667    .data               object.o
    0x20000074   COMPRESSED   0x00000018   Data   RW         4751    .data               scheduler.o
    0x2000008c   COMPRESSED   0x0000000c   Data   RW         4964    .data               timer.o
    0x20000098   COMPRESSED   0x00000011   Data   RW         5064    .data               hc-sr04.o
    0x200000a9   COMPRESSED   0x00000001   Data   RW         5134    .data               delay.o
    0x200000aa   COMPRESSED   0x00000002   PAD
    0x200000ac   COMPRESSED   0x00000004   Data   RW         5175    .data               interrupt_1.o
    0x200000b0   COMPRESSED   0x00000002   Data   RW         5234    .data               hc-05.o
    0x200000b2   COMPRESSED   0x00000002   PAD
    0x200000b4   COMPRESSED   0x00000008   Data   RW         5271    .data               encoder.o
    0x200000bc   COMPRESSED   0x00000030   Data   RW         5314    .data               motor.o
    0x200000ec   COMPRESSED   0x000000a8   Data   RW         5607    .data               control.o
    0x20000194   COMPRESSED   0x00000001   Data   RW         5678    .data               key.o
    0x20000195   COMPRESSED   0x00000003   PAD
    0x20000198        -       0x00001000   Zero   RW         4022    .bss                board.o
    0x20001198        -       0x0000017c   Zero   RW         4217    .bss                idle.o
    0x20001314        -       0x00000080   Zero   RW         4443    .bss                kservice.o
    0x20001394        -       0x00000020   Zero   RW         4599    .bss                mem.o
    0x200013b4        -       0x00000420   Zero   RW         4750    .bss                scheduler.o
    0x200017d4        -       0x00000014   Zero   RW         5232    .bss                hc-05.o
    0x200017e8        -       0x00000200   Zero   RW         4010    STACK               startup_msp432p401r_uvision.o



  Load Region LR_IROM2 (Base: 0x00200000, Size: 0x00000000, Max: 0x00004000, ABSOLUTE)

    Execution Region ER_IROM2 (Exec base: 0x00200000, Load base: 0x00200000, Size: 0x00000000, Max: 0x00004000, ABSOLUTE)

    **** No section assigned to this execution region ****


==============================================================================

Image component sizes


      Code (inc. data)   RO Data    RW Data    ZI Data      Debug   Object Name

       860         54        128          0          0       7348   adc14.o
       132         16          0          0       4096       3461   board.o
        60         12          0          4          0       1189   clock.o
       186         30         16          0          0       5904   components.o
       308         28          0          0          0        828   context_rvds.o
      1676        192          0        168          0       6422   control.o
        38          0          0          0          0        648   cpu.o
       628        342          0         16          0       4118   cpuport.o
       488         76          0          0          0       3080   cs.o
       132         16          0          1          0       1739   delay.o
       112         10          0          8          0       1861   encoder.o
       548         82         76          0          0      10584   gpio.o
        80         14         40          2         20       1710   hc-05.o
       132          8          0         17          0       2015   hc-sr04.o
       164         26          0          0        380       5026   idle.o
       132          8        144          0          0       2209   interrupt.o
       728         80          0          4          0       3546   interrupt_1.o
       418          0          0          0          0       8361   ipc.o
        64         12          0          1          0       1546   irq.o
       164          6          0          1          0       1146   key.o
      1704        164        290          0        128       8835   kservice.o
       328         72          0          0          0      23275   main.o
       956        224          0         24         32       3884   mem.o
       232          8          0         48          0       2083   motor.o
       326          4          0         64          0       8248   object.o
       888         50       3672          0          0       9723   oled.o
        18          0          0          0          0        535   ref_a.o
       638        114          0         24       1056       8584   scheduler.o
        56         18         40          0          0        998   serial.o
        36          8        324          0        512        932   startup_msp432p401r_uvision.o
        80          8          0          0          0       1296   sysctl.o
       736         80          0          4          0       1883   system_msp432p401r.o
       272         10          0          0          0       1223   tcrt5000.o
       750         32          0          0          0      11319   thread.o
       810         24          0         12          0      11672   timer.o
       196          0          0          0          0       3103   timer32.o
       322         28          0          0          0       1890   timer_a.o
       454          0          0          0          0       5705   uart.o
        24          4          0          0          0        538   wdt_a.o

    ----------------------------------------------------------------------
     15902       1860       4764        408       6224     178467   Object Totals
         0          0         32          0          0          0   (incl. Generated)
        26          0          2         10          0          0   (incl. Padding)

    ----------------------------------------------------------------------

      Code (inc. data)   RO Data    RW Data    ZI Data      Debug   Library Member Name

        86          0          0          0          0          0   __dczerorl2.o
         0          0          0          0          0          0   entry.o
         0          0          0          0          0          0   entry10a.o
         0          0          0          0          0          0   entry11a.o
         8          4          0          0          0          0   entry2.o
         4          0          0          0          0          0   entry5.o
         0          0          0          0          0          0   entry7b.o
         0          0          0          0          0          0   entry8b.o
         8          4          0          0          0          0   entry9a.o
        30          0          0          0          0          0   handlers.o
        36          8          0          0          0         68   init.o
         0          0          0          0          0          0   iusefp.o
        30          0          0          0          0         68   llshl.o
        36          0          0          0          0         68   llsshr.o
        32          0          0          0          0         68   llushr.o
        36          0          0          0          0        108   memseta.o
       884         10          0          0          0        420   printf6.o
        28          0          0          0          0         76   strcmp.o
        14          0          0          0          0         68   strlen.o
        44          0          0          0          0         80   uidiv.o
        56          0          0          0          0         88   d2f.o
       334          0          0          0          0        148   dadd.o
       186          0          0          0          0        176   depilogue.o
       228          0          0          0          0         96   dmul.o
        38          0          0          0          0         68   f2d.o
       110          0          0          0          0        168   fepilogue.o

    ----------------------------------------------------------------------
      2230         26          0          0          0       1768   Library Totals
         2          0          0          0          0          0   (incl. Padding)

    ----------------------------------------------------------------------

      Code (inc. data)   RO Data    RW Data    ZI Data      Debug   Library Name

      1276         26          0          0          0       1024   mc_w.l
       952          0          0          0          0        744   mf_w.l

    ----------------------------------------------------------------------
      2230         26          0          0          0       1768   Library Totals

    ----------------------------------------------------------------------

==============================================================================


      Code (inc. data)   RO Data    RW Data    ZI Data      Debug   

     18132       1886       4764        408       6224     161787   Grand Totals
     18132       1886       4764        104       6224     161787   ELF Image Totals (compressed)
     18132       1886       4764        104          0          0   ROM Totals

==============================================================================

    Total RO  Size (Code + RO Data)                22896 (  22.36kB)
    Total RW  Size (RW Data + ZI Data)              6632 (   6.48kB)
    Total ROM Size (Code + RO Data + RW Data)      23000 (  22.46kB)

==============================================================================

