<?xml version="1.0" encoding="ISO-8859-1" ?>
<link_info>
   <banner>TI ARM Linker PC v20.2.7.LTS</banner>
   <copyright>Copyright (c) 1996-2018 Texas Instruments Incorporated</copyright>
   <link_time>0x64a825ef</link_time>
   <link_errors>0x0</link_errors>
   <output_file>Master.out</output_file>
   <entry_point>
      <name>_c_int00_noargs</name>
      <address>0x3525</address>
   </entry_point>
   <input_file_list>
      <input_file id="fl-2">
         <path>.\</path>
         <kind>object</kind>
         <file>main.obj</file>
         <name>main.obj</name>
      </input_file>
      <input_file id="fl-3">
         <path>.\</path>
         <kind>object</kind>
         <file>tm4c123gh6pm_startup_ccs.obj</file>
         <name>tm4c123gh6pm_startup_ccs.obj</name>
      </input_file>
      <input_file id="fl-4">
         <path>.\DriverLib\driverlib\</path>
         <kind>object</kind>
         <file>adc.obj</file>
         <name>adc.obj</name>
      </input_file>
      <input_file id="fl-5">
         <path>.\DriverLib\driverlib\</path>
         <kind>object</kind>
         <file>aes.obj</file>
         <name>aes.obj</name>
      </input_file>
      <input_file id="fl-6">
         <path>.\DriverLib\driverlib\</path>
         <kind>object</kind>
         <file>can.obj</file>
         <name>can.obj</name>
      </input_file>
      <input_file id="fl-7">
         <path>.\DriverLib\driverlib\</path>
         <kind>object</kind>
         <file>comp.obj</file>
         <name>comp.obj</name>
      </input_file>
      <input_file id="fl-8">
         <path>.\DriverLib\driverlib\</path>
         <kind>object</kind>
         <file>cpu.obj</file>
         <name>cpu.obj</name>
      </input_file>
      <input_file id="fl-9">
         <path>.\DriverLib\driverlib\</path>
         <kind>object</kind>
         <file>crc.obj</file>
         <name>crc.obj</name>
      </input_file>
      <input_file id="fl-a">
         <path>.\DriverLib\driverlib\</path>
         <kind>object</kind>
         <file>des.obj</file>
         <name>des.obj</name>
      </input_file>
      <input_file id="fl-b">
         <path>.\DriverLib\driverlib\</path>
         <kind>object</kind>
         <file>eeprom.obj</file>
         <name>eeprom.obj</name>
      </input_file>
      <input_file id="fl-c">
         <path>.\DriverLib\driverlib\</path>
         <kind>object</kind>
         <file>emac.obj</file>
         <name>emac.obj</name>
      </input_file>
      <input_file id="fl-d">
         <path>.\DriverLib\driverlib\</path>
         <kind>object</kind>
         <file>epi.obj</file>
         <name>epi.obj</name>
      </input_file>
      <input_file id="fl-e">
         <path>.\DriverLib\driverlib\</path>
         <kind>object</kind>
         <file>epi_workaround_ccs.obj</file>
         <name>epi_workaround_ccs.obj</name>
      </input_file>
      <input_file id="fl-f">
         <path>.\DriverLib\driverlib\</path>
         <kind>object</kind>
         <file>flash.obj</file>
         <name>flash.obj</name>
      </input_file>
      <input_file id="fl-10">
         <path>.\DriverLib\driverlib\</path>
         <kind>object</kind>
         <file>fpu.obj</file>
         <name>fpu.obj</name>
      </input_file>
      <input_file id="fl-11">
         <path>.\DriverLib\driverlib\</path>
         <kind>object</kind>
         <file>gpio.obj</file>
         <name>gpio.obj</name>
      </input_file>
      <input_file id="fl-12">
         <path>.\DriverLib\driverlib\</path>
         <kind>object</kind>
         <file>hibernate.obj</file>
         <name>hibernate.obj</name>
      </input_file>
      <input_file id="fl-13">
         <path>.\DriverLib\driverlib\</path>
         <kind>object</kind>
         <file>i2c.obj</file>
         <name>i2c.obj</name>
      </input_file>
      <input_file id="fl-14">
         <path>.\DriverLib\driverlib\</path>
         <kind>object</kind>
         <file>interrupt.obj</file>
         <name>interrupt.obj</name>
      </input_file>
      <input_file id="fl-15">
         <path>.\DriverLib\driverlib\</path>
         <kind>object</kind>
         <file>lcd.obj</file>
         <name>lcd.obj</name>
      </input_file>
      <input_file id="fl-16">
         <path>.\DriverLib\driverlib\</path>
         <kind>object</kind>
         <file>mpu.obj</file>
         <name>mpu.obj</name>
      </input_file>
      <input_file id="fl-17">
         <path>.\DriverLib\driverlib\</path>
         <kind>object</kind>
         <file>onewire.obj</file>
         <name>onewire.obj</name>
      </input_file>
      <input_file id="fl-18">
         <path>.\DriverLib\driverlib\</path>
         <kind>object</kind>
         <file>pwm.obj</file>
         <name>pwm.obj</name>
      </input_file>
      <input_file id="fl-19">
         <path>.\DriverLib\driverlib\</path>
         <kind>object</kind>
         <file>qei.obj</file>
         <name>qei.obj</name>
      </input_file>
      <input_file id="fl-1a">
         <path>.\DriverLib\driverlib\</path>
         <kind>object</kind>
         <file>shamd5.obj</file>
         <name>shamd5.obj</name>
      </input_file>
      <input_file id="fl-1b">
         <path>.\DriverLib\driverlib\</path>
         <kind>object</kind>
         <file>ssi.obj</file>
         <name>ssi.obj</name>
      </input_file>
      <input_file id="fl-1c">
         <path>.\DriverLib\driverlib\</path>
         <kind>object</kind>
         <file>sw_crc.obj</file>
         <name>sw_crc.obj</name>
      </input_file>
      <input_file id="fl-1d">
         <path>.\DriverLib\driverlib\</path>
         <kind>object</kind>
         <file>sysctl.obj</file>
         <name>sysctl.obj</name>
      </input_file>
      <input_file id="fl-1e">
         <path>.\DriverLib\driverlib\</path>
         <kind>object</kind>
         <file>sysexc.obj</file>
         <name>sysexc.obj</name>
      </input_file>
      <input_file id="fl-1f">
         <path>.\DriverLib\driverlib\</path>
         <kind>object</kind>
         <file>systick.obj</file>
         <name>systick.obj</name>
      </input_file>
      <input_file id="fl-20">
         <path>.\DriverLib\driverlib\</path>
         <kind>object</kind>
         <file>timer.obj</file>
         <name>timer.obj</name>
      </input_file>
      <input_file id="fl-21">
         <path>.\DriverLib\driverlib\</path>
         <kind>object</kind>
         <file>uart.obj</file>
         <name>uart.obj</name>
      </input_file>
      <input_file id="fl-22">
         <path>.\DriverLib\driverlib\</path>
         <kind>object</kind>
         <file>udma.obj</file>
         <name>udma.obj</name>
      </input_file>
      <input_file id="fl-23">
         <path>.\DriverLib\driverlib\</path>
         <kind>object</kind>
         <file>usb.obj</file>
         <name>usb.obj</name>
      </input_file>
      <input_file id="fl-24">
         <path>.\DriverLib\driverlib\</path>
         <kind>object</kind>
         <file>watchdog.obj</file>
         <name>watchdog.obj</name>
      </input_file>
      <input_file id="fl-25">
         <path>.\DriverLib\sensorlib\</path>
         <kind>object</kind>
         <file>ak8963.obj</file>
         <name>ak8963.obj</name>
      </input_file>
      <input_file id="fl-26">
         <path>.\DriverLib\sensorlib\</path>
         <kind>object</kind>
         <file>ak8975.obj</file>
         <name>ak8975.obj</name>
      </input_file>
      <input_file id="fl-27">
         <path>.\DriverLib\sensorlib\</path>
         <kind>object</kind>
         <file>bmp180.obj</file>
         <name>bmp180.obj</name>
      </input_file>
      <input_file id="fl-28">
         <path>.\DriverLib\sensorlib\</path>
         <kind>object</kind>
         <file>bq27510g3.obj</file>
         <name>bq27510g3.obj</name>
      </input_file>
      <input_file id="fl-29">
         <path>.\DriverLib\sensorlib\</path>
         <kind>object</kind>
         <file>cm3218.obj</file>
         <name>cm3218.obj</name>
      </input_file>
      <input_file id="fl-2a">
         <path>.\DriverLib\sensorlib\</path>
         <kind>object</kind>
         <file>comp_dcm.obj</file>
         <name>comp_dcm.obj</name>
      </input_file>
      <input_file id="fl-2b">
         <path>.\DriverLib\sensorlib\</path>
         <kind>object</kind>
         <file>i2cm_drv.obj</file>
         <name>i2cm_drv.obj</name>
      </input_file>
      <input_file id="fl-2c">
         <path>.\DriverLib\sensorlib\</path>
         <kind>object</kind>
         <file>isl29023.obj</file>
         <name>isl29023.obj</name>
      </input_file>
      <input_file id="fl-2d">
         <path>.\DriverLib\sensorlib\</path>
         <kind>object</kind>
         <file>kxti9.obj</file>
         <name>kxti9.obj</name>
      </input_file>
      <input_file id="fl-2e">
         <path>.\DriverLib\sensorlib\</path>
         <kind>object</kind>
         <file>l3gd20h.obj</file>
         <name>l3gd20h.obj</name>
      </input_file>
      <input_file id="fl-2f">
         <path>.\DriverLib\sensorlib\</path>
         <kind>object</kind>
         <file>lsm303d.obj</file>
         <name>lsm303d.obj</name>
      </input_file>
      <input_file id="fl-30">
         <path>.\DriverLib\sensorlib\</path>
         <kind>object</kind>
         <file>lsm303dlhc_accel.obj</file>
         <name>lsm303dlhc_accel.obj</name>
      </input_file>
      <input_file id="fl-31">
         <path>.\DriverLib\sensorlib\</path>
         <kind>object</kind>
         <file>lsm303dlhc_mag.obj</file>
         <name>lsm303dlhc_mag.obj</name>
      </input_file>
      <input_file id="fl-32">
         <path>.\DriverLib\sensorlib\</path>
         <kind>object</kind>
         <file>magneto.obj</file>
         <name>magneto.obj</name>
      </input_file>
      <input_file id="fl-33">
         <path>.\DriverLib\sensorlib\</path>
         <kind>object</kind>
         <file>mpu6050.obj</file>
         <name>mpu6050.obj</name>
      </input_file>
      <input_file id="fl-34">
         <path>.\DriverLib\sensorlib\</path>
         <kind>object</kind>
         <file>mpu9150.obj</file>
         <name>mpu9150.obj</name>
      </input_file>
      <input_file id="fl-35">
         <path>.\DriverLib\sensorlib\</path>
         <kind>object</kind>
         <file>quaternion.obj</file>
         <name>quaternion.obj</name>
      </input_file>
      <input_file id="fl-36">
         <path>.\DriverLib\sensorlib\</path>
         <kind>object</kind>
         <file>sht21.obj</file>
         <name>sht21.obj</name>
      </input_file>
      <input_file id="fl-37">
         <path>.\DriverLib\sensorlib\</path>
         <kind>object</kind>
         <file>tmp006.obj</file>
         <name>tmp006.obj</name>
      </input_file>
      <input_file id="fl-38">
         <path>.\DriverLib\sensorlib\</path>
         <kind>object</kind>
         <file>tmp100.obj</file>
         <name>tmp100.obj</name>
      </input_file>
      <input_file id="fl-39">
         <path>.\DriverLib\sensorlib\</path>
         <kind>object</kind>
         <file>vector.obj</file>
         <name>vector.obj</name>
      </input_file>
      <input_file id="fl-3a">
         <path>.\DriverLib\utils\</path>
         <kind>object</kind>
         <file>cmdline.obj</file>
         <name>cmdline.obj</name>
      </input_file>
      <input_file id="fl-3b">
         <path>.\DriverLib\utils\</path>
         <kind>object</kind>
         <file>cpu_usage.obj</file>
         <name>cpu_usage.obj</name>
      </input_file>
      <input_file id="fl-3c">
         <path>.\DriverLib\utils\</path>
         <kind>object</kind>
         <file>eeprom_pb.obj</file>
         <name>eeprom_pb.obj</name>
      </input_file>
      <input_file id="fl-3d">
         <path>.\DriverLib\utils\</path>
         <kind>object</kind>
         <file>flash_pb.obj</file>
         <name>flash_pb.obj</name>
      </input_file>
      <input_file id="fl-3e">
         <path>.\DriverLib\utils\</path>
         <kind>object</kind>
         <file>isqrt.obj</file>
         <name>isqrt.obj</name>
      </input_file>
      <input_file id="fl-3f">
         <path>.\DriverLib\utils\</path>
         <kind>object</kind>
         <file>random.obj</file>
         <name>random.obj</name>
      </input_file>
      <input_file id="fl-40">
         <path>.\DriverLib\utils\</path>
         <kind>object</kind>
         <file>ringbuf.obj</file>
         <name>ringbuf.obj</name>
      </input_file>
      <input_file id="fl-41">
         <path>.\DriverLib\utils\</path>
         <kind>object</kind>
         <file>scheduler.obj</file>
         <name>scheduler.obj</name>
      </input_file>
      <input_file id="fl-42">
         <path>.\DriverLib\utils\</path>
         <kind>object</kind>
         <file>sine.obj</file>
         <name>sine.obj</name>
      </input_file>
      <input_file id="fl-43">
         <path>.\DriverLib\utils\</path>
         <kind>object</kind>
         <file>smbus.obj</file>
         <name>smbus.obj</name>
      </input_file>
      <input_file id="fl-44">
         <path>.\DriverLib\utils\</path>
         <kind>object</kind>
         <file>softi2c.obj</file>
         <name>softi2c.obj</name>
      </input_file>
      <input_file id="fl-45">
         <path>.\DriverLib\utils\</path>
         <kind>object</kind>
         <file>softssi.obj</file>
         <name>softssi.obj</name>
      </input_file>
      <input_file id="fl-46">
         <path>.\DriverLib\utils\</path>
         <kind>object</kind>
         <file>softuart.obj</file>
         <name>softuart.obj</name>
      </input_file>
      <input_file id="fl-47">
         <path>.\DriverLib\utils\</path>
         <kind>object</kind>
         <file>spi_flash.obj</file>
         <name>spi_flash.obj</name>
      </input_file>
      <input_file id="fl-48">
         <path>.\DriverLib\utils\</path>
         <kind>object</kind>
         <file>uartstdio.obj</file>
         <name>uartstdio.obj</name>
      </input_file>
      <input_file id="fl-49">
         <path>.\DriverLib\utils\</path>
         <kind>object</kind>
         <file>ustdlib.obj</file>
         <name>ustdlib.obj</name>
      </input_file>
      <input_file id="fl-4a">
         <path>.\Drivers\</path>
         <kind>object</kind>
         <file>Flag.obj</file>
         <name>Flag.obj</name>
      </input_file>
      <input_file id="fl-4b">
         <path>.\Drivers\</path>
         <kind>object</kind>
         <file>Interrupt.obj</file>
         <name>Interrupt.obj</name>
      </input_file>
      <input_file id="fl-4c">
         <path>.\Drivers\</path>
         <kind>object</kind>
         <file>OpenmvTrack.obj</file>
         <name>OpenmvTrack.obj</name>
      </input_file>
      <input_file id="fl-4d">
         <path>.\Drivers\</path>
         <kind>object</kind>
         <file>Serial.obj</file>
         <name>Serial.obj</name>
      </input_file>
      <input_file id="fl-4e">
         <path>.\Drivers\</path>
         <kind>object</kind>
         <file>Sg90.obj</file>
         <name>Sg90.obj</name>
      </input_file>
      <input_file id="fl-5a">
         <kind>object</kind>
         <file>&lt;internal&gt;</file>
         <name>&lt;internal&gt;</name>
      </input_file>
      <input_file id="fl-110">
         <path>E:\programs\CCS\ccs\tools\compiler\ti-cgt-arm_20.2.7.LTS\lib\</path>
         <kind>archive</kind>
         <file>rtsv7M4_T_le_v4SPD16_eabi.lib</file>
         <name>e_acosf.c.obj</name>
      </input_file>
      <input_file id="fl-111">
         <path>E:\programs\CCS\ccs\tools\compiler\ti-cgt-arm_20.2.7.LTS\lib\</path>
         <kind>archive</kind>
         <file>rtsv7M4_T_le_v4SPD16_eabi.lib</file>
         <name>e_asinf.c.obj</name>
      </input_file>
      <input_file id="fl-112">
         <path>E:\programs\CCS\ccs\tools\compiler\ti-cgt-arm_20.2.7.LTS\lib\</path>
         <kind>archive</kind>
         <file>rtsv7M4_T_le_v4SPD16_eabi.lib</file>
         <name>e_atan2f.c.obj</name>
      </input_file>
      <input_file id="fl-113">
         <path>E:\programs\CCS\ccs\tools\compiler\ti-cgt-arm_20.2.7.LTS\lib\</path>
         <kind>archive</kind>
         <file>rtsv7M4_T_le_v4SPD16_eabi.lib</file>
         <name>e_sqrtf.c.obj</name>
      </input_file>
      <input_file id="fl-114">
         <path>E:\programs\CCS\ccs\tools\compiler\ti-cgt-arm_20.2.7.LTS\lib\</path>
         <kind>archive</kind>
         <file>rtsv7M4_T_le_v4SPD16_eabi.lib</file>
         <name>s_atanf.c.obj</name>
      </input_file>
      <input_file id="fl-115">
         <path>E:\programs\CCS\ccs\tools\compiler\ti-cgt-arm_20.2.7.LTS\lib\</path>
         <kind>archive</kind>
         <file>rtsv7M4_T_le_v4SPD16_eabi.lib</file>
         <name>s_cosf.c.obj</name>
      </input_file>
      <input_file id="fl-116">
         <path>E:\programs\CCS\ccs\tools\compiler\ti-cgt-arm_20.2.7.LTS\lib\</path>
         <kind>archive</kind>
         <file>rtsv7M4_T_le_v4SPD16_eabi.lib</file>
         <name>s_sinf.c.obj</name>
      </input_file>
      <input_file id="fl-117">
         <path>E:\programs\CCS\ccs\tools\compiler\ti-cgt-arm_20.2.7.LTS\lib\</path>
         <kind>archive</kind>
         <file>rtsv7M4_T_le_v4SPD16_eabi.lib</file>
         <name>e_sqrt.c.obj</name>
      </input_file>
      <input_file id="fl-118">
         <path>E:\programs\CCS\ccs\tools\compiler\ti-cgt-arm_20.2.7.LTS\lib\</path>
         <kind>archive</kind>
         <file>rtsv7M4_T_le_v4SPD16_eabi.lib</file>
         <name>fd_add_t2.asm.obj</name>
      </input_file>
      <input_file id="fl-119">
         <path>E:\programs\CCS\ccs\tools\compiler\ti-cgt-arm_20.2.7.LTS\lib\</path>
         <kind>archive</kind>
         <file>rtsv7M4_T_le_v4SPD16_eabi.lib</file>
         <name>fd_div_t2.asm.obj</name>
      </input_file>
      <input_file id="fl-11a">
         <path>E:\programs\CCS\ccs\tools\compiler\ti-cgt-arm_20.2.7.LTS\lib\</path>
         <kind>archive</kind>
         <file>rtsv7M4_T_le_v4SPD16_eabi.lib</file>
         <name>fd_mul_t2.asm.obj</name>
      </input_file>
      <input_file id="fl-11b">
         <path>E:\programs\CCS\ccs\tools\compiler\ti-cgt-arm_20.2.7.LTS\lib\</path>
         <kind>archive</kind>
         <file>rtsv7M4_T_le_v4SPD16_eabi.lib</file>
         <name>fd_tos_t2.asm.obj</name>
      </input_file>
      <input_file id="fl-11c">
         <path>E:\programs\CCS\ccs\tools\compiler\ti-cgt-arm_20.2.7.LTS\lib\</path>
         <kind>archive</kind>
         <file>rtsv7M4_T_le_v4SPD16_eabi.lib</file>
         <name>fd_tou_t2.asm.obj</name>
      </input_file>
      <input_file id="fl-11d">
         <path>E:\programs\CCS\ccs\tools\compiler\ti-cgt-arm_20.2.7.LTS\lib\</path>
         <kind>archive</kind>
         <file>rtsv7M4_T_le_v4SPD16_eabi.lib</file>
         <name>fs_tod_t2.asm.obj</name>
      </input_file>
      <input_file id="fl-11e">
         <path>E:\programs\CCS\ccs\tools\compiler\ti-cgt-arm_20.2.7.LTS\lib\</path>
         <kind>archive</kind>
         <file>rtsv7M4_T_le_v4SPD16_eabi.lib</file>
         <name>u_tofd_t2.asm.obj</name>
      </input_file>
      <input_file id="fl-11f">
         <path>E:\programs\CCS\ccs\tools\compiler\ti-cgt-arm_20.2.7.LTS\lib\</path>
         <kind>archive</kind>
         <file>rtsv7M4_T_le_v4SPD16_eabi.lib</file>
         <name>memset_t2.asm.obj</name>
      </input_file>
      <input_file id="fl-120">
         <path>E:\programs\CCS\ccs\tools\compiler\ti-cgt-arm_20.2.7.LTS\lib\</path>
         <kind>archive</kind>
         <file>rtsv7M4_T_le_v4SPD16_eabi.lib</file>
         <name>u_divt2.asm.obj</name>
      </input_file>
      <input_file id="fl-121">
         <path>E:\programs\CCS\ccs\tools\compiler\ti-cgt-arm_20.2.7.LTS\lib\</path>
         <kind>archive</kind>
         <file>rtsv7M4_T_le_v4SPD16_eabi.lib</file>
         <name>copy_zero_init.c.obj</name>
      </input_file>
      <input_file id="fl-122">
         <path>E:\programs\CCS\ccs\tools\compiler\ti-cgt-arm_20.2.7.LTS\lib\</path>
         <kind>archive</kind>
         <file>rtsv7M4_T_le_v4SPD16_eabi.lib</file>
         <name>copy_decompress_none.c.obj</name>
      </input_file>
      <input_file id="fl-123">
         <path>E:\programs\CCS\ccs\tools\compiler\ti-cgt-arm_20.2.7.LTS\lib\</path>
         <kind>archive</kind>
         <file>rtsv7M4_T_le_v4SPD16_eabi.lib</file>
         <name>copy_decompress_lzss.c.obj</name>
      </input_file>
      <input_file id="fl-124">
         <path>E:\programs\CCS\ccs\tools\compiler\ti-cgt-arm_20.2.7.LTS\lib\</path>
         <kind>archive</kind>
         <file>rtsv7M4_T_le_v4SPD16_eabi.lib</file>
         <name>atoi.c.obj</name>
      </input_file>
      <input_file id="fl-125">
         <path>E:\programs\CCS\ccs\tools\compiler\ti-cgt-arm_20.2.7.LTS\lib\</path>
         <kind>archive</kind>
         <file>rtsv7M4_T_le_v4SPD16_eabi.lib</file>
         <name>ctype.c.obj</name>
      </input_file>
      <input_file id="fl-126">
         <path>E:\programs\CCS\ccs\tools\compiler\ti-cgt-arm_20.2.7.LTS\lib\</path>
         <kind>archive</kind>
         <file>rtsv7M4_T_le_v4SPD16_eabi.lib</file>
         <name>strcmp.c.obj</name>
      </input_file>
      <input_file id="fl-127">
         <path>E:\programs\CCS\ccs\tools\compiler\ti-cgt-arm_20.2.7.LTS\lib\</path>
         <kind>archive</kind>
         <file>rtsv7M4_T_le_v4SPD16_eabi.lib</file>
         <name>boot_cortex_m.c.obj</name>
      </input_file>
      <input_file id="fl-128">
         <path>E:\programs\CCS\ccs\tools\compiler\ti-cgt-arm_20.2.7.LTS\lib\</path>
         <kind>archive</kind>
         <file>rtsv7M4_T_le_v4SPD16_eabi.lib</file>
         <name>errno.c.obj</name>
      </input_file>
      <input_file id="fl-129">
         <path>E:\programs\CCS\ccs\tools\compiler\ti-cgt-arm_20.2.7.LTS\lib\</path>
         <kind>archive</kind>
         <file>rtsv7M4_T_le_v4SPD16_eabi.lib</file>
         <name>div0.asm.obj</name>
      </input_file>
      <input_file id="fl-12a">
         <path>E:\programs\CCS\ccs\tools\compiler\ti-cgt-arm_20.2.7.LTS\lib\</path>
         <kind>archive</kind>
         <file>rtsv7M4_T_le_v4SPD16_eabi.lib</file>
         <name>memcpy_t2.asm.obj</name>
      </input_file>
      <input_file id="fl-12b">
         <path>E:\programs\CCS\ccs\tools\compiler\ti-cgt-arm_20.2.7.LTS\lib\</path>
         <kind>archive</kind>
         <file>rtsv7M4_T_le_v4SPD16_eabi.lib</file>
         <name>autoinit.c.obj</name>
      </input_file>
      <input_file id="fl-12c">
         <path>E:\programs\CCS\ccs\tools\compiler\ti-cgt-arm_20.2.7.LTS\lib\</path>
         <kind>archive</kind>
         <file>rtsv7M4_T_le_v4SPD16_eabi.lib</file>
         <name>pre_init.c.obj</name>
      </input_file>
      <input_file id="fl-12d">
         <path>E:\programs\CCS\ccs\tools\compiler\ti-cgt-arm_20.2.7.LTS\lib\</path>
         <kind>archive</kind>
         <file>rtsv7M4_T_le_v4SPD16_eabi.lib</file>
         <name>cpy_tbl.c.obj</name>
      </input_file>
      <input_file id="fl-12e">
         <path>E:\programs\CCS\ccs\tools\compiler\ti-cgt-arm_20.2.7.LTS\lib\</path>
         <kind>archive</kind>
         <file>rtsv7M4_T_le_v4SPD16_eabi.lib</file>
         <name>exit.c.obj</name>
      </input_file>
      <input_file id="fl-12f">
         <path>E:\programs\CCS\ccs\tools\compiler\ti-cgt-arm_20.2.7.LTS\lib\</path>
         <kind>archive</kind>
         <file>rtsv7M4_T_le_v4SPD16_eabi.lib</file>
         <name>_lock.c.obj</name>
      </input_file>
      <input_file id="fl-130">
         <path>E:\programs\CCS\ccs\tools\compiler\ti-cgt-arm_20.2.7.LTS\lib\</path>
         <kind>archive</kind>
         <file>rtsv7M4_T_le_v4SPD16_eabi.lib</file>
         <name>args_main.c.obj</name>
      </input_file>
   </input_file_list>
   <object_component_list>
      <object_component id="oc-12">
         <name>.intvecs</name>
         <load_address>0x0</load_address>
         <run_address>0x0</run_address>
         <size>0x26c</size>
         <input_file_ref idref="fl-3"/>
      </object_component>
      <object_component id="oc-fe">
         <name>.text</name>
         <load_address>0x26c</load_address>
         <run_address>0x26c</run_address>
         <size>0xf80</size>
         <input_file_ref idref="fl-1d"/>
      </object_component>
      <object_component id="oc-110">
         <name>.text</name>
         <load_address>0x11ec</load_address>
         <run_address>0x11ec</run_address>
         <size>0xc14</size>
         <input_file_ref idref="fl-11"/>
      </object_component>
      <object_component id="oc-19c">
         <name>.text</name>
         <load_address>0x1e00</load_address>
         <run_address>0x1e00</run_address>
         <size>0x642</size>
         <input_file_ref idref="fl-20"/>
      </object_component>
      <object_component id="oc-74">
         <name>.text</name>
         <load_address>0x2444</load_address>
         <run_address>0x2444</run_address>
         <size>0x62e</size>
         <input_file_ref idref="fl-21"/>
      </object_component>
      <object_component id="oc-cc">
         <name>.text</name>
         <load_address>0x2a74</load_address>
         <run_address>0x2a74</run_address>
         <size>0x3c0</size>
         <input_file_ref idref="fl-14"/>
      </object_component>
      <object_component id="oc-1a7">
         <name>.text</name>
         <load_address>0x2e34</load_address>
         <run_address>0x2e34</run_address>
         <size>0x136</size>
         <input_file_ref idref="fl-119"/>
      </object_component>
      <object_component id="oc-10a">
         <name>.text</name>
         <load_address>0x2f6c</load_address>
         <run_address>0x2f6c</run_address>
         <size>0xe8</size>
         <input_file_ref idref="fl-4e"/>
      </object_component>
      <object_component id="oc-f8">
         <name>.text</name>
         <load_address>0x3054</load_address>
         <run_address>0x3054</run_address>
         <size>0xc0</size>
         <input_file_ref idref="fl-10"/>
      </object_component>
      <object_component id="oc-b4">
         <name>.text</name>
         <load_address>0x3114</load_address>
         <run_address>0x3114</run_address>
         <size>0xa4</size>
         <input_file_ref idref="fl-2"/>
      </object_component>
      <object_component id="oc-41">
         <name>.text</name>
         <load_address>0x31b8</load_address>
         <run_address>0x31b8</run_address>
         <size>0x9c</size>
         <input_file_ref idref="fl-12a"/>
      </object_component>
      <object_component id="oc-a8">
         <name>.text</name>
         <load_address>0x3254</load_address>
         <run_address>0x3254</run_address>
         <size>0x7a</size>
         <input_file_ref idref="fl-11f"/>
      </object_component>
      <object_component id="oc-104">
         <name>.text</name>
         <load_address>0x32d0</load_address>
         <run_address>0x32d0</run_address>
         <size>0x78</size>
         <input_file_ref idref="fl-4d"/>
      </object_component>
      <object_component id="oc-15">
         <name>.text:decompress:lzss:__TI_decompress_lzss</name>
         <load_address>0x3348</load_address>
         <run_address>0x3348</run_address>
         <size>0x68</size>
         <input_file_ref idref="fl-123"/>
      </object_component>
      <object_component id="oc-2d">
         <name>.text</name>
         <load_address>0x33b0</load_address>
         <run_address>0x33b0</run_address>
         <size>0x60</size>
         <input_file_ref idref="fl-4b"/>
      </object_component>
      <object_component id="oc-11c">
         <name>.text:atoi</name>
         <load_address>0x3410</load_address>
         <run_address>0x3410</run_address>
         <size>0x4c</size>
         <input_file_ref idref="fl-124"/>
      </object_component>
      <object_component id="oc-12f">
         <name>.text:__TI_auto_init_nobinit_nopinit:__TI_auto_init_nobinit_nopinit</name>
         <load_address>0x345c</load_address>
         <run_address>0x345c</run_address>
         <size>0x44</size>
         <input_file_ref idref="fl-12b"/>
      </object_component>
      <object_component id="oc-1ac">
         <name>.text</name>
         <load_address>0x34a0</load_address>
         <run_address>0x34a0</run_address>
         <size>0x44</size>
         <input_file_ref idref="fl-11c"/>
      </object_component>
      <object_component id="oc-165">
         <name>.text</name>
         <load_address>0x34e4</load_address>
         <run_address>0x34e4</run_address>
         <size>0x3e</size>
         <input_file_ref idref="fl-8"/>
      </object_component>
      <object_component id="oc-5f">
         <name>.text:_c_int00_noargs:_c_int00_noargs</name>
         <load_address>0x3524</load_address>
         <run_address>0x3524</run_address>
         <size>0x34</size>
         <input_file_ref idref="fl-127"/>
      </object_component>
      <object_component id="oc-1a2">
         <name>.text</name>
         <load_address>0x3558</load_address>
         <run_address>0x3558</run_address>
         <size>0x20</size>
         <input_file_ref idref="fl-11e"/>
      </object_component>
      <object_component id="oc-4d">
         <name>.text:decompress:ZI:__TI_zero_init_nomemset:__TI_zero_init_nomemset</name>
         <load_address>0x3578</load_address>
         <run_address>0x3578</run_address>
         <size>0x1c</size>
         <input_file_ref idref="fl-121"/>
      </object_component>
      <object_component id="oc-116">
         <name>.text:strcmp</name>
         <load_address>0x3594</load_address>
         <run_address>0x3594</run_address>
         <size>0x18</size>
         <input_file_ref idref="fl-126"/>
      </object_component>
      <object_component id="oc-1b">
         <name>.text:decompress:none:__TI_decompress_none</name>
         <load_address>0x35ac</load_address>
         <run_address>0x35ac</run_address>
         <size>0xe</size>
         <input_file_ref idref="fl-122"/>
      </object_component>
      <object_component id="oc-27">
         <name>.text</name>
         <load_address>0x35ba</load_address>
         <run_address>0x35ba</run_address>
         <size>0xc</size>
         <input_file_ref idref="fl-3"/>
      </object_component>
      <object_component id="oc-198">
         <name>.text:SysCtlDelay</name>
         <load_address>0x35c6</load_address>
         <run_address>0x35c6</run_address>
         <size>0x6</size>
         <input_file_ref idref="fl-1d"/>
      </object_component>
      <object_component id="oc-ae">
         <name>.text:_system_pre_init</name>
         <load_address>0x35cc</load_address>
         <run_address>0x35cc</run_address>
         <size>0x4</size>
         <input_file_ref idref="fl-12c"/>
      </object_component>
      <object_component id="oc-123">
         <name>.text:abort:abort</name>
         <load_address>0x35d0</load_address>
         <run_address>0x35d0</run_address>
         <size>0x4</size>
         <input_file_ref idref="fl-12e"/>
      </object_component>
      <object_component id="oc-195">
         <name>.const:g_pppui32XTALtoVCO</name>
         <load_address>0x35d4</load_address>
         <run_address>0x35d4</run_address>
         <size>0x1b0</size>
         <input_file_ref idref="fl-1d"/>
      </object_component>
      <object_component id="oc-1bf">
         <name>.const:.string:_ctypes_</name>
         <load_address>0x3784</load_address>
         <run_address>0x3784</run_address>
         <size>0x101</size>
         <input_file_ref idref="fl-125"/>
      </object_component>
      <object_component id="oc-1b5">
         <name>.const:g_ppui32GPIOIntMapSnowflake</name>
         <load_address>0x3888</load_address>
         <run_address>0x3888</run_address>
         <size>0xd8</size>
         <input_file_ref idref="fl-11"/>
      </object_component>
      <object_component id="oc-1b2">
         <name>.const:g_ppui32GPIOIntMapBlizzard</name>
         <load_address>0x3960</load_address>
         <run_address>0x3960</run_address>
         <size>0xc0</size>
         <input_file_ref idref="fl-11"/>
      </object_component>
      <object_component id="oc-171">
         <name>.const:g_pui32Regs</name>
         <load_address>0x3a20</load_address>
         <run_address>0x3a20</run_address>
         <size>0x9c</size>
         <input_file_ref idref="fl-14"/>
      </object_component>
      <object_component id="oc-1b8">
         <name>.const:g_pui32GPIOBaseAddrs</name>
         <load_address>0x3abc</load_address>
         <run_address>0x3abc</run_address>
         <size>0x90</size>
         <input_file_ref idref="fl-11"/>
      </object_component>
      <object_component id="oc-18f">
         <name>.const:g_pui32Xtals</name>
         <load_address>0x3b4c</load_address>
         <run_address>0x3b4c</run_address>
         <size>0x6c</size>
         <input_file_ref idref="fl-1d"/>
      </object_component>
      <object_component id="oc-203">
         <name>.const:g_ppui32TimerIntMap</name>
         <load_address>0x3bb8</load_address>
         <run_address>0x3bb8</run_address>
         <size>0x60</size>
         <input_file_ref idref="fl-20"/>
      </object_component>
      <object_component id="oc-206">
         <name>.const:g_ppui32TimerIntMapSnowflake</name>
         <load_address>0x3c18</load_address>
         <run_address>0x3c18</run_address>
         <size>0x40</size>
         <input_file_ref idref="fl-20"/>
      </object_component>
      <object_component id="oc-c6">
         <name>.const:g_ppui32UARTIntMap</name>
         <load_address>0x3c58</load_address>
         <run_address>0x3c58</run_address>
         <size>0x40</size>
         <input_file_ref idref="fl-21"/>
      </object_component>
      <object_component id="oc-c9">
         <name>.const:g_ppui32UARTIntMapSnowflake</name>
         <load_address>0x3c98</load_address>
         <run_address>0x3c98</run_address>
         <size>0x40</size>
         <input_file_ref idref="fl-21"/>
      </object_component>
      <object_component id="oc-18c">
         <name>.const:g_sXTALtoMEMTIM</name>
         <load_address>0x3cd8</load_address>
         <run_address>0x3cd8</run_address>
         <size>0x30</size>
         <input_file_ref idref="fl-1d"/>
      </object_component>
      <object_component id="oc-16e">
         <name>.const:g_pui32Priority</name>
         <load_address>0x3d08</load_address>
         <run_address>0x3d08</run_address>
         <size>0x20</size>
         <input_file_ref idref="fl-14"/>
      </object_component>
      <object_component id="oc-177">
         <name>.const:g_pui32Dii16Regs</name>
         <load_address>0x3d28</load_address>
         <run_address>0x3d28</run_address>
         <size>0x14</size>
         <input_file_ref idref="fl-14"/>
      </object_component>
      <object_component id="oc-174">
         <name>.const:g_pui32EnRegs</name>
         <load_address>0x3d3c</load_address>
         <run_address>0x3d3c</run_address>
         <size>0x14</size>
         <input_file_ref idref="fl-14"/>
      </object_component>
      <object_component id="oc-17a">
         <name>.const:g_pui32PendRegs</name>
         <load_address>0x3d50</load_address>
         <run_address>0x3d50</run_address>
         <size>0x14</size>
         <input_file_ref idref="fl-14"/>
      </object_component>
      <object_component id="oc-17d">
         <name>.const:g_pui32UnpendRegs</name>
         <load_address>0x3d64</load_address>
         <run_address>0x3d64</run_address>
         <size>0x14</size>
         <input_file_ref idref="fl-14"/>
      </object_component>
      <object_component id="oc-192">
         <name>.const:g_pui32VCOFrequencies</name>
         <load_address>0x3d78</load_address>
         <run_address>0x3d78</run_address>
         <size>0x8</size>
         <input_file_ref idref="fl-1d"/>
      </object_component>
      <object_component id="oc-27e">
         <name>__TI_handler_table</name>
         <load_address>0x3d80</load_address>
         <run_address>0x3d80</run_address>
         <size>0xc</size>
      </object_component>
      <object_component id="oc-282">
         <name>.cinit..bss.load</name>
         <load_address>0x3d90</load_address>
         <run_address>0x3d90</run_address>
         <size>0x8</size>
      </object_component>
      <object_component id="oc-280">
         <name>.cinit..vtable.load</name>
         <load_address>0x3d98</load_address>
         <run_address>0x3d98</run_address>
         <size>0x8</size>
      </object_component>
      <object_component id="oc-281">
         <name>.cinit..data.load</name>
         <load_address>0x3da0</load_address>
         <run_address>0x3da0</run_address>
         <size>0x5</size>
      </object_component>
      <object_component id="oc-27f">
         <name>__TI_cinit_table</name>
         <load_address>0x3da8</load_address>
         <run_address>0x3da8</run_address>
         <size>0x18</size>
      </object_component>
      <object_component id="oc-16b">
         <name>.vtable</name>
         <uninitialized>true</uninitialized>
         <run_address>0x20000000</run_address>
         <size>0x26c</size>
         <input_file_ref idref="fl-14"/>
      </object_component>
      <object_component id="oc-7e">
         <name>.data</name>
         <load_address>0x2000026c</load_address>
         <run_address>0x2000026c</run_address>
         <size>0x1</size>
         <input_file_ref idref="fl-4a"/>
      </object_component>
      <object_component id="oc-7d">
         <name>.common:serialDataBuffer</name>
         <uninitialized>true</uninitialized>
         <run_address>0x20000470</run_address>
         <size>0x14</size>
      </object_component>
      <object_component id="oc-7a">
         <name>.common:serialBufferPtr</name>
         <uninitialized>true</uninitialized>
         <run_address>0x20000484</run_address>
         <size>0x4</size>
      </object_component>
      <object_component id="oc-24">
         <name>.stack</name>
         <uninitialized>true</uninitialized>
         <run_address>0x20000270</run_address>
         <size>0x4</size>
         <input_file_ref idref="fl-127"/>
      </object_component>
      <object_component id="oc-284">
         <name>.stack</name>
         <uninitialized>true</uninitialized>
         <run_address>0x20000270</run_address>
         <size>0x0</size>
      </object_component>
      <object_component id="oc-e7">
         <name>.debug_info</name>
         <load_address>0x0</load_address>
         <run_address>0x0</run_address>
         <size>0x6f1</size>
         <input_file_ref idref="fl-2"/>
      </object_component>
      <object_component id="oc-b8">
         <name>.debug_info</name>
         <load_address>0x6f1</load_address>
         <run_address>0x6f1</run_address>
         <size>0x25f</size>
         <input_file_ref idref="fl-2"/>
      </object_component>
      <object_component id="oc-db">
         <name>.debug_info</name>
         <load_address>0x950</load_address>
         <run_address>0x950</run_address>
         <size>0x4e6</size>
         <input_file_ref idref="fl-2"/>
      </object_component>
      <object_component id="oc-8e">
         <name>.debug_info</name>
         <load_address>0xe36</load_address>
         <run_address>0xe36</run_address>
         <size>0x26b</size>
         <input_file_ref idref="fl-2"/>
      </object_component>
      <object_component id="oc-87">
         <name>.debug_info</name>
         <load_address>0x10a1</load_address>
         <run_address>0x10a1</run_address>
         <size>0x8b</size>
         <input_file_ref idref="fl-2"/>
      </object_component>
      <object_component id="oc-e2">
         <name>.debug_info</name>
         <load_address>0x112c</load_address>
         <run_address>0x112c</run_address>
         <size>0x2a4</size>
         <input_file_ref idref="fl-2"/>
      </object_component>
      <object_component id="oc-d3">
         <name>.debug_info</name>
         <load_address>0x13d0</load_address>
         <run_address>0x13d0</run_address>
         <size>0xef</size>
         <input_file_ref idref="fl-2"/>
      </object_component>
      <object_component id="oc-82">
         <name>.debug_info</name>
         <load_address>0x14bf</load_address>
         <run_address>0x14bf</run_address>
         <size>0xbb</size>
         <input_file_ref idref="fl-2"/>
      </object_component>
      <object_component id="oc-ef">
         <name>.debug_info</name>
         <load_address>0x157a</load_address>
         <run_address>0x157a</run_address>
         <size>0x2c</size>
         <input_file_ref idref="fl-2"/>
      </object_component>
      <object_component id="oc-186">
         <name>.debug_info</name>
         <load_address>0x15a6</load_address>
         <run_address>0x15a6</run_address>
         <size>0x35</size>
         <input_file_ref idref="fl-2"/>
      </object_component>
      <object_component id="oc-35">
         <name>.debug_info</name>
         <load_address>0x15db</load_address>
         <run_address>0x15db</run_address>
         <size>0x2de</size>
         <input_file_ref idref="fl-3"/>
      </object_component>
      <object_component id="oc-13">
         <name>.debug_info</name>
         <load_address>0x18b9</load_address>
         <run_address>0x18b9</run_address>
         <size>0xf7</size>
         <input_file_ref idref="fl-3"/>
      </object_component>
      <object_component id="oc-28">
         <name>.debug_info</name>
         <load_address>0x19b0</load_address>
         <run_address>0x19b0</run_address>
         <size>0x273</size>
         <input_file_ref idref="fl-3"/>
      </object_component>
      <object_component id="oc-3c">
         <name>.debug_info</name>
         <load_address>0x1c23</load_address>
         <run_address>0x1c23</run_address>
         <size>0x84</size>
         <input_file_ref idref="fl-3"/>
      </object_component>
      <object_component id="oc-168">
         <name>.debug_info</name>
         <load_address>0x1ca7</load_address>
         <run_address>0x1ca7</run_address>
         <size>0x3c6</size>
         <input_file_ref idref="fl-8"/>
      </object_component>
      <object_component id="oc-fb">
         <name>.debug_info</name>
         <load_address>0x206d</load_address>
         <run_address>0x206d</run_address>
         <size>0x5f2</size>
         <input_file_ref idref="fl-10"/>
      </object_component>
      <object_component id="oc-1bc">
         <name>.debug_info</name>
         <load_address>0x265f</load_address>
         <run_address>0x265f</run_address>
         <size>0x372</size>
         <input_file_ref idref="fl-11"/>
      </object_component>
      <object_component id="oc-1b3">
         <name>.debug_info</name>
         <load_address>0x29d1</load_address>
         <run_address>0x29d1</run_address>
         <size>0x112</size>
         <input_file_ref idref="fl-11"/>
      </object_component>
      <object_component id="oc-1b6">
         <name>.debug_info</name>
         <load_address>0x2ae3</load_address>
         <run_address>0x2ae3</run_address>
         <size>0x114</size>
         <input_file_ref idref="fl-11"/>
      </object_component>
      <object_component id="oc-1b9">
         <name>.debug_info</name>
         <load_address>0x2bf7</load_address>
         <run_address>0x2bf7</run_address>
         <size>0x106</size>
         <input_file_ref idref="fl-11"/>
      </object_component>
      <object_component id="oc-111">
         <name>.debug_info</name>
         <load_address>0x2cfd</load_address>
         <run_address>0x2cfd</run_address>
         <size>0x35e3</size>
         <input_file_ref idref="fl-11"/>
      </object_component>
      <object_component id="oc-181">
         <name>.debug_info</name>
         <load_address>0x62e0</load_address>
         <run_address>0x62e0</run_address>
         <size>0x34f</size>
         <input_file_ref idref="fl-14"/>
      </object_component>
      <object_component id="oc-16f">
         <name>.debug_info</name>
         <load_address>0x662f</load_address>
         <run_address>0x662f</run_address>
         <size>0x101</size>
         <input_file_ref idref="fl-14"/>
      </object_component>
      <object_component id="oc-172">
         <name>.debug_info</name>
         <load_address>0x6730</load_address>
         <run_address>0x6730</run_address>
         <size>0xf9</size>
         <input_file_ref idref="fl-14"/>
      </object_component>
      <object_component id="oc-175">
         <name>.debug_info</name>
         <load_address>0x6829</load_address>
         <run_address>0x6829</run_address>
         <size>0xfd</size>
         <input_file_ref idref="fl-14"/>
      </object_component>
      <object_component id="oc-178">
         <name>.debug_info</name>
         <load_address>0x6926</load_address>
         <run_address>0x6926</run_address>
         <size>0x103</size>
         <input_file_ref idref="fl-14"/>
      </object_component>
      <object_component id="oc-17b">
         <name>.debug_info</name>
         <load_address>0x6a29</load_address>
         <run_address>0x6a29</run_address>
         <size>0x101</size>
         <input_file_ref idref="fl-14"/>
      </object_component>
      <object_component id="oc-17e">
         <name>.debug_info</name>
         <load_address>0x6b2a</load_address>
         <run_address>0x6b2a</run_address>
         <size>0x105</size>
         <input_file_ref idref="fl-14"/>
      </object_component>
      <object_component id="oc-16c">
         <name>.debug_info</name>
         <load_address>0x6c2f</load_address>
         <run_address>0x6c2f</run_address>
         <size>0x102</size>
         <input_file_ref idref="fl-14"/>
      </object_component>
      <object_component id="oc-ce">
         <name>.debug_info</name>
         <load_address>0x6d31</load_address>
         <run_address>0x6d31</run_address>
         <size>0xe56</size>
         <input_file_ref idref="fl-14"/>
      </object_component>
      <object_component id="oc-19a">
         <name>.debug_info</name>
         <load_address>0x7b87</load_address>
         <run_address>0x7b87</run_address>
         <size>0x3d4</size>
         <input_file_ref idref="fl-1d"/>
      </object_component>
      <object_component id="oc-190">
         <name>.debug_info</name>
         <load_address>0x7f5b</load_address>
         <run_address>0x7f5b</run_address>
         <size>0xf8</size>
         <input_file_ref idref="fl-1d"/>
      </object_component>
      <object_component id="oc-196">
         <name>.debug_info</name>
         <load_address>0x8053</load_address>
         <run_address>0x8053</run_address>
         <size>0x104</size>
         <input_file_ref idref="fl-1d"/>
      </object_component>
      <object_component id="oc-18d">
         <name>.debug_info</name>
         <load_address>0x8157</load_address>
         <run_address>0x8157</run_address>
         <size>0xfe</size>
         <input_file_ref idref="fl-1d"/>
      </object_component>
      <object_component id="oc-193">
         <name>.debug_info</name>
         <load_address>0x8255</load_address>
         <run_address>0x8255</run_address>
         <size>0x10b</size>
         <input_file_ref idref="fl-1d"/>
      </object_component>
      <object_component id="oc-ff">
         <name>.debug_info</name>
         <load_address>0x8360</load_address>
         <run_address>0x8360</run_address>
         <size>0x2fbc</size>
         <input_file_ref idref="fl-1d"/>
      </object_component>
      <object_component id="oc-1ff">
         <name>.debug_info</name>
         <load_address>0xb31c</load_address>
         <run_address>0xb31c</run_address>
         <size>0x51</size>
         <input_file_ref idref="fl-1d"/>
      </object_component>
      <object_component id="oc-20a">
         <name>.debug_info</name>
         <load_address>0xb36d</load_address>
         <run_address>0xb36d</run_address>
         <size>0x35f</size>
         <input_file_ref idref="fl-20"/>
      </object_component>
      <object_component id="oc-204">
         <name>.debug_info</name>
         <load_address>0xb6cc</load_address>
         <run_address>0xb6cc</run_address>
         <size>0x105</size>
         <input_file_ref idref="fl-20"/>
      </object_component>
      <object_component id="oc-207">
         <name>.debug_info</name>
         <load_address>0xb7d1</load_address>
         <run_address>0xb7d1</run_address>
         <size>0x117</size>
         <input_file_ref idref="fl-20"/>
      </object_component>
      <object_component id="oc-19f">
         <name>.debug_info</name>
         <load_address>0xb8e8</load_address>
         <run_address>0xb8e8</run_address>
         <size>0x2799</size>
         <input_file_ref idref="fl-20"/>
      </object_component>
      <object_component id="oc-d8">
         <name>.debug_info</name>
         <load_address>0xe081</load_address>
         <run_address>0xe081</run_address>
         <size>0x354</size>
         <input_file_ref idref="fl-21"/>
      </object_component>
      <object_component id="oc-c7">
         <name>.debug_info</name>
         <load_address>0xe3d5</load_address>
         <run_address>0xe3d5</run_address>
         <size>0x102</size>
         <input_file_ref idref="fl-21"/>
      </object_component>
      <object_component id="oc-ca">
         <name>.debug_info</name>
         <load_address>0xe4d7</load_address>
         <run_address>0xe4d7</run_address>
         <size>0x114</size>
         <input_file_ref idref="fl-21"/>
      </object_component>
      <object_component id="oc-76">
         <name>.debug_info</name>
         <load_address>0xe5eb</load_address>
         <run_address>0xe5eb</run_address>
         <size>0x2ad4</size>
         <input_file_ref idref="fl-21"/>
      </object_component>
      <object_component id="oc-7f">
         <name>.debug_info</name>
         <load_address>0x110bf</load_address>
         <run_address>0x110bf</run_address>
         <size>0xf6</size>
         <input_file_ref idref="fl-4a"/>
      </object_component>
      <object_component id="oc-2e">
         <name>.debug_info</name>
         <load_address>0x111b5</load_address>
         <run_address>0x111b5</run_address>
         <size>0x1b3</size>
         <input_file_ref idref="fl-4b"/>
      </object_component>
      <object_component id="oc-7b">
         <name>.debug_info</name>
         <load_address>0x11368</load_address>
         <run_address>0x11368</run_address>
         <size>0x5db</size>
         <input_file_ref idref="fl-4d"/>
      </object_component>
      <object_component id="oc-106">
         <name>.debug_info</name>
         <load_address>0x11943</load_address>
         <run_address>0x11943</run_address>
         <size>0x2a4</size>
         <input_file_ref idref="fl-4d"/>
      </object_component>
      <object_component id="oc-10c">
         <name>.debug_info</name>
         <load_address>0x11be7</load_address>
         <run_address>0x11be7</run_address>
         <size>0x2ee</size>
         <input_file_ref idref="fl-4e"/>
      </object_component>
      <object_component id="oc-1a9">
         <name>.debug_info</name>
         <load_address>0x11ed5</load_address>
         <run_address>0x11ed5</run_address>
         <size>0x13a</size>
         <input_file_ref idref="fl-119"/>
      </object_component>
      <object_component id="oc-1ad">
         <name>.debug_info</name>
         <load_address>0x1200f</load_address>
         <run_address>0x1200f</run_address>
         <size>0x139</size>
         <input_file_ref idref="fl-11c"/>
      </object_component>
      <object_component id="oc-1a4">
         <name>.debug_info</name>
         <load_address>0x12148</load_address>
         <run_address>0x12148</run_address>
         <size>0x12e</size>
         <input_file_ref idref="fl-11e"/>
      </object_component>
      <object_component id="oc-aa">
         <name>.debug_info</name>
         <load_address>0x12276</load_address>
         <run_address>0x12276</run_address>
         <size>0x147</size>
         <input_file_ref idref="fl-11f"/>
      </object_component>
      <object_component id="oc-a7">
         <name>.debug_info</name>
         <load_address>0x123bd</load_address>
         <run_address>0x123bd</run_address>
         <size>0x2d4</size>
         <input_file_ref idref="fl-121"/>
      </object_component>
      <object_component id="oc-4e">
         <name>.debug_info</name>
         <load_address>0x12691</load_address>
         <run_address>0x12691</run_address>
         <size>0x1d2</size>
         <input_file_ref idref="fl-121"/>
      </object_component>
      <object_component id="oc-a2">
         <name>.debug_info</name>
         <load_address>0x12863</load_address>
         <run_address>0x12863</run_address>
         <size>0x46</size>
         <input_file_ref idref="fl-121"/>
      </object_component>
      <object_component id="oc-4c">
         <name>.debug_info</name>
         <load_address>0x128a9</load_address>
         <run_address>0x128a9</run_address>
         <size>0x2a8</size>
         <input_file_ref idref="fl-122"/>
      </object_component>
      <object_component id="oc-1c">
         <name>.debug_info</name>
         <load_address>0x12b51</load_address>
         <run_address>0x12b51</run_address>
         <size>0x1ea</size>
         <input_file_ref idref="fl-122"/>
      </object_component>
      <object_component id="oc-47">
         <name>.debug_info</name>
         <load_address>0x12d3b</load_address>
         <run_address>0x12d3b</run_address>
         <size>0x46</size>
         <input_file_ref idref="fl-122"/>
      </object_component>
      <object_component id="oc-9a">
         <name>.debug_info</name>
         <load_address>0x12d81</load_address>
         <run_address>0x12d81</run_address>
         <size>0x2c</size>
         <input_file_ref idref="fl-122"/>
      </object_component>
      <object_component id="oc-98">
         <name>.debug_info</name>
         <load_address>0x12dad</load_address>
         <run_address>0x12dad</run_address>
         <size>0x29e</size>
         <input_file_ref idref="fl-123"/>
      </object_component>
      <object_component id="oc-16">
         <name>.debug_info</name>
         <load_address>0x1304b</load_address>
         <run_address>0x1304b</run_address>
         <size>0x250</size>
         <input_file_ref idref="fl-123"/>
      </object_component>
      <object_component id="oc-37">
         <name>.debug_info</name>
         <load_address>0x1329b</load_address>
         <run_address>0x1329b</run_address>
         <size>0x60</size>
         <input_file_ref idref="fl-123"/>
      </object_component>
      <object_component id="oc-e8">
         <name>.debug_info</name>
         <load_address>0x132fb</load_address>
         <run_address>0x132fb</run_address>
         <size>0x46</size>
         <input_file_ref idref="fl-123"/>
      </object_component>
      <object_component id="oc-93">
         <name>.debug_info</name>
         <load_address>0x13341</load_address>
         <run_address>0x13341</run_address>
         <size>0x39</size>
         <input_file_ref idref="fl-123"/>
      </object_component>
      <object_component id="oc-1c3">
         <name>.debug_info</name>
         <load_address>0x1337a</load_address>
         <run_address>0x1337a</run_address>
         <size>0x2b9</size>
         <input_file_ref idref="fl-124"/>
      </object_component>
      <object_component id="oc-11d">
         <name>.debug_info</name>
         <load_address>0x13633</load_address>
         <run_address>0x13633</run_address>
         <size>0x17c</size>
         <input_file_ref idref="fl-124"/>
      </object_component>
      <object_component id="oc-21a">
         <name>.debug_info</name>
         <load_address>0x137af</load_address>
         <run_address>0x137af</run_address>
         <size>0xf9</size>
         <input_file_ref idref="fl-125"/>
      </object_component>
      <object_component id="oc-1c0">
         <name>.debug_info</name>
         <load_address>0x138a8</load_address>
         <run_address>0x138a8</run_address>
         <size>0x105</size>
         <input_file_ref idref="fl-125"/>
      </object_component>
      <object_component id="oc-1be">
         <name>.debug_info</name>
         <load_address>0x139ad</load_address>
         <run_address>0x139ad</run_address>
         <size>0x28a</size>
         <input_file_ref idref="fl-126"/>
      </object_component>
      <object_component id="oc-117">
         <name>.debug_info</name>
         <load_address>0x13c37</load_address>
         <run_address>0x13c37</run_address>
         <size>0x273</size>
         <input_file_ref idref="fl-126"/>
      </object_component>
      <object_component id="oc-25">
         <name>.debug_info</name>
         <load_address>0x13eaa</load_address>
         <run_address>0x13eaa</run_address>
         <size>0x10b</size>
         <input_file_ref idref="fl-127"/>
      </object_component>
      <object_component id="oc-60">
         <name>.debug_info</name>
         <load_address>0x13fb5</load_address>
         <run_address>0x13fb5</run_address>
         <size>0x1a9</size>
         <input_file_ref idref="fl-127"/>
      </object_component>
      <object_component id="oc-44">
         <name>.debug_info</name>
         <load_address>0x1415e</load_address>
         <run_address>0x1415e</run_address>
         <size>0x119</size>
         <input_file_ref idref="fl-12a"/>
      </object_component>
      <object_component id="oc-1cf">
         <name>.debug_info</name>
         <load_address>0x14277</load_address>
         <run_address>0x14277</run_address>
         <size>0x4b3</size>
         <input_file_ref idref="fl-12b"/>
      </object_component>
      <object_component id="oc-131">
         <name>.debug_info</name>
         <load_address>0x1472a</load_address>
         <run_address>0x1472a</run_address>
         <size>0x1a6</size>
         <input_file_ref idref="fl-12b"/>
      </object_component>
      <object_component id="oc-22d">
         <name>.debug_info</name>
         <load_address>0x148d0</load_address>
         <run_address>0x148d0</run_address>
         <size>0x39</size>
         <input_file_ref idref="fl-12b"/>
      </object_component>
      <object_component id="oc-249">
         <name>.debug_info</name>
         <load_address>0x14909</load_address>
         <run_address>0x14909</run_address>
         <size>0x39</size>
         <input_file_ref idref="fl-12b"/>
      </object_component>
      <object_component id="oc-232">
         <name>.debug_info</name>
         <load_address>0x14942</load_address>
         <run_address>0x14942</run_address>
         <size>0x39</size>
         <input_file_ref idref="fl-12b"/>
      </object_component>
      <object_component id="oc-237">
         <name>.debug_info</name>
         <load_address>0x1497b</load_address>
         <run_address>0x1497b</run_address>
         <size>0xcd</size>
         <input_file_ref idref="fl-12b"/>
      </object_component>
      <object_component id="oc-af">
         <name>.debug_info</name>
         <load_address>0x14a48</load_address>
         <run_address>0x14a48</run_address>
         <size>0x153</size>
         <input_file_ref idref="fl-12c"/>
      </object_component>
      <object_component id="oc-124">
         <name>.debug_info</name>
         <load_address>0x14b9b</load_address>
         <run_address>0x14b9b</run_address>
         <size>0x122</size>
         <input_file_ref idref="fl-12e"/>
      </object_component>
      <object_component id="oc-285">
         <name>.debug_info</name>
         <load_address>0x14cbd</load_address>
         <run_address>0x14cbd</run_address>
         <size>0xaa</size>
      </object_component>
      <object_component id="oc-185">
         <name>.debug_line</name>
         <load_address>0x0</load_address>
         <run_address>0x0</run_address>
         <size>0x342</size>
         <input_file_ref idref="fl-2"/>
      </object_component>
      <object_component id="oc-b7">
         <name>.debug_line</name>
         <load_address>0x342</load_address>
         <run_address>0x342</run_address>
         <size>0x63</size>
         <input_file_ref idref="fl-2"/>
      </object_component>
      <object_component id="oc-de">
         <name>.debug_line</name>
         <load_address>0x3a5</load_address>
         <run_address>0x3a5</run_address>
         <size>0x78</size>
         <input_file_ref idref="fl-2"/>
      </object_component>
      <object_component id="oc-91">
         <name>.debug_line</name>
         <load_address>0x41d</load_address>
         <run_address>0x41d</run_address>
         <size>0x71</size>
         <input_file_ref idref="fl-2"/>
      </object_component>
      <object_component id="oc-8a">
         <name>.debug_line</name>
         <load_address>0x48e</load_address>
         <run_address>0x48e</run_address>
         <size>0x20</size>
         <input_file_ref idref="fl-2"/>
      </object_component>
      <object_component id="oc-e5">
         <name>.debug_line</name>
         <load_address>0x4ae</load_address>
         <run_address>0x4ae</run_address>
         <size>0x75</size>
         <input_file_ref idref="fl-2"/>
      </object_component>
      <object_component id="oc-d6">
         <name>.debug_line</name>
         <load_address>0x523</load_address>
         <run_address>0x523</run_address>
         <size>0x71</size>
         <input_file_ref idref="fl-2"/>
      </object_component>
      <object_component id="oc-85">
         <name>.debug_line</name>
         <load_address>0x594</load_address>
         <run_address>0x594</run_address>
         <size>0x72</size>
         <input_file_ref idref="fl-2"/>
      </object_component>
      <object_component id="oc-f2">
         <name>.debug_line</name>
         <load_address>0x606</load_address>
         <run_address>0x606</run_address>
         <size>0x6d</size>
         <input_file_ref idref="fl-2"/>
      </object_component>
      <object_component id="oc-189">
         <name>.debug_line</name>
         <load_address>0x673</load_address>
         <run_address>0x673</run_address>
         <size>0x76</size>
         <input_file_ref idref="fl-2"/>
      </object_component>
      <object_component id="oc-8d">
         <name>.debug_line</name>
         <load_address>0x6e9</load_address>
         <run_address>0x6e9</run_address>
         <size>0x41</size>
         <input_file_ref idref="fl-3"/>
      </object_component>
      <object_component id="oc-34">
         <name>.debug_line</name>
         <load_address>0x72a</load_address>
         <run_address>0x72a</run_address>
         <size>0x41</size>
         <input_file_ref idref="fl-3"/>
      </object_component>
      <object_component id="oc-2b">
         <name>.debug_line</name>
         <load_address>0x76b</load_address>
         <run_address>0x76b</run_address>
         <size>0xa1</size>
         <input_file_ref idref="fl-3"/>
      </object_component>
      <object_component id="oc-3f">
         <name>.debug_line</name>
         <load_address>0x80c</load_address>
         <run_address>0x80c</run_address>
         <size>0x20</size>
         <input_file_ref idref="fl-3"/>
      </object_component>
      <object_component id="oc-166">
         <name>.debug_line</name>
         <load_address>0x82c</load_address>
         <run_address>0x82c</run_address>
         <size>0xe3</size>
         <input_file_ref idref="fl-8"/>
      </object_component>
      <object_component id="oc-f9">
         <name>.debug_line</name>
         <load_address>0x90f</load_address>
         <run_address>0x90f</run_address>
         <size>0x130</size>
         <input_file_ref idref="fl-10"/>
      </object_component>
      <object_component id="oc-215">
         <name>.debug_line</name>
         <load_address>0xa3f</load_address>
         <run_address>0xa3f</run_address>
         <size>0x79</size>
         <input_file_ref idref="fl-11"/>
      </object_component>
      <object_component id="oc-20f">
         <name>.debug_line</name>
         <load_address>0xab8</load_address>
         <run_address>0xab8</run_address>
         <size>0x41</size>
         <input_file_ref idref="fl-11"/>
      </object_component>
      <object_component id="oc-211">
         <name>.debug_line</name>
         <load_address>0xaf9</load_address>
         <run_address>0xaf9</run_address>
         <size>0x41</size>
         <input_file_ref idref="fl-11"/>
      </object_component>
      <object_component id="oc-213">
         <name>.debug_line</name>
         <load_address>0xb3a</load_address>
         <run_address>0xb3a</run_address>
         <size>0x41</size>
         <input_file_ref idref="fl-11"/>
      </object_component>
      <object_component id="oc-114">
         <name>.debug_line</name>
         <load_address>0xb7b</load_address>
         <run_address>0xb7b</run_address>
         <size>0x662</size>
         <input_file_ref idref="fl-11"/>
      </object_component>
      <object_component id="oc-1f4">
         <name>.debug_line</name>
         <load_address>0x11dd</load_address>
         <run_address>0x11dd</run_address>
         <size>0x73</size>
         <input_file_ref idref="fl-14"/>
      </object_component>
      <object_component id="oc-1e8">
         <name>.debug_line</name>
         <load_address>0x1250</load_address>
         <run_address>0x1250</run_address>
         <size>0x46</size>
         <input_file_ref idref="fl-14"/>
      </object_component>
      <object_component id="oc-1ea">
         <name>.debug_line</name>
         <load_address>0x1296</load_address>
         <run_address>0x1296</run_address>
         <size>0x46</size>
         <input_file_ref idref="fl-14"/>
      </object_component>
      <object_component id="oc-1ec">
         <name>.debug_line</name>
         <load_address>0x12dc</load_address>
         <run_address>0x12dc</run_address>
         <size>0x46</size>
         <input_file_ref idref="fl-14"/>
      </object_component>
      <object_component id="oc-1ee">
         <name>.debug_line</name>
         <load_address>0x1322</load_address>
         <run_address>0x1322</run_address>
         <size>0x46</size>
         <input_file_ref idref="fl-14"/>
      </object_component>
      <object_component id="oc-1f0">
         <name>.debug_line</name>
         <load_address>0x1368</load_address>
         <run_address>0x1368</run_address>
         <size>0x46</size>
         <input_file_ref idref="fl-14"/>
      </object_component>
      <object_component id="oc-1f2">
         <name>.debug_line</name>
         <load_address>0x13ae</load_address>
         <run_address>0x13ae</run_address>
         <size>0x46</size>
         <input_file_ref idref="fl-14"/>
      </object_component>
      <object_component id="oc-1e6">
         <name>.debug_line</name>
         <load_address>0x13f4</load_address>
         <run_address>0x13f4</run_address>
         <size>0x46</size>
         <input_file_ref idref="fl-14"/>
      </object_component>
      <object_component id="oc-d1">
         <name>.debug_line</name>
         <load_address>0x143a</load_address>
         <run_address>0x143a</run_address>
         <size>0x2c4</size>
         <input_file_ref idref="fl-14"/>
      </object_component>
      <object_component id="oc-1fe">
         <name>.debug_line</name>
         <load_address>0x16fe</load_address>
         <run_address>0x16fe</run_address>
         <size>0x122</size>
         <input_file_ref idref="fl-1d"/>
      </object_component>
      <object_component id="oc-1f8">
         <name>.debug_line</name>
         <load_address>0x1820</load_address>
         <run_address>0x1820</run_address>
         <size>0x43</size>
         <input_file_ref idref="fl-1d"/>
      </object_component>
      <object_component id="oc-1fc">
         <name>.debug_line</name>
         <load_address>0x1863</load_address>
         <run_address>0x1863</run_address>
         <size>0x43</size>
         <input_file_ref idref="fl-1d"/>
      </object_component>
      <object_component id="oc-1f6">
         <name>.debug_line</name>
         <load_address>0x18a6</load_address>
         <run_address>0x18a6</run_address>
         <size>0x43</size>
         <input_file_ref idref="fl-1d"/>
      </object_component>
      <object_component id="oc-1fa">
         <name>.debug_line</name>
         <load_address>0x18e9</load_address>
         <run_address>0x18e9</run_address>
         <size>0x43</size>
         <input_file_ref idref="fl-1d"/>
      </object_component>
      <object_component id="oc-102">
         <name>.debug_line</name>
         <load_address>0x192c</load_address>
         <run_address>0x192c</run_address>
         <size>0x981</size>
         <input_file_ref idref="fl-1d"/>
      </object_component>
      <object_component id="oc-201">
         <name>.debug_line</name>
         <load_address>0x22ad</load_address>
         <run_address>0x22ad</run_address>
         <size>0x43</size>
         <input_file_ref idref="fl-1d"/>
      </object_component>
      <object_component id="oc-243">
         <name>.debug_line</name>
         <load_address>0x22f0</load_address>
         <run_address>0x22f0</run_address>
         <size>0x79</size>
         <input_file_ref idref="fl-20"/>
      </object_component>
      <object_component id="oc-23f">
         <name>.debug_line</name>
         <load_address>0x2369</load_address>
         <run_address>0x2369</run_address>
         <size>0x42</size>
         <input_file_ref idref="fl-20"/>
      </object_component>
      <object_component id="oc-241">
         <name>.debug_line</name>
         <load_address>0x23ab</load_address>
         <run_address>0x23ab</run_address>
         <size>0x42</size>
         <input_file_ref idref="fl-20"/>
      </object_component>
      <object_component id="oc-19d">
         <name>.debug_line</name>
         <load_address>0x23ed</load_address>
         <run_address>0x23ed</run_address>
         <size>0x528</size>
         <input_file_ref idref="fl-20"/>
      </object_component>
      <object_component id="oc-183">
         <name>.debug_line</name>
         <load_address>0x2915</load_address>
         <run_address>0x2915</run_address>
         <size>0x79</size>
         <input_file_ref idref="fl-21"/>
      </object_component>
      <object_component id="oc-162">
         <name>.debug_line</name>
         <load_address>0x298e</load_address>
         <run_address>0x298e</run_address>
         <size>0x41</size>
         <input_file_ref idref="fl-21"/>
      </object_component>
      <object_component id="oc-164">
         <name>.debug_line</name>
         <load_address>0x29cf</load_address>
         <run_address>0x29cf</run_address>
         <size>0x41</size>
         <input_file_ref idref="fl-21"/>
      </object_component>
      <object_component id="oc-79">
         <name>.debug_line</name>
         <load_address>0x2a10</load_address>
         <run_address>0x2a10</run_address>
         <size>0x5c1</size>
         <input_file_ref idref="fl-21"/>
      </object_component>
      <object_component id="oc-e1">
         <name>.debug_line</name>
         <load_address>0x2fd1</load_address>
         <run_address>0x2fd1</run_address>
         <size>0x35</size>
         <input_file_ref idref="fl-4a"/>
      </object_component>
      <object_component id="oc-31">
         <name>.debug_line</name>
         <load_address>0x3006</load_address>
         <run_address>0x3006</run_address>
         <size>0x5d</size>
         <input_file_ref idref="fl-4b"/>
      </object_component>
      <object_component id="oc-da">
         <name>.debug_line</name>
         <load_address>0x3063</load_address>
         <run_address>0x3063</run_address>
         <size>0x1e6</size>
         <input_file_ref idref="fl-4d"/>
      </object_component>
      <object_component id="oc-105">
         <name>.debug_line</name>
         <load_address>0x3249</load_address>
         <run_address>0x3249</run_address>
         <size>0x72</size>
         <input_file_ref idref="fl-4d"/>
      </object_component>
      <object_component id="oc-10f">
         <name>.debug_line</name>
         <load_address>0x32bb</load_address>
         <run_address>0x32bb</run_address>
         <size>0x71</size>
         <input_file_ref idref="fl-4e"/>
      </object_component>
      <object_component id="oc-1a8">
         <name>.debug_line</name>
         <load_address>0x332c</load_address>
         <run_address>0x332c</run_address>
         <size>0xa8</size>
         <input_file_ref idref="fl-119"/>
      </object_component>
      <object_component id="oc-1b0">
         <name>.debug_line</name>
         <load_address>0x33d4</load_address>
         <run_address>0x33d4</run_address>
         <size>0x59</size>
         <input_file_ref idref="fl-11c"/>
      </object_component>
      <object_component id="oc-1a3">
         <name>.debug_line</name>
         <load_address>0x342d</load_address>
         <run_address>0x342d</run_address>
         <size>0x4c</size>
         <input_file_ref idref="fl-11e"/>
      </object_component>
      <object_component id="oc-a9">
         <name>.debug_line</name>
         <load_address>0x3479</load_address>
         <run_address>0x3479</run_address>
         <size>0x79</size>
         <input_file_ref idref="fl-11f"/>
      </object_component>
      <object_component id="oc-f5">
         <name>.debug_line</name>
         <load_address>0x34f2</load_address>
         <run_address>0x34f2</run_address>
         <size>0x92</size>
         <input_file_ref idref="fl-121"/>
      </object_component>
      <object_component id="oc-52">
         <name>.debug_line</name>
         <load_address>0x3584</load_address>
         <run_address>0x3584</run_address>
         <size>0x4c</size>
         <input_file_ref idref="fl-121"/>
      </object_component>
      <object_component id="oc-a5">
         <name>.debug_line</name>
         <load_address>0x35d0</load_address>
         <run_address>0x35d0</run_address>
         <size>0x34</size>
         <input_file_ref idref="fl-121"/>
      </object_component>
      <object_component id="oc-a0">
         <name>.debug_line</name>
         <load_address>0x3604</load_address>
         <run_address>0x3604</run_address>
         <size>0x20</size>
         <input_file_ref idref="fl-122"/>
      </object_component>
      <object_component id="oc-20">
         <name>.debug_line</name>
         <load_address>0x3624</load_address>
         <run_address>0x3624</run_address>
         <size>0x55</size>
         <input_file_ref idref="fl-122"/>
      </object_component>
      <object_component id="oc-4a">
         <name>.debug_line</name>
         <load_address>0x3679</load_address>
         <run_address>0x3679</run_address>
         <size>0x3a</size>
         <input_file_ref idref="fl-122"/>
      </object_component>
      <object_component id="oc-9d">
         <name>.debug_line</name>
         <load_address>0x36b3</load_address>
         <run_address>0x36b3</run_address>
         <size>0x92</size>
         <input_file_ref idref="fl-122"/>
      </object_component>
      <object_component id="oc-ee">
         <name>.debug_line</name>
         <load_address>0x3745</load_address>
         <run_address>0x3745</run_address>
         <size>0x20</size>
         <input_file_ref idref="fl-123"/>
      </object_component>
      <object_component id="oc-1a">
         <name>.debug_line</name>
         <load_address>0x3765</load_address>
         <run_address>0x3765</run_address>
         <size>0xa9</size>
         <input_file_ref idref="fl-123"/>
      </object_component>
      <object_component id="oc-3a">
         <name>.debug_line</name>
         <load_address>0x380e</load_address>
         <run_address>0x380e</run_address>
         <size>0x3a</size>
         <input_file_ref idref="fl-123"/>
      </object_component>
      <object_component id="oc-eb">
         <name>.debug_line</name>
         <load_address>0x3848</load_address>
         <run_address>0x3848</run_address>
         <size>0x9a</size>
         <input_file_ref idref="fl-123"/>
      </object_component>
      <object_component id="oc-96">
         <name>.debug_line</name>
         <load_address>0x38e2</load_address>
         <run_address>0x38e2</run_address>
         <size>0x96</size>
         <input_file_ref idref="fl-123"/>
      </object_component>
      <object_component id="oc-21c">
         <name>.debug_line</name>
         <load_address>0x3978</load_address>
         <run_address>0x3978</run_address>
         <size>0x91</size>
         <input_file_ref idref="fl-124"/>
      </object_component>
      <object_component id="oc-120">
         <name>.debug_line</name>
         <load_address>0x3a09</load_address>
         <run_address>0x3a09</run_address>
         <size>0x62</size>
         <input_file_ref idref="fl-124"/>
      </object_component>
      <object_component id="oc-245">
         <name>.debug_line</name>
         <load_address>0x3a6b</load_address>
         <run_address>0x3a6b</run_address>
         <size>0x20</size>
         <input_file_ref idref="fl-125"/>
      </object_component>
      <object_component id="oc-219">
         <name>.debug_line</name>
         <load_address>0x3a8b</load_address>
         <run_address>0x3a8b</run_address>
         <size>0x2b</size>
         <input_file_ref idref="fl-125"/>
      </object_component>
      <object_component id="oc-217">
         <name>.debug_line</name>
         <load_address>0x3ab6</load_address>
         <run_address>0x3ab6</run_address>
         <size>0x20</size>
         <input_file_ref idref="fl-126"/>
      </object_component>
      <object_component id="oc-11a">
         <name>.debug_line</name>
         <load_address>0x3ad6</load_address>
         <run_address>0x3ad6</run_address>
         <size>0xad</size>
         <input_file_ref idref="fl-126"/>
      </object_component>
      <object_component id="oc-72">
         <name>.debug_line</name>
         <load_address>0x3b83</load_address>
         <run_address>0x3b83</run_address>
         <size>0x33</size>
         <input_file_ref idref="fl-127"/>
      </object_component>
      <object_component id="oc-63">
         <name>.debug_line</name>
         <load_address>0x3bb6</load_address>
         <run_address>0x3bb6</run_address>
         <size>0x45</size>
         <input_file_ref idref="fl-127"/>
      </object_component>
      <object_component id="oc-43">
         <name>.debug_line</name>
         <load_address>0x3bfb</load_address>
         <run_address>0x3bfb</run_address>
         <size>0x88</size>
         <input_file_ref idref="fl-12a"/>
      </object_component>
      <object_component id="oc-22c">
         <name>.debug_line</name>
         <load_address>0x3c83</load_address>
         <run_address>0x3c83</run_address>
         <size>0xbf</size>
         <input_file_ref idref="fl-12b"/>
      </object_component>
      <object_component id="oc-133">
         <name>.debug_line</name>
         <load_address>0x3d42</load_address>
         <run_address>0x3d42</run_address>
         <size>0x6f</size>
         <input_file_ref idref="fl-12b"/>
      </object_component>
      <object_component id="oc-230">
         <name>.debug_line</name>
         <load_address>0x3db1</load_address>
         <run_address>0x3db1</run_address>
         <size>0x2e</size>
         <input_file_ref idref="fl-12b"/>
      </object_component>
      <object_component id="oc-24c">
         <name>.debug_line</name>
         <load_address>0x3ddf</load_address>
         <run_address>0x3ddf</run_address>
         <size>0x9a</size>
         <input_file_ref idref="fl-12b"/>
      </object_component>
      <object_component id="oc-235">
         <name>.debug_line</name>
         <load_address>0x3e79</load_address>
         <run_address>0x3e79</run_address>
         <size>0x97</size>
         <input_file_ref idref="fl-12b"/>
      </object_component>
      <object_component id="oc-23a">
         <name>.debug_line</name>
         <load_address>0x3f10</load_address>
         <run_address>0x3f10</run_address>
         <size>0x93</size>
         <input_file_ref idref="fl-12b"/>
      </object_component>
      <object_component id="oc-b2">
         <name>.debug_line</name>
         <load_address>0x3fa3</load_address>
[...]
         <object_component_ref idref="oc-fe"/>
      </symbol>
      <symbol id="sm-3be">
         <name>SysCtlResetCauseClear</name>
         <value>0x7f7</value>
         <object_component_ref idref="oc-fe"/>
      </symbol>
      <symbol id="sm-3bf">
         <name>SysCtlLDOSleepGet</name>
         <value>0x785</value>
         <object_component_ref idref="oc-fe"/>
      </symbol>
      <symbol id="sm-3c0">
         <name>SysCtlClockFreqSet</name>
         <value>0x8d1</value>
         <object_component_ref idref="oc-fe"/>
      </symbol>
      <symbol id="sm-3c1">
         <name>SysCtlPeripheralReset</name>
         <value>0x481</value>
         <object_component_ref idref="oc-fe"/>
      </symbol>
      <symbol id="sm-43b">
         <name>TimerMatchSet</name>
         <value>0x2265</value>
         <object_component_ref idref="oc-19c"/>
      </symbol>
      <symbol id="sm-43c">
         <name>TimerLoadSet</name>
         <value>0x2185</value>
         <object_component_ref idref="oc-19c"/>
      </symbol>
      <symbol id="sm-43d">
         <name>TimerDMAEventSet</name>
         <value>0x23cf</value>
         <object_component_ref idref="oc-19c"/>
      </symbol>
      <symbol id="sm-43e">
         <name>TimerADCEventSet</name>
         <value>0x23af</value>
         <object_component_ref idref="oc-19c"/>
      </symbol>
      <symbol id="sm-43f">
         <name>TimerPrescaleMatchGet</name>
         <value>0x2169</value>
         <object_component_ref idref="oc-19c"/>
      </symbol>
      <symbol id="sm-440">
         <name>TimerPrescaleGet</name>
         <value>0x211f</value>
         <object_component_ref idref="oc-19c"/>
      </symbol>
      <symbol id="sm-441">
         <name>TimerControlLevel</name>
         <value>0x1f2b</value>
         <object_component_ref idref="oc-19c"/>
      </symbol>
      <symbol id="sm-442">
         <name>TimerDisable</name>
         <value>0x1e91</value>
         <object_component_ref idref="oc-19c"/>
      </symbol>
      <symbol id="sm-443">
         <name>TimerUpdateMode</name>
         <value>0x23ef</value>
         <object_component_ref idref="oc-19c"/>
      </symbol>
      <symbol id="sm-444">
         <name>TimerIntRegister</name>
         <value>0x22f7</value>
         <object_component_ref idref="oc-19c"/>
      </symbol>
      <symbol id="sm-445">
         <name>TimerMatchSet64</name>
         <value>0x22ab</value>
         <object_component_ref idref="oc-19c"/>
      </symbol>
      <symbol id="sm-446">
         <name>TimerEnable</name>
         <value>0x1e73</value>
         <object_component_ref idref="oc-19c"/>
      </symbol>
      <symbol id="sm-447">
         <name>TimerLoadGet64</name>
         <value>0x21e5</value>
         <object_component_ref idref="oc-19c"/>
      </symbol>
      <symbol id="sm-448">
         <name>TimerIntUnregister</name>
         <value>0x231f</value>
         <object_component_ref idref="oc-19c"/>
      </symbol>
      <symbol id="sm-449">
         <name>TimerValueGet64</name>
         <value>0x2233</value>
         <object_component_ref idref="oc-19c"/>
      </symbol>
      <symbol id="sm-44a">
         <name>TimerMatchGet</name>
         <value>0x228f</value>
         <object_component_ref idref="oc-19c"/>
      </symbol>
      <symbol id="sm-44b">
         <name>TimerIntStatus</name>
         <value>0x236d</value>
         <object_component_ref idref="oc-19c"/>
      </symbol>
      <symbol id="sm-44c">
         <name>TimerClockSourceGet</name>
         <value>0x20e5</value>
         <object_component_ref idref="oc-19c"/>
      </symbol>
      <symbol id="sm-44d">
         <name>TimerIntDisable</name>
         <value>0x2355</value>
         <object_component_ref idref="oc-19c"/>
      </symbol>
      <symbol id="sm-44e">
         <name>TimerValueGet</name>
         <value>0x2217</value>
         <object_component_ref idref="oc-19c"/>
      </symbol>
      <symbol id="sm-44f">
         <name>TimerControlTrigger</name>
         <value>0x1f61</value>
         <object_component_ref idref="oc-19c"/>
      </symbol>
      <symbol id="sm-450">
         <name>TimerPrescaleSet</name>
         <value>0x20f5</value>
         <object_component_ref idref="oc-19c"/>
      </symbol>
      <symbol id="sm-451">
         <name>TimerControlStall</name>
         <value>0x1ff9</value>
         <object_component_ref idref="oc-19c"/>
      </symbol>
      <symbol id="sm-452">
         <name>TimerMatchGet64</name>
         <value>0x22c5</value>
         <object_component_ref idref="oc-19c"/>
      </symbol>
      <symbol id="sm-453">
         <name>TimerRTCEnable</name>
         <value>0x208f</value>
         <object_component_ref idref="oc-19c"/>
      </symbol>
      <symbol id="sm-454">
         <name>TimerLoadGet</name>
         <value>0x21af</value>
         <object_component_ref idref="oc-19c"/>
      </symbol>
      <symbol id="sm-455">
         <name>TimerIntEnable</name>
         <value>0x233d</value>
         <object_component_ref idref="oc-19c"/>
      </symbol>
      <symbol id="sm-456">
         <name>TimerClockSourceSet</name>
         <value>0x20bb</value>
         <object_component_ref idref="oc-19c"/>
      </symbol>
      <symbol id="sm-457">
         <name>TimerLoadSet64</name>
         <value>0x21cb</value>
         <object_component_ref idref="oc-19c"/>
      </symbol>
      <symbol id="sm-458">
         <name>TimerDMAEventGet</name>
         <value>0x23e1</value>
         <object_component_ref idref="oc-19c"/>
      </symbol>
      <symbol id="sm-459">
         <name>TimerRTCDisable</name>
         <value>0x20a5</value>
         <object_component_ref idref="oc-19c"/>
      </symbol>
      <symbol id="sm-45a">
         <name>TimerADCEventGet</name>
         <value>0x23c1</value>
         <object_component_ref idref="oc-19c"/>
      </symbol>
      <symbol id="sm-45b">
         <name>TimerPrescaleMatchSet</name>
         <value>0x213b</value>
         <object_component_ref idref="oc-19c"/>
      </symbol>
      <symbol id="sm-45c">
         <name>TimerControlWaitOnTrigger</name>
         <value>0x202f</value>
         <object_component_ref idref="oc-19c"/>
      </symbol>
      <symbol id="sm-45d">
         <name>TimerConfigure</name>
         <value>0x1eaf</value>
         <object_component_ref idref="oc-19c"/>
      </symbol>
      <symbol id="sm-45e">
         <name>TimerControlEvent</name>
         <value>0x1fcf</value>
         <object_component_ref idref="oc-19c"/>
      </symbol>
      <symbol id="sm-45f">
         <name>TimerIntClear</name>
         <value>0x238b</value>
         <object_component_ref idref="oc-19c"/>
      </symbol>
      <symbol id="sm-460">
         <name>TimerSynchronize</name>
         <value>0x239d</value>
         <object_component_ref idref="oc-19c"/>
      </symbol>
      <symbol id="sm-4d3">
         <name>UARTClockSourceGet</name>
         <value>0x29b3</value>
         <object_component_ref idref="oc-74"/>
      </symbol>
      <symbol id="sm-4d4">
         <name>UARTCharPutNonBlocking</name>
         <value>0x2825</value>
         <object_component_ref idref="oc-74"/>
      </symbol>
      <symbol id="sm-4d5">
         <name>UARTDMAEnable</name>
         <value>0x294d</value>
         <object_component_ref idref="oc-74"/>
      </symbol>
      <symbol id="sm-4d6">
         <name>UARTTxIntModeSet</name>
         <value>0x2789</value>
         <object_component_ref idref="oc-74"/>
      </symbol>
      <symbol id="sm-4d7">
         <name>UARTFIFODisable</name>
         <value>0x2637</value>
         <object_component_ref idref="oc-74"/>
      </symbol>
      <symbol id="sm-4d8">
         <name>UARTIntUnregister</name>
         <value>0x28cd</value>
         <object_component_ref idref="oc-74"/>
      </symbol>
      <symbol id="sm-4d9">
         <name>UARTRxErrorClear</name>
         <value>0x298f</value>
         <object_component_ref idref="oc-74"/>
      </symbol>
      <symbol id="sm-4da">
         <name>UARTModemControlSet</name>
         <value>0x26d9</value>
         <object_component_ref idref="oc-74"/>
      </symbol>
      <symbol id="sm-4db">
         <name>UARTFlowControlSet</name>
         <value>0x275b</value>
         <object_component_ref idref="oc-74"/>
      </symbol>
      <symbol id="sm-4dc">
         <name>UARTConfigSetExpClk</name>
         <value>0x2511</value>
         <object_component_ref idref="oc-74"/>
      </symbol>
      <symbol id="sm-4dd">
         <name>UARTSmartCardDisable</name>
         <value>0x26c3</value>
         <object_component_ref idref="oc-74"/>
      </symbol>
      <symbol id="sm-4de">
         <name>UARTDisable</name>
         <value>0x25f7</value>
         <object_component_ref idref="oc-74"/>
      </symbol>
      <symbol id="sm-4df">
         <name>UART9BitDisable</name>
         <value>0x29d9</value>
         <object_component_ref idref="oc-74"/>
      </symbol>
      <symbol id="sm-4e0">
         <name>UARTFIFOLevelGet</name>
         <value>0x24e9</value>
         <object_component_ref idref="oc-74"/>
      </symbol>
      <symbol id="sm-4e1">
         <name>UARTBusy</name>
         <value>0x2891</value>
         <object_component_ref idref="oc-74"/>
      </symbol>
      <symbol id="sm-4e2">
         <name>UARTDisableSIR</name>
         <value>0x267b</value>
         <object_component_ref idref="oc-74"/>
      </symbol>
      <symbol id="sm-4e3">
         <name>UARTLoopbackEnable</name>
         <value>0x2a5d</value>
         <object_component_ref idref="oc-74"/>
      </symbol>
      <symbol id="sm-4e4">
         <name>UARTIntEnable</name>
         <value>0x28ed</value>
         <object_component_ref idref="oc-74"/>
      </symbol>
      <symbol id="sm-4e5">
         <name>UARTCharsAvail</name>
         <value>0x27b7</value>
         <object_component_ref idref="oc-74"/>
      </symbol>
      <symbol id="sm-4e6">
         <name>UARTCharGetNonBlocking</name>
         <value>0x27f3</value>
         <object_component_ref idref="oc-74"/>
      </symbol>
      <symbol id="sm-4e7">
         <name>UARTClockSourceSet</name>
         <value>0x299f</value>
         <object_component_ref idref="oc-74"/>
      </symbol>
      <symbol id="sm-4e8">
         <name>UARTTxIntModeGet</name>
         <value>0x27a5</value>
         <object_component_ref idref="oc-74"/>
      </symbol>
      <symbol id="sm-4e9">
         <name>UARTModemStatusGet</name>
         <value>0x2747</value>
         <object_component_ref idref="oc-74"/>
      </symbol>
      <symbol id="sm-4ea">
         <name>UARTIntDisable</name>
         <value>0x2905</value>
         <object_component_ref idref="oc-74"/>
      </symbol>
      <symbol id="sm-4eb">
         <name>UARTCharPut</name>
         <value>0x2849</value>
         <object_component_ref idref="oc-74"/>
      </symbol>
      <symbol id="sm-4ec">
         <name>UARTParityModeSet</name>
         <value>0x24a3</value>
         <object_component_ref idref="oc-74"/>
      </symbol>
      <symbol id="sm-4ed">
         <name>UARTRxErrorGet</name>
         <value>0x297d</value>
         <object_component_ref idref="oc-74"/>
      </symbol>
      <symbol id="sm-4ee">
         <name>UARTConfigGetExpClk</name>
         <value>0x2587</value>
         <object_component_ref idref="oc-74"/>
      </symbol>
      <symbol id="sm-4ef">
         <name>UARTEnableSIR</name>
         <value>0x264d</value>
         <object_component_ref idref="oc-74"/>
      </symbol>
      <symbol id="sm-4f0">
         <name>UARTEnable</name>
         <value>0x25d3</value>
         <object_component_ref idref="oc-74"/>
      </symbol>
      <symbol id="sm-4f1">
         <name>UART9BitAddrSend</name>
         <value>0x2a15</value>
         <object_component_ref idref="oc-74"/>
      </symbol>
      <symbol id="sm-4f2">
         <name>UARTModemControlGet</name>
         <value>0x2735</value>
         <object_component_ref idref="oc-74"/>
      </symbol>
      <symbol id="sm-4f3">
         <name>UARTSmartCardEnable</name>
         <value>0x2691</value>
         <object_component_ref idref="oc-74"/>
      </symbol>
      <symbol id="sm-4f4">
         <name>UARTFlowControlGet</name>
         <value>0x2777</value>
         <object_component_ref idref="oc-74"/>
      </symbol>
      <symbol id="sm-4f5">
         <name>UARTFIFOEnable</name>
         <value>0x2621</value>
         <object_component_ref idref="oc-74"/>
      </symbol>
      <symbol id="sm-4f6">
         <name>UARTIntClear</name>
         <value>0x293b</value>
         <object_component_ref idref="oc-74"/>
      </symbol>
      <symbol id="sm-4f7">
         <name>UARTIntStatus</name>
         <value>0x291d</value>
         <object_component_ref idref="oc-74"/>
      </symbol>
      <symbol id="sm-4f8">
         <name>UARTDMADisable</name>
         <value>0x2965</value>
         <object_component_ref idref="oc-74"/>
      </symbol>
      <symbol id="sm-4f9">
         <name>UART9BitEnable</name>
         <value>0x29c3</value>
         <object_component_ref idref="oc-74"/>
      </symbol>
      <symbol id="sm-4fa">
         <name>UARTSpaceAvail</name>
         <value>0x27d5</value>
         <object_component_ref idref="oc-74"/>
      </symbol>
      <symbol id="sm-4fb">
         <name>UARTCharGet</name>
         <value>0x280f</value>
         <object_component_ref idref="oc-74"/>
      </symbol>
      <symbol id="sm-4fc">
         <name>UARTFIFOLevelSet</name>
         <value>0x24d1</value>
         <object_component_ref idref="oc-74"/>
      </symbol>
      <symbol id="sm-4fd">
         <name>UARTModemControlClear</name>
         <value>0x2711</value>
         <object_component_ref idref="oc-74"/>
      </symbol>
      <symbol id="sm-4fe">
         <name>UARTParityModeGet</name>
         <value>0x24bf</value>
         <object_component_ref idref="oc-74"/>
      </symbol>
      <symbol id="sm-4ff">
         <name>UARTIntRegister</name>
         <value>0x28af</value>
         <object_component_ref idref="oc-74"/>
      </symbol>
      <symbol id="sm-500">
         <name>UARTBreakCtl</name>
         <value>0x2867</value>
         <object_component_ref idref="oc-74"/>
      </symbol>
      <symbol id="sm-501">
         <name>UART9BitAddrSet</name>
         <value>0x29ef</value>
         <object_component_ref idref="oc-74"/>
      </symbol>
      <symbol id="sm-531">
         <name>SerialCompleteFlag</name>
         <value>0x2000026c</value>
         <object_component_ref idref="oc-7e"/>
      </symbol>
      <symbol id="sm-543">
         <name>UART0IntHandler</name>
         <value>0x33b1</value>
         <object_component_ref idref="oc-2d"/>
      </symbol>
      <symbol id="sm-559">
         <name>serialDataBuffer</name>
         <value>0x20000470</value>
      </symbol>
      <symbol id="sm-55a">
         <name>serialBufferPtr</name>
         <value>0x20000484</value>
      </symbol>
      <symbol id="sm-55b">
         <name>initSerial</name>
         <value>0x32d1</value>
         <object_component_ref idref="oc-104"/>
      </symbol>
      <symbol id="sm-55c">
         <name>sendMsgBySerial</name>
         <value>0x331f</value>
         <object_component_ref idref="oc-104"/>
      </symbol>
      <symbol id="sm-571">
         <name>initSg90</name>
         <value>0x2f6d</value>
         <object_component_ref idref="oc-10a"/>
      </symbol>
      <symbol id="sm-572">
         <name>rotateSg90</name>
         <value>0x2fcf</value>
         <object_component_ref idref="oc-10a"/>
      </symbol>
      <symbol id="sm-58f">
         <name>__aeabi_ddiv</name>
         <value>0x2e35</value>
         <object_component_ref idref="oc-1a7"/>
      </symbol>
      <symbol id="sm-59b">
         <name>__aeabi_d2uiz</name>
         <value>0x34a1</value>
         <object_component_ref idref="oc-1ac"/>
      </symbol>
      <symbol id="sm-5a6">
         <name>__aeabi_ui2d</name>
         <value>0x3559</value>
         <object_component_ref idref="oc-1a2"/>
      </symbol>
      <symbol id="sm-5b5">
         <name>__aeabi_memset</name>
         <value>0x3257</value>
         <object_component_ref idref="oc-a8"/>
      </symbol>
      <symbol id="sm-5b6">
         <name>memset</name>
         <value>0x325d</value>
         <object_component_ref idref="oc-a8"/>
      </symbol>
      <symbol id="sm-5b7">
         <name>__aeabi_memset8</name>
         <value>0x3257</value>
         <object_component_ref idref="oc-a8"/>
      </symbol>
      <symbol id="sm-5b8">
         <name>__aeabi_memset4</name>
         <value>0x3257</value>
         <object_component_ref idref="oc-a8"/>
      </symbol>
      <symbol id="sm-5b9">
         <name>__aeabi_memclr8</name>
         <value>0x3255</value>
         <object_component_ref idref="oc-a8"/>
      </symbol>
      <symbol id="sm-5ba">
         <name>__aeabi_memclr4</name>
         <value>0x3255</value>
         <object_component_ref idref="oc-a8"/>
      </symbol>
      <symbol id="sm-5bb">
         <name>__aeabi_memclr</name>
         <value>0x3255</value>
         <object_component_ref idref="oc-a8"/>
      </symbol>
      <symbol id="sm-5d0">
         <name>__TI_zero_init_nomemset</name>
         <value>0x3579</value>
         <object_component_ref idref="oc-4d"/>
      </symbol>
      <symbol id="sm-5e7">
         <name>__TI_decompress_none</name>
         <value>0x35ad</value>
         <object_component_ref idref="oc-1b"/>
      </symbol>
      <symbol id="sm-60a">
         <name>__TI_decompress_lzss</name>
         <value>0x3349</value>
         <object_component_ref idref="oc-15"/>
      </symbol>
      <symbol id="sm-620">
         <name>atoi</name>
         <value>0x3411</value>
         <object_component_ref idref="oc-11c"/>
      </symbol>
      <symbol id="sm-62b">
         <name>_ctypes_</name>
         <value>0x3784</value>
         <object_component_ref idref="oc-1bf"/>
      </symbol>
      <symbol id="sm-63a">
         <name>strcmp</name>
         <value>0x3595</value>
         <object_component_ref idref="oc-116"/>
      </symbol>
      <symbol id="sm-64d">
         <name>__stack</name>
         <value>0x20000270</value>
         <object_component_ref idref="oc-24"/>
      </symbol>
      <symbol id="sm-64e">
         <name>_c_int00_noargs</name>
         <value>0x3525</value>
         <object_component_ref idref="oc-5f"/>
      </symbol>
      <symbol id="sm-66b">
         <name>memcpy</name>
         <value>0x31b9</value>
         <object_component_ref idref="oc-41"/>
      </symbol>
      <symbol id="sm-66c">
         <name>__aeabi_memcpy</name>
         <value>0x31b9</value>
         <object_component_ref idref="oc-41"/>
      </symbol>
      <symbol id="sm-66d">
         <name>__aeabi_memcpy8</name>
         <value>0x31b9</value>
         <object_component_ref idref="oc-41"/>
      </symbol>
      <symbol id="sm-66e">
         <name>__aeabi_memcpy4</name>
         <value>0x31b9</value>
         <object_component_ref idref="oc-41"/>
      </symbol>
      <symbol id="sm-696">
         <name>__TI_auto_init_nobinit_nopinit</name>
         <value>0x345d</value>
         <object_component_ref idref="oc-12f"/>
      </symbol>
      <symbol id="sm-6a0">
         <name>_system_pre_init</name>
         <value>0x35cd</value>
         <object_component_ref idref="oc-ae"/>
      </symbol>
      <symbol id="sm-6ac">
         <name>C$$EXIT</name>
         <value>0x35d1</value>
         <object_component_ref idref="oc-123"/>
      </symbol>
      <symbol id="sm-6ad">
         <name>abort</name>
         <value>0x35d1</value>
         <object_component_ref idref="oc-123"/>
      </symbol>
      <symbol id="sm-6b0">
         <name>__TI_static_base__</name>
         <value>0x0</value>
      </symbol>
      <symbol id="sm-6b3">
         <name>__mpu_init</name>
         <value>0x0</value>
      </symbol>
      <symbol id="sm-6b4">
         <name>_system_post_cinit</name>
         <value>0x0</value>
      </symbol>
   </symbol_table>
   <title>Link successful</title>
</link_info>
