******************************************************************************
                  TI ARM Linker PC v20.2.7                     
******************************************************************************
>> Linked Fri Jul  7 22:49:19 2023

OUTPUT FILE NAME:   <Master.out>
ENTRY POINT SYMBOL: "_c_int00_noargs"  address: 00003525


MEMORY CONFIGURATION

         name            origin    length      used     unused   attr    fill
----------------------  --------  ---------  --------  --------  ----  --------
  FLASH                 00000000   00040000  00003dc0  0003c240  R  X
  SRAM                  20000000   00008000  00000485  00007b7b  RW X


SEGMENT ALLOCATION MAP

run origin  load origin   length   init length attrs members
----------  ----------- ---------- ----------- ----- -------
00000000    00000000    00003dc0   00003dc0    r-x
  00000000    00000000    0000026c   0000026c    r-- .intvecs
  0000026c    0000026c    00003368   00003368    r-x .text
  000035d4    000035d4    000007ac   000007ac    r-- .const
  00003d80    00003d80    00000040   00000040    r-- .cinit
20000000    20000000    00000488   00000000    rw-
  20000000    20000000    0000026c   00000000    rw- .vtable
  2000026c    2000026c    00000001   00000000    rw- .data
  20000270    20000270    00000200   00000000    rw- .stack
  20000470    20000470    00000018   00000000    rw- .bss


SECTION ALLOCATION MAP

 output                                  attributes/
section   page    origin      length       input sections
--------  ----  ----------  ----------   ----------------
.intvecs   0    00000000    0000026c     
                  00000000    0000026c     tm4c123gh6pm_startup_ccs.obj (.intvecs)

.text      0    0000026c    00003368     
                  0000026c    00000f80     sysctl.obj (.text)
                  000011ec    00000c14     gpio.obj (.text)
                  00001e00    00000642     timer.obj (.text)
                  00002442    00000002     --HOLE-- [fill = 0]
                  00002444    0000062e     uart.obj (.text)
                  00002a72    00000002     --HOLE-- [fill = 0]
                  00002a74    000003c0     interrupt.obj (.text)
                  00002e34    00000136     rtsv7M4_T_le_v4SPD16_eabi.lib : fd_div_t2.asm.obj (.text)
                  00002f6a    00000002     --HOLE-- [fill = 0]
                  00002f6c    000000e8     Sg90.obj (.text)
                  00003054    000000c0     fpu.obj (.text)
                  00003114    000000a4     main.obj (.text)
                  000031b8    0000009c     rtsv7M4_T_le_v4SPD16_eabi.lib : memcpy_t2.asm.obj (.text)
                  00003254    0000007a                                   : memset_t2.asm.obj (.text)
                  000032ce    00000002     --HOLE-- [fill = 0]
                  000032d0    00000078     Serial.obj (.text)
                  00003348    00000068     rtsv7M4_T_le_v4SPD16_eabi.lib : copy_decompress_lzss.c.obj (.text:decompress:lzss:__TI_decompress_lzss)
                  000033b0    00000060     Interrupt.obj (.text)
                  00003410    0000004c     rtsv7M4_T_le_v4SPD16_eabi.lib : atoi.c.obj (.text:atoi)
                  0000345c    00000044                                   : autoinit.c.obj (.text:__TI_auto_init_nobinit_nopinit:__TI_auto_init_nobinit_nopinit)
                  000034a0    00000044                                   : fd_tou_t2.asm.obj (.text)
                  000034e4    0000003e     cpu.obj (.text)
                  00003522    00000002     --HOLE-- [fill = 0]
                  00003524    00000034     rtsv7M4_T_le_v4SPD16_eabi.lib : boot_cortex_m.c.obj (.text:_c_int00_noargs:_c_int00_noargs)
                  00003558    00000020                                   : u_tofd_t2.asm.obj (.text)
                  00003578    0000001c                                   : copy_zero_init.c.obj (.text:decompress:ZI:__TI_zero_init_nomemset:__TI_zero_init_nomemset)
                  00003594    00000018                                   : strcmp.c.obj (.text:strcmp)
                  000035ac    0000000e                                   : copy_decompress_none.c.obj (.text:decompress:none:__TI_decompress_none)
                  000035ba    0000000c     tm4c123gh6pm_startup_ccs.obj (.text)
                  000035c6    00000006     sysctl.obj (.text:SysCtlDelay)
                  000035cc    00000004     rtsv7M4_T_le_v4SPD16_eabi.lib : pre_init.c.obj (.text:_system_pre_init)
                  000035d0    00000004                                   : exit.c.obj (.text:abort:abort)

.const     0    000035d4    000007ac     
                  000035d4    000001b0     sysctl.obj (.const:g_pppui32XTALtoVCO)
                  00003784    00000101     rtsv7M4_T_le_v4SPD16_eabi.lib : ctype.c.obj (.const:.string:_ctypes_)
                  00003885    00000003     --HOLE-- [fill = 0]
                  00003888    000000d8     gpio.obj (.const:g_ppui32GPIOIntMapSnowflake)
                  00003960    000000c0     gpio.obj (.const:g_ppui32GPIOIntMapBlizzard)
                  00003a20    0000009c     interrupt.obj (.const:g_pui32Regs)
                  00003abc    00000090     gpio.obj (.const:g_pui32GPIOBaseAddrs)
                  00003b4c    0000006c     sysctl.obj (.const:g_pui32Xtals)
                  00003bb8    00000060     timer.obj (.const:g_ppui32TimerIntMap)
                  00003c18    00000040     timer.obj (.const:g_ppui32TimerIntMapSnowflake)
                  00003c58    00000040     uart.obj (.const:g_ppui32UARTIntMap)
                  00003c98    00000040     uart.obj (.const:g_ppui32UARTIntMapSnowflake)
                  00003cd8    00000030     sysctl.obj (.const:g_sXTALtoMEMTIM)
                  00003d08    00000020     interrupt.obj (.const:g_pui32Priority)
                  00003d28    00000014     interrupt.obj (.const:g_pui32Dii16Regs)
                  00003d3c    00000014     interrupt.obj (.const:g_pui32EnRegs)
                  00003d50    00000014     interrupt.obj (.const:g_pui32PendRegs)
                  00003d64    00000014     interrupt.obj (.const:g_pui32UnpendRegs)
                  00003d78    00000008     sysctl.obj (.const:g_pui32VCOFrequencies)

.cinit     0    00003d80    00000040     
                  00003d80    0000000c     (__TI_handler_table)
                  00003d8c    00000004     --HOLE-- [fill = 0]
                  00003d90    00000008     (.cinit..bss.load) [load image, compression = zero_init]
                  00003d98    00000008     (.cinit..vtable.load) [load image, compression = zero_init]
                  00003da0    00000005     (.cinit..data.load) [load image, compression = lzss]
                  00003da5    00000003     --HOLE-- [fill = 0]
                  00003da8    00000018     (__TI_cinit_table)

.init_array 
*          0    00000000    00000000     UNINITIALIZED

.vtable    0    20000000    0000026c     UNINITIALIZED
                  20000000    0000026c     interrupt.obj (.vtable)

.data      0    2000026c    00000001     UNINITIALIZED
                  2000026c    00000001     Flag.obj (.data)

.bss       0    20000470    00000018     UNINITIALIZED
                  20000470    00000014     (.common:serialDataBuffer)
                  20000484    00000004     (.common:serialBufferPtr)

.stack     0    20000270    00000200     UNINITIALIZED
                  20000270    00000004     rtsv7M4_T_le_v4SPD16_eabi.lib : boot_cortex_m.c.obj (.stack)
                  20000274    000001fc     --HOLE--

__llvm_prf_cnts 
*          0    20000000    00000000     UNINITIALIZED

MODULE SUMMARY

       Module                         code    ro data   rw data
       ------                         ----    -------   -------
    .\
       tm4c123gh6pm_startup_ccs.obj   12      620       0      
       main.obj                       164     0         0      
    +--+------------------------------+-------+---------+---------+
       Total:                         176     620       0      
                                                               
    .\DriverLib\driverlib\
       sysctl.obj                     3974    596       0      
       gpio.obj                       3092    552       0      
       interrupt.obj                  960     268       620    
       timer.obj                      1602    160       0      
       uart.obj                       1582    128       0      
       fpu.obj                        192     0         0      
       cpu.obj                        62      0         0      
    +--+------------------------------+-------+---------+---------+
       Total:                         11464   1704      620    
                                                               
    .\Drivers\
       Sg90.obj                       232     0         0      
       Serial.obj                     120     0         24     
       Interrupt.obj                  96      0         0      
       Flag.obj                       0       0         1      
    +--+------------------------------+-------+---------+---------+
       Total:                         448     0         25     
                                                               
    E:\programs\CCS\ccs\tools\compiler\ti-cgt-arm_20.2.7.LTS\lib\rtsv7M4_T_le_v4SPD16_eabi.lib
       fd_div_t2.asm.obj              310     0         0      
       ctype.c.obj                    0       257       0      
       memcpy_t2.asm.obj              156     0         0      
       memset_t2.asm.obj              122     0         0      
       copy_decompress_lzss.c.obj     104     0         0      
       atoi.c.obj                     76      0         0      
       autoinit.c.obj                 68      0         0      
       fd_tou_t2.asm.obj              68      0         0      
       boot_cortex_m.c.obj            52      0         0      
       u_tofd_t2.asm.obj              32      0         0      
       copy_zero_init.c.obj           28      0         0      
       strcmp.c.obj                   24      0         0      
       copy_decompress_none.c.obj     14      0         0      
       exit.c.obj                     4       0         0      
       pre_init.c.obj                 4       0         0      
    +--+------------------------------+-------+---------+---------+
       Total:                         1062    257       0      
                                                               
       Stack:                         0       0         512    
       Linker Generated:              0       57        0      
    +--+------------------------------+-------+---------+---------+
       Grand Total:                   13150   2638      1157   


LINKER GENERATED COPY TABLES

__TI_cinit_table @ 00003da8 records: 3, size/record: 8, table size: 24
	.bss: load addr=00003d90, load size=00000008 bytes, run addr=20000470, run size=00000018 bytes, compression=zero_init
	.vtable: load addr=00003d98, load size=00000008 bytes, run addr=20000000, run size=0000026c bytes, compression=zero_init
	.data: load addr=00003da0, load size=00000005 bytes, run addr=2000026c, run size=00000001 bytes, compression=lzss


LINKER GENERATED HANDLER TABLE

__TI_handler_table @ 00003d80 records: 3, size/record: 4, table size: 12
	index: 0, handler: __TI_zero_init
	index: 1, handler: __TI_decompress_lzss
	index: 2, handler: __TI_decompress_none


GLOBAL SYMBOLS: SORTED ALPHABETICALLY BY Name 

address   name                            
-------   ----                            
000035d1  C$$EXIT                         
00003519  CPUbasepriGet                   
0000350b  CPUbasepriSet                   
000034e5  CPUcpsid                        
000034fb  CPUcpsie                        
000034f1  CPUprimask                      
00003507  CPUwfi                          
00003067  FPUDisable                      
00003055  FPUEnable                       
000030d3  FPUFlushToZeroModeSet           
0000309f  FPUHalfPrecisionModeSet         
00003087  FPULazyStackingEnable           
000030b9  FPUNaNModeSet                   
000030ed  FPURoundingModeSet              
00003093  FPUStackingDisable              
00003075  FPUStackingEnable               
00001db1  GPIOADCTriggerDisable           
00001d93  GPIOADCTriggerEnable            
00001d75  GPIODMATriggerDisable           
00001d57  GPIODMATriggerEnable            
000012a7  GPIODirModeGet                  
0000124b  GPIODirModeSet                  
00001861  GPIOIntClear                    
00001825  GPIOIntDisable                  
00001801  GPIOIntEnable                   
00001875  GPIOIntRegister                 
000018ad  GPIOIntRegisterPin              
0000183f  GPIOIntStatus                   
00001397  GPIOIntTypeGet                  
000012f3  GPIOIntTypeSet                  
00001893  GPIOIntUnregister               
000018db  GPIOIntUnregisterPin            
0000168f  GPIOPadConfigGet                
00001421  GPIOPadConfigSet                
00001cf9  GPIOPinConfigure                
000018ff  GPIOPinRead                     
00001937  GPIOPinTypeADC                  
0000195b  GPIOPinTypeCAN                  
0000197f  GPIOPinTypeComparator           
000019a3  GPIOPinTypeComparatorOutput     
000019c7  GPIOPinTypeDIVSCLK              
000019eb  GPIOPinTypeEPI                  
00001a0f  GPIOPinTypeEthernetLED          
00001a33  GPIOPinTypeEthernetMII          
00001a57  GPIOPinTypeGPIOInput            
00001a7b  GPIOPinTypeGPIOOutput           
00001aa5  GPIOPinTypeGPIOOutputOD         
00001ac9  GPIOPinTypeHibernateRTCCLK      
00001aed  GPIOPinTypeI2C                  
00001b11  GPIOPinTypeI2CSCL               
00001b35  GPIOPinTypeLCD                  
00001b59  GPIOPinTypeOneWire              
00001b7d  GPIOPinTypePWM                  
00001ba1  GPIOPinTypeQEI                  
00001bc5  GPIOPinTypeSSI                  
00001be9  GPIOPinTypeTimer                
00001c0d  GPIOPinTypeTrace                
00001c31  GPIOPinTypeUART                 
00001c55  GPIOPinTypeUSBAnalog            
00001c79  GPIOPinTypeUSBDigital           
00001c9d  GPIOPinTypeWakeHigh             
00001cc3  GPIOPinTypeWakeLow              
00001ce9  GPIOPinWakeStatus               
00001917  GPIOPinWrite                    
00001dcf  GPIOUnlockPin                   
00002c35  IntDisable                      
00002bc3  IntEnable                       
00002ca7  IntIsEnabled                    
00002a87  IntMasterDisable                
00002a77  IntMasterEnable                 
00002d9d  IntPendClear                    
00002d2d  IntPendSet                      
00002b9f  IntPriorityGet                  
00002b17  IntPriorityGroupingGet          
00002afd  IntPriorityGroupingSet          
00002df7  IntPriorityMaskGet              
00002deb  IntPriorityMaskSet              
00002b4f  IntPrioritySet                  
00002a97  IntRegister                     
00002dff  IntTrigger                      
00002ae9  IntUnregister                   
000035bb  ResetISR                        
2000026c  SerialCompleteFlag              
000011a9  SysCtlAltClkConfig              
000008d1  SysCtlClockFreqSet              
00000d99  SysCtlClockGet                  
0000118d  SysCtlClockOutConfig            
00000bc9  SysCtlClockSet                  
000007d5  SysCtlDeepSleep                 
00000f5d  SysCtlDeepSleepClockConfigSet   
00000f3f  SysCtlDeepSleepClockSet         
000007b5  SysCtlDeepSleepPowerSet         
000035c7  SysCtlDelay                     
00000363  SysCtlFlashSectorSizeGet        
00000337  SysCtlFlashSizeGet              
00001033  SysCtlGPIOAHBDisable            
00001017  SysCtlGPIOAHBEnable             
00000749  SysCtlIntClear                  
00000731  SysCtlIntDisable                
0000071d  SysCtlIntEnable                 
000006f5  SysCtlIntRegister               
00000759  SysCtlIntStatus                 
0000070d  SysCtlIntUnregister             
0000079b  SysCtlLDODeepSleepGet           
0000078b  SysCtlLDODeepSleepSet           
00000785  SysCtlLDOSleepGet               
00000775  SysCtlLDOSleepSet               
0000080b  SysCtlMOSCConfigSet             
00001171  SysCtlNMIClear                  
0000115d  SysCtlNMIStatus                 
00000821  SysCtlPIOSCCalibrate            
00001001  SysCtlPWMClockGet               
00000fe7  SysCtlPWMClockSet               
000006a1  SysCtlPeripheralClockGating     
00000659  SysCtlPeripheralDeepSleepDisable
00000609  SysCtlPeripheralDeepSleepEnable 
00000545  SysCtlPeripheralDisable         
00000509  SysCtlPeripheralEnable          
00000445  SysCtlPeripheralPowerOff        
00000409  SysCtlPeripheralPowerOn         
00000389  SysCtlPeripheralPresent         
000003c9  SysCtlPeripheralReady           
00000481  SysCtlPeripheralReset           
000005cd  SysCtlPeripheralSleepDisable    
00000589  SysCtlPeripheralSleepEnable     
000007c5  SysCtlReset                     
00000881  SysCtlResetBehaviorGet          
00000871  SysCtlResetBehaviorSet          
000007f7  SysCtlResetCauseClear           
000007f1  SysCtlResetCauseGet             
0000032d  SysCtlSRAMSizeGet               
000007cd  SysCtlSleep                     
000007a1  SysCtlSleepPowerSet             
0000105b  SysCtlUSBPLLDisable             
0000104f  SysCtlUSBPLLEnable              
000010a1  SysCtlVCOGet                    
00001089  SysCtlVoltageEventClear         
0000106d  SysCtlVoltageEventConfig        
0000107d  SysCtlVoltageEventStatus        
000023c1  TimerADCEventGet                
000023af  TimerADCEventSet                
000020e5  TimerClockSourceGet             
000020bb  TimerClockSourceSet             
00001eaf  TimerConfigure                  
00001fcf  TimerControlEvent               
00001f2b  TimerControlLevel               
00001ff9  TimerControlStall               
00001f61  TimerControlTrigger             
0000202f  TimerControlWaitOnTrigger       
000023e1  TimerDMAEventGet                
000023cf  TimerDMAEventSet                
00001e91  TimerDisable                    
00001e73  TimerEnable                     
0000238b  TimerIntClear                   
00002355  TimerIntDisable                 
0000233d  TimerIntEnable                  
000022f7  TimerIntRegister                
0000236d  TimerIntStatus                  
0000231f  TimerIntUnregister              
000021af  TimerLoadGet                    
000021e5  TimerLoadGet64                  
00002185  TimerLoadSet                    
000021cb  TimerLoadSet64                  
0000228f  TimerMatchGet                   
000022c5  TimerMatchGet64                 
00002265  TimerMatchSet                   
000022ab  TimerMatchSet64                 
0000211f  TimerPrescaleGet                
00002169  TimerPrescaleMatchGet           
0000213b  TimerPrescaleMatchSet           
000020f5  TimerPrescaleSet                
000020a5  TimerRTCDisable                 
0000208f  TimerRTCEnable                  
0000239d  TimerSynchronize                
000023ef  TimerUpdateMode                 
00002217  TimerValueGet                   
00002233  TimerValueGet64                 
000033b1  UART0IntHandler                 
00002a15  UART9BitAddrSend                
000029ef  UART9BitAddrSet                 
000029d9  UART9BitDisable                 
000029c3  UART9BitEnable                  
00002867  UARTBreakCtl                    
00002891  UARTBusy                        
0000280f  UARTCharGet                     
000027f3  UARTCharGetNonBlocking          
00002849  UARTCharPut                     
00002825  UARTCharPutNonBlocking          
000027b7  UARTCharsAvail                  
000029b3  UARTClockSourceGet              
0000299f  UARTClockSourceSet              
00002587  UARTConfigGetExpClk             
00002511  UARTConfigSetExpClk             
00002965  UARTDMADisable                  
0000294d  UARTDMAEnable                   
000025f7  UARTDisable                     
0000267b  UARTDisableSIR                  
000025d3  UARTEnable                      
0000264d  UARTEnableSIR                   
00002637  UARTFIFODisable                 
00002621  UARTFIFOEnable                  
000024e9  UARTFIFOLevelGet                
000024d1  UARTFIFOLevelSet                
00002777  UARTFlowControlGet              
0000275b  UARTFlowControlSet              
0000293b  UARTIntClear                    
00002905  UARTIntDisable                  
000028ed  UARTIntEnable                   
000028af  UARTIntRegister                 
0000291d  UARTIntStatus                   
000028cd  UARTIntUnregister               
00002a5d  UARTLoopbackEnable              
00002711  UARTModemControlClear           
00002735  UARTModemControlGet             
000026d9  UARTModemControlSet             
00002747  UARTModemStatusGet              
000024bf  UARTParityModeGet               
000024a3  UARTParityModeSet               
0000298f  UARTRxErrorClear                
0000297d  UARTRxErrorGet                  
000026c3  UARTSmartCardDisable            
00002691  UARTSmartCardEnable             
000027d5  UARTSpaceAvail                  
000027a5  UARTTxIntModeGet                
00002789  UARTTxIntModeSet                
20000470  __STACK_END                     
00000200  __STACK_SIZE                    
20000470  __STACK_TOP                     
00003da8  __TI_CINIT_Base                 
00003dc0  __TI_CINIT_Limit                
00003d80  __TI_Handler_Table_Base         
00003d8c  __TI_Handler_Table_Limit        
0000345d  __TI_auto_init_nobinit_nopinit  
00003349  __TI_decompress_lzss            
000035ad  __TI_decompress_none            
ffffffff  __TI_pprof_out_hndl             
ffffffff  __TI_prof_data_size             
ffffffff  __TI_prof_data_start            
00000000  __TI_static_base__              
00003579  __TI_zero_init_nomemset         
000034a1  __aeabi_d2uiz                   
00002e35  __aeabi_ddiv                    
00003255  __aeabi_memclr                  
00003255  __aeabi_memclr4                 
00003255  __aeabi_memclr8                 
000031b9  __aeabi_memcpy                  
000031b9  __aeabi_memcpy4                 
000031b9  __aeabi_memcpy8                 
00003257  __aeabi_memset                  
00003257  __aeabi_memset4                 
00003257  __aeabi_memset8                 
00003559  __aeabi_ui2d                    
ffffffff  __binit__                       
ffffffff  __c_args__                      
UNDEFED   __mpu_init                      
20000270  __stack                         
20000000  __start___llvm_prf_cnts         
20000000  __stop___llvm_prf_cnts          
00003525  _c_int00_noargs                 
00003784  _ctypes_                        
UNDEFED   _system_post_cinit              
000035cd  _system_pre_init                
000035d1  abort                           
00003411  atoi                            
ffffffff  binit                           
20000000  g_pfnRAMVectors                 
00000000  g_pfnVectors                    
000032d1  initSerial                      
00002f6d  initSg90                        
00003115  main                            
000031b9  memcpy                          
0000325d  memset                          
00002fcf  rotateSg90                      
0000331f  sendMsgBySerial                 
20000484  serialBufferPtr                 
20000470  serialDataBuffer                
00003595  strcmp                          


GLOBAL SYMBOLS: SORTED BY Symbol Address 

address   name                            
-------   ----                            
00000000  __TI_static_base__              
00000000  g_pfnVectors                    
00000200  __STACK_SIZE                    
0000032d  SysCtlSRAMSizeGet               
00000337  SysCtlFlashSizeGet              
00000363  SysCtlFlashSectorSizeGet        
00000389  SysCtlPeripheralPresent         
000003c9  SysCtlPeripheralReady           
00000409  SysCtlPeripheralPowerOn         
00000445  SysCtlPeripheralPowerOff        
00000481  SysCtlPeripheralReset           
00000509  SysCtlPeripheralEnable          
00000545  SysCtlPeripheralDisable         
00000589  SysCtlPeripheralSleepEnable     
000005cd  SysCtlPeripheralSleepDisable    
00000609  SysCtlPeripheralDeepSleepEnable 
00000659  SysCtlPeripheralDeepSleepDisable
000006a1  SysCtlPeripheralClockGating     
000006f5  SysCtlIntRegister               
0000070d  SysCtlIntUnregister             
0000071d  SysCtlIntEnable                 
00000731  SysCtlIntDisable                
00000749  SysCtlIntClear                  
00000759  SysCtlIntStatus                 
00000775  SysCtlLDOSleepSet               
00000785  SysCtlLDOSleepGet               
0000078b  SysCtlLDODeepSleepSet           
0000079b  SysCtlLDODeepSleepGet           
000007a1  SysCtlSleepPowerSet             
000007b5  SysCtlDeepSleepPowerSet         
000007c5  SysCtlReset                     
000007cd  SysCtlSleep                     
000007d5  SysCtlDeepSleep                 
000007f1  SysCtlResetCauseGet             
000007f7  SysCtlResetCauseClear           
0000080b  SysCtlMOSCConfigSet             
00000821  SysCtlPIOSCCalibrate            
00000871  SysCtlResetBehaviorSet          
00000881  SysCtlResetBehaviorGet          
000008d1  SysCtlClockFreqSet              
00000bc9  SysCtlClockSet                  
00000d99  SysCtlClockGet                  
00000f3f  SysCtlDeepSleepClockSet         
00000f5d  SysCtlDeepSleepClockConfigSet   
00000fe7  SysCtlPWMClockSet               
00001001  SysCtlPWMClockGet               
00001017  SysCtlGPIOAHBEnable             
00001033  SysCtlGPIOAHBDisable            
0000104f  SysCtlUSBPLLEnable              
0000105b  SysCtlUSBPLLDisable             
0000106d  SysCtlVoltageEventConfig        
0000107d  SysCtlVoltageEventStatus        
00001089  SysCtlVoltageEventClear         
000010a1  SysCtlVCOGet                    
0000115d  SysCtlNMIStatus                 
00001171  SysCtlNMIClear                  
0000118d  SysCtlClockOutConfig            
000011a9  SysCtlAltClkConfig              
0000124b  GPIODirModeSet                  
000012a7  GPIODirModeGet                  
000012f3  GPIOIntTypeSet                  
00001397  GPIOIntTypeGet                  
00001421  GPIOPadConfigSet                
0000168f  GPIOPadConfigGet                
00001801  GPIOIntEnable                   
00001825  GPIOIntDisable                  
0000183f  GPIOIntStatus                   
00001861  GPIOIntClear                    
00001875  GPIOIntRegister                 
00001893  GPIOIntUnregister               
000018ad  GPIOIntRegisterPin              
000018db  GPIOIntUnregisterPin            
000018ff  GPIOPinRead                     
00001917  GPIOPinWrite                    
00001937  GPIOPinTypeADC                  
0000195b  GPIOPinTypeCAN                  
0000197f  GPIOPinTypeComparator           
000019a3  GPIOPinTypeComparatorOutput     
000019c7  GPIOPinTypeDIVSCLK              
000019eb  GPIOPinTypeEPI                  
00001a0f  GPIOPinTypeEthernetLED          
00001a33  GPIOPinTypeEthernetMII          
00001a57  GPIOPinTypeGPIOInput            
00001a7b  GPIOPinTypeGPIOOutput           
00001aa5  GPIOPinTypeGPIOOutputOD         
00001ac9  GPIOPinTypeHibernateRTCCLK      
00001aed  GPIOPinTypeI2C                  
00001b11  GPIOPinTypeI2CSCL               
00001b35  GPIOPinTypeLCD                  
00001b59  GPIOPinTypeOneWire              
00001b7d  GPIOPinTypePWM                  
00001ba1  GPIOPinTypeQEI                  
00001bc5  GPIOPinTypeSSI                  
00001be9  GPIOPinTypeTimer                
00001c0d  GPIOPinTypeTrace                
00001c31  GPIOPinTypeUART                 
00001c55  GPIOPinTypeUSBAnalog            
00001c79  GPIOPinTypeUSBDigital           
00001c9d  GPIOPinTypeWakeHigh             
00001cc3  GPIOPinTypeWakeLow              
00001ce9  GPIOPinWakeStatus               
00001cf9  GPIOPinConfigure                
00001d57  GPIODMATriggerEnable            
00001d75  GPIODMATriggerDisable           
00001d93  GPIOADCTriggerEnable            
00001db1  GPIOADCTriggerDisable           
00001dcf  GPIOUnlockPin                   
00001e73  TimerEnable                     
00001e91  TimerDisable                    
00001eaf  TimerConfigure                  
00001f2b  TimerControlLevel               
00001f61  TimerControlTrigger             
00001fcf  TimerControlEvent               
00001ff9  TimerControlStall               
0000202f  TimerControlWaitOnTrigger       
0000208f  TimerRTCEnable                  
000020a5  TimerRTCDisable                 
000020bb  TimerClockSourceSet             
000020e5  TimerClockSourceGet             
000020f5  TimerPrescaleSet                
0000211f  TimerPrescaleGet                
0000213b  TimerPrescaleMatchSet           
00002169  TimerPrescaleMatchGet           
00002185  TimerLoadSet                    
000021af  TimerLoadGet                    
000021cb  TimerLoadSet64                  
000021e5  TimerLoadGet64                  
00002217  TimerValueGet                   
00002233  TimerValueGet64                 
00002265  TimerMatchSet                   
0000228f  TimerMatchGet                   
000022ab  TimerMatchSet64                 
000022c5  TimerMatchGet64                 
000022f7  TimerIntRegister                
0000231f  TimerIntUnregister              
0000233d  TimerIntEnable                  
00002355  TimerIntDisable                 
0000236d  TimerIntStatus                  
0000238b  TimerIntClear                   
0000239d  TimerSynchronize                
000023af  TimerADCEventSet                
000023c1  TimerADCEventGet                
000023cf  TimerDMAEventSet                
000023e1  TimerDMAEventGet                
000023ef  TimerUpdateMode                 
000024a3  UARTParityModeSet               
000024bf  UARTParityModeGet               
000024d1  UARTFIFOLevelSet                
000024e9  UARTFIFOLevelGet                
00002511  UARTConfigSetExpClk             
00002587  UARTConfigGetExpClk             
000025d3  UARTEnable                      
000025f7  UARTDisable                     
00002621  UARTFIFOEnable                  
00002637  UARTFIFODisable                 
0000264d  UARTEnableSIR                   
0000267b  UARTDisableSIR                  
00002691  UARTSmartCardEnable             
000026c3  UARTSmartCardDisable            
000026d9  UARTModemControlSet             
00002711  UARTModemControlClear           
00002735  UARTModemControlGet             
00002747  UARTModemStatusGet              
0000275b  UARTFlowControlSet              
00002777  UARTFlowControlGet              
00002789  UARTTxIntModeSet                
000027a5  UARTTxIntModeGet                
000027b7  UARTCharsAvail                  
000027d5  UARTSpaceAvail                  
000027f3  UARTCharGetNonBlocking          
0000280f  UARTCharGet                     
00002825  UARTCharPutNonBlocking          
00002849  UARTCharPut                     
00002867  UARTBreakCtl                    
00002891  UARTBusy                        
000028af  UARTIntRegister                 
000028cd  UARTIntUnregister               
000028ed  UARTIntEnable                   
00002905  UARTIntDisable                  
0000291d  UARTIntStatus                   
0000293b  UARTIntClear                    
0000294d  UARTDMAEnable                   
00002965  UARTDMADisable                  
0000297d  UARTRxErrorGet                  
0000298f  UARTRxErrorClear                
0000299f  UARTClockSourceSet              
000029b3  UARTClockSourceGet              
000029c3  UART9BitEnable                  
000029d9  UART9BitDisable                 
000029ef  UART9BitAddrSet                 
00002a15  UART9BitAddrSend                
00002a5d  UARTLoopbackEnable              
00002a77  IntMasterEnable                 
00002a87  IntMasterDisable                
00002a97  IntRegister                     
00002ae9  IntUnregister                   
00002afd  IntPriorityGroupingSet          
00002b17  IntPriorityGroupingGet          
00002b4f  IntPrioritySet                  
00002b9f  IntPriorityGet                  
00002bc3  IntEnable                       
00002c35  IntDisable                      
00002ca7  IntIsEnabled                    
00002d2d  IntPendSet                      
00002d9d  IntPendClear                    
00002deb  IntPriorityMaskSet              
00002df7  IntPriorityMaskGet              
00002dff  IntTrigger                      
00002e35  __aeabi_ddiv                    
00002f6d  initSg90                        
00002fcf  rotateSg90                      
00003055  FPUEnable                       
00003067  FPUDisable                      
00003075  FPUStackingEnable               
00003087  FPULazyStackingEnable           
00003093  FPUStackingDisable              
0000309f  FPUHalfPrecisionModeSet         
000030b9  FPUNaNModeSet                   
000030d3  FPUFlushToZeroModeSet           
000030ed  FPURoundingModeSet              
00003115  main                            
000031b9  __aeabi_memcpy                  
000031b9  __aeabi_memcpy4                 
000031b9  __aeabi_memcpy8                 
000031b9  memcpy                          
00003255  __aeabi_memclr                  
00003255  __aeabi_memclr4                 
00003255  __aeabi_memclr8                 
00003257  __aeabi_memset                  
00003257  __aeabi_memset4                 
00003257  __aeabi_memset8                 
0000325d  memset                          
000032d1  initSerial                      
0000331f  sendMsgBySerial                 
00003349  __TI_decompress_lzss            
000033b1  UART0IntHandler                 
00003411  atoi                            
0000345d  __TI_auto_init_nobinit_nopinit  
000034a1  __aeabi_d2uiz                   
000034e5  CPUcpsid                        
000034f1  CPUprimask                      
000034fb  CPUcpsie                        
00003507  CPUwfi                          
0000350b  CPUbasepriSet                   
00003519  CPUbasepriGet                   
00003525  _c_int00_noargs                 
00003559  __aeabi_ui2d                    
00003579  __TI_zero_init_nomemset         
00003595  strcmp                          
000035ad  __TI_decompress_none            
000035bb  ResetISR                        
000035c7  SysCtlDelay                     
000035cd  _system_pre_init                
000035d1  C$$EXIT                         
000035d1  abort                           
00003784  _ctypes_                        
00003d80  __TI_Handler_Table_Base         
00003d8c  __TI_Handler_Table_Limit        
00003da8  __TI_CINIT_Base                 
00003dc0  __TI_CINIT_Limit                
20000000  __start___llvm_prf_cnts         
20000000  __stop___llvm_prf_cnts          
20000000  g_pfnRAMVectors                 
2000026c  SerialCompleteFlag              
20000270  __stack                         
20000470  __STACK_END                     
20000470  __STACK_TOP                     
20000470  serialDataBuffer                
20000484  serialBufferPtr                 
ffffffff  __TI_pprof_out_hndl             
ffffffff  __TI_prof_data_size             
ffffffff  __TI_prof_data_start            
ffffffff  __binit__                       
ffffffff  __c_args__                      
ffffffff  binit                           
UNDEFED   __mpu_init                      
UNDEFED   _system_post_cinit              

[277 symbols]
